netlib/25fv47                  slope_intercept  optimal        0.388s ok=True obj=5501.845888286753 ref=5501.845888286757
netlib/25fv47                  ipm_crossover    optimal        0.261s ok=True obj=5501.845888286751 ref=5501.845888286757
netlib/80bau3b                 slope_intercept  optimal        0.185s ok=True obj=987224.1924090912 ref=987224.1924090902
netlib/80bau3b                 ipm_crossover    optimal        0.876s ok=True obj=987224.1924090901 ref=987224.1924090902
netlib/adlittle                slope_intercept  optimal        0.006s ok=True obj=225494.96316237957 ref=225494.9631623803
netlib/adlittle                ipm_crossover    optimal        0.043s ok=True obj=225494.9631623804 ref=225494.9631623803
netlib/afiro                   slope_intercept  optimal        0.001s ok=True obj=-464.75314285714285 ref=-464.75314285714285
netlib/afiro                   ipm_crossover    optimal        0.010s ok=True obj=-464.75314285714285 ref=-464.75314285714285
netlib/agg                     slope_intercept  optimal        0.003s ok=True obj=-35991767.28657651 ref=-35991767.2865765
netlib/agg                     ipm_crossover    optimal        0.044s ok=True obj=-35991767.28657649 ref=-35991767.2865765
netlib/agg2                    slope_intercept  optimal        0.006s ok=True obj=-20239252.355977118 ref=-20239252.355977118
netlib/agg2                    ipm_crossover    optimal        0.106s ok=True obj=-20239252.35597711 ref=-20239252.355977118
netlib/agg3                    slope_intercept  optimal        0.006s ok=True obj=10312115.935089227 ref=10312115.935089216
netlib/agg3                    ipm_crossover    optimal        0.094s ok=True obj=10312115.935089229 ref=10312115.935089216
netlib/bandm                   slope_intercept  optimal        0.011s ok=True obj=-158.62801845012044 ref=-158.62801845012078
netlib/bandm                   ipm_crossover    optimal        0.065s ok=True obj=-158.62801845012072 ref=-158.62801845012078
netlib/beaconfd                slope_intercept  optimal        0.002s ok=True obj=33592.48580719999 ref=33592.4858072
netlib/beaconfd                ipm_crossover    optimal        0.006s ok=True obj=33592.48580719999 ref=33592.4858072
netlib/blend                   slope_intercept  optimal        0.002s ok=True obj=-30.812149845828202 ref=-30.812149845828237
netlib/blend                   ipm_crossover    optimal        0.017s ok=True obj=-30.81214984582823 ref=-30.812149845828237
netlib/bnl1                    slope_intercept  optimal        0.058s ok=True obj=1977.629561522888 ref=1977.6295615228878
netlib/bnl1                    ipm_crossover    optimal        0.282s ok=True obj=1977.6295615228903 ref=1977.6295615228878
netlib/bnl2                    slope_intercept  optimal        0.095s ok=True obj=1811.236540358547 ref=1811.2365403585482
netlib/bnl2                    ipm_crossover    optimal        1.061s ok=True obj=1811.236540358548 ref=1811.2365403585482
netlib/boeing1                 slope_intercept  optimal        0.015s ok=True obj=-335.2135675071266 ref=-335.21356750712675
netlib/boeing1                 ipm_crossover    optimal        0.052s ok=True obj=-335.21356750712675 ref=-335.21356750712675
netlib/boeing2                 slope_intercept  optimal        0.004s ok=True obj=-315.0187280152027 ref=-315.0187280152027
netlib/boeing2                 ipm_crossover    optimal        0.021s ok=True obj=-315.01872801520284 ref=-315.0187280152027
netlib/bore3d                  slope_intercept  optimal        0.002s ok=True obj=1373.080394208493 ref=1373.0803942084926
netlib/bore3d                  ipm_crossover    optimal        0.011s ok=True obj=1373.0803942084929 ref=1373.0803942084926
netlib/brandy                  slope_intercept  optimal        0.006s ok=True obj=1518.5098964881292 ref=1518.5098964881279
netlib/brandy                  ipm_crossover    optimal        0.048s ok=True obj=1518.509896488129 ref=1518.5098964881279
netlib/capri                   slope_intercept  optimal        0.004s ok=True obj=2690.0129137681606 ref=2690.0129137681593
netlib/capri                   ipm_crossover    optimal        0.035s ok=True obj=2690.0129137681606 ref=2690.0129137681593
netlib/cycle                   slope_intercept  optimal        0.029s ok=True obj=-5.226393024894102 ref=-5.226393024894102
netlib/cycle                   ipm_crossover    optimal        0.923s ok=True obj=-5.226393024894102 ref=-5.226393024894102
netlib/czprob                  slope_intercept  optimal        0.018s ok=True obj=2185196.698856578 ref=2185196.698856578
netlib/czprob                  ipm_crossover    optimal        0.098s ok=True obj=2185196.6988565787 ref=2185196.698856578
