netlib/25fv47                  ipm_crossover    optimal        0.204s ok=True obj=5501.845888286751 ref=5501.845888286757
netlib/80bau3b                 ipm_crossover    optimal        1.260s ok=True obj=987224.19240909 ref=987224.1924090902
netlib/adlittle                ipm_crossover    optimal        0.051s ok=True obj=225494.9631623804 ref=225494.9631623803
netlib/afiro                   ipm_crossover    optimal        0.006s ok=True obj=-464.75314285714285 ref=-464.75314285714285
netlib/agg                     ipm_crossover    optimal        0.010s ok=True obj=-35991767.28657649 ref=-35991767.2865765
netlib/agg2                    ipm_crossover    optimal        0.060s ok=True obj=-20239252.35597711 ref=-20239252.355977118
netlib/agg3                    ipm_crossover    optimal        0.062s ok=True obj=10312115.935089229 ref=10312115.935089216
netlib/bandm                   ipm_crossover    optimal        0.013s ok=True obj=-158.62801845012072 ref=-158.62801845012078
netlib/beaconfd                ipm_crossover    optimal        0.005s ok=True obj=33592.48580719999 ref=33592.4858072
netlib/blend                   ipm_crossover    optimal        0.012s ok=True obj=-30.81214984582823 ref=-30.812149845828237
netlib/bnl1                    ipm_crossover    optimal        0.201s ok=True obj=1977.6295615228903 ref=1977.6295615228878
netlib/bnl2                    ipm_crossover    optimal        0.785s ok=True obj=1811.236540358548 ref=1811.2365403585482
netlib/boeing1                 ipm_crossover    optimal        0.044s ok=True obj=-335.21356750712675 ref=-335.21356750712675
netlib/boeing2                 ipm_crossover    optimal        0.018s ok=True obj=-315.01872801520284 ref=-315.0187280152027
netlib/bore3d                  ipm_crossover    optimal        0.009s ok=True obj=1373.0803942084929 ref=1373.0803942084926
netlib/brandy                  ipm_crossover    optimal        0.030s ok=True obj=1518.509896488129 ref=1518.5098964881279
netlib/capri                   ipm_crossover    optimal        0.016s ok=True obj=2690.01291376816 ref=2690.0129137681593
netlib/cycle                   ipm_crossover    optimal        0.760s ok=True obj=-5.226393024894118 ref=-5.226393024894102
netlib/czprob                  ipm_crossover    optimal        0.175s ok=True obj=2185196.6988565787 ref=2185196.698856578
netlib/d2q06c                  ipm_crossover    optimal        2.264s ok=True obj=122784.21081418941 ref=122784.2108141893
netlib/d6cube                  ipm_crossover    optimal        1.596s ok=True obj=315.4916666666663 ref=315.49166666666696
netlib/degen2                  ipm_crossover    optimal        0.137s ok=True obj=-1435.178 ref=-1435.178
netlib/degen3                  ipm_crossover    optimal        0.825s ok=True obj=-987.2940000000002 ref=-987.2940000000007
netlib/dfl001                  ipm_crossover    optimal       11.920s ok=True obj=11266396.046671389 ref=11266396.04667138
netlib/e226                    ipm_crossover    optimal        0.015s ok=True obj=-11.638929066370533 ref=-11.638929066370537
netlib/etamacro                ipm_crossover    optimal        0.039s ok=True obj=-755.7152333522954 ref=-755.7152333005275
netlib/fffff800                ipm_crossover    optimal        0.071s ok=True obj=555679.5648174962 ref=555679.5648174963
netlib/finnis                  ipm_crossover    optimal        0.049s ok=True obj=172791.06559561167 ref=172791.06559561164
netlib/fit1d                   ipm_crossover    optimal        0.059s ok=True obj=-9146.378092420917 ref=-9146.378092420928
netlib/fit1p                   ipm_crossover    optimal        0.625s ok=True obj=9146.378092420933 ref=9146.378092420935
netlib/fit2d                   ipm_crossover    optimal        0.571s ok=True obj=-68464.29329383212 ref=-68464.2932938321
netlib/fit2p                   ipm_crossover    optimal        0.473s ok=True obj=68464.29329383219 ref=68464.29329383216
netlib/forplan                 ipm_crossover    optimal        0.166s ok=True obj=-664.2189612722045 ref=-664.2189612722054
netlib/ganges                  ipm_crossover    optimal        0.074s ok=True obj=-109585.73612927817 ref=-109585.73612927813
netlib/gfrd-pnc                ipm_crossover    optimal        0.032s ok=True obj=6902235.999548813 ref=6902235.999548812
netlib/greenbea                ipm_crossover    optimal        2.312s ok=True obj=-72555248.12984297 ref=-72555248.12984587
netlib/greenbeb                ipm_crossover    optimal        1.383s ok=True obj=-4302260.261206583 ref=-4302260.261206586
