netlib/25fv47                  default          optimal        0.111s ok=True obj=5501.845888286753 ref=5501.845888286757
netlib/25fv47                  ruiz0            optimal        0.118s ok=True obj=5501.845888286753 ref=5501.845888286757
netlib/80bau3b                 default          optimal        0.816s ok=True obj=987224.1924090909 ref=987224.1924090902
netlib/80bau3b                 ruiz0            optimal        0.826s ok=True obj=987224.1924090909 ref=987224.1924090902
netlib/adlittle                default          optimal        0.005s ok=True obj=225494.9631623804 ref=225494.9631623803
netlib/adlittle                ruiz0            optimal        0.014s ok=True obj=225494.9631623804 ref=225494.9631623803
netlib/afiro                   default          optimal        0.002s ok=True obj=-464.75314285714285 ref=-464.75314285714285
netlib/afiro                   ruiz0            optimal        0.002s ok=True obj=-464.75314285714285 ref=-464.75314285714285
netlib/agg                     default          optimal        0.013s ok=True obj=-35991767.286576495 ref=-35991767.2865765
netlib/agg                     ruiz0            optimal        0.013s ok=True obj=-35991767.286576495 ref=-35991767.2865765
netlib/agg2                    default          optimal        0.023s ok=True obj=-20239252.355977118 ref=-20239252.355977118
netlib/agg2                    ruiz0            optimal        0.025s ok=True obj=-20239252.355977114 ref=-20239252.355977118
netlib/agg3                    default          optimal        0.035s ok=True obj=10312115.935089232 ref=10312115.935089216
netlib/agg3                    ruiz0            optimal        0.027s ok=True obj=10312115.935089232 ref=10312115.935089216
netlib/bandm                   default          optimal        0.011s ok=True obj=-158.62801845012078 ref=-158.62801845012078
netlib/bandm                   ruiz0            optimal        0.011s ok=True obj=-158.62801845012078 ref=-158.62801845012078
netlib/beaconfd                default          optimal        0.003s ok=True obj=33592.48580719999 ref=33592.4858072
netlib/beaconfd                ruiz0            optimal        0.005s ok=True obj=33592.48580719999 ref=33592.4858072
netlib/blend                   default          optimal        0.003s ok=True obj=-30.812149845828245 ref=-30.812149845828237
netlib/blend                   ruiz0            optimal        0.003s ok=True obj=-30.812149845828245 ref=-30.812149845828237
netlib/bnl1                    default          optimal        0.102s ok=True obj=1977.6295615228903 ref=1977.6295615228878
netlib/bnl1                    ruiz0            optimal        0.100s ok=True obj=1977.6295615228917 ref=1977.6295615228878
netlib/bnl2                    default          optimal        0.241s ok=True obj=1811.2365403585463 ref=1811.2365403585482
netlib/bnl2                    ruiz0            optimal        0.243s ok=True obj=1811.2365403585466 ref=1811.2365403585482
netlib/boeing1                 default          optimal        0.035s ok=True obj=-335.2135675071269 ref=-335.21356750712675
netlib/boeing1                 ruiz0            optimal        0.018s ok=True obj=-335.2135675071269 ref=-335.21356750712675
netlib/boeing2                 default          optimal        0.009s ok=True obj=-315.0187280152028 ref=-315.0187280152027
netlib/boeing2                 ruiz0            optimal        0.013s ok=True obj=-315.0187280152028 ref=-315.0187280152027
netlib/bore3d                  default          optimal        0.004s ok=True obj=1373.080394208495 ref=1373.0803942084926
netlib/bore3d                  ruiz0            optimal        0.005s ok=True obj=1373.0803942084924 ref=1373.0803942084926
netlib/brandy                  default          optimal        0.016s ok=True obj=1518.509896488129 ref=1518.5098964881279
netlib/brandy                  ruiz0            optimal        0.013s ok=True obj=1518.509896488129 ref=1518.5098964881279
netlib/capri                   default          optimal        0.009s ok=True obj=2690.012913768161 ref=2690.0129137681593
netlib/capri                   ruiz0            optimal        0.010s ok=True obj=2690.012913768161 ref=2690.0129137681593
netlib/cycle                   default          optimal        0.212s ok=True obj=-5.226393024894102 ref=-5.226393024894102
netlib/cycle                   ruiz0            optimal        0.195s ok=True obj=-5.226393024894103 ref=-5.226393024894102
netlib/czprob                  default          optimal        0.037s ok=True obj=2185196.6988565787 ref=2185196.698856578
netlib/czprob                  ruiz0            optimal        0.045s ok=True obj=2185196.6988565787 ref=2185196.698856578
netlib/d2q06c                  default          optimal        0.524s ok=True obj=122784.21081418957 ref=122784.2108141893
netlib/d2q06c                  ruiz0            optimal        0.494s ok=True obj=122784.21081418934 ref=122784.2108141893
netlib/d6cube                  default          optimal        0.265s ok=True obj=315.49166666666656 ref=315.49166666666696
netlib/d6cube                  ruiz0            optimal        0.292s ok=True obj=315.49166666666656 ref=315.49166666666696
netlib/degen2                  default          optimal        0.028s ok=True obj=-1435.178 ref=-1435.178
netlib/degen2                  ruiz0            optimal        0.033s ok=True obj=-1435.178 ref=-1435.178
netlib/degen3                  default          optimal        0.324s ok=True obj=-987.2940000000006 ref=-987.2940000000007
netlib/degen3                  ruiz0            optimal        0.308s ok=True obj=-987.2940000000006 ref=-987.2940000000007
netlib/dfl001                  default          optimal       16.857s ok=True obj=11266396.046671398 ref=11266396.04667138
netlib/dfl001                  ruiz0            optimal       18.520s ok=True obj=11266396.046671385 ref=11266396.04667138
netlib/e226                    default          optimal        0.013s ok=True obj=-11.638929066370533 ref=-11.638929066370537
netlib/e226                    ruiz0            optimal        0.016s ok=True obj=-11.638929066370533 ref=-11.638929066370537
netlib/etamacro                default          optimal        0.043s ok=True obj=-755.715233313166 ref=-755.7152333005275
netlib/etamacro                ruiz0            optimal        0.035s ok=True obj=-755.715233313166 ref=-755.7152333005275
netlib/fffff800                default          optimal        0.028s ok=True obj=555679.5648174961 ref=555679.5648174963
netlib/fffff800                ruiz0            optimal        0.026s ok=True obj=555679.5648174959 ref=555679.5648174963
netlib/finnis                  default          optimal        0.025s ok=True obj=172791.0655956115 ref=172791.06559561164
netlib/finnis                  ruiz0            optimal        0.017s ok=True obj=172791.06559561178 ref=172791.06559561164
netlib/fit1d                   default          optimal        0.021s ok=True obj=-9146.378092420917 ref=-9146.378092420928
netlib/fit1d                   ruiz0            optimal        0.020s ok=True obj=-9146.378092420917 ref=-9146.378092420928
netlib/fit1p                   default          optimal        0.399s ok=True obj=9146.378092420933 ref=9146.378092420935
netlib/fit1p                   ruiz0            optimal        0.429s ok=True obj=9146.378092420933 ref=9146.378092420935
netlib/fit2d                   default          optimal        0.298s ok=True obj=-68464.29329383213 ref=-68464.2932938321
netlib/fit2d                   ruiz0            optimal        0.286s ok=True obj=-68464.29329383213 ref=-68464.2932938321
netlib/fit2p                   default          optimal        0.568s ok=True obj=68464.29329383011 ref=68464.29329383216
netlib/fit2p                   ruiz0            optimal        0.606s ok=True obj=68464.29329383203 ref=68464.29329383216
netlib/forplan                 default          optimal        0.018s ok=True obj=-664.2189612722052 ref=-664.2189612722054
netlib/forplan                 ruiz0            optimal        0.019s ok=True obj=-664.2189612722052 ref=-664.2189612722054
netlib/ganges                  default          optimal        0.026s ok=True obj=-109585.73612927858 ref=-109585.73612927813
netlib/ganges                  ruiz0            optimal        0.036s ok=True obj=-109585.73612927858 ref=-109585.73612927813
netlib/gfrd-pnc                default          optimal        0.011s ok=True obj=6902235.999548812 ref=6902235.999548812
netlib/gfrd-pnc                ruiz0            optimal        0.009s ok=True obj=6902235.999548812 ref=6902235.999548812
netlib/greenbea                default          optimal        0.691s ok=True obj=-72555248.12984864 ref=-72555248.12984587
netlib/greenbea                ruiz0            optimal        0.684s ok=True obj=-72555248.12984864 ref=-72555248.12984587
netlib/greenbeb                default          optimal        0.552s ok=True obj=-4302260.261206586 ref=-4302260.261206586
netlib/greenbeb                ruiz0            optimal        0.536s ok=True obj=-4302260.261206586 ref=-4302260.261206586
netlib/grow15                  default          optimal        0.028s ok=True obj=-106870941.29357536 ref=-106870941.29357533
netlib/grow15                  ruiz0            optimal        0.025s ok=True obj=-106870941.29357536 ref=-106870941.29357533
netlib/grow22                  default          optimal        0.060s ok=True obj=-160834336.482563 ref=-160834336.48256296
netlib/grow22                  ruiz0            optimal        0.066s ok=True obj=-160834336.482563 ref=-160834336.48256296
netlib/grow7                   default          optimal        0.019s ok=True obj=-47787811.81471152 ref=-47787811.8147115
netlib/grow7                   ruiz0            optimal        0.016s ok=True obj=-47787811.81471152 ref=-47787811.8147115
netlib/israel                  default          optimal        0.023s ok=True obj=-896644.8218630458 ref=-896644.8218630459
netlib/israel                  ruiz0            optimal        0.025s ok=True obj=-896644.8218630458 ref=-896644.8218630459
netlib/kb2                     default          optimal        0.006s ok=True obj=-1749.9001299062052 ref=-1749.9001299062056
netlib/kb2                     ruiz0            optimal        0.003s ok=True obj=-1749.9001299062052 ref=-1749.9001299062056
netlib/lotfi                   default          optimal        0.008s ok=True obj=-25.264706061880037 ref=-25.264706061880002
netlib/lotfi                   ruiz0            optimal        0.008s ok=True obj=-25.26470606188 ref=-25.264706061880002
netlib/maros                   default          optimal        0.041s ok=True obj=-58063.74370112591 ref=-58063.74370112589
netlib/maros                   ruiz0            optimal        0.040s ok=True obj=-58063.74370112591 ref=-58063.74370112589
netlib/maros-r7                default          optimal        0.554s ok=True obj=1497185.166479643 ref=1497185.1664796423
netlib/maros-r7                ruiz0            optimal        0.582s ok=True obj=1497185.166479643 ref=1497185.1664796423
netlib/modszk1                 default          optimal        0.028s ok=True obj=320.6197290613313 ref=320.61972906434596
netlib/modszk1                 ruiz0            optimal        0.041s ok=True obj=320.6197290611454 ref=320.61972906434596
netlib/nesm                    default          optimal        0.258s ok=True obj=14076036.487562718 ref=14076036.487562705
netlib/nesm                    ruiz0            optimal        0.396s ok=True obj=14076036.48756273 ref=14076036.487562705
netlib/perold                  default          optimal        0.175s ok=True obj=-9380.755278235314 ref=-9380.755278235187
netlib/perold                  ruiz0            optimal        0.159s ok=True obj=-9380.755278235314 ref=-9380.755278235187
netlib/pilot                   default          optimal        0.727s ok=True obj=-557.4897289591502 ref=-557.4897292744025
netlib/pilot                   ruiz0            optimal        0.798s ok=True obj=-557.4897289591499 ref=-557.4897292744025
netlib/pilot.ja                default          optimal        0.417s ok=True obj=-6113.136465463971 ref=-6113.136465581338
netlib/pilot.ja                ruiz0            optimal        0.488s ok=True obj=-6113.136465463953 ref=-6113.136465581338
netlib/pilot.we                default          optimal        0.326s ok=True obj=-2720107.5328449653 ref=-2720107.5328449584
netlib/pilot.we                ruiz0            optimal        0.317s ok=True obj=-2720107.5328449677 ref=-2720107.5328449584
netlib/pilot4                  default          optimal        0.071s ok=True obj=-2581.139258883904 ref=-2581.1392588838853
netlib/pilot4                  ruiz0            optimal        0.066s ok=True obj=-2581.139258884301 ref=-2581.1392588838853
netlib/pilot87                 default          optimal        7.986s ok=True obj=301.7103473331276 ref=301.71034733310745
netlib/pilot87                 ruiz0            optimal        4.342s ok=True obj=301.71034733313314 ref=301.71034733310745
netlib/pilotnov                default          optimal        0.319s ok=True obj=-4497.276188218871 ref=-4497.2761882188715
netlib/pilotnov                ruiz0            optimal        0.285s ok=True obj=-4497.276188218871 ref=-4497.2761882188715
netlib/recipe                  default          optimal        0.003s ok=True obj=-266.61600000000027 ref=-266.61600000000027
netlib/recipe                  ruiz0            optimal        0.007s ok=True obj=-266.61600000000027 ref=-266.61600000000027
netlib/sc105                   default          optimal        0.003s ok=True obj=-52.20206121170723 ref=-52.20206121170723
netlib/sc105                   ruiz0            optimal        0.003s ok=True obj=-52.20206121170723 ref=-52.20206121170723
netlib/sc205                   default          optimal        0.010s ok=True obj=-52.2020612117072 ref=-52.20206121170721
netlib/sc205                   ruiz0            optimal        0.007s ok=True obj=-52.2020612117072 ref=-52.20206121170721
netlib/sc50a                   default          optimal        0.002s ok=True obj=-64.5750770585645 ref=-64.5750770585645
netlib/sc50a                   ruiz0            optimal        0.002s ok=True obj=-64.5750770585645 ref=-64.5750770585645
netlib/sc50b                   default          optimal        0.002s ok=True obj=-69.99999999999999 ref=-69.99999999999999
netlib/sc50b                   ruiz0            optimal        0.002s ok=True obj=-69.99999999999999 ref=-69.99999999999999
netlib/scagr25                 default          optimal        0.013s ok=True obj=-14753433.060768524 ref=-14753433.060768528
netlib/scagr25                 ruiz0            optimal        0.010s ok=True obj=-14753433.060768524 ref=-14753433.060768528
netlib/scagr7                  default          optimal        0.003s ok=True obj=-2331389.8243309837 ref=-2331389.824330984
netlib/scagr7                  ruiz0            optimal        0.004s ok=True obj=-2331389.8243309837 ref=-2331389.824330984
netlib/scfxm1                  default          optimal        0.018s ok=True obj=18416.759028348944 ref=18416.759028348948
netlib/scfxm1                  ruiz0            optimal        0.015s ok=True obj=18416.759028348944 ref=18416.759028348948
