CROSSOVER ipm status=Optimal iters=30 rel_res=(2.7702612647153074e-5, 0.00014496221165330455, 0.01572991384638341) t=25.908s
CROSSOVER gamma mode=3 eta=7.735e0 w=1.238e3 tau=6.246e-3 dc2=[3.33e-2, 2.48e1, 3.55e3] pdlp_iters=0
CROSSOVER resid after ipm=8.315e-9
CROSSOVER resid after detect=8.315e-9
CROSSOVER m=6330 n=28605 basic_after_detect=7210 t=25.922s
CROSSOVER resid after primal push=8.315e-9
CROSSOVER primal_push steps=0 basic=7210 t=25.922s
CROSSOVER dual push skipped (|D|=7210 < 0.7 m)
CROSSOVER after dual push: max|s_D|=4.66e-5 (#>1e-6: 574) dual-infeasible non-D=0
CROSSOVER dual_push steps=0 active 7210->7210 t=25.923s
CROSSOVER basis from_B=4893 from_D=0 slack=1437 (m=6330) t=49.323s
CROSSOVER leftover superbasics=2317 (|B|-m after primal push=880)
PROGRESS main iter=0 t=0.0s phase=B infeasible_rows=30
PROGRESS main iter=1000 t=0.2s phase=B infeasible_rows=1967
PROGRESS main iter=2000 t=0.4s phase=B infeasible_rows=2256
PROGRESS main iter=3000 t=0.7s phase=B infeasible_rows=2741
PROGRESS main iter=4000 t=1.1s phase=B infeasible_rows=2939
PROGRESS main iter=5000 t=1.5s phase=B infeasible_rows=3217
PROGRESS main iter=6000 t=1.8s phase=B infeasible_rows=3418
PROGRESS main iter=7000 t=2.2s phase=B infeasible_rows=3514
PROGRESS main iter=8000 t=2.5s phase=B infeasible_rows=3558
PROGRESS main iter=9000 t=2.8s phase=B infeasible_rows=3672
PROGRESS main iter=10000 t=3.4s phase=B infeasible_rows=3960
PROGRESS main iter=11000 t=3.9s phase=B infeasible_rows=4049
PROGRESS main iter=12000 t=4.4s phase=B infeasible_rows=4230
PROGRESS main iter=13000 t=4.9s phase=B infeasible_rows=4184
PROGRESS main iter=14000 t=5.3s phase=B infeasible_rows=3965
PROGRESS main iter=15000 t=6.1s phase=B infeasible_rows=4495
PROGRESS main iter=16000 t=6.6s phase=B infeasible_rows=4620
PROGRESS main iter=17000 t=7.2s phase=B infeasible_rows=4239
PROGRESS main iter=18000 t=7.8s phase=B infeasible_rows=4295
PROGRESS main iter=19000 t=8.6s phase=B infeasible_rows=4164
PROGRESS main iter=20000 t=9.2s phase=B infeasible_rows=4591
PROGRESS main iter=21000 t=9.8s phase=B infeasible_rows=4521
PROGRESS main iter=22000 t=10.5s phase=B infeasible_rows=4392
PROGRESS main iter=23000 t=11.2s phase=B infeasible_rows=4860
PROGRESS main iter=24000 t=11.7s phase=B infeasible_rows=4806
PROGRESS main iter=25000 t=12.4s phase=B infeasible_rows=4432
PROGRESS main iter=26000 t=13.3s phase=B infeasible_rows=4295
PROGRESS main iter=27000 t=14.2s phase=B infeasible_rows=4387
PROGRESS main iter=28000 t=14.8s phase=B infeasible_rows=4555
PROGRESS main iter=29000 t=15.5s phase=B infeasible_rows=4728
PROGRESS main iter=30000 t=16.3s phase=B infeasible_rows=4945
PROGRESS main iter=31000 t=16.9s phase=B infeasible_rows=4838
PROGRESS main iter=32000 t=17.8s phase=B infeasible_rows=4571
PROGRESS main iter=33000 t=18.8s phase=B infeasible_rows=4686
PROGRESS main iter=34000 t=19.5s phase=B infeasible_rows=4838
PROGRESS main iter=35000 t=20.3s phase=B infeasible_rows=4560
PROGRESS main iter=36000 t=21.1s phase=B infeasible_rows=4577
PROGRESS main iter=37000 t=22.1s phase=B infeasible_rows=4554
PROGRESS main iter=38000 t=23.2s phase=B infeasible_rows=5099
PROGRESS main iter=39000 t=24.2s phase=B infeasible_rows=5175
PROGRESS main iter=40000 t=25.0s phase=B infeasible_rows=5039
PROGRESS main iter=41000 t=26.1s phase=B infeasible_rows=4921
PROGRESS main iter=42000 t=27.1s phase=B infeasible_rows=4758
PROGRESS main iter=43000 t=28.0s phase=B infeasible_rows=5127
PROGRESS main iter=44000 t=29.1s phase=B infeasible_rows=5087
PROGRESS main iter=45000 t=30.5s phase=B infeasible_rows=5186
PROGRESS main iter=46000 t=31.8s phase=B infeasible_rows=5109
PROGRESS main iter=47000 t=33.1s phase=B infeasible_rows=4792
PROGRESS main iter=48000 t=34.4s phase=B infeasible_rows=5308
PROGRESS main iter=49000 t=35.7s phase=B infeasible_rows=4876
PROGRESS main iter=50000 t=37.3s phase=B infeasible_rows=4426
PROGRESS main iter=51000 t=38.7s phase=B infeasible_rows=5283
PROGRESS main iter=52000 t=40.6s phase=B infeasible_rows=4338
PROGRESS main iter=53000 t=42.1s phase=B infeasible_rows=5228
PROGRESS main iter=54000 t=43.3s phase=B infeasible_rows=5136
PROGRESS main iter=55000 t=44.6s phase=B infeasible_rows=5433
PROGRESS main iter=56000 t=45.6s phase=B infeasible_rows=5169
PROGRESS main iter=57000 t=46.7s phase=B infeasible_rows=4701
PROGRESS main iter=58000 t=47.9s phase=B infeasible_rows=4832
PROGRESS main iter=59000 t=49.2s phase=B infeasible_rows=5398
PROGRESS main iter=60000 t=50.4s phase=B infeasible_rows=5215
PROGRESS main iter=61000 t=51.8s phase=B infeasible_rows=5367
PROGRESS main iter=62000 t=53.3s phase=B infeasible_rows=5492
PROGRESS main iter=63000 t=54.8s phase=B infeasible_rows=5537
PROGRESS main iter=64000 t=56.6s phase=B infeasible_rows=5139
PROGRESS main iter=65000 t=58.2s phase=B infeasible_rows=5266
PROGRESS main iter=66000 t=59.7s phase=B infeasible_rows=5243
PROGRESS main iter=67000 t=61.2s phase=B infeasible_rows=5241
PROGRESS main iter=68000 t=62.8s phase=B infeasible_rows=5294
PROGRESS main iter=69000 t=64.5s phase=B infeasible_rows=5279
PROGRESS main iter=70000 t=66.3s phase=B infeasible_rows=5305
PROGRESS main iter=71000 t=67.6s phase=B infeasible_rows=4850
PROGRESS main iter=72000 t=69.9s phase=B infeasible_rows=5461
PROGRESS main iter=73000 t=72.0s phase=B infeasible_rows=5545
PROGRESS main iter=74000 t=73.9s phase=B infeasible_rows=5136
PROGRESS main iter=75000 t=75.6s phase=B infeasible_rows=5475
PROGRESS main iter=76000 t=77.4s phase=B infeasible_rows=4820
PROGRESS main iter=77000 t=79.1s phase=B infeasible_rows=5440
PROGRESS main iter=78000 t=81.3s phase=B infeasible_rows=5002
PROGRESS main iter=79000 t=82.9s phase=B infeasible_rows=5271
PROGRESS main iter=80000 t=84.8s phase=B infeasible_rows=5596
PROGRESS main iter=81000 t=86.8s phase=B infeasible_rows=5535
PROGRESS main iter=82000 t=88.5s phase=B infeasible_rows=5196
PROGRESS main iter=83000 t=90.5s phase=B infeasible_rows=4563
PROGRESS main iter=84000 t=92.9s phase=B infeasible_rows=4997
PROGRESS main iter=85000 t=94.8s phase=B infeasible_rows=5278
PROGRESS main iter=86000 t=97.0s phase=B infeasible_rows=4669
PROGRESS main iter=87000 t=99.5s phase=B infeasible_rows=4903
PROGRESS main iter=88000 t=101.7s phase=B infeasible_rows=4772
PROGRESS main iter=89000 t=103.9s phase=B infeasible_rows=4600
PROGRESS main iter=90000 t=106.0s phase=B infeasible_rows=5288
PROGRESS main iter=91000 t=108.1s phase=B infeasible_rows=4885
PROGRESS main iter=92000 t=110.1s phase=B infeasible_rows=4282
PROGRESS main iter=93000 t=112.4s phase=B infeasible_rows=4418
PROGRESS main iter=94000 t=115.6s phase=B infeasible_rows=4638
PROGRESS main iter=95000 t=118.2s phase=B infeasible_rows=4028
PROGRESS main iter=96000 t=121.0s phase=B infeasible_rows=5032
PROGRESS main iter=97000 t=123.8s phase=B infeasible_rows=4538
PROGRESS main iter=98000 t=126.2s phase=B infeasible_rows=4470
PROGRESS main iter=99000 t=129.2s phase=B infeasible_rows=4602
PROGRESS main iter=100000 t=131.3s phase=B infeasible_rows=4676
PROGRESS main iter=101000 t=133.7s phase=B infeasible_rows=4671
PROGRESS main iter=102000 t=135.8s phase=B infeasible_rows=5153
PROGRESS main iter=103000 t=138.5s phase=B infeasible_rows=4582
PROGRESS main iter=104000 t=140.6s phase=B infeasible_rows=5119
PROGRESS main iter=105000 t=143.2s phase=B infeasible_rows=4705
PROGRESS main iter=106000 t=145.6s phase=B infeasible_rows=4454
PROGRESS main iter=107000 t=148.1s phase=B infeasible_rows=4579
PROGRESS main iter=108000 t=150.5s phase=B infeasible_rows=4468
PROGRESS main iter=109000 t=153.4s phase=B infeasible_rows=4576
PROGRESS main iter=110000 t=155.7s phase=B infeasible_rows=4825
PROGRESS main iter=111000 t=158.6s phase=B infeasible_rows=4878
PROGRESS main iter=112000 t=161.4s phase=B infeasible_rows=3866
PROGRESS main iter=113000 t=163.7s phase=B infeasible_rows=4839
PROGRESS main iter=114000 t=166.0s phase=B infeasible_rows=4808
PROGRESS main iter=115000 t=168.4s phase=B infeasible_rows=4943
PROGRESS main iter=116000 t=171.1s phase=B infeasible_rows=5210
PROGRESS main iter=117000 t=173.9s phase=B infeasible_rows=4716
PROGRESS main iter=118000 t=176.2s phase=B infeasible_rows=4105
PROGRESS main iter=119000 t=179.1s phase=B infeasible_rows=5117
PROGRESS main iter=120000 t=181.3s phase=B infeasible_rows=4283
PROGRESS main iter=121000 t=183.7s phase=B infeasible_rows=4648
PROGRESS main iter=122000 t=185.9s phase=B infeasible_rows=4751
PROGRESS main iter=123000 t=189.1s phase=B infeasible_rows=5202
PROGRESS main iter=124000 t=191.8s phase=B infeasible_rows=4792
PROGRESS main iter=125000 t=194.2s phase=B infeasible_rows=4208
PROGRESS main iter=126000 t=197.0s phase=B infeasible_rows=4476
PROGRESS main iter=127000 t=200.4s phase=B infeasible_rows=4397
PROGRESS main iter=128000 t=202.7s phase=B infeasible_rows=4838
PROGRESS main iter=129000 t=204.9s phase=B infeasible_rows=4966
PROGRESS main iter=130000 t=207.5s phase=B infeasible_rows=4840
PROGRESS main iter=131000 t=209.9s phase=B infeasible_rows=4135
PROGRESS main iter=132000 t=212.3s phase=B infeasible_rows=4875
PROGRESS main iter=133000 t=214.6s phase=B infeasible_rows=4333
PROGRESS main iter=134000 t=217.5s phase=B infeasible_rows=4136
PROGRESS main iter=135000 t=220.4s phase=B infeasible_rows=4784
PROGRESS main iter=136000 t=223.2s phase=B infeasible_rows=3797
PROGRESS main iter=137000 t=225.4s phase=B infeasible_rows=4518
PROGRESS main iter=138000 t=227.8s phase=B infeasible_rows=4575
PROGRESS main iter=139000 t=230.8s phase=B infeasible_rows=4638
PROGRESS main iter=140000 t=233.4s phase=B infeasible_rows=4042
PROGRESS main iter=141000 t=235.7s phase=B infeasible_rows=4807
PROGRESS main iter=142000 t=238.5s phase=B infeasible_rows=5092
PROGRESS main iter=143000 t=240.8s phase=B infeasible_rows=4618
PROGRESS main iter=144000 t=243.6s phase=B infeasible_rows=4729
PROGRESS main iter=145000 t=246.4s phase=B infeasible_rows=4831
PROGRESS main iter=146000 t=249.0s phase=B infeasible_rows=4620
PROGRESS main iter=147000 t=251.3s phase=B infeasible_rows=4376
PROGRESS main iter=148000 t=254.1s phase=B infeasible_rows=4891
PROGRESS main iter=149000 t=256.8s phase=B infeasible_rows=4952
PROGRESS main iter=150000 t=259.9s phase=B infeasible_rows=4632
PROGRESS main iter=151000 t=262.5s phase=B infeasible_rows=4378
PROGRESS main iter=152000 t=265.3s phase=B infeasible_rows=4768
PROGRESS main iter=153000 t=267.7s phase=B infeasible_rows=4651
PROGRESS main iter=154000 t=270.1s phase=B infeasible_rows=4423
PROGRESS main iter=155000 t=272.8s phase=B infeasible_rows=4918
PROGRESS main iter=156000 t=275.0s phase=B infeasible_rows=4314
PROGRESS main iter=157000 t=278.0s phase=B infeasible_rows=4938
PROGRESS main iter=158000 t=280.2s phase=B infeasible_rows=4030
PROGRESS main iter=159000 t=282.8s phase=B infeasible_rows=5170
PROGRESS main iter=160000 t=285.3s phase=B infeasible_rows=4744
PROGRESS main iter=161000 t=288.3s phase=B infeasible_rows=4205
PROGRESS main iter=162000 t=290.7s phase=B infeasible_rows=4523
PROGRESS main iter=163000 t=293.2s phase=B infeasible_rows=5099
PROGRESS main iter=164000 t=295.5s phase=B infeasible_rows=4375
PROGRESS main iter=165000 t=298.2s phase=B infeasible_rows=5046
PROGRESS main iter=166000 t=301.0s phase=B infeasible_rows=5019
PROGRESS main iter=167000 t=303.9s phase=B infeasible_rows=4234
PROGRESS main iter=168000 t=306.9s phase=B infeasible_rows=4962
PROGRESS main iter=169000 t=309.9s phase=B infeasible_rows=4208
PROGRESS main iter=170000 t=313.0s phase=B infeasible_rows=4037
PROGRESS main iter=171000 t=315.8s phase=B infeasible_rows=4795
PROGRESS main iter=172000 t=318.8s phase=B infeasible_rows=4166
PROGRESS main iter=173000 t=321.7s phase=B infeasible_rows=4675
PROGRESS main iter=174000 t=324.6s phase=B infeasible_rows=4123
PROGRESS main iter=175000 t=327.5s phase=B infeasible_rows=5298
PROGRESS main iter=176000 t=331.0s phase=B infeasible_rows=4702
PROGRESS main iter=177000 t=334.3s phase=B infeasible_rows=5124
PROGRESS main iter=178000 t=337.2s phase=B infeasible_rows=4663
PROGRESS main iter=179000 t=340.8s phase=B infeasible_rows=4232
PROGRESS main iter=180000 t=343.5s phase=B infeasible_rows=4866
PROGRESS main iter=181000 t=346.6s phase=B infeasible_rows=4535
PROGRESS main iter=182000 t=349.6s phase=B infeasible_rows=4324
PROGRESS main iter=183000 t=352.1s phase=B infeasible_rows=4143
PROGRESS main iter=184000 t=355.1s phase=B infeasible_rows=4339
PROGRESS main iter=185000 t=357.7s phase=B infeasible_rows=4458
PROGRESS main iter=186000 t=360.3s phase=B infeasible_rows=3976
PROGRESS main iter=187000 t=363.3s phase=B infeasible_rows=4833
PROGRESS main iter=188000 t=366.6s phase=B infeasible_rows=4191
PROGRESS main iter=189000 t=370.1s phase=B infeasible_rows=4842
PROGRESS main iter=190000 t=372.8s phase=B infeasible_rows=4993
PROGRESS main iter=191000 t=375.9s phase=B infeasible_rows=5067
PROGRESS main iter=192000 t=378.2s phase=B infeasible_rows=5095
PROGRESS main iter=193000 t=381.4s phase=B infeasible_rows=4370
PROGRESS main iter=194000 t=384.8s phase=B infeasible_rows=4178
