netlib/25fv47                  default          optimal        0.084s ok=True obj=5501.845888286753 ref=5501.845888286757
netlib/25fv47                  push             optimal        0.077s ok=True obj=5501.845888286753 ref=5501.845888286757
netlib/25fv47                  push_pc          optimal        0.088s ok=True obj=5501.845888286753 ref=5501.845888286757
netlib/25fv47                  push_geo         optimal        0.092s ok=True obj=5501.845888286753 ref=5501.845888286757
netlib/25fv47                  push_eq          optimal        0.090s ok=True obj=5501.845888286745 ref=5501.845888286757
netlib/80bau3b                 default          optimal        0.486s ok=True obj=987224.1924090909 ref=987224.1924090902
netlib/80bau3b                 push             optimal        0.511s ok=True obj=987224.1924090909 ref=987224.1924090902
netlib/80bau3b                 push_pc          optimal        0.460s ok=True obj=987224.1924090909 ref=987224.1924090902
netlib/80bau3b                 push_geo         optimal        0.512s ok=True obj=987224.1924090912 ref=987224.1924090902
netlib/80bau3b                 push_eq          optimal        0.507s ok=True obj=987224.1924090912 ref=987224.1924090902
netlib/adlittle                default          optimal        0.008s ok=True obj=225494.9631623804 ref=225494.9631623803
netlib/adlittle                push             optimal        0.002s ok=True obj=225494.9631623804 ref=225494.9631623803
netlib/adlittle                push_pc          optimal        0.002s ok=True obj=225494.9631623804 ref=225494.9631623803
netlib/adlittle                push_geo         optimal        0.003s ok=True obj=225494.9631623804 ref=225494.9631623803
netlib/adlittle                push_eq          optimal        0.013s ok=True obj=225494.9631623804 ref=225494.9631623803
netlib/afiro                   default          optimal        0.001s ok=True obj=-464.75314285714285 ref=-464.75314285714285
netlib/afiro                   push             optimal        0.001s ok=True obj=-464.75314285714285 ref=-464.75314285714285
netlib/afiro                   push_pc          optimal        0.004s ok=True obj=-464.75314285714285 ref=-464.75314285714285
netlib/afiro                   push_geo         optimal        0.001s ok=True obj=-464.75314285714285 ref=-464.75314285714285
netlib/afiro                   push_eq          optimal        0.001s ok=True obj=-464.75314285714285 ref=-464.75314285714285
