netlib/25fv47                  highs_ipm        optimal        0.156s ok=True obj=5501.84588828675 ref=5501.845888286757
netlib/25fv47                  default          optimal        0.125s ok=True obj=5501.845888286753 ref=5501.845888286757
netlib/80bau3b                 highs_ipm        optimal        0.351s ok=True obj=987224.1924090901 ref=987224.1924090902
netlib/80bau3b                 default          optimal        0.819s ok=True obj=987224.1924090909 ref=987224.1924090902
netlib/adlittle                highs_ipm        optimal        0.008s ok=True obj=225494.96316238036 ref=225494.9631623803
netlib/adlittle                default          optimal        0.004s ok=True obj=225494.9631623804 ref=225494.9631623803
netlib/afiro                   highs_ipm        optimal        0.001s ok=True obj=-464.75314285714285 ref=-464.75314285714285
netlib/afiro                   default          optimal        0.002s ok=True obj=-464.75314285714285 ref=-464.75314285714285
netlib/agg                     highs_ipm        optimal        0.010s ok=True obj=-35991767.2865765 ref=-35991767.2865765
netlib/agg                     default          optimal        0.009s ok=True obj=-35991767.286576495 ref=-35991767.2865765
netlib/agg2                    highs_ipm        optimal        0.018s ok=True obj=-20239252.355977118 ref=-20239252.355977118
netlib/agg2                    default          optimal        0.026s ok=True obj=-20239252.355977118 ref=-20239252.355977118
netlib/agg3                    highs_ipm        optimal        0.024s ok=True obj=10312115.935089216 ref=10312115.935089216
netlib/agg3                    default          optimal        0.021s ok=True obj=10312115.935089232 ref=10312115.935089216
netlib/bandm                   highs_ipm        optimal        0.017s ok=True obj=-158.62801845012078 ref=-158.62801845012078
netlib/bandm                   default          optimal        0.012s ok=True obj=-158.62801845012078 ref=-158.62801845012078
netlib/beaconfd                highs_ipm        optimal        0.009s ok=True obj=33592.4858072 ref=33592.4858072
netlib/beaconfd                default          optimal        0.007s ok=True obj=33592.48580719999 ref=33592.4858072
netlib/blend                   highs_ipm        optimal        0.008s ok=True obj=-30.81214984582823 ref=-30.812149845828237
netlib/blend                   default          optimal        0.008s ok=True obj=-30.812149845828245 ref=-30.812149845828237
netlib/bnl1                    highs_ipm        optimal        0.068s ok=True obj=1977.6295615228892 ref=1977.6295615228878
netlib/bnl1                    default          optimal        0.104s ok=True obj=1977.6295615228903 ref=1977.6295615228878
netlib/bnl2                    highs_ipm        optimal        0.146s ok=True obj=1811.2365403585463 ref=1811.2365403585482
netlib/bnl2                    default          optimal        0.234s ok=True obj=1811.2365403585463 ref=1811.2365403585482
netlib/boeing1                 highs_ipm        optimal        0.030s ok=True obj=-335.21356750712675 ref=-335.21356750712675
netlib/boeing1                 default          optimal        0.030s ok=True obj=-335.2135675071269 ref=-335.21356750712675
netlib/boeing2                 highs_ipm        optimal        0.015s ok=True obj=-315.01872801520284 ref=-315.0187280152027
netlib/boeing2                 default          optimal        0.007s ok=True obj=-315.0187280152028 ref=-315.0187280152027
netlib/bore3d                  highs_ipm        optimal        0.005s ok=True obj=1373.0803942084926 ref=1373.0803942084926
netlib/bore3d                  default          optimal        0.010s ok=True obj=1373.080394208495 ref=1373.0803942084926
netlib/brandy                  highs_ipm        optimal        0.018s ok=True obj=1518.5098964881279 ref=1518.5098964881279
netlib/brandy                  default          optimal        0.011s ok=True obj=1518.509896488129 ref=1518.5098964881279
netlib/capri                   highs_ipm        optimal        0.020s ok=True obj=2690.0129137681597 ref=2690.0129137681593
netlib/capri                   default          optimal        0.010s ok=True obj=2690.012913768161 ref=2690.0129137681593
netlib/cycle                   highs_ipm        optimal        0.182s ok=True obj=-5.226393024894094 ref=-5.226393024894102
netlib/cycle                   default          optimal        0.199s ok=True obj=-5.226393024894102 ref=-5.226393024894102
netlib/czprob                  highs_ipm        optimal        0.063s ok=True obj=2185196.698856578 ref=2185196.698856578
netlib/czprob                  default          optimal        0.038s ok=True obj=2185196.6988565787 ref=2185196.698856578
netlib/d2q06c                  highs_ipm        optimal        0.605s ok=True obj=122784.21081418943 ref=122784.2108141893
netlib/d2q06c                  default          optimal        0.479s ok=True obj=122784.21081418957 ref=122784.2108141893
netlib/d6cube                  highs_ipm        optimal        0.427s ok=True obj=315.4916666666667 ref=315.49166666666696
netlib/d6cube                  default          optimal        0.259s ok=True obj=315.49166666666656 ref=315.49166666666696
netlib/degen2                  highs_ipm        optimal        0.037s ok=True obj=-1435.178 ref=-1435.178
netlib/degen2                  default          optimal        0.027s ok=True obj=-1435.178 ref=-1435.178
netlib/degen3                  highs_ipm        optimal        0.242s ok=True obj=-987.2940000000006 ref=-987.2940000000007
netlib/degen3                  default          optimal        0.332s ok=True obj=-987.2940000000006 ref=-987.2940000000007
netlib/dfl001                  highs_ipm        optimal        2.375s ok=True obj=11266396.046671385 ref=11266396.04667138
netlib/dfl001                  default          optimal       16.523s ok=True obj=11266396.046671398 ref=11266396.04667138
netlib/e226                    highs_ipm        optimal        0.029s ok=True obj=-11.638929066370537 ref=-11.638929066370537
netlib/e226                    default          optimal        0.014s ok=True obj=-11.638929066370533 ref=-11.638929066370537
netlib/etamacro                highs_ipm        optimal        0.034s ok=True obj=-755.7152333749132 ref=-755.7152333005275
netlib/etamacro                default          optimal        0.030s ok=True obj=-755.715233313166 ref=-755.7152333005275
netlib/fffff800                highs_ipm        optimal        0.050s ok=True obj=555679.5648174963 ref=555679.5648174963
netlib/fffff800                default          optimal        0.028s ok=True obj=555679.5648174961 ref=555679.5648174963
netlib/finnis                  highs_ipm        optimal        0.023s ok=True obj=172791.06559561155 ref=172791.06559561164
netlib/finnis                  default          optimal        0.017s ok=True obj=172791.0655956115 ref=172791.06559561164
netlib/fit1d                   highs_ipm        optimal        0.038s ok=True obj=-9146.378092420928 ref=-9146.378092420928
netlib/fit1d                   default          optimal        0.022s ok=True obj=-9146.378092420917 ref=-9146.378092420928
netlib/fit1p                   highs_ipm        optimal        0.043s ok=True obj=9146.378092420937 ref=9146.378092420935
netlib/fit1p                   default          optimal        0.384s ok=True obj=9146.378092420933 ref=9146.378092420935
netlib/fit2d                   highs_ipm        optimal        0.423s ok=True obj=-68464.2932938321 ref=-68464.2932938321
netlib/fit2d                   default          optimal        0.334s ok=True obj=-68464.29329383213 ref=-68464.2932938321
netlib/fit2p                   highs_ipm        optimal        0.409s ok=True obj=68464.29329383218 ref=68464.29329383216
netlib/fit2p                   default          optimal        0.631s ok=True obj=68464.29329383011 ref=68464.29329383216
netlib/forplan                 highs_ipm        optimal        0.028s ok=True obj=-664.218961272205 ref=-664.2189612722054
netlib/forplan                 default          optimal        0.016s ok=True obj=-664.2189612722052 ref=-664.2189612722054
netlib/ganges                  highs_ipm        optimal        0.039s ok=True obj=-109585.73612927824 ref=-109585.73612927813
netlib/ganges                  default          optimal        0.026s ok=True obj=-109585.73612927858 ref=-109585.73612927813
netlib/gfrd-pnc                highs_ipm        optimal        0.018s ok=True obj=6902235.999548812 ref=6902235.999548812
netlib/gfrd-pnc                default          optimal        0.010s ok=True obj=6902235.999548812 ref=6902235.999548812
netlib/greenbea                highs_ipm        optimal        0.390s ok=True obj=-72555248.12984605 ref=-72555248.12984587
netlib/greenbea                default          optimal        0.770s ok=True obj=-72555248.12984864 ref=-72555248.12984587
netlib/greenbeb                highs_ipm        optimal        0.337s ok=True obj=-4302260.261206586 ref=-4302260.261206586
netlib/greenbeb                default          optimal        0.707s ok=True obj=-4302260.261206586 ref=-4302260.261206586
netlib/grow15                  highs_ipm        optimal        0.050s ok=True obj=-106870941.29357542 ref=-106870941.29357533
netlib/grow15                  default          optimal        0.027s ok=True obj=-106870941.29357536 ref=-106870941.29357533
netlib/grow22                  highs_ipm        optimal        0.092s ok=True obj=-160834336.482563 ref=-160834336.48256296
netlib/grow22                  default          optimal        0.046s ok=True obj=-160834336.482563 ref=-160834336.48256296
netlib/grow7                   highs_ipm        optimal        0.026s ok=True obj=-47787811.814711474 ref=-47787811.8147115
netlib/grow7                   default          optimal        0.019s ok=True obj=-47787811.81471152 ref=-47787811.8147115
netlib/israel                  highs_ipm        optimal        0.024s ok=True obj=-896644.8218630459 ref=-896644.8218630459
netlib/israel                  default          optimal        0.022s ok=True obj=-896644.8218630458 ref=-896644.8218630459
netlib/kb2                     highs_ipm        optimal        0.007s ok=True obj=-1749.9001299062056 ref=-1749.9001299062056
netlib/kb2                     default          optimal        0.005s ok=True obj=-1749.9001299062052 ref=-1749.9001299062056
netlib/lotfi                   highs_ipm        optimal        0.009s ok=True obj=-25.26470606188001 ref=-25.264706061880002
netlib/lotfi                   default          optimal        0.008s ok=True obj=-25.264706061880037 ref=-25.264706061880002
netlib/maros                   highs_ipm        optimal        0.062s ok=True obj=-58063.7437011259 ref=-58063.74370112589
netlib/maros                   default          optimal        0.054s ok=True obj=-58063.74370112591 ref=-58063.74370112589
netlib/maros-r7                highs_ipm        optimal        0.653s ok=True obj=1497185.1664796423 ref=1497185.1664796423
netlib/maros-r7                default          optimal        0.619s ok=True obj=1497185.166479643 ref=1497185.1664796423
netlib/modszk1                 highs_ipm        optimal        0.048s ok=True obj=320.61972906432527 ref=320.61972906434596
netlib/modszk1                 default          optimal        0.028s ok=True obj=320.6197290613313 ref=320.61972906434596
netlib/nesm                    highs_ipm        optimal        0.123s ok=True obj=14076036.487562718 ref=14076036.487562705
netlib/nesm                    default          optimal        0.292s ok=True obj=14076036.487562718 ref=14076036.487562705
netlib/perold                  highs_ipm        optimal        0.100s ok=True obj=-9380.755278235056 ref=-9380.755278235187
netlib/perold                  default          optimal        0.144s ok=True obj=-9380.755278235314 ref=-9380.755278235187
netlib/pilot                   highs_ipm        optimal        0.905s ok=True obj=-557.4897292853827 ref=-557.4897292744025
netlib/pilot                   default          optimal        0.777s ok=True obj=-557.4897289591502 ref=-557.4897292744025
netlib/pilot.ja                highs_ipm        optimal        0.169s ok=True obj=-6113.136465581331 ref=-6113.136465581338
netlib/pilot.ja                default          optimal        0.427s ok=True obj=-6113.136465463971 ref=-6113.136465581338
netlib/pilot.we                highs_ipm        optimal        0.152s ok=True obj=-2720107.532844963 ref=-2720107.5328449584
netlib/pilot.we                default          optimal        0.350s ok=True obj=-2720107.5328449653 ref=-2720107.5328449584
netlib/pilot4                  highs_ipm        optimal        0.063s ok=True obj=-2581.139258883887 ref=-2581.1392588838853
netlib/pilot4                  default          optimal        0.070s ok=True obj=-2581.139258883904 ref=-2581.1392588838853
netlib/pilot87                 highs_ipm        optimal        1.886s ok=True obj=301.7103473331016 ref=301.71034733310745
netlib/pilot87                 default          optimal        8.355s ok=True obj=301.7103473331276 ref=301.71034733310745
netlib/pilotnov                highs_ipm        optimal        0.162s ok=True obj=-4497.2761882188715 ref=-4497.2761882188715
netlib/pilotnov                default          optimal        0.296s ok=True obj=-4497.276188218871 ref=-4497.2761882188715
netlib/recipe                  highs_ipm        optimal        0.008s ok=True obj=-266.61600000000027 ref=-266.61600000000027
netlib/recipe                  default          optimal        0.008s ok=True obj=-266.61600000000027 ref=-266.61600000000027
netlib/sc105                   highs_ipm        optimal        0.007s ok=True obj=-52.20206121170723 ref=-52.20206121170723
netlib/sc105                   default          optimal        0.007s ok=True obj=-52.20206121170723 ref=-52.20206121170723
netlib/sc205                   highs_ipm        optimal        0.006s ok=True obj=-52.20206121170721 ref=-52.20206121170721
netlib/sc205                   default          optimal        0.006s ok=True obj=-52.2020612117072 ref=-52.20206121170721
netlib/sc50a                   highs_ipm        optimal        0.002s ok=True obj=-64.5750770585645 ref=-64.5750770585645
netlib/sc50a                   default          optimal        0.003s ok=True obj=-64.5750770585645 ref=-64.5750770585645
netlib/sc50b                   highs_ipm        optimal        0.002s ok=True obj=-69.99999999999999 ref=-69.99999999999999
netlib/sc50b                   default          optimal        0.002s ok=True obj=-69.99999999999999 ref=-69.99999999999999
netlib/scagr25                 highs_ipm        optimal        0.019s ok=True obj=-14753433.060768528 ref=-14753433.060768528
netlib/scagr25                 default          optimal        0.009s ok=True obj=-14753433.060768524 ref=-14753433.060768528
netlib/scagr7                  highs_ipm        optimal        0.009s ok=True obj=-2331389.824330984 ref=-2331389.824330984
netlib/scagr7                  default          optimal        0.003s ok=True obj=-2331389.8243309837 ref=-2331389.824330984
netlib/scfxm1                  highs_ipm        optimal        0.029s ok=True obj=18416.759028348948 ref=18416.759028348948
netlib/scfxm1                  default          optimal        0.021s ok=True obj=18416.759028348944 ref=18416.759028348948
netlib/scfxm2                  highs_ipm        optimal        0.052s ok=True obj=36660.261564998815 ref=36660.261564998815
netlib/scfxm2                  default          optimal        0.031s ok=True obj=36660.26156499881 ref=36660.261564998815
netlib/scfxm3                  highs_ipm        optimal        0.066s ok=True obj=54901.254549751444 ref=54901.254549751444
netlib/scfxm3                  default          optimal        0.044s ok=True obj=54901.25454975145 ref=54901.254549751444
netlib/scorpion                highs_ipm        optimal        0.011s ok=True obj=1878.1248227381068 ref=1878.1248227381068
netlib/scorpion                default          optimal        0.006s ok=True obj=1878.1248227381068 ref=1878.1248227381068
netlib/scrs8                   highs_ipm        optimal        0.029s ok=True obj=904.296953800792 ref=904.296953800792
netlib/scrs8                   default          optimal        0.025s ok=True obj=904.2969538007919 ref=904.296953800792
netlib/scsd1                   highs_ipm        optimal        0.015s ok=True obj=8.666666674333369 ref=8.666666674333364
netlib/scsd1                   default          optimal        0.007s ok=True obj=8.666666674333364 ref=8.666666674333364
netlib/scsd6                   highs_ipm        optimal        0.023s ok=True obj=50.50000007714436 ref=50.5000000782623
netlib/scsd6                   default          optimal        0.013s ok=True obj=50.500000077144335 ref=50.5000000782623
netlib/scsd8                   highs_ipm        optimal        0.053s ok=True obj=904.9999999254634 ref=904.9999999254643
netlib/scsd8                   default          optimal        0.029s ok=True obj=904.9999999254652 ref=904.9999999254643
netlib/sctap1                  highs_ipm        optimal        0.022s ok=True obj=1412.25 ref=1412.25
netlib/sctap1                  default          optimal        0.012s ok=True obj=1412.25 ref=1412.25
netlib/sctap2                  highs_ipm        optimal        0.048s ok=True obj=1724.807142857143 ref=1724.807142857143
netlib/sctap2                  default          optimal        0.043s ok=True obj=1724.807142857143 ref=1724.807142857143
netlib/sctap3                  highs_ipm        optimal        0.071s ok=True obj=1424.0 ref=1424.0
netlib/sctap3                  default          optimal        0.058s ok=True obj=1424.0 ref=1424.0
netlib/seba                    highs_ipm        optimal        0.007s ok=True obj=15711.599999999999 ref=15711.599999999999
netlib/seba                    default          optimal        0.017s ok=True obj=15711.6 ref=15711.599999999999
netlib/share1b                 highs_ipm        optimal        0.017s ok=True obj=-76589.31857918572 ref=-76589.31857918572
netlib/share1b                 default          optimal        0.005s ok=True obj=-76589.31857918567 ref=-76589.31857918572
netlib/share2b                 highs_ipm        optimal        0.010s ok=True obj=-415.7322407414191 ref=-415.73224074141945
netlib/share2b                 default          optimal        0.005s ok=True obj=-415.7322407414206 ref=-415.73224074141945
netlib/shell                   highs_ipm        optimal        0.033s ok=True obj=1208825346.0 ref=1208825346.0
netlib/shell                   default          optimal        0.027s ok=True obj=1208825346.0 ref=1208825346.0
netlib/ship04l                 highs_ipm        optimal        0.030s ok=True obj=1793324.537970356 ref=1793324.5379703562
netlib/ship04l                 default          optimal        0.018s ok=True obj=1793324.5379703562 ref=1793324.5379703562
netlib/ship04s                 highs_ipm        optimal        0.025s ok=True obj=1798714.700445392 ref=1798714.7004453917
netlib/ship04s                 default          optimal        0.016s ok=True obj=1798714.700445392 ref=1798714.7004453917
netlib/ship08l                 highs_ipm        optimal        0.045s ok=True obj=1909055.2113891314 ref=1909055.211389131
netlib/ship08l                 default          optimal        0.042s ok=True obj=1909055.2113891311 ref=1909055.211389131
netlib/ship08s                 highs_ipm        optimal        0.030s ok=True obj=1920098.2105346185 ref=1920098.2105346182
netlib/ship08s                 default          optimal        0.017s ok=True obj=1920098.210534618 ref=1920098.2105346182
netlib/ship12l                 highs_ipm        optimal        0.075s ok=True obj=1470187.9193292663 ref=1470187.9193292663
netlib/ship12l                 default          optimal        0.041s ok=True obj=1470187.9193292658 ref=1470187.9193292663
netlib/ship12s                 highs_ipm        optimal        0.034s ok=True obj=1489236.134406133 ref=1489236.1344061329
netlib/ship12s                 default          optimal        0.019s ok=True obj=1489236.1344061326 ref=1489236.1344061329
netlib/sierra                  highs_ipm        optimal        0.050s ok=True obj=15394362.183631927 ref=15394362.183631929
netlib/sierra                  default          optimal        0.041s ok=True obj=15394362.183631925 ref=15394362.183631929
netlib/stair                   highs_ipm        optimal        0.039s ok=True obj=-251.26695119296335 ref=-251.26695119296335
netlib/stair                   default          optimal        0.031s ok=True obj=-251.26695119296335 ref=-251.26695119296335
netlib/standata                highs_ipm        optimal        0.016s ok=True obj=1257.6995 ref=1257.6995
netlib/standata                default          optimal        0.018s ok=True obj=1257.6995000000002 ref=1257.6995
netlib/standgub                highs_ipm        optimal        0.013s ok=True obj=1257.6995 ref=1257.6995
netlib/standgub                default          optimal        0.015s ok=True obj=1257.6995000000002 ref=1257.6995
netlib/standmps                highs_ipm        optimal        0.028s ok=True obj=1406.0175 ref=1406.0175
netlib/standmps                default          optimal        0.020s ok=True obj=1406.0175000000008 ref=1406.0175
netlib/stocfor1                highs_ipm        optimal        0.008s ok=True obj=-41131.976219436394 ref=-41131.97621943641
netlib/stocfor1                default          optimal        0.006s ok=True obj=-41131.976219436416 ref=-41131.97621943641
netlib/stocfor2                highs_ipm        optimal        0.070s ok=True obj=-39024.408537882104 ref=-39024.408537882104
netlib/stocfor2                default          optimal        0.116s ok=True obj=-39024.40853788211 ref=-39024.408537882104
netlib/tuff                    highs_ipm        optimal        0.034s ok=True obj=0.292147765093613 ref=0.292147765093613
netlib/tuff                    default          optimal        0.021s ok=True obj=0.29214776509361284 ref=0.292147765093613
netlib/vtp.base                highs_ipm        optimal        0.007s ok=True obj=129831.46246136137 ref=129831.46246136137
netlib/vtp.base                default          optimal        0.003s ok=True obj=129831.46246136137 ref=129831.46246136137
netlib/wood1p                  highs_ipm        optimal        0.242s ok=True obj=1.4429024115734104 ref=1.442902411573409
netlib/wood1p                  default          optimal        0.185s ok=True obj=1.4429024115734084 ref=1.442902411573409
netlib/woodw                   highs_ipm        optimal        0.158s ok=True obj=1.3044763330842297 ref=1.3044763330842293
netlib/woodw                   default          optimal        0.100s ok=True obj=1.3044763330842304 ref=1.3044763330842293
kennington/cre-a               highs_ipm        optimal        0.336s ok=True obj=23595407.060971618 ref=23595407.06097162
kennington/cre-a               default          optimal        0.319s ok=True obj=23595407.060971614 ref=23595407.06097162
kennington/cre-b               highs_ipm        optimal        3.191s ok=True obj=23129639.886832375 ref=23129639.88683238
kennington/cre-b               default          optimal        1.914s ok=True obj=23129639.88683238 ref=23129639.88683238
kennington/cre-c               highs_ipm        optimal        0.276s ok=True obj=25275116.14088021 ref=25275116.14088022
kennington/cre-c               default          optimal        0.304s ok=True obj=25275116.140880227 ref=25275116.14088022
kennington/cre-d               highs_ipm        optimal        2.447s ok=True obj=24454969.76454924 ref=24454969.76454924
kennington/cre-d               default          optimal        1.702s ok=True obj=24454969.764549248 ref=24454969.76454924
kennington/ken-07              highs_ipm        optimal        0.047s ok=True obj=-679520443.3816886 ref=-679520443.3816886
kennington/ken-07              default          optimal        0.036s ok=True obj=-679520443.3816885 ref=-679520443.3816886
kennington/ken-11              highs_ipm        optimal        0.549s ok=True obj=-6972382262.519994 ref=-6972382262.519994
kennington/ken-11              default          optimal        0.517s ok=True obj=-6972382262.519994 ref=-6972382262.519994
kennington/ken-13              highs_ipm        optimal        1.840s ok=True obj=-10257394789.48247 ref=-10257394789.48247
kennington/ken-13              default          optimal        0.888s ok=True obj=-10257394789.48247 ref=-10257394789.48247
kennington/ken-18              highs_ipm        optimal       18.519s ok=True obj=-52217025287.396805 ref=-52217025287.396805
kennington/ken-18              default          optimal       14.604s ok=True obj=-52217025287.39681 ref=-52217025287.396805
kennington/osa-07              highs_ipm        optimal        0.679s ok=True obj=535722.517299351 ref=535722.517299351
kennington/osa-07              default          optimal        0.385s ok=True obj=535722.5172993516 ref=535722.517299351
kennington/osa-14              highs_ipm        optimal        1.595s ok=True obj=1106462.8447362538 ref=1106462.8447362536
kennington/osa-14              default          optimal        0.659s ok=True obj=1106462.8447362517 ref=1106462.8447362536
kennington/osa-30              highs_ipm        optimal        3.482s ok=True obj=2142139.8732097656 ref=2142139.873209765
kennington/osa-30              default          optimal        2.767s ok=True obj=2142139.8732097642 ref=2142139.873209765
kennington/osa-60              highs_ipm        optimal        9.024s ok=True obj=4044072.5031574406 ref=4044072.5031574406
kennington/osa-60              default          optimal        3.677s ok=True obj=4044072.5031574187 ref=4044072.5031574406
kennington/pds-02              highs_ipm        optimal        0.136s ok=True obj=28857862010.0 ref=28857862010.0
kennington/pds-02              default          optimal        0.116s ok=True obj=28857862010.0 ref=28857862010.0
kennington/pds-06              highs_ipm        optimal        0.782s ok=True obj=27761037600.0 ref=27761037600.0
kennington/pds-06              default          optimal        1.413s ok=True obj=27761037600.0 ref=27761037600.0
kennington/pds-10              highs_ipm        optimal        1.959s ok=True obj=26727094976.0 ref=26727094976.0
kennington/pds-10              default          optimal        5.074s ok=True obj=26727094976.0 ref=26727094976.0
kennington/pds-20              highs_ipm        optimal        8.186s ok=True obj=23821658640.0 ref=23821658640.0
kennington/pds-20              default          optimal       22.047s ok=True obj=23821658640.0 ref=23821658640.0
