netlib/25fv47                  default          optimal        0.097s ok=True obj=5501.845888286753 ref=5501.845888286757
netlib/25fv47                  mf               optimal        0.099s ok=True obj=5501.845888286753 ref=5501.845888286757
netlib/25fv47                  mf_ord2          optimal        0.094s ok=True obj=5501.845888286753 ref=5501.845888286757
netlib/80bau3b                 default          optimal        0.424s ok=True obj=987224.1924090907 ref=987224.1924090902
netlib/80bau3b                 mf               optimal        0.428s ok=True obj=987224.1924090907 ref=987224.1924090902
netlib/80bau3b                 mf_ord2          optimal        0.466s ok=True obj=987224.1924090907 ref=987224.1924090902
netlib/adlittle                default          optimal        0.005s ok=True obj=225494.9631623804 ref=225494.9631623803
netlib/adlittle                mf               optimal        0.003s ok=True obj=225494.9631623804 ref=225494.9631623803
netlib/adlittle                mf_ord2          optimal        0.006s ok=True obj=225494.9631623804 ref=225494.9631623803
netlib/afiro                   default          optimal        0.001s ok=True obj=-464.75314285714285 ref=-464.75314285714285
netlib/afiro                   mf               optimal        0.002s ok=True obj=-464.75314285714285 ref=-464.75314285714285
netlib/afiro                   mf_ord2          optimal        0.004s ok=True obj=-464.75314285714285 ref=-464.75314285714285
netlib/agg                     default          optimal        0.008s ok=True obj=-35991767.286576495 ref=-35991767.2865765
netlib/agg                     mf               optimal        0.017s ok=True obj=-35991767.286576495 ref=-35991767.2865765
netlib/agg                     mf_ord2          optimal        0.009s ok=True obj=-35991767.286576495 ref=-35991767.2865765
netlib/agg2                    default          optimal        0.032s ok=True obj=-20239252.35597711 ref=-20239252.355977118
netlib/agg2                    mf               optimal        0.025s ok=True obj=-20239252.35597711 ref=-20239252.355977118
netlib/agg2                    mf_ord2          optimal        0.029s ok=True obj=-20239252.35597711 ref=-20239252.355977118
netlib/agg3                    default          optimal        0.022s ok=True obj=10312115.935089232 ref=10312115.935089216
netlib/agg3                    mf               optimal        0.026s ok=True obj=10312115.935089232 ref=10312115.935089216
netlib/agg3                    mf_ord2          optimal        0.018s ok=True obj=10312115.935089232 ref=10312115.935089216
netlib/bandm                   default          optimal        0.012s ok=True obj=-158.62801845012078 ref=-158.62801845012078
netlib/bandm                   mf               optimal        0.010s ok=True obj=-158.62801845012078 ref=-158.62801845012078
netlib/bandm                   mf_ord2          optimal        0.030s ok=True obj=-158.62801845012078 ref=-158.62801845012078
netlib/beaconfd                default          optimal        0.004s ok=True obj=33592.48580719999 ref=33592.4858072
netlib/beaconfd                mf               optimal        0.003s ok=True obj=33592.48580719999 ref=33592.4858072
netlib/beaconfd                mf_ord2          optimal        0.003s ok=True obj=33592.48580719999 ref=33592.4858072
netlib/blend                   default          optimal        0.007s ok=True obj=-30.812149845828245 ref=-30.812149845828237
netlib/blend                   mf               optimal        0.006s ok=True obj=-30.812149845828245 ref=-30.812149845828237
netlib/blend                   mf_ord2          optimal        0.003s ok=True obj=-30.812149845828245 ref=-30.812149845828237
netlib/bnl1                    default          optimal        0.044s ok=True obj=1977.6295615228878 ref=1977.6295615228878
netlib/bnl1                    mf               optimal        0.063s ok=True obj=1977.6295615228878 ref=1977.6295615228878
netlib/bnl1                    mf_ord2          optimal        0.034s ok=True obj=1977.6295615228878 ref=1977.6295615228878
netlib/bnl2                    default          optimal        0.185s ok=True obj=1811.2365403585477 ref=1811.2365403585482
netlib/bnl2                    mf               optimal        0.157s ok=True obj=1811.2365403585472 ref=1811.2365403585482
netlib/bnl2                    mf_ord2          optimal        0.158s ok=True obj=1811.2365403585472 ref=1811.2365403585482
netlib/boeing1                 default          optimal        0.017s ok=True obj=-335.2135675071269 ref=-335.21356750712675
netlib/boeing1                 mf               optimal        0.019s ok=True obj=-335.2135675071269 ref=-335.21356750712675
netlib/boeing1                 mf_ord2          optimal        0.020s ok=True obj=-335.2135675071269 ref=-335.21356750712675
netlib/boeing2                 default          optimal        0.005s ok=True obj=-315.0187280152028 ref=-315.0187280152027
netlib/boeing2                 mf               optimal        0.006s ok=True obj=-315.0187280152028 ref=-315.0187280152027
netlib/boeing2                 mf_ord2          optimal        0.007s ok=True obj=-315.0187280152028 ref=-315.0187280152027
netlib/bore3d                  default          optimal        0.003s ok=True obj=1373.0803942084926 ref=1373.0803942084926
netlib/bore3d                  mf               optimal        0.003s ok=True obj=1373.0803942084926 ref=1373.0803942084926
netlib/bore3d                  mf_ord2          optimal        0.003s ok=True obj=1373.0803942084926 ref=1373.0803942084926
netlib/brandy                  default          optimal        0.014s ok=True obj=1518.509896488129 ref=1518.5098964881279
netlib/brandy                  mf               optimal        0.013s ok=True obj=1518.509896488129 ref=1518.5098964881279
netlib/brandy                  mf_ord2          optimal        0.013s ok=True obj=1518.509896488129 ref=1518.5098964881279
netlib/capri                   default          optimal        0.011s ok=True obj=2690.012913768161 ref=2690.0129137681593
netlib/capri                   mf               optimal        0.014s ok=True obj=2690.012913768161 ref=2690.0129137681593
netlib/capri                   mf_ord2          optimal        0.016s ok=True obj=2690.012913768161 ref=2690.0129137681593
netlib/cycle                   default          optimal        0.093s ok=True obj=-5.226393024894103 ref=-5.226393024894102
netlib/cycle                   mf               optimal        0.089s ok=True obj=-5.226393024894103 ref=-5.226393024894102
netlib/cycle                   mf_ord2          optimal        0.095s ok=True obj=-5.226393024894103 ref=-5.226393024894102
netlib/czprob                  default          optimal        0.034s ok=True obj=2185196.6988565787 ref=2185196.698856578
netlib/czprob                  mf               optimal        0.046s ok=True obj=2185196.6988565787 ref=2185196.698856578
netlib/czprob                  mf_ord2          optimal        0.031s ok=True obj=2185196.6988565787 ref=2185196.698856578
netlib/d2q06c                  default          optimal        0.350s ok=True obj=122784.21081418943 ref=122784.2108141893
netlib/d2q06c                  mf               optimal        0.324s ok=True obj=122784.21081418941 ref=122784.2108141893
netlib/d2q06c                  mf_ord2          optimal        0.335s ok=True obj=122784.21081418941 ref=122784.2108141893
netlib/d6cube                  default          optimal        0.190s ok=True obj=315.49166666666656 ref=315.49166666666696
netlib/d6cube                  mf               optimal        0.209s ok=True obj=315.49166666666656 ref=315.49166666666696
netlib/d6cube                  mf_ord2          optimal        0.190s ok=True obj=315.49166666666656 ref=315.49166666666696
netlib/degen2                  default          optimal        0.027s ok=True obj=-1435.178 ref=-1435.178
netlib/degen2                  mf               optimal        0.036s ok=True obj=-1435.178 ref=-1435.178
netlib/degen2                  mf_ord2          optimal        0.038s ok=True obj=-1435.178 ref=-1435.178
netlib/degen3                  default          optimal        0.212s ok=True obj=-987.2940000000006 ref=-987.2940000000007
netlib/degen3                  mf               optimal        0.208s ok=True obj=-987.2940000000006 ref=-987.2940000000007
netlib/degen3                  mf_ord2          optimal        0.203s ok=True obj=-987.2940000000006 ref=-987.2940000000007
netlib/dfl001                  default          optimal        4.999s ok=True obj=11266396.046671897 ref=11266396.04667138
netlib/dfl001                  mf               optimal        3.336s ok=True obj=11266396.046671392 ref=11266396.04667138
netlib/dfl001                  mf_ord2          optimal        2.263s ok=True obj=11266396.046671404 ref=11266396.04667138
netlib/e226                    default          optimal        0.014s ok=True obj=-11.638929066370533 ref=-11.638929066370537
netlib/e226                    mf               optimal        0.009s ok=True obj=-11.638929066370533 ref=-11.638929066370537
netlib/e226                    mf_ord2          optimal        0.026s ok=True obj=-11.638929066370533 ref=-11.638929066370537
netlib/etamacro                default          optimal        0.029s ok=True obj=-755.7152333749132 ref=-755.7152333005275
netlib/etamacro                mf               optimal        0.026s ok=True obj=-755.7152333749132 ref=-755.7152333005275
netlib/etamacro                mf_ord2          optimal        0.027s ok=True obj=-755.7152333749132 ref=-755.7152333005275
netlib/fffff800                default          optimal        0.023s ok=True obj=555679.5648174959 ref=555679.5648174963
netlib/fffff800                mf               optimal        0.022s ok=True obj=555679.5648174959 ref=555679.5648174963
netlib/fffff800                mf_ord2          optimal        0.033s ok=True obj=555679.5648174959 ref=555679.5648174963
netlib/finnis                  default          optimal        0.014s ok=True obj=172791.06620987214 ref=172791.06559561164
netlib/finnis                  mf               optimal        0.013s ok=True obj=172791.06620987214 ref=172791.06559561164
netlib/finnis                  mf_ord2          optimal        0.019s ok=True obj=172791.06620987214 ref=172791.06559561164
netlib/fit1d                   default          optimal        0.023s ok=True obj=-9146.378092420917 ref=-9146.378092420928
netlib/fit1d                   mf               optimal        0.034s ok=True obj=-9146.378092420917 ref=-9146.378092420928
netlib/fit1d                   mf_ord2          optimal        0.022s ok=True obj=-9146.378092420917 ref=-9146.378092420928
netlib/fit1p                   default          optimal        0.269s ok=True obj=9146.378092420933 ref=9146.378092420935
netlib/fit1p                   mf               optimal        0.227s ok=True obj=9146.378092420933 ref=9146.378092420935
netlib/fit1p                   mf_ord2          optimal        0.226s ok=True obj=9146.378092420933 ref=9146.378092420935
netlib/fit2d                   default          optimal        0.231s ok=True obj=-68464.29329383213 ref=-68464.2932938321
netlib/fit2d                   mf               optimal        0.238s ok=True obj=-68464.29329383213 ref=-68464.2932938321
netlib/fit2d                   mf_ord2          optimal        0.241s ok=True obj=-68464.29329383213 ref=-68464.2932938321
netlib/fit2p                   default          optimal        0.380s ok=True obj=68464.29329383219 ref=68464.29329383216
netlib/fit2p                   mf               optimal        0.377s ok=True obj=68464.29329383219 ref=68464.29329383216
netlib/fit2p                   mf_ord2          optimal        0.397s ok=True obj=68464.29329383219 ref=68464.29329383216
netlib/forplan                 default          optimal        0.010s ok=True obj=-664.2189612722044 ref=-664.2189612722054
netlib/forplan                 mf               optimal        0.010s ok=True obj=-664.2189612722044 ref=-664.2189612722054
netlib/forplan                 mf_ord2          optimal        0.014s ok=True obj=-664.2189612722044 ref=-664.2189612722054
netlib/ganges                  default          optimal        0.024s ok=True obj=-109585.7361292782 ref=-109585.73612927813
netlib/ganges                  mf               optimal        0.031s ok=True obj=-109585.7361292782 ref=-109585.73612927813
netlib/ganges                  mf_ord2          optimal        0.021s ok=True obj=-109585.7361292782 ref=-109585.73612927813
netlib/gfrd-pnc                default          optimal        0.007s ok=True obj=6902235.999548812 ref=6902235.999548812
netlib/gfrd-pnc                mf               optimal        0.007s ok=True obj=6902235.999548812 ref=6902235.999548812
netlib/gfrd-pnc                mf_ord2          optimal        0.012s ok=True obj=6902235.999548812 ref=6902235.999548812
netlib/greenbea                default          optimal        0.595s ok=True obj=-72555248.12984875 ref=-72555248.12984587
netlib/greenbea                mf               optimal        0.584s ok=True obj=-72555248.12984875 ref=-72555248.12984587
netlib/greenbea                mf_ord2          optimal        0.585s ok=True obj=-72555248.12984875 ref=-72555248.12984587
netlib/greenbeb                default          optimal        0.453s ok=True obj=-4302260.261118828 ref=-4302260.261206586
netlib/greenbeb                mf               optimal        0.458s ok=True obj=-4302260.261118828 ref=-4302260.261206586
netlib/greenbeb                mf_ord2          optimal        0.460s ok=True obj=-4302260.261118828 ref=-4302260.261206586
netlib/grow15                  default          optimal        0.028s ok=True obj=-106870941.29357536 ref=-106870941.29357533
netlib/grow15                  mf               optimal        0.030s ok=True obj=-106870941.29357536 ref=-106870941.29357533
netlib/grow15                  mf_ord2          optimal        0.027s ok=True obj=-106870941.29357536 ref=-106870941.29357533
netlib/grow22                  default          optimal        0.038s ok=True obj=-160834336.482563 ref=-160834336.48256296
netlib/grow22                  mf               optimal        0.055s ok=True obj=-160834336.482563 ref=-160834336.48256296
netlib/grow22                  mf_ord2          optimal        0.039s ok=True obj=-160834336.482563 ref=-160834336.48256296
netlib/grow7                   default          optimal        0.011s ok=True obj=-47787811.8147115 ref=-47787811.8147115
netlib/grow7                   mf               optimal        0.009s ok=True obj=-47787811.8147115 ref=-47787811.8147115
netlib/grow7                   mf_ord2          optimal        0.018s ok=True obj=-47787811.8147115 ref=-47787811.8147115
netlib/israel                  default          optimal        0.028s ok=True obj=-896644.8218630459 ref=-896644.8218630459
netlib/israel                  mf               optimal        0.022s ok=True obj=-896644.8218630459 ref=-896644.8218630459
netlib/israel                  mf_ord2          optimal        0.030s ok=True obj=-896644.8218630459 ref=-896644.8218630459
netlib/kb2                     default          optimal        0.002s ok=True obj=-1749.9001299062052 ref=-1749.9001299062056
netlib/kb2                     mf               optimal        0.002s ok=True obj=-1749.9001299062052 ref=-1749.9001299062056
netlib/kb2                     mf_ord2          optimal        0.003s ok=True obj=-1749.9001299062052 ref=-1749.9001299062056
netlib/lotfi                   default          optimal        0.017s ok=True obj=-25.264706061880013 ref=-25.264706061880002
netlib/lotfi                   mf               optimal        0.010s ok=True obj=-25.264706061880013 ref=-25.264706061880002
netlib/lotfi                   mf_ord2          optimal        0.019s ok=True obj=-25.264706061880013 ref=-25.264706061880002
netlib/maros                   default          optimal        0.051s ok=True obj=-58063.74370112592 ref=-58063.74370112589
netlib/maros                   mf               optimal        0.046s ok=True obj=-58063.74370112592 ref=-58063.74370112589
netlib/maros                   mf_ord2          optimal        0.046s ok=True obj=-58063.74370112592 ref=-58063.74370112589
netlib/maros-r7                default          optimal        0.457s ok=True obj=1497185.166479643 ref=1497185.1664796423
netlib/maros-r7                mf               optimal        0.511s ok=True obj=1497185.166479643 ref=1497185.1664796423
netlib/maros-r7                mf_ord2          optimal        0.566s ok=True obj=1497185.166479643 ref=1497185.1664796423
netlib/modszk1                 default          optimal        0.028s ok=True obj=320.6197290612492 ref=320.61972906434596
netlib/modszk1                 mf               optimal        0.020s ok=True obj=320.6197290612492 ref=320.61972906434596
netlib/modszk1                 mf_ord2          optimal        0.025s ok=True obj=320.6197290612492 ref=320.61972906434596
netlib/nesm                    default          optimal        0.191s ok=True obj=14076036.487562725 ref=14076036.487562705
netlib/nesm                    mf               optimal        0.205s ok=True obj=14076036.487562725 ref=14076036.487562705
netlib/nesm                    mf_ord2          optimal        0.212s ok=True obj=14076036.487562725 ref=14076036.487562705
netlib/perold                  default          optimal        0.122s ok=True obj=-9380.755278235314 ref=-9380.755278235187
netlib/perold                  mf               optimal        0.141s ok=True obj=-9380.755278235314 ref=-9380.755278235187
netlib/perold                  mf_ord2          optimal        0.133s ok=True obj=-9380.755278235314 ref=-9380.755278235187
netlib/pilot                   default          optimal        0.557s ok=True obj=-557.4897292791164 ref=-557.4897292744025
netlib/pilot                   mf               optimal        0.589s ok=True obj=-557.4897292791164 ref=-557.4897292744025
netlib/pilot                   mf_ord2          optimal        0.587s ok=True obj=-557.4897292791164 ref=-557.4897292744025
netlib/pilot.ja                default          optimal        0.119s ok=True obj=-6113.136465468398 ref=-6113.136465581338
netlib/pilot.ja                mf               optimal        0.116s ok=True obj=-6113.136465468398 ref=-6113.136465581338
netlib/pilot.ja                mf_ord2          optimal        0.112s ok=True obj=-6113.136465468398 ref=-6113.136465581338
netlib/pilot.we                default          optimal        0.283s ok=True obj=-2720107.5328449607 ref=-2720107.5328449584
netlib/pilot.we                mf               optimal        0.219s ok=True obj=-2720107.5328449607 ref=-2720107.5328449584
netlib/pilot.we                mf_ord2          optimal        0.258s ok=True obj=-2720107.5328449607 ref=-2720107.5328449584
netlib/pilot4                  default          optimal        0.060s ok=True obj=-2581.1392588838535 ref=-2581.1392588838853
netlib/pilot4                  mf               optimal        0.052s ok=True obj=-2581.1392588838535 ref=-2581.1392588838853
netlib/pilot4                  mf_ord2          optimal        0.058s ok=True obj=-2581.1392588838535 ref=-2581.1392588838853
netlib/pilot87                 default          optimal        1.391s ok=True obj=301.7103473331103 ref=301.71034733310745
netlib/pilot87                 mf               optimal        1.355s ok=True obj=301.7103473331107 ref=301.71034733310745
netlib/pilot87                 mf_ord2          optimal        1.344s ok=True obj=301.7103473331107 ref=301.71034733310745
netlib/pilotnov                default          optimal        0.129s ok=True obj=-4497.276188218871 ref=-4497.2761882188715
netlib/pilotnov                mf               optimal        0.128s ok=True obj=-4497.276188218871 ref=-4497.2761882188715
netlib/pilotnov                mf_ord2          optimal        0.126s ok=True obj=-4497.276188218871 ref=-4497.2761882188715
netlib/recipe                  default          optimal        0.002s ok=True obj=-266.61600000000027 ref=-266.61600000000027
netlib/recipe                  mf               optimal        0.003s ok=True obj=-266.61600000000027 ref=-266.61600000000027
netlib/recipe                  mf_ord2          optimal        0.003s ok=True obj=-266.61600000000027 ref=-266.61600000000027
netlib/sc105                   default          optimal        0.004s ok=True obj=-52.20206121170723 ref=-52.20206121170723
netlib/sc105                   mf               optimal        0.003s ok=True obj=-52.20206121170723 ref=-52.20206121170723
netlib/sc105                   mf_ord2          optimal        0.004s ok=True obj=-52.20206121170723 ref=-52.20206121170723
netlib/sc205                   default          optimal        0.005s ok=True obj=-52.2020612117072 ref=-52.20206121170721
netlib/sc205                   mf               optimal        0.005s ok=True obj=-52.2020612117072 ref=-52.20206121170721
netlib/sc205                   mf_ord2          optimal        0.007s ok=True obj=-52.2020612117072 ref=-52.20206121170721
netlib/sc50a                   default          optimal        0.002s ok=True obj=-64.5750770585645 ref=-64.5750770585645
netlib/sc50a                   mf               optimal        0.002s ok=True obj=-64.5750770585645 ref=-64.5750770585645
netlib/sc50a                   mf_ord2          optimal        0.002s ok=True obj=-64.5750770585645 ref=-64.5750770585645
netlib/sc50b                   default          optimal        0.004s ok=True obj=-69.99999999999999 ref=-69.99999999999999
netlib/sc50b                   mf               optimal        0.004s ok=True obj=-69.99999999999999 ref=-69.99999999999999
netlib/sc50b                   mf_ord2          optimal        0.002s ok=True obj=-69.99999999999999 ref=-69.99999999999999
netlib/scagr25                 default          optimal        0.021s ok=True obj=-14753433.060768524 ref=-14753433.060768528
netlib/scagr25                 mf               optimal        0.010s ok=True obj=-14753433.060768524 ref=-14753433.060768528
netlib/scagr25                 mf_ord2          optimal        0.013s ok=True obj=-14753433.060768524 ref=-14753433.060768528
netlib/scagr7                  default          optimal        0.006s ok=True obj=-2331389.8243309837 ref=-2331389.824330984
netlib/scagr7                  mf               optimal        0.005s ok=True obj=-2331389.8243309837 ref=-2331389.824330984
netlib/scagr7                  mf_ord2          optimal        0.002s ok=True obj=-2331389.8243309837 ref=-2331389.824330984
netlib/scfxm1                  default          optimal        0.014s ok=True obj=18416.759028348944 ref=18416.759028348948
netlib/scfxm1                  mf               optimal        0.017s ok=True obj=18416.759028348944 ref=18416.759028348948
netlib/scfxm1                  mf_ord2          optimal        0.010s ok=True obj=18416.759028348944 ref=18416.759028348948
netlib/scfxm2                  default          optimal        0.033s ok=True obj=36660.26156499881 ref=36660.261564998815
netlib/scfxm2                  mf               optimal        0.027s ok=True obj=36660.26156499881 ref=36660.261564998815
netlib/scfxm2                  mf_ord2          optimal        0.025s ok=True obj=36660.26156499881 ref=36660.261564998815
netlib/scfxm3                  default          optimal        0.044s ok=True obj=54901.25454975145 ref=54901.254549751444
netlib/scfxm3                  mf               optimal        0.036s ok=True obj=54901.25454975145 ref=54901.254549751444
netlib/scfxm3                  mf_ord2          optimal        0.042s ok=True obj=54901.25454975145 ref=54901.254549751444
netlib/scorpion                default          optimal        0.004s ok=True obj=1878.1248227381068 ref=1878.1248227381068
netlib/scorpion                mf               optimal        0.004s ok=True obj=1878.1248227381068 ref=1878.1248227381068
netlib/scorpion                mf_ord2          optimal        0.007s ok=True obj=1878.1248227381068 ref=1878.1248227381068
netlib/scrs8                   default          optimal        0.021s ok=True obj=904.2969538007919 ref=904.296953800792
netlib/scrs8                   mf               optimal        0.025s ok=True obj=904.2969538007919 ref=904.296953800792
netlib/scrs8                   mf_ord2          optimal        0.022s ok=True obj=904.2969538007919 ref=904.296953800792
netlib/scsd1                   default          optimal        0.005s ok=True obj=8.666666674333364 ref=8.666666674333364
netlib/scsd1                   mf               optimal        0.009s ok=True obj=8.666666674333364 ref=8.666666674333364
netlib/scsd1                   mf_ord2          optimal        0.009s ok=True obj=8.666666674333364 ref=8.666666674333364
netlib/scsd6                   default          optimal        0.017s ok=True obj=50.50000007714434 ref=50.5000000782623
netlib/scsd6                   mf               optimal        0.009s ok=True obj=50.50000007714434 ref=50.5000000782623
netlib/scsd6                   mf_ord2          optimal        0.015s ok=True obj=50.50000007714434 ref=50.5000000782623
netlib/scsd8                   default          optimal        0.025s ok=True obj=904.9999999254651 ref=904.9999999254643
netlib/scsd8                   mf               optimal        0.032s ok=True obj=904.9999999254651 ref=904.9999999254643
netlib/scsd8                   mf_ord2          optimal        0.023s ok=True obj=904.9999999254651 ref=904.9999999254643
netlib/sctap1                  default          optimal        0.008s ok=True obj=1412.25 ref=1412.25
netlib/sctap1                  mf               optimal        0.012s ok=True obj=1412.25 ref=1412.25
netlib/sctap1                  mf_ord2          optimal        0.008s ok=True obj=1412.25 ref=1412.25
netlib/sctap2                  default          optimal        0.024s ok=True obj=1724.807142857143 ref=1724.807142857143
netlib/sctap2                  mf               optimal        0.038s ok=True obj=1724.807142857143 ref=1724.807142857143
netlib/sctap2                  mf_ord2          optimal        0.027s ok=True obj=1724.807142857143 ref=1724.807142857143
netlib/sctap3                  default          optimal        0.051s ok=True obj=1424.0 ref=1424.0
netlib/sctap3                  mf               optimal        0.036s ok=True obj=1424.0 ref=1424.0
netlib/sctap3                  mf_ord2          optimal        0.053s ok=True obj=1424.0 ref=1424.0
netlib/seba                    default          optimal        0.021s ok=True obj=15711.6 ref=15711.599999999999
netlib/seba                    mf               optimal        0.013s ok=True obj=15711.6 ref=15711.599999999999
netlib/seba                    mf_ord2          optimal        0.017s ok=True obj=15711.6 ref=15711.599999999999
netlib/share1b                 default          optimal        0.005s ok=True obj=-76589.31857918567 ref=-76589.31857918572
netlib/share1b                 mf               optimal        0.006s ok=True obj=-76589.31857918567 ref=-76589.31857918572
netlib/share1b                 mf_ord2          optimal        0.008s ok=True obj=-76589.31857918567 ref=-76589.31857918572
netlib/share2b                 default          optimal        0.004s ok=True obj=-415.7322407414206 ref=-415.73224074141945
netlib/share2b                 mf               optimal        0.003s ok=True obj=-415.7322407414206 ref=-415.73224074141945
netlib/share2b                 mf_ord2          optimal        0.005s ok=True obj=-415.7322407414206 ref=-415.73224074141945
netlib/shell                   default          optimal        0.031s ok=True obj=1208825346.0 ref=1208825346.0
netlib/shell                   mf               optimal        0.027s ok=True obj=1208825346.0 ref=1208825346.0
netlib/shell                   mf_ord2          optimal        0.028s ok=True obj=1208825346.0 ref=1208825346.0
netlib/ship04l                 default          optimal        0.023s ok=True obj=1793324.5379703562 ref=1793324.5379703562
netlib/ship04l                 mf               optimal        0.022s ok=True obj=1793324.5379703562 ref=1793324.5379703562
netlib/ship04l                 mf_ord2          optimal        0.024s ok=True obj=1793324.5379703562 ref=1793324.5379703562
netlib/ship04s                 default          optimal        0.009s ok=True obj=1798714.700445392 ref=1798714.7004453917
netlib/ship04s                 mf               optimal        0.010s ok=True obj=1798714.700445392 ref=1798714.7004453917
netlib/ship04s                 mf_ord2          optimal        0.016s ok=True obj=1798714.700445392 ref=1798714.7004453917
netlib/ship08l                 default          optimal        0.032s ok=True obj=1909055.2113891311 ref=1909055.211389131
netlib/ship08l                 mf               optimal        0.028s ok=True obj=1909055.2113891311 ref=1909055.211389131
netlib/ship08l                 mf_ord2          optimal        0.033s ok=True obj=1909055.2113891311 ref=1909055.211389131
netlib/ship08s                 default          optimal        0.017s ok=True obj=1920098.210534618 ref=1920098.2105346182
netlib/ship08s                 mf               optimal        0.025s ok=True obj=1920098.210534618 ref=1920098.2105346182
netlib/ship08s                 mf_ord2          optimal        0.019s ok=True obj=1920098.210534618 ref=1920098.2105346182
netlib/ship12l                 default          optimal        0.037s ok=True obj=1470187.919329266 ref=1470187.9193292663
netlib/ship12l                 mf               optimal        0.036s ok=True obj=1470187.919329266 ref=1470187.9193292663
netlib/ship12l                 mf_ord2          optimal        0.047s ok=True obj=1470187.919329266 ref=1470187.9193292663
netlib/ship12s                 default          optimal        0.018s ok=True obj=1489236.1344061326 ref=1489236.1344061329
netlib/ship12s                 mf               optimal        0.020s ok=True obj=1489236.1344061326 ref=1489236.1344061329
netlib/ship12s                 mf_ord2          optimal        0.022s ok=True obj=1489236.1344061326 ref=1489236.1344061329
netlib/sierra                  default          optimal        0.044s ok=True obj=15394362.183631927 ref=15394362.183631929
netlib/sierra                  mf               optimal        0.062s ok=True obj=15394362.183631927 ref=15394362.183631929
netlib/sierra                  mf_ord2          optimal        0.034s ok=True obj=15394362.183631927 ref=15394362.183631929
netlib/stair                   default          optimal        0.037s ok=True obj=-251.26695119296335 ref=-251.26695119296335
netlib/stair                   mf               optimal        0.036s ok=True obj=-251.26695119296335 ref=-251.26695119296335
netlib/stair                   mf_ord2          optimal        0.026s ok=True obj=-251.26695119296335 ref=-251.26695119296335
netlib/standata                default          optimal        0.013s ok=True obj=1257.6995000000002 ref=1257.6995
netlib/standata                mf               optimal        0.011s ok=True obj=1257.6995000000002 ref=1257.6995
netlib/standata                mf_ord2          optimal        0.018s ok=True obj=1257.6995000000002 ref=1257.6995
netlib/standgub                default          optimal        0.010s ok=True obj=1257.6995000000002 ref=1257.6995
netlib/standgub                mf               optimal        0.013s ok=True obj=1257.6995000000002 ref=1257.6995
netlib/standgub                mf_ord2          optimal        0.013s ok=True obj=1257.6995000000002 ref=1257.6995
netlib/standmps                default          optimal        0.023s ok=True obj=1406.0175000000008 ref=1406.0175
netlib/standmps                mf               optimal        0.018s ok=True obj=1406.0175000000008 ref=1406.0175
netlib/standmps                mf_ord2          optimal        0.021s ok=True obj=1406.0175000000008 ref=1406.0175
netlib/stocfor1                default          optimal        0.006s ok=True obj=-41131.976219436416 ref=-41131.97621943641
netlib/stocfor1                mf               optimal        0.004s ok=True obj=-41131.976219436416 ref=-41131.97621943641
netlib/stocfor1                mf_ord2          optimal        0.004s ok=True obj=-41131.976219436416 ref=-41131.97621943641
netlib/stocfor2                default          optimal        0.105s ok=True obj=-39024.40853788211 ref=-39024.408537882104
netlib/stocfor2                mf               optimal        0.104s ok=True obj=-39024.40853788211 ref=-39024.408537882104
netlib/stocfor2                mf_ord2          optimal        0.122s ok=True obj=-39024.40853788211 ref=-39024.408537882104
netlib/tuff                    default          optimal        0.018s ok=True obj=0.2921477650936128 ref=0.292147765093613
netlib/tuff                    mf               optimal        0.020s ok=True obj=0.2921477650936128 ref=0.292147765093613
netlib/tuff                    mf_ord2          optimal        0.027s ok=True obj=0.2921477650936128 ref=0.292147765093613
netlib/vtp.base                default          optimal        0.007s ok=True obj=129831.46246136137 ref=129831.46246136137
netlib/vtp.base                mf               optimal        0.006s ok=True obj=129831.46246136137 ref=129831.46246136137
netlib/vtp.base                mf_ord2          optimal        0.003s ok=True obj=129831.46246136137 ref=129831.46246136137
netlib/wood1p                  default          optimal        0.177s ok=True obj=1.4429024115734084 ref=1.442902411573409
netlib/wood1p                  mf               optimal        0.153s ok=True obj=1.4429024115734084 ref=1.442902411573409
netlib/wood1p                  mf_ord2          optimal        0.153s ok=True obj=1.4429024115734084 ref=1.442902411573409
netlib/woodw                   default          optimal        0.098s ok=True obj=1.3044763330842304 ref=1.3044763330842293
netlib/woodw                   mf               optimal        0.102s ok=True obj=1.3044763330842304 ref=1.3044763330842293
netlib/woodw                   mf_ord2          optimal        0.089s ok=True obj=1.3044763330842304 ref=1.3044763330842293
kennington/cre-a               default          optimal        0.135s ok=True obj=23595407.060971614 ref=23595407.06097162
kennington/cre-a               mf               optimal        0.140s ok=True obj=23595407.060971614 ref=23595407.06097162
kennington/cre-a               mf_ord2          optimal        0.134s ok=True obj=23595407.060971614 ref=23595407.06097162
kennington/cre-b               default          optimal        1.373s ok=True obj=23129639.88683238 ref=23129639.88683238
kennington/cre-b               mf               optimal        1.240s ok=True obj=23129639.88683238 ref=23129639.88683238
kennington/cre-b               mf_ord2          optimal        1.210s ok=True obj=23129639.88683238 ref=23129639.88683238
kennington/cre-c               default          optimal        0.143s ok=True obj=25275116.140880216 ref=25275116.14088022
kennington/cre-c               mf               optimal        0.134s ok=True obj=25275116.140880216 ref=25275116.14088022
kennington/cre-c               mf_ord2          optimal        0.143s ok=True obj=25275116.140880216 ref=25275116.14088022
kennington/cre-d               default          optimal        1.251s ok=True obj=24454969.764549244 ref=24454969.76454924
kennington/cre-d               mf               optimal        1.062s ok=True obj=24454969.764549233 ref=24454969.76454924
kennington/cre-d               mf_ord2          optimal        1.074s ok=True obj=24454969.764549233 ref=24454969.76454924
kennington/ken-07              default          optimal        0.032s ok=True obj=-679520443.3816885 ref=-679520443.3816886
kennington/ken-07              mf               optimal        0.032s ok=True obj=-679520443.3816885 ref=-679520443.3816886
kennington/ken-07              mf_ord2          optimal        0.035s ok=True obj=-679520443.3816885 ref=-679520443.3816886
kennington/ken-11              default          optimal        0.421s ok=True obj=-6972382262.519994 ref=-6972382262.519994
kennington/ken-11              mf               optimal        0.428s ok=True obj=-6972382262.519994 ref=-6972382262.519994
kennington/ken-11              mf_ord2          optimal        0.399s ok=True obj=-6972382262.519994 ref=-6972382262.519994
kennington/ken-13              default          optimal        0.692s ok=True obj=-10257394789.48247 ref=-10257394789.48247
kennington/ken-13              mf               optimal        0.704s ok=True obj=-10257394789.48247 ref=-10257394789.48247
kennington/ken-13              mf_ord2          optimal        0.671s ok=True obj=-10257394789.48247 ref=-10257394789.48247
kennington/ken-18              default          optimal        5.740s ok=True obj=-52217025287.396805 ref=-52217025287.396805
kennington/ken-18              mf               optimal        5.939s ok=True obj=-52217025287.396805 ref=-52217025287.396805
kennington/ken-18              mf_ord2          optimal        6.139s ok=True obj=-52217025287.396805 ref=-52217025287.396805
kennington/osa-07              default          optimal        0.282s ok=True obj=535722.5172993516 ref=535722.517299351
kennington/osa-07              mf               optimal        0.268s ok=True obj=535722.5172993516 ref=535722.517299351
kennington/osa-07              mf_ord2          optimal        0.295s ok=True obj=535722.5172993516 ref=535722.517299351
kennington/osa-14              default          optimal        0.523s ok=True obj=1106462.8447362517 ref=1106462.8447362536
kennington/osa-14              mf               optimal        0.538s ok=True obj=1106462.8447362517 ref=1106462.8447362536
kennington/osa-14              mf_ord2          optimal        0.511s ok=True obj=1106462.8447362517 ref=1106462.8447362536
kennington/osa-30              default          optimal        1.883s ok=True obj=2142139.8732097642 ref=2142139.873209765
kennington/osa-30              mf               optimal        2.154s ok=True obj=2142139.8732097642 ref=2142139.873209765
kennington/osa-30              mf_ord2          optimal        1.893s ok=True obj=2142139.8732097642 ref=2142139.873209765
