mittelmann/datt256             old              timeout      300.000s ok=False obj=None ref=256.0000000000258
mittelmann/datt256             new              timeout      300.000s ok=False obj=None ref=256.0000000000258
mittelmann/datt256             accept           timeout      300.000s ok=False obj=None ref=256.0000000000258
mittelmann/datt256             highs_ipm        timeout      300.000s ok=False obj=None ref=256.0000000000258
mittelmann/ex10                old              optimal      142.457s ok=True obj=99.99999999999986 ref=100.00000000000013
mittelmann/ex10                new              optimal      154.341s ok=True obj=99.99999999999986 ref=100.00000000000013
mittelmann/ex10                accept           optimal      154.005s ok=True obj=99.99999999999986 ref=100.00000000000013
mittelmann/ex10                highs_ipm        optimal       57.883s ok=True obj=100.00000000000023 ref=100.00000000000013
mittelmann/fome13              old              optimal       34.996s ok=True obj=90131168.3733727 ref=90131168.3733714
mittelmann/fome13              new              optimal       36.191s ok=True obj=90131168.37337178 ref=90131168.3733714
mittelmann/fome13              accept           optimal       50.313s ok=True obj=90131168.37337178 ref=90131168.3733714
mittelmann/fome13              highs_ipm        optimal       41.548s ok=True obj=90131168.37337203 ref=90131168.3733714
mittelmann/ns1688926           old              optimal      103.534s ok=False obj=262.1362492490198 ref=262.13581760089096
mittelmann/ns1688926           new              optimal      107.560s ok=False obj=262.1362492490198 ref=262.13581760089096
mittelmann/ns1688926           accept           optimal      105.590s ok=False obj=262.1362492490198 ref=262.13581760089096
mittelmann/ns1688926           highs_ipm        timeout      300.000s ok=False obj=None ref=262.13581760089096
mittelmann/nug08-3rd           old              timeout      300.000s ok=False obj=None ref=214.00000000037113
mittelmann/nug08-3rd           new              timeout      300.000s ok=False obj=None ref=214.00000000037113
mittelmann/nug08-3rd           accept           timeout      300.000s ok=False obj=None ref=214.00000000037113
mittelmann/nug08-3rd           highs_ipm        timeout      300.000s ok=False obj=None ref=214.00000000037113
mittelmann/qap15               old              timeout      300.000s ok=False obj=None ref=1040.99404095836
mittelmann/qap15               new              timeout      300.000s ok=False obj=None ref=1040.99404095836
mittelmann/qap15               accept           optimal       27.765s ok=True obj=1040.994040958478 ref=1040.99404095836
mittelmann/qap15               highs_ipm        optimal       25.914s ok=True obj=1040.9940409583774 ref=1040.99404095836
mittelmann/s250r10             old              optimal      161.369s ok=True obj=-0.17267703498386994 ref=-0.17267704190548075
mittelmann/s250r10             new              optimal      171.296s ok=True obj=-0.1726770419054808 ref=-0.17267704190548075
mittelmann/s250r10             accept           optimal       56.572s ok=True obj=-0.17267704190548072 ref=-0.17267704190548075
mittelmann/s250r10             highs_ipm        optimal      110.952s ok=True obj=-0.17267704190548075 ref=-0.17267704190548075
mittelmann/scpm1               old              optimal      113.824s ok=True obj=413.78208601624203 ref=413.78208601619525
mittelmann/scpm1               new              optimal      106.820s ok=True obj=413.78208601624203 ref=413.78208601619525
mittelmann/scpm1               accept           optimal       98.576s ok=True obj=413.78208601624203 ref=413.78208601619525
mittelmann/scpm1               highs_ipm        optimal       72.224s ok=True obj=413.78208601626426 ref=413.78208601619525
