netlib/25fv47                  old              optimal        0.120s ok=True obj=5501.845888286755 ref=5501.845888286757
netlib/25fv47                  new              optimal        0.179s ok=True obj=5501.845888286749 ref=5501.845888286757
netlib/25fv47                  accept           optimal        0.079s ok=True obj=5501.845888286753 ref=5501.845888286757
netlib/80bau3b                 old              optimal        0.793s ok=True obj=987224.1924090909 ref=987224.1924090902
netlib/80bau3b                 new              optimal        0.760s ok=True obj=987224.1924090909 ref=987224.1924090902
netlib/80bau3b                 accept           optimal        0.748s ok=True obj=987224.1924090909 ref=987224.1924090902
netlib/adlittle                old              optimal        0.004s ok=True obj=225494.96316238045 ref=225494.9631623803
netlib/adlittle                new              optimal        0.003s ok=True obj=225494.96316238045 ref=225494.9631623803
netlib/adlittle                accept           optimal        0.002s ok=True obj=225494.9631623804 ref=225494.9631623803
netlib/afiro                   old              optimal        0.002s ok=True obj=-464.75314285714285 ref=-464.75314285714285
netlib/afiro                   new              optimal        0.002s ok=True obj=-464.75314285714285 ref=-464.75314285714285
netlib/afiro                   accept           optimal        0.005s ok=True obj=-464.75314285714285 ref=-464.75314285714285
netlib/agg                     old              optimal        0.008s ok=True obj=-35991767.286576495 ref=-35991767.2865765
netlib/agg                     new              optimal        0.007s ok=True obj=-35991767.286576495 ref=-35991767.2865765
netlib/agg                     accept           optimal        0.016s ok=True obj=-35991767.286576495 ref=-35991767.2865765
netlib/agg2                    old              optimal        0.024s ok=True obj=-20239252.355977118 ref=-20239252.355977118
netlib/agg2                    new              optimal        0.023s ok=True obj=-20239252.355977118 ref=-20239252.355977118
netlib/agg2                    accept           optimal        0.017s ok=True obj=-20239252.355977118 ref=-20239252.355977118
netlib/agg3                    old              optimal        0.015s ok=True obj=10312115.935089229 ref=10312115.935089216
netlib/agg3                    new              optimal        0.026s ok=True obj=10312115.935089229 ref=10312115.935089216
netlib/agg3                    accept           optimal        0.017s ok=True obj=10312115.935089232 ref=10312115.935089216
netlib/bandm                   old              optimal        0.012s ok=True obj=-158.62801845012078 ref=-158.62801845012078
netlib/bandm                   new              optimal        0.017s ok=True obj=-158.62801845012078 ref=-158.62801845012078
netlib/bandm                   accept           optimal        0.011s ok=True obj=-158.62801845012078 ref=-158.62801845012078
netlib/beaconfd                old              optimal        0.004s ok=True obj=33592.48580719999 ref=33592.4858072
netlib/beaconfd                new              optimal        0.003s ok=True obj=33592.48580719999 ref=33592.4858072
netlib/beaconfd                accept           optimal        0.002s ok=True obj=33592.48580719999 ref=33592.4858072
netlib/blend                   old              optimal        0.004s ok=True obj=-30.81214984582823 ref=-30.812149845828237
netlib/blend                   new              optimal        0.004s ok=True obj=-30.81214984582823 ref=-30.812149845828237
netlib/blend                   accept           optimal        0.004s ok=True obj=-30.812149845828245 ref=-30.812149845828237
netlib/bnl1                    old              optimal        0.092s ok=True obj=1977.6295615228903 ref=1977.6295615228878
netlib/bnl1                    new              optimal        0.084s ok=True obj=1977.6295615228903 ref=1977.6295615228878
netlib/bnl1                    accept           optimal        0.102s ok=True obj=1977.6295615228903 ref=1977.6295615228878
netlib/bnl2                    old              optimal        0.191s ok=True obj=1811.2365403585463 ref=1811.2365403585482
netlib/bnl2                    new              optimal        0.167s ok=True obj=1811.236540358546 ref=1811.2365403585482
netlib/bnl2                    accept           optimal        0.200s ok=True obj=1811.236540358546 ref=1811.2365403585482
netlib/boeing1                 old              optimal        0.030s ok=True obj=-335.2135675071266 ref=-335.21356750712675
netlib/boeing1                 new              optimal        0.023s ok=True obj=-335.2135675071266 ref=-335.21356750712675
netlib/boeing1                 accept           optimal        0.016s ok=True obj=-335.2135675071269 ref=-335.21356750712675
netlib/boeing2                 old              optimal        0.010s ok=True obj=-315.0187280152029 ref=-315.0187280152027
netlib/boeing2                 new              optimal        0.015s ok=True obj=-315.0187280152028 ref=-315.0187280152027
netlib/boeing2                 accept           optimal        0.009s ok=True obj=-315.0187280152028 ref=-315.0187280152027
netlib/bore3d                  old              optimal        0.005s ok=True obj=1373.080394208495 ref=1373.0803942084926
netlib/bore3d                  new              optimal        0.003s ok=True obj=1373.080394208495 ref=1373.0803942084926
netlib/bore3d                  accept           optimal        0.004s ok=True obj=1373.080394208495 ref=1373.0803942084926
netlib/brandy                  old              optimal        0.009s ok=True obj=1518.509896488128 ref=1518.5098964881279
netlib/brandy                  new              optimal        0.011s ok=True obj=1518.509896488128 ref=1518.5098964881279
netlib/brandy                  accept           optimal        0.012s ok=True obj=1518.509896488129 ref=1518.5098964881279
netlib/capri                   old              optimal        0.010s ok=True obj=2690.0129137681606 ref=2690.0129137681593
netlib/capri                   new              optimal        0.008s ok=True obj=2690.0129137681606 ref=2690.0129137681593
netlib/capri                   accept           optimal        0.009s ok=True obj=2690.012913768161 ref=2690.0129137681593
netlib/cycle                   old              optimal        0.149s ok=True obj=-5.226393024894102 ref=-5.226393024894102
netlib/cycle                   new              optimal        0.183s ok=True obj=-5.226393024894103 ref=-5.226393024894102
netlib/cycle                   accept           optimal        0.203s ok=True obj=-5.226393024894103 ref=-5.226393024894102
netlib/czprob                  old              optimal        0.037s ok=True obj=2185196.698856578 ref=2185196.698856578
netlib/czprob                  new              optimal        0.044s ok=True obj=2185196.698856578 ref=2185196.698856578
netlib/czprob                  accept           optimal        0.029s ok=True obj=2185196.6988565787 ref=2185196.698856578
netlib/d2q06c                  old              optimal        1.205s ok=True obj=122784.21081418918 ref=122784.2108141893
netlib/d2q06c                  new              optimal        1.134s ok=True obj=122784.21081418957 ref=122784.2108141893
netlib/d2q06c                  accept           optimal        0.447s ok=True obj=122784.21081418941 ref=122784.2108141893
netlib/d6cube                  old              optimal        0.359s ok=True obj=315.49166666667145 ref=315.49166666666696
netlib/d6cube                  new              optimal        0.419s ok=True obj=315.4916666666668 ref=315.49166666666696
netlib/d6cube                  accept           optimal        0.251s ok=True obj=315.4916666666668 ref=315.49166666666696
netlib/degen2                  old              optimal        0.050s ok=True obj=-1435.1780000000024 ref=-1435.178
netlib/degen2                  new              optimal        0.043s ok=True obj=-1435.1779999999994 ref=-1435.178
netlib/degen2                  accept           optimal        0.030s ok=True obj=-1435.178 ref=-1435.178
netlib/degen3                  old              optimal        0.572s ok=True obj=-987.2940000000004 ref=-987.2940000000007
netlib/degen3                  new              optimal        0.587s ok=True obj=-987.2939999999994 ref=-987.2940000000007
netlib/degen3                  accept           optimal        0.264s ok=True obj=-987.2940000000003 ref=-987.2940000000007
netlib/dfl001                  old              optimal       14.803s ok=True obj=11266396.046671398 ref=11266396.04667138
netlib/dfl001                  new              optimal       17.852s ok=True obj=11266396.046671426 ref=11266396.04667138
netlib/dfl001                  accept           optimal       17.559s ok=True obj=11266396.046671426 ref=11266396.04667138
netlib/e226                    old              optimal        0.034s ok=True obj=-11.638929066370533 ref=-11.638929066370537
netlib/e226                    new              optimal        0.019s ok=True obj=-11.638929066370533 ref=-11.638929066370537
netlib/e226                    accept           optimal        0.015s ok=True obj=-11.638929066370533 ref=-11.638929066370537
netlib/etamacro                old              optimal        0.023s ok=True obj=-755.715233313166 ref=-755.7152333005275
netlib/etamacro                new              optimal        0.028s ok=True obj=-755.7152333097046 ref=-755.7152333005275
netlib/etamacro                accept           optimal        0.030s ok=True obj=-755.7152333097046 ref=-755.7152333005275
netlib/fffff800                old              optimal        0.024s ok=True obj=555679.5648174954 ref=555679.5648174963
netlib/fffff800                new              optimal        0.034s ok=True obj=555679.5648174962 ref=555679.5648174963
netlib/fffff800                accept           optimal        0.024s ok=True obj=555679.5648174961 ref=555679.5648174963
netlib/finnis                  old              optimal        0.017s ok=True obj=172791.0655956115 ref=172791.06559561164
netlib/finnis                  new              optimal        0.012s ok=True obj=172791.0655956115 ref=172791.06559561164
netlib/finnis                  accept           optimal        0.013s ok=True obj=172791.0655956115 ref=172791.06559561164
netlib/fit1d                   old              optimal        0.023s ok=True obj=-9146.378092420917 ref=-9146.378092420928
netlib/fit1d                   new              optimal        0.022s ok=True obj=-9146.378092420917 ref=-9146.378092420928
netlib/fit1d                   accept           optimal        0.023s ok=True obj=-9146.378092420917 ref=-9146.378092420928
netlib/fit1p                   old              optimal        0.380s ok=True obj=9146.378092420933 ref=9146.378092420935
netlib/fit1p                   new              optimal        0.404s ok=True obj=9146.378092420933 ref=9146.378092420935
netlib/fit1p                   accept           optimal        0.386s ok=True obj=9146.378092420933 ref=9146.378092420935
netlib/fit2d                   old              optimal        0.371s ok=True obj=-68464.29329383213 ref=-68464.2932938321
netlib/fit2d                   new              optimal        0.358s ok=True obj=-68464.29329383213 ref=-68464.2932938321
netlib/fit2d                   accept           optimal        0.374s ok=True obj=-68464.29329383213 ref=-68464.2932938321
netlib/fit2p                   old              optimal        0.564s ok=True obj=68464.29329383011 ref=68464.29329383216
netlib/fit2p                   new              optimal        0.578s ok=True obj=68464.29329381986 ref=68464.29329383216
netlib/fit2p                   accept           optimal        0.554s ok=True obj=68464.29329381986 ref=68464.29329383216
netlib/forplan                 old              optimal        0.014s ok=True obj=-664.2189612722052 ref=-664.2189612722054
netlib/forplan                 new              optimal        0.024s ok=True obj=-664.2189612722052 ref=-664.2189612722054
netlib/forplan                 accept           optimal        0.019s ok=True obj=-664.2189612722052 ref=-664.2189612722054
netlib/ganges                  old              optimal        0.027s ok=True obj=-109585.73612927858 ref=-109585.73612927813
netlib/ganges                  new              optimal        0.027s ok=True obj=-109585.73612927829 ref=-109585.73612927813
netlib/ganges                  accept           optimal        0.035s ok=True obj=-109585.73612927829 ref=-109585.73612927813
netlib/gfrd-pnc                old              optimal        0.017s ok=True obj=6902235.999548811 ref=6902235.999548812
netlib/gfrd-pnc                new              optimal        0.014s ok=True obj=6902235.999548811 ref=6902235.999548812
netlib/gfrd-pnc                accept           optimal        0.010s ok=True obj=6902235.999548812 ref=6902235.999548812
netlib/greenbea                old              optimal        0.879s ok=True obj=-72555248.12984595 ref=-72555248.12984587
netlib/greenbea                new              optimal        0.959s ok=True obj=-72555248.12984595 ref=-72555248.12984587
netlib/greenbea                accept           optimal        0.722s ok=True obj=-72555248.12985155 ref=-72555248.12984587
netlib/greenbeb                old              optimal        1.111s ok=True obj=-4302260.261206586 ref=-4302260.261206586
netlib/greenbeb                new              optimal        1.024s ok=True obj=-4302260.261206581 ref=-4302260.261206586
netlib/greenbeb                accept           optimal        0.566s ok=True obj=-4302260.261206586 ref=-4302260.261206586
netlib/grow15                  old              optimal        0.041s ok=True obj=-106870941.29357536 ref=-106870941.29357533
netlib/grow15                  new              optimal        0.048s ok=True obj=-106870941.29357536 ref=-106870941.29357533
netlib/grow15                  accept           optimal        0.029s ok=True obj=-106870941.29357536 ref=-106870941.29357533
netlib/grow22                  old              optimal        0.088s ok=True obj=-160834336.482563 ref=-160834336.48256296
netlib/grow22                  new              optimal        0.099s ok=True obj=-160834336.482563 ref=-160834336.48256296
netlib/grow22                  accept           optimal        0.045s ok=True obj=-160834336.482563 ref=-160834336.48256296
netlib/grow7                   old              optimal        0.015s ok=True obj=-47787811.81471152 ref=-47787811.8147115
netlib/grow7                   new              optimal        0.028s ok=True obj=-47787811.81471152 ref=-47787811.8147115
netlib/grow7                   accept           optimal        0.018s ok=True obj=-47787811.81471152 ref=-47787811.8147115
netlib/israel                  old              optimal        0.026s ok=True obj=-896644.8218630458 ref=-896644.8218630459
netlib/israel                  new              optimal        0.020s ok=True obj=-896644.8218630458 ref=-896644.8218630459
netlib/israel                  accept           optimal        0.029s ok=True obj=-896644.8218630458 ref=-896644.8218630459
netlib/kb2                     old              optimal        0.003s ok=True obj=-1749.9001299062052 ref=-1749.9001299062056
netlib/kb2                     new              optimal        0.003s ok=True obj=-1749.9001299062052 ref=-1749.9001299062056
netlib/kb2                     accept           optimal        0.003s ok=True obj=-1749.9001299062052 ref=-1749.9001299062056
netlib/lotfi                   old              optimal        0.013s ok=True obj=-25.264706061880037 ref=-25.264706061880002
netlib/lotfi                   new              optimal        0.009s ok=True obj=-25.264706061880037 ref=-25.264706061880002
netlib/lotfi                   accept           optimal        0.014s ok=True obj=-25.264706061880037 ref=-25.264706061880002
netlib/maros                   old              optimal        0.056s ok=True obj=-58063.74370112584 ref=-58063.74370112589
netlib/maros                   new              optimal        0.044s ok=True obj=-58063.74370112587 ref=-58063.74370112589
netlib/maros                   accept           optimal        0.035s ok=True obj=-58063.743701125895 ref=-58063.74370112589
netlib/maros-r7                old              optimal        0.543s ok=True obj=1497185.166479643 ref=1497185.1664796423
netlib/maros-r7                new              optimal        0.599s ok=True obj=1497185.166479643 ref=1497185.1664796423
netlib/maros-r7                accept           optimal        0.501s ok=True obj=1497185.166479643 ref=1497185.1664796423
netlib/modszk1                 old              optimal        0.028s ok=True obj=320.6197290613313 ref=320.61972906434596
netlib/modszk1                 new              optimal        0.030s ok=True obj=320.6197290637736 ref=320.61972906434596
netlib/modszk1                 accept           optimal        0.029s ok=True obj=320.6197290637736 ref=320.61972906434596
netlib/nesm                    old              optimal        0.244s ok=True obj=14076036.487562718 ref=14076036.487562705
netlib/nesm                    new              optimal        0.237s ok=True obj=14076036.487562716 ref=14076036.487562705
netlib/nesm                    accept           optimal        0.245s ok=True obj=14076036.487562716 ref=14076036.487562705
netlib/perold                  old              optimal        0.200s ok=True obj=-9380.755278234568 ref=-9380.755278235187
netlib/perold                  new              optimal        0.216s ok=True obj=-9380.755278234617 ref=-9380.755278235187
netlib/perold                  accept           optimal        0.134s ok=True obj=-9380.7552782353 ref=-9380.755278235187
netlib/pilot                   old              optimal        0.985s ok=True obj=-557.4897292846841 ref=-557.4897292744025
netlib/pilot                   new              optimal        0.997s ok=True obj=-557.4897292847452 ref=-557.4897292744025
netlib/pilot                   accept           optimal        0.689s ok=True obj=-557.489728959151 ref=-557.4897292744025
netlib/pilot.ja                old              optimal        0.300s ok=True obj=-6113.136465463971 ref=-6113.136465581338
netlib/pilot.ja                new              optimal        0.547s ok=True obj=-6113.136465463718 ref=-6113.136465581338
netlib/pilot.ja                accept           optimal        0.559s ok=True obj=-6113.136465463718 ref=-6113.136465581338
netlib/pilot.we                old              optimal        0.225s ok=True obj=-2720107.5328449653 ref=-2720107.5328449584
netlib/pilot.we                new              optimal        0.106s ok=True obj=-2720107.532844965 ref=-2720107.5328449584
netlib/pilot.we                accept           optimal        0.107s ok=True obj=-2720107.532844965 ref=-2720107.5328449584
netlib/pilot4                  old              optimal        0.078s ok=True obj=-2581.139258883904 ref=-2581.1392588838853
netlib/pilot4                  new              optimal        0.052s ok=True obj=-2581.139258883904 ref=-2581.1392588838853
netlib/pilot4                  accept           optimal        0.057s ok=True obj=-2581.139258883904 ref=-2581.1392588838853
netlib/pilot87                 old              optimal        6.884s ok=True obj=301.7103473331276 ref=301.71034733310745
netlib/pilot87                 new              optimal        4.679s ok=True obj=301.710347464668 ref=301.71034733310745
netlib/pilot87                 accept           optimal        4.616s ok=True obj=301.710347464668 ref=301.71034733310745
netlib/pilotnov                old              optimal        0.237s ok=True obj=-4497.276188218871 ref=-4497.2761882188715
netlib/pilotnov                new              optimal        0.464s ok=True obj=-4497.27618821887 ref=-4497.2761882188715
netlib/pilotnov                accept           optimal        0.449s ok=True obj=-4497.27618821887 ref=-4497.2761882188715
netlib/recipe                  old              optimal        0.003s ok=True obj=-266.61600000000027 ref=-266.61600000000027
netlib/recipe                  new              optimal        0.008s ok=True obj=-266.61600000000027 ref=-266.61600000000027
netlib/recipe                  accept           optimal        0.003s ok=True obj=-266.61600000000027 ref=-266.61600000000027
netlib/sc105                   old              optimal        0.003s ok=True obj=-52.20206121170723 ref=-52.20206121170723
netlib/sc105                   new              optimal        0.002s ok=True obj=-52.20206121170723 ref=-52.20206121170723
netlib/sc105                   accept           optimal        0.002s ok=True obj=-52.20206121170723 ref=-52.20206121170723
netlib/sc205                   old              optimal        0.005s ok=True obj=-52.2020612117072 ref=-52.20206121170721
netlib/sc205                   new              optimal        0.012s ok=True obj=-52.2020612117072 ref=-52.20206121170721
netlib/sc205                   accept           optimal        0.006s ok=True obj=-52.2020612117072 ref=-52.20206121170721
netlib/sc50a                   old              optimal        0.002s ok=True obj=-64.5750770585645 ref=-64.5750770585645
netlib/sc50a                   new              optimal        0.002s ok=True obj=-64.5750770585645 ref=-64.5750770585645
netlib/sc50a                   accept           optimal        0.001s ok=True obj=-64.5750770585645 ref=-64.5750770585645
netlib/sc50b                   old              optimal        0.002s ok=True obj=-69.99999999999999 ref=-69.99999999999999
netlib/sc50b                   new              optimal        0.001s ok=True obj=-69.99999999999999 ref=-69.99999999999999
netlib/sc50b                   accept           optimal        0.002s ok=True obj=-69.99999999999999 ref=-69.99999999999999
netlib/scagr25                 old              optimal        0.012s ok=True obj=-14753433.060768526 ref=-14753433.060768528
netlib/scagr25                 new              optimal        0.018s ok=True obj=-14753433.060768526 ref=-14753433.060768528
netlib/scagr25                 accept           optimal        0.010s ok=True obj=-14753433.060768524 ref=-14753433.060768528
netlib/scagr7                  old              optimal        0.003s ok=True obj=-2331389.824330984 ref=-2331389.824330984
netlib/scagr7                  new              optimal        0.004s ok=True obj=-2331389.824330984 ref=-2331389.824330984
netlib/scagr7                  accept           optimal        0.003s ok=True obj=-2331389.8243309837 ref=-2331389.824330984
netlib/scfxm1                  old              optimal        0.016s ok=True obj=18416.759028348963 ref=18416.759028348948
netlib/scfxm1                  new              optimal        0.012s ok=True obj=18416.759028348963 ref=18416.759028348948
netlib/scfxm1                  accept           optimal        0.012s ok=True obj=18416.759028348944 ref=18416.759028348948
netlib/scfxm2                  old              optimal        0.027s ok=True obj=36660.26156499881 ref=36660.261564998815
netlib/scfxm2                  new              optimal        0.033s ok=True obj=36660.26156499881 ref=36660.261564998815
netlib/scfxm2                  accept           optimal        0.031s ok=True obj=36660.26156499881 ref=36660.261564998815
netlib/scfxm3                  old              optimal        0.039s ok=True obj=54901.25454975145 ref=54901.254549751444
netlib/scfxm3                  new              optimal        0.041s ok=True obj=54901.25454975145 ref=54901.254549751444
netlib/scfxm3                  accept           optimal        0.051s ok=True obj=54901.25454975145 ref=54901.254549751444
netlib/scorpion                old              optimal        0.003s ok=True obj=1878.1248227381068 ref=1878.1248227381068
netlib/scorpion                new              optimal        0.005s ok=True obj=1878.1248227381068 ref=1878.1248227381068
netlib/scorpion                accept           optimal        0.006s ok=True obj=1878.1248227381068 ref=1878.1248227381068
netlib/scrs8                   old              optimal        0.031s ok=True obj=904.2969538007919 ref=904.296953800792
netlib/scrs8                   new              optimal        0.020s ok=True obj=904.296953800792 ref=904.296953800792
netlib/scrs8                   accept           optimal        0.019s ok=True obj=904.2969538007919 ref=904.296953800792
netlib/scsd1                   old              optimal        0.011s ok=True obj=8.666666674333367 ref=8.666666674333364
netlib/scsd1                   new              optimal        0.007s ok=True obj=8.666666674333367 ref=8.666666674333364
netlib/scsd1                   accept           optimal        0.004s ok=True obj=8.666666674333365 ref=8.666666674333364
netlib/scsd6                   old              optimal        0.015s ok=True obj=50.50000007714427 ref=50.5000000782623
netlib/scsd6                   new              optimal        0.021s ok=True obj=50.50000007714427 ref=50.5000000782623
netlib/scsd6                   accept           optimal        0.016s ok=True obj=50.500000077144335 ref=50.5000000782623
netlib/scsd8                   old              optimal        0.060s ok=True obj=904.9999999254645 ref=904.9999999254643
netlib/scsd8                   new              optimal        0.075s ok=True obj=904.999999925465 ref=904.9999999254643
netlib/scsd8                   accept           optimal        0.021s ok=True obj=904.9999999254653 ref=904.9999999254643
netlib/sctap1                  old              optimal        0.019s ok=True obj=1412.2500000000005 ref=1412.25
netlib/sctap1                  new              optimal        0.016s ok=True obj=1412.2500000000002 ref=1412.25
netlib/sctap1                  accept           optimal        0.011s ok=True obj=1412.25 ref=1412.25
netlib/sctap2                  old              optimal        0.038s ok=True obj=1724.807142857143 ref=1724.807142857143
netlib/sctap2                  new              optimal        0.037s ok=True obj=1724.807142857143 ref=1724.807142857143
netlib/sctap2                  accept           optimal        0.040s ok=True obj=1724.807142857143 ref=1724.807142857143
netlib/sctap3                  old              optimal        0.054s ok=True obj=1424.0 ref=1424.0
netlib/sctap3                  new              optimal        0.050s ok=True obj=1424.0 ref=1424.0
netlib/sctap3                  accept           optimal        0.039s ok=True obj=1424.0 ref=1424.0
netlib/seba                    old              optimal        0.014s ok=True obj=15711.6 ref=15711.599999999999
netlib/seba                    new              optimal        0.013s ok=True obj=15711.6 ref=15711.599999999999
netlib/seba                    accept           optimal        0.025s ok=True obj=15711.6 ref=15711.599999999999
netlib/share1b                 old              optimal        0.005s ok=True obj=-76589.31857918568 ref=-76589.31857918572
netlib/share1b                 new              optimal        0.004s ok=True obj=-76589.31857918568 ref=-76589.31857918572
netlib/share1b                 accept           optimal        0.008s ok=True obj=-76589.31857918567 ref=-76589.31857918572
netlib/share2b                 old              optimal        0.004s ok=True obj=-415.7322407414206 ref=-415.73224074141945
netlib/share2b                 new              optimal        0.004s ok=True obj=-415.7322407414206 ref=-415.73224074141945
netlib/share2b                 accept           optimal        0.007s ok=True obj=-415.7322407414206 ref=-415.73224074141945
netlib/shell                   old              optimal        0.021s ok=True obj=1208825346.0 ref=1208825346.0
netlib/shell                   new              optimal        0.031s ok=True obj=1208825346.0 ref=1208825346.0
netlib/shell                   accept           optimal        0.025s ok=True obj=1208825346.0 ref=1208825346.0
netlib/ship04l                 old              optimal        0.022s ok=True obj=1793324.5379703564 ref=1793324.5379703562
netlib/ship04l                 new              optimal        0.028s ok=True obj=1793324.5379703566 ref=1793324.5379703562
netlib/ship04l                 accept           optimal        0.032s ok=True obj=1793324.5379703555 ref=1793324.5379703562
netlib/ship04s                 old              optimal        0.022s ok=True obj=1798714.7004453912 ref=1798714.7004453917
netlib/ship04s                 new              optimal        0.020s ok=True obj=1798714.7004453915 ref=1798714.7004453917
netlib/ship04s                 accept           optimal        0.011s ok=True obj=1798714.7004453915 ref=1798714.7004453917
netlib/ship08l                 old              optimal        0.044s ok=True obj=1909055.2113891311 ref=1909055.211389131
netlib/ship08l                 new              optimal        0.049s ok=True obj=1909055.2113891311 ref=1909055.211389131
netlib/ship08l                 accept           optimal        0.023s ok=True obj=1909055.211389131 ref=1909055.211389131
netlib/ship08s                 old              optimal        0.019s ok=True obj=1920098.2105346182 ref=1920098.2105346182
netlib/ship08s                 new              optimal        0.026s ok=True obj=1920098.2105346182 ref=1920098.2105346182
netlib/ship08s                 accept           optimal        0.013s ok=True obj=1920098.2105346182 ref=1920098.2105346182
netlib/ship12l                 old              optimal        0.048s ok=True obj=1470187.919329266 ref=1470187.9193292663
netlib/ship12l                 new              optimal        0.052s ok=True obj=1470187.919329266 ref=1470187.9193292663
netlib/ship12l                 accept           optimal        0.039s ok=True obj=1470187.919329266 ref=1470187.9193292663
netlib/ship12s                 old              optimal        0.021s ok=True obj=1489236.134406133 ref=1489236.1344061329
netlib/ship12s                 new              optimal        0.022s ok=True obj=1489236.1344061329 ref=1489236.1344061329
netlib/ship12s                 accept           optimal        0.016s ok=True obj=1489236.1344061324 ref=1489236.1344061329
netlib/sierra                  old              optimal        0.031s ok=True obj=15394362.183631925 ref=15394362.183631929
netlib/sierra                  new              optimal        0.031s ok=True obj=15394362.183631925 ref=15394362.183631929
netlib/sierra                  accept           optimal        0.033s ok=True obj=15394362.183631925 ref=15394362.183631929
netlib/stair                   old              optimal        0.023s ok=True obj=-251.26695119296335 ref=-251.26695119296335
netlib/stair                   new              optimal        0.034s ok=True obj=-251.26695119296335 ref=-251.26695119296335
netlib/stair                   accept           optimal        0.025s ok=True obj=-251.26695119296335 ref=-251.26695119296335
netlib/standata                old              optimal        0.010s ok=True obj=1257.6995000000002 ref=1257.6995
netlib/standata                new              optimal        0.014s ok=True obj=1257.6995000000002 ref=1257.6995
netlib/standata                accept           optimal        0.009s ok=True obj=1257.6995000000002 ref=1257.6995
netlib/standgub                old              optimal        0.014s ok=True obj=1257.6995000000002 ref=1257.6995
netlib/standgub                new              optimal        0.012s ok=True obj=1257.6995000000002 ref=1257.6995
netlib/standgub                accept           optimal        0.011s ok=True obj=1257.6995000000002 ref=1257.6995
netlib/standmps                old              optimal        0.022s ok=True obj=1406.017500000001 ref=1406.0175
netlib/standmps                new              optimal        0.013s ok=True obj=1406.017500000001 ref=1406.0175
netlib/standmps                accept           optimal        0.013s ok=True obj=1406.0175000000008 ref=1406.0175
netlib/stocfor1                old              optimal        0.003s ok=True obj=-41131.976219436416 ref=-41131.97621943641
netlib/stocfor1                new              optimal        0.009s ok=True obj=-41131.976219436416 ref=-41131.97621943641
netlib/stocfor1                accept           optimal        0.004s ok=True obj=-41131.976219436416 ref=-41131.97621943641
netlib/stocfor2                old              optimal        0.112s ok=True obj=-39024.408537882104 ref=-39024.408537882104
netlib/stocfor2                new              optimal        0.091s ok=True obj=-39024.40853788211 ref=-39024.408537882104
netlib/stocfor2                accept           optimal        0.095s ok=True obj=-39024.40853788211 ref=-39024.408537882104
netlib/tuff                    old              optimal        0.020s ok=True obj=0.2921477650936127 ref=0.292147765093613
netlib/tuff                    new              optimal        0.024s ok=True obj=0.2921477650936128 ref=0.292147765093613
netlib/tuff                    accept           optimal        0.020s ok=True obj=0.2921477650936128 ref=0.292147765093613
netlib/vtp.base                old              optimal        0.005s ok=True obj=129831.46246136137 ref=129831.46246136137
netlib/vtp.base                new              optimal        0.005s ok=True obj=129831.46246136137 ref=129831.46246136137
netlib/vtp.base                accept           optimal        0.006s ok=True obj=129831.46246136137 ref=129831.46246136137
netlib/wood1p                  old              optimal        0.231s ok=True obj=1.44290241157341 ref=1.442902411573409
netlib/wood1p                  new              optimal        0.227s ok=True obj=1.4429024115734135 ref=1.442902411573409
netlib/wood1p                  accept           optimal        0.216s ok=True obj=1.4429024115734097 ref=1.442902411573409
netlib/woodw                   old              optimal        0.094s ok=True obj=1.3044763330842297 ref=1.3044763330842293
netlib/woodw                   new              optimal        0.090s ok=True obj=1.3044763330842297 ref=1.3044763330842293
netlib/woodw                   accept           optimal        0.080s ok=True obj=1.3044763330842304 ref=1.3044763330842293
kennington/cre-a               old              optimal        0.261s ok=True obj=23595407.060971614 ref=23595407.06097162
kennington/cre-a               new              optimal        0.261s ok=True obj=23595407.060971614 ref=23595407.06097162
kennington/cre-a               accept           optimal        0.249s ok=True obj=23595407.060971614 ref=23595407.06097162
kennington/cre-b               old              optimal        4.259s ok=True obj=23129639.886832375 ref=23129639.88683238
kennington/cre-b               new              optimal        4.661s ok=True obj=23129639.88683238 ref=23129639.88683238
kennington/cre-b               accept           optimal        1.733s ok=True obj=23129639.88683238 ref=23129639.88683238
kennington/cre-c               old              optimal        0.220s ok=True obj=25275116.140880227 ref=25275116.14088022
kennington/cre-c               new              optimal        0.228s ok=True obj=25275116.140880216 ref=25275116.14088022
kennington/cre-c               accept           optimal        0.102s ok=True obj=25275116.140880212 ref=25275116.14088022
kennington/cre-d               old              optimal        2.803s ok=True obj=24454969.76454924 ref=24454969.76454924
kennington/cre-d               new              optimal        3.424s ok=True obj=24454969.764549244 ref=24454969.76454924
kennington/cre-d               accept           optimal        1.631s ok=True obj=24454969.764549244 ref=24454969.76454924
kennington/ken-07              old              optimal        0.028s ok=True obj=-679520443.3816885 ref=-679520443.3816886
kennington/ken-07              new              optimal        0.029s ok=True obj=-679520443.3816886 ref=-679520443.3816886
kennington/ken-07              accept           optimal        0.034s ok=True obj=-679520443.3816886 ref=-679520443.3816886
kennington/ken-11              old              optimal        0.452s ok=True obj=-6972382262.519994 ref=-6972382262.519994
kennington/ken-11              new              optimal        0.472s ok=True obj=-6972382262.519994 ref=-6972382262.519994
kennington/ken-11              accept           optimal        0.500s ok=True obj=-6972382262.519994 ref=-6972382262.519994
kennington/ken-13              old              optimal        1.536s ok=True obj=-10257394789.482471 ref=-10257394789.48247
kennington/ken-13              new              optimal        1.470s ok=True obj=-10257394789.48247 ref=-10257394789.48247
kennington/ken-13              accept           optimal        0.889s ok=True obj=-10257394789.48247 ref=-10257394789.48247
kennington/ken-18              old              optimal       18.095s ok=True obj=-52217025287.396805 ref=-52217025287.396805
kennington/ken-18              new              optimal       18.054s ok=True obj=-52217025287.39678 ref=-52217025287.396805
kennington/ken-18              accept           optimal       10.326s ok=True obj=-52217025287.39681 ref=-52217025287.396805
kennington/osa-07              old              optimal        0.431s ok=True obj=535722.5172993519 ref=535722.517299351
kennington/osa-07              new              optimal        0.435s ok=True obj=535722.5172993519 ref=535722.517299351
kennington/osa-07              accept           optimal        0.415s ok=True obj=535722.5172993516 ref=535722.517299351
kennington/osa-14              old              optimal        0.803s ok=True obj=1106462.8447362508 ref=1106462.8447362536
kennington/osa-14              new              optimal        0.750s ok=True obj=1106462.8447362508 ref=1106462.8447362536
kennington/osa-14              accept           optimal        0.667s ok=True obj=1106462.8447362517 ref=1106462.8447362536
kennington/osa-30              old              optimal        2.792s ok=True obj=2142139.8732097615 ref=2142139.873209765
kennington/osa-30              new              optimal        2.691s ok=True obj=2142139.8732097615 ref=2142139.873209765
kennington/osa-30              accept           optimal        2.430s ok=True obj=2142139.8732097642 ref=2142139.873209765
kennington/osa-60              old              optimal        4.393s ok=True obj=4044072.5031574345 ref=4044072.5031574406
kennington/osa-60              new              optimal        4.518s ok=True obj=4044072.5031574345 ref=4044072.5031574406
kennington/osa-60              accept           optimal        3.122s ok=True obj=4044072.5031574187 ref=4044072.5031574406
kennington/pds-02              old              optimal        0.093s ok=True obj=28857862010.0 ref=28857862010.0
kennington/pds-02              new              optimal        0.100s ok=True obj=28857862010.0 ref=28857862010.0
kennington/pds-02              accept           optimal        0.093s ok=True obj=28857862010.0 ref=28857862010.0
kennington/pds-06              old              optimal        1.541s ok=True obj=27761037600.0 ref=27761037600.0
kennington/pds-06              new              optimal        1.600s ok=True obj=27761037600.0 ref=27761037600.0
kennington/pds-06              accept           optimal        1.260s ok=True obj=27761037600.0 ref=27761037600.0
kennington/pds-10              old              optimal        3.810s ok=True obj=26727094976.0 ref=26727094976.0
kennington/pds-10              new              optimal        3.664s ok=True obj=26727094976.0 ref=26727094976.0
kennington/pds-10              accept           optimal        3.763s ok=True obj=26727094976.0 ref=26727094976.0
kennington/pds-20              old              optimal       23.481s ok=True obj=23821658640.0 ref=23821658640.0
kennington/pds-20              new              optimal       23.906s ok=True obj=23821658640.0 ref=23821658640.0
kennington/pds-20              accept           optimal       18.977s ok=True obj=23821658640.0 ref=23821658640.0
