netlib/25fv47                  base:slope_intercept optimal        0.246s ok=True obj=5501.845888286753 ref=5501.845888286757
netlib/25fv47                  A:slope_intercept optimal        0.256s ok=True obj=5501.845888286753 ref=5501.845888286757
netlib/25fv47                  C:slope_intercept optimal        0.406s ok=True obj=5501.845888286737 ref=5501.845888286757
netlib/25fv47                  base:ipm_crossover optimal        0.135s ok=True obj=5501.845888286755 ref=5501.845888286757
netlib/25fv47                  A:ipm_crossover  optimal        0.118s ok=True obj=5501.845888286755 ref=5501.845888286757
netlib/25fv47                  C:ipm_crossover  optimal        0.134s ok=True obj=5501.845888286757 ref=5501.845888286757
netlib/80bau3b                 base:slope_intercept optimal        0.185s ok=True obj=987224.1924090912 ref=987224.1924090902
netlib/80bau3b                 A:slope_intercept optimal        0.138s ok=True obj=987224.1924090912 ref=987224.1924090902
netlib/80bau3b                 C:slope_intercept optimal        0.176s ok=True obj=987224.1924090912 ref=987224.1924090902
netlib/80bau3b                 base:ipm_crossover optimal        0.739s ok=True obj=987224.1924090909 ref=987224.1924090902
netlib/80bau3b                 A:ipm_crossover  optimal        0.720s ok=True obj=987224.1924090909 ref=987224.1924090902
netlib/80bau3b                 C:ipm_crossover  optimal        0.703s ok=True obj=987224.1924090909 ref=987224.1924090902
netlib/adlittle                base:slope_intercept optimal        0.002s ok=True obj=225494.96316237957 ref=225494.9631623803
netlib/adlittle                A:slope_intercept optimal        0.002s ok=True obj=225494.96316237957 ref=225494.9631623803
netlib/adlittle                C:slope_intercept optimal        0.002s ok=True obj=225494.96316237957 ref=225494.9631623803
netlib/adlittle                base:ipm_crossover optimal        0.007s ok=True obj=225494.96316238045 ref=225494.9631623803
netlib/adlittle                A:ipm_crossover  optimal        0.005s ok=True obj=225494.96316238045 ref=225494.9631623803
netlib/adlittle                C:ipm_crossover  optimal        0.003s ok=True obj=225494.96316238045 ref=225494.9631623803
netlib/afiro                   base:slope_intercept optimal        0.001s ok=True obj=-464.75314285714285 ref=-464.75314285714285
netlib/afiro                   A:slope_intercept optimal        0.001s ok=True obj=-464.75314285714285 ref=-464.75314285714285
netlib/afiro                   C:slope_intercept optimal        0.001s ok=True obj=-464.75314285714285 ref=-464.75314285714285
netlib/afiro                   base:ipm_crossover optimal        0.002s ok=True obj=-464.75314285714285 ref=-464.75314285714285
netlib/afiro                   A:ipm_crossover  optimal        0.001s ok=True obj=-464.75314285714285 ref=-464.75314285714285
netlib/afiro                   C:ipm_crossover  optimal        0.001s ok=True obj=-464.75314285714285 ref=-464.75314285714285
netlib/agg                     base:slope_intercept optimal        0.002s ok=True obj=-35991767.28657651 ref=-35991767.2865765
netlib/agg                     A:slope_intercept optimal        0.002s ok=True obj=-35991767.28657651 ref=-35991767.2865765
netlib/agg                     C:slope_intercept optimal        0.002s ok=True obj=-35991767.28657651 ref=-35991767.2865765
netlib/agg                     base:ipm_crossover optimal        0.010s ok=True obj=-35991767.286576495 ref=-35991767.2865765
netlib/agg                     A:ipm_crossover  optimal        0.009s ok=True obj=-35991767.286576495 ref=-35991767.2865765
netlib/agg                     C:ipm_crossover  optimal        0.011s ok=True obj=-35991767.286576495 ref=-35991767.2865765
netlib/agg2                    base:slope_intercept optimal        0.006s ok=True obj=-20239252.355977118 ref=-20239252.355977118
netlib/agg2                    A:slope_intercept optimal        0.004s ok=True obj=-20239252.355977118 ref=-20239252.355977118
netlib/agg2                    C:slope_intercept optimal        0.005s ok=True obj=-20239252.355977118 ref=-20239252.355977118
netlib/agg2                    base:ipm_crossover optimal        0.016s ok=True obj=-20239252.355977118 ref=-20239252.355977118
netlib/agg2                    A:ipm_crossover  optimal        0.034s ok=True obj=-20239252.355977118 ref=-20239252.355977118
netlib/agg2                    C:ipm_crossover  optimal        0.018s ok=True obj=-20239252.355977118 ref=-20239252.355977118
netlib/agg3                    base:slope_intercept optimal        0.006s ok=True obj=10312115.935089227 ref=10312115.935089216
netlib/agg3                    A:slope_intercept optimal        0.004s ok=True obj=10312115.935089227 ref=10312115.935089216
netlib/agg3                    C:slope_intercept optimal        0.006s ok=True obj=10312115.935089227 ref=10312115.935089216
netlib/agg3                    base:ipm_crossover optimal        0.015s ok=True obj=10312115.935089229 ref=10312115.935089216
netlib/agg3                    A:ipm_crossover  optimal        0.021s ok=True obj=10312115.935089229 ref=10312115.935089216
netlib/agg3                    C:ipm_crossover  optimal        0.014s ok=True obj=10312115.935089229 ref=10312115.935089216
netlib/bandm                   base:slope_intercept optimal        0.008s ok=True obj=-158.62801845012044 ref=-158.62801845012078
netlib/bandm                   A:slope_intercept optimal        0.010s ok=True obj=-158.62801845012044 ref=-158.62801845012078
netlib/bandm                   C:slope_intercept optimal        0.007s ok=True obj=-158.62801845012044 ref=-158.62801845012078
netlib/bandm                   base:ipm_crossover optimal        0.011s ok=True obj=-158.62801845012078 ref=-158.62801845012078
netlib/bandm                   A:ipm_crossover  optimal        0.011s ok=True obj=-158.62801845012078 ref=-158.62801845012078
netlib/bandm                   C:ipm_crossover  optimal        0.009s ok=True obj=-158.62801845012078 ref=-158.62801845012078
netlib/beaconfd                base:slope_intercept optimal        0.002s ok=True obj=33592.48580719999 ref=33592.4858072
netlib/beaconfd                A:slope_intercept optimal        0.002s ok=True obj=33592.48580719999 ref=33592.4858072
netlib/beaconfd                C:slope_intercept optimal        0.002s ok=True obj=33592.48580719999 ref=33592.4858072
netlib/beaconfd                base:ipm_crossover optimal        0.003s ok=True obj=33592.48580719999 ref=33592.4858072
netlib/beaconfd                A:ipm_crossover  optimal        0.006s ok=True obj=33592.48580719999 ref=33592.4858072
netlib/beaconfd                C:ipm_crossover  optimal        0.011s ok=True obj=33592.48580719999 ref=33592.4858072
netlib/blend                   base:slope_intercept optimal        0.002s ok=True obj=-30.812149845828202 ref=-30.812149845828237
netlib/blend                   A:slope_intercept optimal        0.002s ok=True obj=-30.812149845828202 ref=-30.812149845828237
netlib/blend                   C:slope_intercept optimal        0.002s ok=True obj=-30.812149845828202 ref=-30.812149845828237
netlib/blend                   base:ipm_crossover optimal        0.004s ok=True obj=-30.81214984582823 ref=-30.812149845828237
netlib/blend                   A:ipm_crossover  optimal        0.004s ok=True obj=-30.81214984582823 ref=-30.812149845828237
netlib/blend                   C:ipm_crossover  optimal        0.004s ok=True obj=-30.81214984582823 ref=-30.812149845828237
netlib/bnl1                    base:slope_intercept optimal        0.051s ok=True obj=1977.629561522888 ref=1977.6295615228878
netlib/bnl1                    A:slope_intercept optimal        0.061s ok=True obj=1977.629561522888 ref=1977.6295615228878
netlib/bnl1                    C:slope_intercept optimal        0.068s ok=True obj=1977.629561522888 ref=1977.6295615228878
netlib/bnl1                    base:ipm_crossover optimal        0.070s ok=True obj=1977.6295615228903 ref=1977.6295615228878
netlib/bnl1                    A:ipm_crossover  optimal        0.074s ok=True obj=1977.6295615228903 ref=1977.6295615228878
netlib/bnl1                    C:ipm_crossover  optimal        0.085s ok=True obj=1977.6295615228903 ref=1977.6295615228878
netlib/bnl2                    base:slope_intercept optimal        0.073s ok=True obj=1811.236540358547 ref=1811.2365403585482
netlib/bnl2                    A:slope_intercept optimal        0.070s ok=True obj=1811.236540358547 ref=1811.2365403585482
netlib/bnl2                    C:slope_intercept optimal        0.084s ok=True obj=1811.236540358547 ref=1811.2365403585482
netlib/bnl2                    base:ipm_crossover optimal        0.181s ok=True obj=1811.2365403585463 ref=1811.2365403585482
netlib/bnl2                    A:ipm_crossover  optimal        0.176s ok=True obj=1811.2365403585463 ref=1811.2365403585482
netlib/bnl2                    C:ipm_crossover  optimal        0.179s ok=True obj=1811.2365403585463 ref=1811.2365403585482
netlib/boeing1                 base:slope_intercept optimal        0.013s ok=True obj=-335.2135675071266 ref=-335.21356750712675
netlib/boeing1                 A:slope_intercept optimal        0.010s ok=True obj=-335.2135675071266 ref=-335.21356750712675
netlib/boeing1                 C:slope_intercept optimal        0.012s ok=True obj=-335.2135675071266 ref=-335.21356750712675
netlib/boeing1                 base:ipm_crossover optimal        0.018s ok=True obj=-335.2135675071266 ref=-335.21356750712675
netlib/boeing1                 A:ipm_crossover  optimal        0.021s ok=True obj=-335.2135675071266 ref=-335.21356750712675
netlib/boeing1                 C:ipm_crossover  optimal        0.023s ok=True obj=-335.2135675071266 ref=-335.21356750712675
netlib/boeing2                 base:slope_intercept optimal        0.003s ok=True obj=-315.0187280152027 ref=-315.0187280152027
netlib/boeing2                 A:slope_intercept optimal        0.003s ok=True obj=-315.0187280152027 ref=-315.0187280152027
netlib/boeing2                 C:slope_intercept optimal        0.004s ok=True obj=-315.0187280152027 ref=-315.0187280152027
netlib/boeing2                 base:ipm_crossover optimal        0.010s ok=True obj=-315.0187280152029 ref=-315.0187280152027
netlib/boeing2                 A:ipm_crossover  optimal        0.012s ok=True obj=-315.0187280152029 ref=-315.0187280152027
netlib/boeing2                 C:ipm_crossover  optimal        0.008s ok=True obj=-315.0187280152029 ref=-315.0187280152027
netlib/bore3d                  base:slope_intercept optimal        0.002s ok=True obj=1373.080394208493 ref=1373.0803942084926
netlib/bore3d                  A:slope_intercept optimal        0.002s ok=True obj=1373.080394208493 ref=1373.0803942084926
netlib/bore3d                  C:slope_intercept optimal        0.002s ok=True obj=1373.080394208493 ref=1373.0803942084926
netlib/bore3d                  base:ipm_crossover optimal        0.005s ok=True obj=1373.080394208495 ref=1373.0803942084926
netlib/bore3d                  A:ipm_crossover  optimal        0.004s ok=True obj=1373.080394208495 ref=1373.0803942084926
netlib/bore3d                  C:ipm_crossover  optimal        0.003s ok=True obj=1373.080394208495 ref=1373.0803942084926
netlib/brandy                  base:slope_intercept optimal        0.005s ok=True obj=1518.5098964881292 ref=1518.5098964881279
netlib/brandy                  A:slope_intercept optimal        0.004s ok=True obj=1518.5098964881292 ref=1518.5098964881279
netlib/brandy                  C:slope_intercept optimal        0.004s ok=True obj=1518.5098964881292 ref=1518.5098964881279
netlib/brandy                  base:ipm_crossover optimal        0.008s ok=True obj=1518.509896488128 ref=1518.5098964881279
netlib/brandy                  A:ipm_crossover  optimal        0.010s ok=True obj=1518.509896488128 ref=1518.5098964881279
netlib/brandy                  C:ipm_crossover  optimal        0.009s ok=True obj=1518.509896488128 ref=1518.5098964881279
netlib/capri                   base:slope_intercept optimal        0.004s ok=True obj=2690.0129137681606 ref=2690.0129137681593
netlib/capri                   A:slope_intercept optimal        0.004s ok=True obj=2690.0129137681606 ref=2690.0129137681593
netlib/capri                   C:slope_intercept optimal        0.004s ok=True obj=2690.0129137681606 ref=2690.0129137681593
netlib/capri                   base:ipm_crossover optimal        0.012s ok=True obj=2690.0129137681606 ref=2690.0129137681593
netlib/capri                   A:ipm_crossover  optimal        0.013s ok=True obj=2690.0129137681606 ref=2690.0129137681593
netlib/capri                   C:ipm_crossover  optimal        0.011s ok=True obj=2690.0129137681606 ref=2690.0129137681593
netlib/cycle                   base:slope_intercept optimal        0.030s ok=True obj=-5.226393024894102 ref=-5.226393024894102
netlib/cycle                   A:slope_intercept optimal        0.022s ok=True obj=-5.226393024894102 ref=-5.226393024894102
netlib/cycle                   C:slope_intercept optimal        0.033s ok=True obj=-5.226393024894102 ref=-5.226393024894102
netlib/cycle                   base:ipm_crossover optimal        0.141s ok=True obj=-5.226393024894102 ref=-5.226393024894102
netlib/cycle                   A:ipm_crossover  optimal        0.141s ok=True obj=-5.226393024894102 ref=-5.226393024894102
netlib/cycle                   C:ipm_crossover  optimal        0.142s ok=True obj=-5.226393024894102 ref=-5.226393024894102
netlib/czprob                  base:slope_intercept optimal        0.026s ok=True obj=2185196.698856578 ref=2185196.698856578
netlib/czprob                  A:slope_intercept optimal        0.021s ok=True obj=2185196.698856578 ref=2185196.698856578
netlib/czprob                  C:slope_intercept optimal        0.021s ok=True obj=2185196.698856578 ref=2185196.698856578
netlib/czprob                  base:ipm_crossover optimal        0.037s ok=True obj=2185196.698856578 ref=2185196.698856578
netlib/czprob                  A:ipm_crossover  optimal        0.041s ok=True obj=2185196.698856578 ref=2185196.698856578
netlib/czprob                  C:ipm_crossover  optimal        0.036s ok=True obj=2185196.698856578 ref=2185196.698856578
netlib/d2q06c                  base:slope_intercept optimal        1.709s ok=True obj=122784.21081418807 ref=122784.2108141893
netlib/d2q06c                  A:slope_intercept optimal        1.318s ok=True obj=122784.21081418807 ref=122784.2108141893
netlib/d2q06c                  C:slope_intercept optimal        1.663s ok=True obj=122784.2108141895 ref=122784.2108141893
netlib/d2q06c                  base:ipm_crossover optimal        1.131s ok=True obj=122784.21081418918 ref=122784.2108141893
netlib/d2q06c                  A:ipm_crossover  optimal        1.178s ok=True obj=122784.21081418918 ref=122784.2108141893
netlib/d2q06c                  C:ipm_crossover  optimal        1.160s ok=True obj=122784.21081419117 ref=122784.2108141893
netlib/d6cube                  base:slope_intercept optimal        0.080s ok=True obj=315.4916666666665 ref=315.49166666666696
netlib/d6cube                  A:slope_intercept optimal        0.085s ok=True obj=315.4916666666665 ref=315.49166666666696
netlib/d6cube                  C:slope_intercept optimal        0.094s ok=True obj=315.49166666666565 ref=315.49166666666696
netlib/d6cube                  base:ipm_crossover optimal        0.352s ok=True obj=315.49166666667145 ref=315.49166666666696
netlib/d6cube                  A:ipm_crossover  optimal        0.336s ok=True obj=315.49166666667145 ref=315.49166666666696
netlib/d6cube                  C:ipm_crossover  optimal        0.327s ok=True obj=315.49166666666713 ref=315.49166666666696
netlib/degen2                  base:slope_intercept optimal        0.019s ok=True obj=-1435.1779999999997 ref=-1435.178
netlib/degen2                  A:slope_intercept optimal        0.030s ok=True obj=-1435.1779999999997 ref=-1435.178
netlib/degen2                  C:slope_intercept optimal        0.031s ok=True obj=-1435.1779999999997 ref=-1435.178
netlib/degen2                  base:ipm_crossover optimal        0.040s ok=True obj=-1435.1780000000024 ref=-1435.178
netlib/degen2                  A:ipm_crossover  optimal        0.039s ok=True obj=-1435.1780000000024 ref=-1435.178
netlib/degen2                  C:ipm_crossover  optimal        0.046s ok=True obj=-1435.1780000000024 ref=-1435.178
netlib/degen3                  base:slope_intercept optimal        0.209s ok=True obj=-987.2940000000272 ref=-987.2940000000007
netlib/degen3                  A:slope_intercept optimal        0.241s ok=True obj=-987.2940000000272 ref=-987.2940000000007
netlib/degen3                  C:slope_intercept optimal        0.277s ok=True obj=-987.294 ref=-987.2940000000007
netlib/degen3                  base:ipm_crossover optimal        0.537s ok=True obj=-987.2940000000004 ref=-987.2940000000007
netlib/degen3                  A:ipm_crossover  optimal        0.497s ok=True obj=-987.2940000000004 ref=-987.2940000000007
netlib/degen3                  C:ipm_crossover  optimal        0.615s ok=True obj=-987.2940000000011 ref=-987.2940000000007
netlib/dfl001                  base:slope_intercept optimal        8.948s ok=True obj=11266396.046671389 ref=11266396.04667138
netlib/dfl001                  A:slope_intercept optimal        9.055s ok=True obj=11266396.046671389 ref=11266396.04667138
netlib/dfl001                  C:slope_intercept optimal       10.860s ok=True obj=11266396.046671383 ref=11266396.04667138
netlib/dfl001                  base:ipm_crossover optimal       13.344s ok=True obj=11266396.046671398 ref=11266396.04667138
netlib/dfl001                  A:ipm_crossover  optimal       13.779s ok=True obj=11266396.046671398 ref=11266396.04667138
netlib/dfl001                  C:ipm_crossover  optimal       19.673s ok=True obj=11266396.046671385 ref=11266396.04667138
netlib/e226                    base:slope_intercept optimal        0.007s ok=True obj=-11.638929066370483 ref=-11.638929066370537
netlib/e226                    A:slope_intercept optimal        0.007s ok=True obj=-11.638929066370483 ref=-11.638929066370537
netlib/e226                    C:slope_intercept optimal        0.007s ok=True obj=-11.638929066370483 ref=-11.638929066370537
netlib/e226                    base:ipm_crossover optimal        0.023s ok=True obj=-11.638929066370533 ref=-11.638929066370537
netlib/e226                    A:ipm_crossover  optimal        0.017s ok=True obj=-11.638929066370533 ref=-11.638929066370537
netlib/e226                    C:ipm_crossover  optimal        0.026s ok=True obj=-11.63892906637054 ref=-11.638929066370537
netlib/etamacro                base:slope_intercept optimal        0.011s ok=True obj=-755.7152333749133 ref=-755.7152333005275
netlib/etamacro                A:slope_intercept optimal        0.015s ok=True obj=-755.7152333749133 ref=-755.7152333005275
netlib/etamacro                C:slope_intercept optimal        0.013s ok=True obj=-755.7152333749133 ref=-755.7152333005275
netlib/etamacro                base:ipm_crossover optimal        0.020s ok=True obj=-755.715233313166 ref=-755.7152333005275
netlib/etamacro                A:ipm_crossover  optimal        0.036s ok=True obj=-755.715233313166 ref=-755.7152333005275
netlib/etamacro                C:ipm_crossover  optimal        0.027s ok=True obj=-755.715233313166 ref=-755.7152333005275
netlib/fffff800                base:slope_intercept optimal        0.011s ok=True obj=555679.5648174963 ref=555679.5648174963
netlib/fffff800                A:slope_intercept optimal        0.009s ok=True obj=555679.5648174963 ref=555679.5648174963
netlib/fffff800                C:slope_intercept optimal        0.013s ok=True obj=555679.5648174963 ref=555679.5648174963
netlib/fffff800                base:ipm_crossover optimal        0.038s ok=True obj=555679.5648174954 ref=555679.5648174963
netlib/fffff800                A:ipm_crossover  optimal        0.032s ok=True obj=555679.5648174954 ref=555679.5648174963
netlib/fffff800                C:ipm_crossover  optimal        0.028s ok=True obj=555679.5648174954 ref=555679.5648174963
netlib/finnis                  base:slope_intercept optimal        0.008s ok=True obj=172791.0655956116 ref=172791.06559561164
netlib/finnis                  A:slope_intercept optimal        0.008s ok=True obj=172791.0655956116 ref=172791.06559561164
netlib/finnis                  C:slope_intercept optimal        0.006s ok=True obj=172791.0655956116 ref=172791.06559561164
netlib/finnis                  base:ipm_crossover optimal        0.017s ok=True obj=172791.0655956115 ref=172791.06559561164
netlib/finnis                  A:ipm_crossover  optimal        0.013s ok=True obj=172791.0655956115 ref=172791.06559561164
netlib/finnis                  C:ipm_crossover  optimal        0.022s ok=True obj=172791.0655956115 ref=172791.06559561164
netlib/fit1d                   base:slope_intercept optimal        0.018s ok=True obj=-9146.378092420917 ref=-9146.378092420928
netlib/fit1d                   A:slope_intercept optimal        0.007s ok=True obj=-9146.378092420917 ref=-9146.378092420928
netlib/fit1d                   C:slope_intercept optimal        0.007s ok=True obj=-9146.378092420917 ref=-9146.378092420928
netlib/fit1d                   base:ipm_crossover optimal        0.020s ok=True obj=-9146.378092420917 ref=-9146.378092420928
netlib/fit1d                   A:ipm_crossover  optimal        0.021s ok=True obj=-9146.378092420917 ref=-9146.378092420928
netlib/fit1d                   C:ipm_crossover  optimal        0.020s ok=True obj=-9146.378092420917 ref=-9146.378092420928
netlib/fit1p                   base:slope_intercept optimal        0.071s ok=True obj=9146.378092420933 ref=9146.378092420935
netlib/fit1p                   A:slope_intercept optimal        0.068s ok=True obj=9146.378092420933 ref=9146.378092420935
netlib/fit1p                   C:slope_intercept optimal        0.078s ok=True obj=9146.378092420933 ref=9146.378092420935
netlib/fit1p                   base:ipm_crossover optimal        0.334s ok=True obj=9146.378092420933 ref=9146.378092420935
netlib/fit1p                   A:ipm_crossover  optimal        0.348s ok=True obj=9146.378092420933 ref=9146.378092420935
netlib/fit1p                   C:ipm_crossover  optimal        0.342s ok=True obj=9146.378092420933 ref=9146.378092420935
netlib/fit2d                   base:slope_intercept optimal        0.091s ok=True obj=-68464.29329383213 ref=-68464.2932938321
netlib/fit2d                   A:slope_intercept optimal        0.098s ok=True obj=-68464.29329383213 ref=-68464.2932938321
netlib/fit2d                   C:slope_intercept optimal        0.110s ok=True obj=-68464.29329383213 ref=-68464.2932938321
netlib/fit2d                   base:ipm_crossover optimal        0.347s ok=True obj=-68464.29329383213 ref=-68464.2932938321
netlib/fit2d                   A:ipm_crossover  optimal        0.396s ok=True obj=-68464.29329383213 ref=-68464.2932938321
netlib/fit2d                   C:ipm_crossover  optimal        0.336s ok=True obj=-68464.29329383213 ref=-68464.2932938321
netlib/fit2p                   base:slope_intercept optimal        1.545s ok=True obj=68464.29329381762 ref=68464.29329383216
netlib/fit2p                   A:slope_intercept optimal        1.517s ok=True obj=68464.29329381762 ref=68464.29329383216
netlib/fit2p                   C:slope_intercept optimal        1.458s ok=True obj=68464.29329381762 ref=68464.29329383216
netlib/fit2p                   base:ipm_crossover optimal        0.570s ok=True obj=68464.29329383011 ref=68464.29329383216
netlib/fit2p                   A:ipm_crossover  optimal        0.509s ok=True obj=68464.29329383011 ref=68464.29329383216
netlib/fit2p                   C:ipm_crossover  optimal        0.538s ok=True obj=68464.29329383011 ref=68464.29329383216
netlib/forplan                 base:slope_intercept optimal        0.006s ok=True obj=-664.218961272205 ref=-664.2189612722054
netlib/forplan                 A:slope_intercept optimal        0.006s ok=True obj=-664.218961272205 ref=-664.2189612722054
netlib/forplan                 C:slope_intercept optimal        0.006s ok=True obj=-664.218961272205 ref=-664.2189612722054
netlib/forplan                 base:ipm_crossover optimal        0.015s ok=True obj=-664.2189612722052 ref=-664.2189612722054
netlib/forplan                 A:ipm_crossover  optimal        0.016s ok=True obj=-664.2189612722052 ref=-664.2189612722054
netlib/forplan                 C:ipm_crossover  optimal        0.018s ok=True obj=-664.2189612722052 ref=-664.2189612722054
netlib/ganges                  base:slope_intercept optimal        0.009s ok=True obj=-109585.73612927854 ref=-109585.73612927813
netlib/ganges                  A:slope_intercept optimal        0.012s ok=True obj=-109585.73612927854 ref=-109585.73612927813
netlib/ganges                  C:slope_intercept optimal        0.010s ok=True obj=-109585.73612927854 ref=-109585.73612927813
netlib/ganges                  base:ipm_crossover optimal        0.027s ok=True obj=-109585.73612927858 ref=-109585.73612927813
netlib/ganges                  A:ipm_crossover  optimal        0.027s ok=True obj=-109585.73612927858 ref=-109585.73612927813
netlib/ganges                  C:ipm_crossover  optimal        0.023s ok=True obj=-109585.73612927846 ref=-109585.73612927813
netlib/gfrd-pnc                base:slope_intercept optimal        0.007s ok=True obj=6902235.999548813 ref=6902235.999548812
netlib/gfrd-pnc                A:slope_intercept optimal        0.011s ok=True obj=6902235.999548813 ref=6902235.999548812
netlib/gfrd-pnc                C:slope_intercept optimal        0.007s ok=True obj=6902235.999548813 ref=6902235.999548812
netlib/gfrd-pnc                base:ipm_crossover optimal        0.016s ok=True obj=6902235.999548811 ref=6902235.999548812
netlib/gfrd-pnc                A:ipm_crossover  optimal        0.018s ok=True obj=6902235.999548811 ref=6902235.999548812
netlib/gfrd-pnc                C:ipm_crossover  optimal        0.015s ok=True obj=6902235.999548811 ref=6902235.999548812
netlib/greenbea                base:slope_intercept optimal        0.216s ok=True obj=-72555248.1298459 ref=-72555248.12984587
netlib/greenbea                A:slope_intercept optimal        0.232s ok=True obj=-72555248.1298459 ref=-72555248.12984587
netlib/greenbea                C:slope_intercept optimal        0.230s ok=True obj=-72555248.12984306 ref=-72555248.12984587
netlib/greenbea                base:ipm_crossover optimal        0.923s ok=True obj=-72555248.12984595 ref=-72555248.12984587
netlib/greenbea                A:ipm_crossover  optimal        0.909s ok=True obj=-72555248.12984595 ref=-72555248.12984587
netlib/greenbea                C:ipm_crossover  optimal        0.916s ok=True obj=-72555248.12984894 ref=-72555248.12984587
netlib/greenbeb                base:slope_intercept optimal        0.438s ok=True obj=-4302260.261206583 ref=-4302260.261206586
netlib/greenbeb                A:slope_intercept optimal        0.419s ok=True obj=-4302260.261206583 ref=-4302260.261206586
netlib/greenbeb                C:slope_intercept optimal        0.402s ok=True obj=-4302260.261206586 ref=-4302260.261206586
netlib/greenbeb                base:ipm_crossover optimal        1.213s ok=True obj=-4302260.261206586 ref=-4302260.261206586
netlib/greenbeb                A:ipm_crossover  optimal        1.123s ok=True obj=-4302260.261206586 ref=-4302260.261206586
netlib/greenbeb                C:ipm_crossover  optimal        1.169s ok=True obj=-4302260.261206585 ref=-4302260.261206586
netlib/grow15                  base:slope_intercept optimal        0.067s ok=True obj=-106870941.29357533 ref=-106870941.29357533
netlib/grow15                  A:slope_intercept optimal        0.051s ok=True obj=-106870941.29357533 ref=-106870941.29357533
netlib/grow15                  C:slope_intercept optimal        0.072s ok=True obj=-106870941.2935753 ref=-106870941.29357533
netlib/grow15                  base:ipm_crossover optimal        0.048s ok=True obj=-106870941.29357536 ref=-106870941.29357533
netlib/grow15                  A:ipm_crossover  optimal        0.040s ok=True obj=-106870941.29357536 ref=-106870941.29357533
netlib/grow15                  C:ipm_crossover  optimal        0.052s ok=True obj=-106870941.29357533 ref=-106870941.29357533
netlib/grow22                  base:slope_intercept optimal        0.160s ok=True obj=-160834336.482563 ref=-160834336.48256296
netlib/grow22                  A:slope_intercept optimal        0.133s ok=True obj=-160834336.482563 ref=-160834336.48256296
netlib/grow22                  C:slope_intercept optimal        0.184s ok=True obj=-160834336.48256296 ref=-160834336.48256296
netlib/grow22                  base:ipm_crossover optimal        0.093s ok=True obj=-160834336.482563 ref=-160834336.48256296
netlib/grow22                  A:ipm_crossover  optimal        0.091s ok=True obj=-160834336.482563 ref=-160834336.48256296
netlib/grow22                  C:ipm_crossover  optimal        0.113s ok=True obj=-160834336.48256296 ref=-160834336.48256296
netlib/grow7                   base:slope_intercept optimal        0.014s ok=True obj=-47787811.81471158 ref=-47787811.8147115
netlib/grow7                   A:slope_intercept optimal        0.011s ok=True obj=-47787811.81471158 ref=-47787811.8147115
netlib/grow7                   C:slope_intercept optimal        0.015s ok=True obj=-47787811.81471151 ref=-47787811.8147115
netlib/grow7                   base:ipm_crossover optimal        0.017s ok=True obj=-47787811.81471152 ref=-47787811.8147115
netlib/grow7                   A:ipm_crossover  optimal        0.021s ok=True obj=-47787811.81471152 ref=-47787811.8147115
netlib/grow7                   C:ipm_crossover  optimal        0.021s ok=True obj=-47787811.8147115 ref=-47787811.8147115
netlib/israel                  base:slope_intercept optimal        0.003s ok=True obj=-896644.8218630459 ref=-896644.8218630459
netlib/israel                  A:slope_intercept optimal        0.004s ok=True obj=-896644.8218630459 ref=-896644.8218630459
netlib/israel                  C:slope_intercept optimal        0.004s ok=True obj=-896644.8218630459 ref=-896644.8218630459
netlib/israel                  base:ipm_crossover optimal        0.014s ok=True obj=-896644.8218630458 ref=-896644.8218630459
netlib/israel                  A:ipm_crossover  optimal        0.020s ok=True obj=-896644.8218630458 ref=-896644.8218630459
netlib/israel                  C:ipm_crossover  optimal        0.024s ok=True obj=-896644.8218630458 ref=-896644.8218630459
netlib/kb2                     base:slope_intercept optimal        0.001s ok=True obj=-1749.9001299062068 ref=-1749.9001299062056
netlib/kb2                     A:slope_intercept optimal        0.001s ok=True obj=-1749.9001299062068 ref=-1749.9001299062056
netlib/kb2                     C:slope_intercept optimal        0.001s ok=True obj=-1749.9001299062068 ref=-1749.9001299062056
netlib/kb2                     base:ipm_crossover optimal        0.003s ok=True obj=-1749.9001299062052 ref=-1749.9001299062056
netlib/kb2                     A:ipm_crossover  optimal        0.005s ok=True obj=-1749.9001299062052 ref=-1749.9001299062056
netlib/kb2                     C:ipm_crossover  optimal        0.003s ok=True obj=-1749.9001299062052 ref=-1749.9001299062056
netlib/lotfi                   base:slope_intercept optimal        0.003s ok=True obj=-25.264706061880002 ref=-25.264706061880002
netlib/lotfi                   A:slope_intercept optimal        0.002s ok=True obj=-25.264706061880002 ref=-25.264706061880002
netlib/lotfi                   C:slope_intercept optimal        0.003s ok=True obj=-25.264706061880002 ref=-25.264706061880002
netlib/lotfi                   base:ipm_crossover optimal        0.008s ok=True obj=-25.264706061880037 ref=-25.264706061880002
netlib/lotfi                   A:ipm_crossover  optimal        0.009s ok=True obj=-25.264706061880037 ref=-25.264706061880002
netlib/lotfi                   C:ipm_crossover  optimal        0.008s ok=True obj=-25.264706061880037 ref=-25.264706061880002
netlib/maros                   base:slope_intercept optimal        0.036s ok=True obj=-58063.7437011259 ref=-58063.74370112589
netlib/maros                   A:slope_intercept optimal        0.038s ok=True obj=-58063.7437011259 ref=-58063.74370112589
netlib/maros                   C:slope_intercept optimal        0.034s ok=True obj=-58063.7437011259 ref=-58063.74370112589
netlib/maros                   base:ipm_crossover optimal        0.054s ok=True obj=-58063.74370112584 ref=-58063.74370112589
netlib/maros                   A:ipm_crossover  optimal        0.047s ok=True obj=-58063.74370112584 ref=-58063.74370112589
netlib/maros                   C:ipm_crossover  optimal        0.052s ok=True obj=-58063.74370112584 ref=-58063.74370112589
netlib/maros-r7                base:slope_intercept optimal        0.858s ok=True obj=1497185.1664796427 ref=1497185.1664796423
netlib/maros-r7                A:slope_intercept optimal        1.099s ok=True obj=1497185.1664796425 ref=1497185.1664796423
netlib/maros-r7                C:slope_intercept optimal        1.214s ok=True obj=1497185.1664796425 ref=1497185.1664796423
netlib/maros-r7                base:ipm_crossover optimal        0.552s ok=True obj=1497185.166479643 ref=1497185.1664796423
netlib/maros-r7                A:ipm_crossover  optimal        0.560s ok=True obj=1497185.166479643 ref=1497185.1664796423
netlib/maros-r7                C:ipm_crossover  optimal        0.530s ok=True obj=1497185.166479643 ref=1497185.1664796423
netlib/modszk1                 base:slope_intercept optimal        0.030s ok=True obj=320.6197290600212 ref=320.61972906434596
netlib/modszk1                 A:slope_intercept optimal        0.021s ok=True obj=320.6197290600212 ref=320.61972906434596
netlib/modszk1                 C:slope_intercept optimal        0.021s ok=True obj=320.6197290600212 ref=320.61972906434596
netlib/modszk1                 base:ipm_crossover optimal        0.027s ok=True obj=320.6197290613313 ref=320.61972906434596
netlib/modszk1                 A:ipm_crossover  optimal        0.028s ok=True obj=320.6197290613313 ref=320.61972906434596
netlib/modszk1                 C:ipm_crossover  optimal        0.024s ok=True obj=320.6197290613313 ref=320.61972906434596
netlib/nesm                    base:slope_intercept optimal        0.093s ok=True obj=14076036.487562718 ref=14076036.487562705
netlib/nesm                    A:slope_intercept optimal        0.082s ok=True obj=14076036.487562718 ref=14076036.487562705
netlib/nesm                    C:slope_intercept optimal        0.079s ok=True obj=14076036.487562718 ref=14076036.487562705
netlib/nesm                    base:ipm_crossover optimal        0.255s ok=True obj=14076036.487562718 ref=14076036.487562705
netlib/nesm                    A:ipm_crossover  optimal        0.250s ok=True obj=14076036.487562718 ref=14076036.487562705
netlib/nesm                    C:ipm_crossover  optimal        0.235s ok=True obj=14076036.487562718 ref=14076036.487562705
netlib/perold                  base:slope_intercept optimal        0.088s ok=True obj=-9380.755278234512 ref=-9380.755278235187
netlib/perold                  A:slope_intercept optimal        0.085s ok=True obj=-9380.755278234512 ref=-9380.755278235187
netlib/perold                  C:slope_intercept optimal        0.106s ok=True obj=-9380.755278234408 ref=-9380.755278235187
netlib/perold                  base:ipm_crossover optimal        0.190s ok=True obj=-9380.755278234568 ref=-9380.755278235187
netlib/perold                  A:ipm_crossover  optimal        0.184s ok=True obj=-9380.755278234568 ref=-9380.755278235187
netlib/perold                  C:ipm_crossover  optimal        0.228s ok=True obj=-9380.755278235583 ref=-9380.755278235187
netlib/pilot                   base:slope_intercept optimal        1.147s ok=True obj=-557.4897292847282 ref=-557.4897292744025
netlib/pilot                   A:slope_intercept optimal        1.253s ok=True obj=-557.4897292847282 ref=-557.4897292744025
netlib/pilot                   C:slope_intercept optimal        1.756s ok=True obj=-557.4897292847279 ref=-557.4897292744025
netlib/pilot                   base:ipm_crossover optimal        0.916s ok=True obj=-557.4897292846841 ref=-557.4897292744025
netlib/pilot                   A:ipm_crossover  optimal        0.886s ok=True obj=-557.4897292846841 ref=-557.4897292744025
netlib/pilot                   C:ipm_crossover  optimal        1.083s ok=True obj=-557.4897292847568 ref=-557.4897292744025
netlib/pilot.ja                base:slope_intercept optimal        0.140s ok=True obj=-6113.136465463829 ref=-6113.136465581338
netlib/pilot.ja                A:slope_intercept optimal        0.149s ok=True obj=-6113.136465463829 ref=-6113.136465581338
netlib/pilot.ja                C:slope_intercept optimal        0.263s ok=True obj=-6113.136465463911 ref=-6113.136465581338
netlib/pilot.ja                base:ipm_crossover optimal        0.331s ok=True obj=-6113.136465463971 ref=-6113.136465581338
netlib/pilot.ja                A:ipm_crossover  optimal        0.337s ok=True obj=-6113.136465463971 ref=-6113.136465581338
netlib/pilot.ja                C:ipm_crossover  optimal        0.556s ok=True obj=-6113.1364654638255 ref=-6113.136465581338
netlib/pilot.we                base:slope_intercept optimal        0.151s ok=True obj=-2720107.5328449626 ref=-2720107.5328449584
netlib/pilot.we                A:slope_intercept optimal        0.156s ok=True obj=-2720107.5328449626 ref=-2720107.5328449584
netlib/pilot.we                C:slope_intercept optimal        0.163s ok=True obj=-2720107.5328449914 ref=-2720107.5328449584
netlib/pilot.we                base:ipm_crossover optimal        0.270s ok=True obj=-2720107.5328449653 ref=-2720107.5328449584
netlib/pilot.we                A:ipm_crossover  optimal        0.234s ok=True obj=-2720107.5328449653 ref=-2720107.5328449584
netlib/pilot.we                C:ipm_crossover  optimal        0.300s ok=True obj=-2720107.5328449686 ref=-2720107.5328449584
netlib/pilot4                  base:slope_intercept optimal        0.040s ok=True obj=-2581.139258883928 ref=-2581.1392588838853
netlib/pilot4                  A:slope_intercept optimal        0.038s ok=True obj=-2581.139258883928 ref=-2581.1392588838853
netlib/pilot4                  C:slope_intercept optimal        0.045s ok=True obj=-2581.1392588840617 ref=-2581.1392588838853
netlib/pilot4                  base:ipm_crossover optimal        0.056s ok=True obj=-2581.139258883904 ref=-2581.1392588838853
netlib/pilot4                  A:ipm_crossover  optimal        0.065s ok=True obj=-2581.139258883904 ref=-2581.1392588838853
netlib/pilot4                  C:ipm_crossover  optimal        0.068s ok=True obj=-2581.139258883849 ref=-2581.1392588838853
netlib/pilot87                 base:slope_intercept optimal        4.533s ok=True obj=301.7103473330823 ref=301.71034733310745
netlib/pilot87                 A:slope_intercept optimal        4.399s ok=True obj=301.7103473330823 ref=301.71034733310745
netlib/pilot87                 C:slope_intercept not_solved    39.609s ok=False obj=None ref=301.71034733310745
netlib/pilot87                 base:ipm_crossover optimal        6.629s ok=True obj=301.7103473331276 ref=301.71034733310745
netlib/pilot87                 A:ipm_crossover  optimal        6.407s ok=True obj=301.7103473331276 ref=301.71034733310745
netlib/pilot87                 C:ipm_crossover  optimal       11.193s ok=True obj=301.7103473331108 ref=301.71034733310745
netlib/pilotnov                base:slope_intercept optimal        0.091s ok=True obj=-4497.276188218871 ref=-4497.2761882188715
netlib/pilotnov                A:slope_intercept optimal        0.115s ok=True obj=-4497.276188218871 ref=-4497.2761882188715
netlib/pilotnov                C:slope_intercept optimal        0.138s ok=True obj=-4497.276188218875 ref=-4497.2761882188715
netlib/pilotnov                base:ipm_crossover optimal        0.223s ok=True obj=-4497.276188218871 ref=-4497.2761882188715
netlib/pilotnov                A:ipm_crossover  optimal        0.242s ok=True obj=-4497.276188218871 ref=-4497.2761882188715
netlib/pilotnov                C:ipm_crossover  optimal        0.560s ok=True obj=-4497.276188218862 ref=-4497.2761882188715
netlib/recipe                  base:slope_intercept optimal        0.001s ok=True obj=-266.61600000000027 ref=-266.61600000000027
netlib/recipe                  A:slope_intercept optimal        0.001s ok=True obj=-266.61600000000027 ref=-266.61600000000027
netlib/recipe                  C:slope_intercept optimal        0.002s ok=True obj=-266.61600000000027 ref=-266.61600000000027
netlib/recipe                  base:ipm_crossover optimal        0.003s ok=True obj=-266.61600000000027 ref=-266.61600000000027
netlib/recipe                  A:ipm_crossover  optimal        0.011s ok=True obj=-266.61600000000027 ref=-266.61600000000027
netlib/recipe                  C:ipm_crossover  optimal        0.004s ok=True obj=-266.61600000000027 ref=-266.61600000000027
netlib/sc105                   base:slope_intercept optimal        0.001s ok=True obj=-52.202061211707274 ref=-52.20206121170723
netlib/sc105                   A:slope_intercept optimal        0.001s ok=True obj=-52.202061211707274 ref=-52.20206121170723
netlib/sc105                   C:slope_intercept optimal        0.002s ok=True obj=-52.202061211707274 ref=-52.20206121170723
netlib/sc105                   base:ipm_crossover optimal        0.003s ok=True obj=-52.20206121170723 ref=-52.20206121170723
netlib/sc105                   A:ipm_crossover  optimal        0.003s ok=True obj=-52.20206121170723 ref=-52.20206121170723
netlib/sc105                   C:ipm_crossover  optimal        0.005s ok=True obj=-52.20206121170723 ref=-52.20206121170723
netlib/sc205                   base:slope_intercept optimal        0.003s ok=True obj=-52.20206121170704 ref=-52.20206121170721
netlib/sc205                   A:slope_intercept optimal        0.004s ok=True obj=-52.20206121170704 ref=-52.20206121170721
netlib/sc205                   C:slope_intercept optimal        0.003s ok=True obj=-52.20206121170704 ref=-52.20206121170721
netlib/sc205                   base:ipm_crossover optimal        0.006s ok=True obj=-52.2020612117072 ref=-52.20206121170721
netlib/sc205                   A:ipm_crossover  optimal        0.011s ok=True obj=-52.2020612117072 ref=-52.20206121170721
netlib/sc205                   C:ipm_crossover  optimal        0.006s ok=True obj=-52.2020612117072 ref=-52.20206121170721
netlib/sc50a                   base:slope_intercept optimal        0.001s ok=True obj=-64.57507705856449 ref=-64.5750770585645
netlib/sc50a                   A:slope_intercept optimal        0.001s ok=True obj=-64.57507705856449 ref=-64.5750770585645
netlib/sc50a                   C:slope_intercept optimal        0.001s ok=True obj=-64.57507705856449 ref=-64.5750770585645
netlib/sc50a                   base:ipm_crossover optimal        0.002s ok=True obj=-64.5750770585645 ref=-64.5750770585645
netlib/sc50a                   A:ipm_crossover  optimal        0.006s ok=True obj=-64.5750770585645 ref=-64.5750770585645
netlib/sc50a                   C:ipm_crossover  optimal        0.002s ok=True obj=-64.5750770585645 ref=-64.5750770585645
netlib/sc50b                   base:slope_intercept optimal        0.001s ok=True obj=-70.0 ref=-69.99999999999999
netlib/sc50b                   A:slope_intercept optimal        0.001s ok=True obj=-70.0 ref=-69.99999999999999
netlib/sc50b                   C:slope_intercept optimal        0.001s ok=True obj=-70.0 ref=-69.99999999999999
netlib/sc50b                   base:ipm_crossover optimal        0.006s ok=True obj=-69.99999999999999 ref=-69.99999999999999
netlib/sc50b                   A:ipm_crossover  optimal        0.007s ok=True obj=-69.99999999999999 ref=-69.99999999999999
netlib/sc50b                   C:ipm_crossover  optimal        0.002s ok=True obj=-69.99999999999999 ref=-69.99999999999999
netlib/scagr25                 base:slope_intercept optimal        0.007s ok=True obj=-14753433.060768448 ref=-14753433.060768528
netlib/scagr25                 A:slope_intercept optimal        0.005s ok=True obj=-14753433.060768448 ref=-14753433.060768528
netlib/scagr25                 C:slope_intercept optimal        0.005s ok=True obj=-14753433.060768448 ref=-14753433.060768528
netlib/scagr25                 base:ipm_crossover optimal        0.018s ok=True obj=-14753433.060768526 ref=-14753433.060768528
netlib/scagr25                 A:ipm_crossover  optimal        0.015s ok=True obj=-14753433.060768526 ref=-14753433.060768528
netlib/scagr25                 C:ipm_crossover  optimal        0.007s ok=True obj=-14753433.060768526 ref=-14753433.060768528
netlib/scagr7                  base:slope_intercept optimal        0.001s ok=True obj=-2331389.824330984 ref=-2331389.824330984
netlib/scagr7                  A:slope_intercept optimal        0.001s ok=True obj=-2331389.824330984 ref=-2331389.824330984
netlib/scagr7                  C:slope_intercept optimal        0.001s ok=True obj=-2331389.824330984 ref=-2331389.824330984
netlib/scagr7                  base:ipm_crossover optimal        0.003s ok=True obj=-2331389.824330984 ref=-2331389.824330984
netlib/scagr7                  A:ipm_crossover  optimal        0.003s ok=True obj=-2331389.824330984 ref=-2331389.824330984
netlib/scagr7                  C:ipm_crossover  optimal        0.006s ok=True obj=-2331389.824330984 ref=-2331389.824330984
netlib/scfxm1                  base:slope_intercept optimal        0.006s ok=True obj=18416.759028348948 ref=18416.759028348948
netlib/scfxm1                  A:slope_intercept optimal        0.007s ok=True obj=18416.759028348948 ref=18416.759028348948
netlib/scfxm1                  C:slope_intercept optimal        0.007s ok=True obj=18416.759028348948 ref=18416.759028348948
netlib/scfxm1                  base:ipm_crossover optimal        0.017s ok=True obj=18416.759028348963 ref=18416.759028348948
netlib/scfxm1                  A:ipm_crossover  optimal        0.021s ok=True obj=18416.759028348963 ref=18416.759028348948
netlib/scfxm1                  C:ipm_crossover  optimal        0.014s ok=True obj=18416.759028348963 ref=18416.759028348948
netlib/scfxm2                  base:slope_intercept optimal        0.015s ok=True obj=36660.26156499881 ref=36660.261564998815
netlib/scfxm2                  A:slope_intercept optimal        0.016s ok=True obj=36660.26156499881 ref=36660.261564998815
netlib/scfxm2                  C:slope_intercept optimal        0.018s ok=True obj=36660.26156499881 ref=36660.261564998815
netlib/scfxm2                  base:ipm_crossover optimal        0.039s ok=True obj=36660.26156499881 ref=36660.261564998815
netlib/scfxm2                  A:ipm_crossover  optimal        0.025s ok=True obj=36660.26156499881 ref=36660.261564998815
netlib/scfxm2                  C:ipm_crossover  optimal        0.030s ok=True obj=36660.26156499881 ref=36660.261564998815
netlib/scfxm3                  base:slope_intercept optimal        0.032s ok=True obj=54901.25454975149 ref=54901.254549751444
netlib/scfxm3                  A:slope_intercept optimal        0.031s ok=True obj=54901.25454975149 ref=54901.254549751444
netlib/scfxm3                  C:slope_intercept optimal        0.036s ok=True obj=54901.25454975149 ref=54901.254549751444
netlib/scfxm3                  base:ipm_crossover optimal        0.043s ok=True obj=54901.25454975145 ref=54901.254549751444
netlib/scfxm3                  A:ipm_crossover  optimal        0.046s ok=True obj=54901.25454975145 ref=54901.254549751444
netlib/scfxm3                  C:ipm_crossover  optimal        0.049s ok=True obj=54901.25454975145 ref=54901.254549751444
netlib/scorpion                base:slope_intercept optimal        0.002s ok=True obj=1878.1248227381059 ref=1878.1248227381068
netlib/scorpion                A:slope_intercept optimal        0.002s ok=True obj=1878.1248227381059 ref=1878.1248227381068
netlib/scorpion                C:slope_intercept optimal        0.002s ok=True obj=1878.1248227381059 ref=1878.1248227381068
netlib/scorpion                base:ipm_crossover optimal        0.004s ok=True obj=1878.1248227381068 ref=1878.1248227381068
netlib/scorpion                A:ipm_crossover  optimal        0.003s ok=True obj=1878.1248227381068 ref=1878.1248227381068
netlib/scorpion                C:ipm_crossover  optimal        0.003s ok=True obj=1878.1248227381068 ref=1878.1248227381068
netlib/scrs8                   base:slope_intercept optimal        0.012s ok=True obj=904.2969538007919 ref=904.296953800792
netlib/scrs8                   A:slope_intercept optimal        0.008s ok=True obj=904.2969538007919 ref=904.296953800792
netlib/scrs8                   C:slope_intercept optimal        0.008s ok=True obj=904.2969538007919 ref=904.296953800792
netlib/scrs8                   base:ipm_crossover optimal        0.019s ok=True obj=904.2969538007919 ref=904.296953800792
netlib/scrs8                   A:ipm_crossover  optimal        0.017s ok=True obj=904.2969538007919 ref=904.296953800792
netlib/scrs8                   C:ipm_crossover  optimal        0.018s ok=True obj=904.2969538007919 ref=904.296953800792
netlib/scsd1                   base:slope_intercept optimal        0.003s ok=True obj=8.666666674333364 ref=8.666666674333364
netlib/scsd1                   A:slope_intercept optimal        0.005s ok=True obj=8.666666674333364 ref=8.666666674333364
netlib/scsd1                   C:slope_intercept optimal        0.004s ok=True obj=8.666666674333364 ref=8.666666674333364
netlib/scsd1                   base:ipm_crossover optimal        0.009s ok=True obj=8.666666674333367 ref=8.666666674333364
netlib/scsd1                   A:ipm_crossover  optimal        0.007s ok=True obj=8.666666674333367 ref=8.666666674333364
netlib/scsd1                   C:ipm_crossover  optimal        0.007s ok=True obj=8.666666674333367 ref=8.666666674333364
netlib/scsd6                   base:slope_intercept optimal        0.009s ok=True obj=50.50000007714466 ref=50.5000000782623
netlib/scsd6                   A:slope_intercept optimal        0.014s ok=True obj=50.50000007714466 ref=50.5000000782623
netlib/scsd6                   C:slope_intercept optimal        0.010s ok=True obj=50.50000007714466 ref=50.5000000782623
netlib/scsd6                   base:ipm_crossover optimal        0.023s ok=True obj=50.50000007714427 ref=50.5000000782623
netlib/scsd6                   A:ipm_crossover  optimal        0.024s ok=True obj=50.50000007714427 ref=50.5000000782623
netlib/scsd6                   C:ipm_crossover  optimal        0.026s ok=True obj=50.50000007714427 ref=50.5000000782623
netlib/scsd8                   base:slope_intercept optimal        0.063s ok=True obj=904.9999999254649 ref=904.9999999254643
netlib/scsd8                   A:slope_intercept optimal        0.083s ok=True obj=904.9999999254649 ref=904.9999999254643
netlib/scsd8                   C:slope_intercept optimal        0.071s ok=True obj=904.9999999254649 ref=904.9999999254643
netlib/scsd8                   base:ipm_crossover optimal        0.066s ok=True obj=904.9999999254645 ref=904.9999999254643
netlib/scsd8                   A:ipm_crossover  optimal        0.058s ok=True obj=904.9999999254645 ref=904.9999999254643
netlib/scsd8                   C:ipm_crossover  optimal        0.071s ok=True obj=904.9999999254645 ref=904.9999999254643
netlib/sctap1                  base:slope_intercept optimal        0.006s ok=True obj=1412.2500000000002 ref=1412.25
netlib/sctap1                  A:slope_intercept optimal        0.006s ok=True obj=1412.2500000000002 ref=1412.25
netlib/sctap1                  C:slope_intercept optimal        0.005s ok=True obj=1412.2500000000002 ref=1412.25
netlib/sctap1                  base:ipm_crossover optimal        0.019s ok=True obj=1412.2500000000005 ref=1412.25
netlib/sctap1                  A:ipm_crossover  optimal        0.010s ok=True obj=1412.2500000000005 ref=1412.25
netlib/sctap1                  C:ipm_crossover  optimal        0.011s ok=True obj=1412.2500000000005 ref=1412.25
netlib/sctap2                  base:slope_intercept optimal        0.011s ok=True obj=1724.807142857143 ref=1724.807142857143
netlib/sctap2                  A:slope_intercept optimal        0.012s ok=True obj=1724.807142857143 ref=1724.807142857143
netlib/sctap2                  C:slope_intercept optimal        0.012s ok=True obj=1724.807142857143 ref=1724.807142857143
netlib/sctap2                  base:ipm_crossover optimal        0.030s ok=True obj=1724.807142857143 ref=1724.807142857143
netlib/sctap2                  A:ipm_crossover  optimal        0.033s ok=True obj=1724.807142857143 ref=1724.807142857143
netlib/sctap2                  C:ipm_crossover  optimal        0.039s ok=True obj=1724.807142857143 ref=1724.807142857143
netlib/sctap3                  base:slope_intercept optimal        0.028s ok=True obj=1424.0 ref=1424.0
netlib/sctap3                  A:slope_intercept optimal        0.030s ok=True obj=1424.0 ref=1424.0
netlib/sctap3                  C:slope_intercept optimal        0.020s ok=True obj=1424.0 ref=1424.0
netlib/sctap3                  base:ipm_crossover optimal        0.057s ok=True obj=1424.0 ref=1424.0
netlib/sctap3                  A:ipm_crossover  optimal        0.045s ok=True obj=1424.0 ref=1424.0
netlib/sctap3                  C:ipm_crossover  optimal        0.060s ok=True obj=1424.0 ref=1424.0
netlib/seba                    base:slope_intercept optimal        0.006s ok=True obj=15711.599999999999 ref=15711.599999999999
netlib/seba                    A:slope_intercept optimal        0.006s ok=True obj=15711.599999999999 ref=15711.599999999999
netlib/seba                    C:slope_intercept optimal        0.006s ok=True obj=15711.599999999999 ref=15711.599999999999
netlib/seba                    base:ipm_crossover optimal        0.019s ok=True obj=15711.6 ref=15711.599999999999
netlib/seba                    A:ipm_crossover  optimal        0.017s ok=True obj=15711.6 ref=15711.599999999999
netlib/seba                    C:ipm_crossover  optimal        0.014s ok=True obj=15711.6 ref=15711.599999999999
netlib/share1b                 base:slope_intercept optimal        0.002s ok=True obj=-76589.31857918568 ref=-76589.31857918572
netlib/share1b                 A:slope_intercept optimal        0.003s ok=True obj=-76589.31857918568 ref=-76589.31857918572
netlib/share1b                 C:slope_intercept optimal        0.004s ok=True obj=-76589.31857918568 ref=-76589.31857918572
netlib/share1b                 base:ipm_crossover optimal        0.006s ok=True obj=-76589.31857918568 ref=-76589.31857918572
netlib/share1b                 A:ipm_crossover  optimal        0.005s ok=True obj=-76589.31857918568 ref=-76589.31857918572
netlib/share1b                 C:ipm_crossover  optimal        0.007s ok=True obj=-76589.31857918568 ref=-76589.31857918572
netlib/share2b                 base:slope_intercept optimal        0.002s ok=True obj=-415.7322407414203 ref=-415.73224074141945
netlib/share2b                 A:slope_intercept optimal        0.002s ok=True obj=-415.7322407414203 ref=-415.73224074141945
netlib/share2b                 C:slope_intercept optimal        0.002s ok=True obj=-415.7322407414203 ref=-415.73224074141945
netlib/share2b                 base:ipm_crossover optimal        0.003s ok=True obj=-415.7322407414206 ref=-415.73224074141945
netlib/share2b                 A:ipm_crossover  optimal        0.007s ok=True obj=-415.7322407414206 ref=-415.73224074141945
netlib/share2b                 C:ipm_crossover  optimal        0.004s ok=True obj=-415.7322407414206 ref=-415.73224074141945
netlib/shell                   base:slope_intercept optimal        0.006s ok=True obj=1208825346.0 ref=1208825346.0
netlib/shell                   A:slope_intercept optimal        0.006s ok=True obj=1208825346.0 ref=1208825346.0
netlib/shell                   C:slope_intercept optimal        0.007s ok=True obj=1208825346.0 ref=1208825346.0
netlib/shell                   base:ipm_crossover optimal        0.023s ok=True obj=1208825346.0 ref=1208825346.0
netlib/shell                   A:ipm_crossover  optimal        0.018s ok=True obj=1208825346.0 ref=1208825346.0
netlib/shell                   C:ipm_crossover  optimal        0.027s ok=True obj=1208825346.0 ref=1208825346.0
netlib/ship04l                 base:slope_intercept optimal        0.008s ok=True obj=1793324.5379703569 ref=1793324.5379703562
netlib/ship04l                 A:slope_intercept optimal        0.009s ok=True obj=1793324.5379703569 ref=1793324.5379703562
netlib/ship04l                 C:slope_intercept optimal        0.012s ok=True obj=1793324.5379703569 ref=1793324.5379703562
netlib/ship04l                 base:ipm_crossover optimal        0.025s ok=True obj=1793324.5379703564 ref=1793324.5379703562
netlib/ship04l                 A:ipm_crossover  optimal        0.018s ok=True obj=1793324.5379703564 ref=1793324.5379703562
netlib/ship04l                 C:ipm_crossover  optimal        0.025s ok=True obj=1793324.5379703564 ref=1793324.5379703562
netlib/ship04s                 base:slope_intercept optimal        0.007s ok=True obj=1798714.7004453917 ref=1798714.7004453917
netlib/ship04s                 A:slope_intercept optimal        0.007s ok=True obj=1798714.7004453917 ref=1798714.7004453917
netlib/ship04s                 C:slope_intercept optimal        0.007s ok=True obj=1798714.7004453917 ref=1798714.7004453917
netlib/ship04s                 base:ipm_crossover optimal        0.017s ok=True obj=1798714.7004453912 ref=1798714.7004453917
netlib/ship04s                 A:ipm_crossover  optimal        0.018s ok=True obj=1798714.7004453912 ref=1798714.7004453917
netlib/ship04s                 C:ipm_crossover  optimal        0.017s ok=True obj=1798714.7004453912 ref=1798714.7004453917
netlib/ship08l                 base:slope_intercept optimal        0.016s ok=True obj=1909055.211389131 ref=1909055.211389131
netlib/ship08l                 A:slope_intercept optimal        0.015s ok=True obj=1909055.211389131 ref=1909055.211389131
netlib/ship08l                 C:slope_intercept optimal        0.028s ok=True obj=1909055.211389131 ref=1909055.211389131
netlib/ship08l                 base:ipm_crossover optimal        0.046s ok=True obj=1909055.2113891311 ref=1909055.211389131
netlib/ship08l                 A:ipm_crossover  optimal        0.055s ok=True obj=1909055.2113891311 ref=1909055.211389131
netlib/ship08l                 C:ipm_crossover  optimal        0.040s ok=True obj=1909055.2113891311 ref=1909055.211389131
netlib/ship08s                 base:slope_intercept optimal        0.016s ok=True obj=1920098.2105346185 ref=1920098.2105346182
netlib/ship08s                 A:slope_intercept optimal        0.017s ok=True obj=1920098.2105346185 ref=1920098.2105346182
netlib/ship08s                 C:slope_intercept optimal        0.011s ok=True obj=1920098.2105346185 ref=1920098.2105346182
netlib/ship08s                 base:ipm_crossover optimal        0.022s ok=True obj=1920098.2105346182 ref=1920098.2105346182
netlib/ship08s                 A:ipm_crossover  optimal        0.019s ok=True obj=1920098.2105346182 ref=1920098.2105346182
netlib/ship08s                 C:ipm_crossover  optimal        0.020s ok=True obj=1920098.2105346182 ref=1920098.2105346182
netlib/ship12l                 base:slope_intercept optimal        0.033s ok=True obj=1470187.9193292663 ref=1470187.9193292663
netlib/ship12l                 A:slope_intercept optimal        0.021s ok=True obj=1470187.9193292663 ref=1470187.9193292663
netlib/ship12l                 C:slope_intercept optimal        0.023s ok=True obj=1470187.9193292663 ref=1470187.9193292663
netlib/ship12l                 base:ipm_crossover optimal        0.060s ok=True obj=1470187.919329266 ref=1470187.9193292663
netlib/ship12l                 A:ipm_crossover  optimal        0.055s ok=True obj=1470187.919329266 ref=1470187.9193292663
netlib/ship12l                 C:ipm_crossover  optimal        0.065s ok=True obj=1470187.919329266 ref=1470187.9193292663
netlib/ship12s                 base:slope_intercept optimal        0.016s ok=True obj=1489236.134406133 ref=1489236.1344061329
netlib/ship12s                 A:slope_intercept optimal        0.016s ok=True obj=1489236.134406133 ref=1489236.1344061329
netlib/ship12s                 C:slope_intercept optimal        0.011s ok=True obj=1489236.134406133 ref=1489236.1344061329
netlib/ship12s                 base:ipm_crossover optimal        0.023s ok=True obj=1489236.134406133 ref=1489236.1344061329
netlib/ship12s                 A:ipm_crossover  optimal        0.033s ok=True obj=1489236.134406133 ref=1489236.1344061329
netlib/ship12s                 C:ipm_crossover  optimal        0.040s ok=True obj=1489236.134406133 ref=1489236.1344061329
netlib/sierra                  base:slope_intercept optimal        0.021s ok=True obj=15394362.183631925 ref=15394362.183631929
netlib/sierra                  A:slope_intercept optimal        0.021s ok=True obj=15394362.183631925 ref=15394362.183631929
netlib/sierra                  C:slope_intercept optimal        0.010s ok=True obj=15394362.183631925 ref=15394362.183631929
netlib/sierra                  base:ipm_crossover optimal        0.031s ok=True obj=15394362.183631925 ref=15394362.183631929
netlib/sierra                  A:ipm_crossover  optimal        0.043s ok=True obj=15394362.183631925 ref=15394362.183631929
netlib/sierra                  C:ipm_crossover  optimal        0.035s ok=True obj=15394362.183631925 ref=15394362.183631929
netlib/stair                   base:slope_intercept optimal        0.015s ok=True obj=-251.26695119296338 ref=-251.26695119296335
netlib/stair                   A:slope_intercept optimal        0.014s ok=True obj=-251.26695119296338 ref=-251.26695119296335
netlib/stair                   C:slope_intercept optimal        0.021s ok=True obj=-251.26695119296335 ref=-251.26695119296335
netlib/stair                   base:ipm_crossover optimal        0.030s ok=True obj=-251.26695119296335 ref=-251.26695119296335
netlib/stair                   A:ipm_crossover  optimal        0.031s ok=True obj=-251.26695119296335 ref=-251.26695119296335
netlib/stair                   C:ipm_crossover  optimal        0.033s ok=True obj=-251.26695119296338 ref=-251.26695119296335
netlib/standata                base:slope_intercept optimal        0.003s ok=True obj=1257.6995000000002 ref=1257.6995
netlib/standata                A:slope_intercept optimal        0.004s ok=True obj=1257.6995000000002 ref=1257.6995
netlib/standata                C:slope_intercept optimal        0.003s ok=True obj=1257.6995000000002 ref=1257.6995
netlib/standata                base:ipm_crossover optimal        0.017s ok=True obj=1257.6995000000002 ref=1257.6995
netlib/standata                A:ipm_crossover  optimal        0.014s ok=True obj=1257.6995000000002 ref=1257.6995
netlib/standata                C:ipm_crossover  optimal        0.017s ok=True obj=1257.6995000000002 ref=1257.6995
netlib/standgub                base:slope_intercept optimal        0.003s ok=True obj=1257.6995000000002 ref=1257.6995
netlib/standgub                A:slope_intercept optimal        0.003s ok=True obj=1257.6995000000002 ref=1257.6995
netlib/standgub                C:slope_intercept optimal        0.003s ok=True obj=1257.6995000000002 ref=1257.6995
netlib/standgub                base:ipm_crossover optimal        0.014s ok=True obj=1257.6995000000002 ref=1257.6995
netlib/standgub                A:ipm_crossover  optimal        0.009s ok=True obj=1257.6995000000002 ref=1257.6995
netlib/standgub                C:ipm_crossover  optimal        0.012s ok=True obj=1257.6995000000002 ref=1257.6995
netlib/standmps                base:slope_intercept optimal        0.006s ok=True obj=1406.0175000000013 ref=1406.0175
netlib/standmps                A:slope_intercept optimal        0.004s ok=True obj=1406.0175000000013 ref=1406.0175
netlib/standmps                C:slope_intercept optimal        0.006s ok=True obj=1406.0175000000013 ref=1406.0175
netlib/standmps                base:ipm_crossover optimal        0.016s ok=True obj=1406.017500000001 ref=1406.0175
netlib/standmps                A:ipm_crossover  optimal        0.023s ok=True obj=1406.017500000001 ref=1406.0175
netlib/standmps                C:ipm_crossover  optimal        0.017s ok=True obj=1406.017500000001 ref=1406.0175
netlib/stocfor1                base:slope_intercept optimal        0.002s ok=True obj=-41131.976219436416 ref=-41131.97621943641
netlib/stocfor1                A:slope_intercept optimal        0.001s ok=True obj=-41131.976219436416 ref=-41131.97621943641
netlib/stocfor1                C:slope_intercept optimal        0.001s ok=True obj=-41131.976219436416 ref=-41131.97621943641
netlib/stocfor1                base:ipm_crossover optimal        0.004s ok=True obj=-41131.976219436416 ref=-41131.97621943641
netlib/stocfor1                A:ipm_crossover  optimal        0.004s ok=True obj=-41131.976219436416 ref=-41131.97621943641
netlib/stocfor1                C:ipm_crossover  optimal        0.006s ok=True obj=-41131.976219436416 ref=-41131.97621943641
netlib/stocfor2                base:slope_intercept optimal        0.033s ok=True obj=-39024.408537882104 ref=-39024.408537882104
netlib/stocfor2                A:slope_intercept optimal        0.031s ok=True obj=-39024.408537882104 ref=-39024.408537882104
netlib/stocfor2                C:slope_intercept optimal        0.032s ok=True obj=-39024.408537882104 ref=-39024.408537882104
netlib/stocfor2                base:ipm_crossover optimal        0.112s ok=True obj=-39024.408537882104 ref=-39024.408537882104
netlib/stocfor2                A:ipm_crossover  optimal        0.091s ok=True obj=-39024.408537882104 ref=-39024.408537882104
netlib/stocfor2                C:ipm_crossover  optimal        0.106s ok=True obj=-39024.408537882104 ref=-39024.408537882104
netlib/tuff                    base:slope_intercept optimal        0.006s ok=True obj=0.2921477650935964 ref=0.292147765093613
netlib/tuff                    A:slope_intercept optimal        0.008s ok=True obj=0.2921477650935964 ref=0.292147765093613
netlib/tuff                    C:slope_intercept optimal        0.006s ok=True obj=0.2921477650935964 ref=0.292147765093613
netlib/tuff                    base:ipm_crossover optimal        0.028s ok=True obj=0.2921477650936127 ref=0.292147765093613
netlib/tuff                    A:ipm_crossover  optimal        0.019s ok=True obj=0.2921477650936127 ref=0.292147765093613
netlib/tuff                    C:ipm_crossover  optimal        0.019s ok=True obj=0.2921477650936127 ref=0.292147765093613
netlib/vtp.base                base:slope_intercept optimal        0.001s ok=True obj=129831.46246136137 ref=129831.46246136137
netlib/vtp.base                A:slope_intercept optimal        0.001s ok=True obj=129831.46246136137 ref=129831.46246136137
netlib/vtp.base                C:slope_intercept optimal        0.001s ok=True obj=129831.46246136137 ref=129831.46246136137
netlib/vtp.base                base:ipm_crossover optimal        0.003s ok=True obj=129831.46246136137 ref=129831.46246136137
netlib/vtp.base                A:ipm_crossover  optimal        0.002s ok=True obj=129831.46246136137 ref=129831.46246136137
netlib/vtp.base                C:ipm_crossover  optimal        0.002s ok=True obj=129831.46246136137 ref=129831.46246136137
netlib/wood1p                  base:slope_intercept optimal        0.055s ok=True obj=1.442902411573458 ref=1.442902411573409
netlib/wood1p                  A:slope_intercept optimal        0.056s ok=True obj=1.442902411573458 ref=1.442902411573409
netlib/wood1p                  C:slope_intercept optimal        0.082s ok=True obj=1.4429024115734104 ref=1.442902411573409
netlib/wood1p                  base:ipm_crossover optimal        0.199s ok=True obj=1.44290241157341 ref=1.442902411573409
netlib/wood1p                  A:ipm_crossover  optimal        0.180s ok=True obj=1.44290241157341 ref=1.442902411573409
netlib/wood1p                  C:ipm_crossover  optimal        0.177s ok=True obj=1.4429024115734095 ref=1.442902411573409
netlib/woodw                   base:slope_intercept optimal        0.041s ok=True obj=1.3044763330842306 ref=1.3044763330842293
netlib/woodw                   A:slope_intercept optimal        0.038s ok=True obj=1.3044763330842306 ref=1.3044763330842293
netlib/woodw                   C:slope_intercept optimal        0.039s ok=True obj=1.3044763330842306 ref=1.3044763330842293
netlib/woodw                   base:ipm_crossover optimal        0.093s ok=True obj=1.3044763330842297 ref=1.3044763330842293
netlib/woodw                   A:ipm_crossover  optimal        0.091s ok=True obj=1.3044763330842297 ref=1.3044763330842293
netlib/woodw                   C:ipm_crossover  optimal        0.097s ok=True obj=1.3044763330842297 ref=1.3044763330842293
kennington/cre-a               base:slope_intercept optimal        0.096s ok=True obj=23595407.060971618 ref=23595407.06097162
kennington/cre-a               A:slope_intercept optimal        0.094s ok=True obj=23595407.060971618 ref=23595407.06097162
kennington/cre-a               C:slope_intercept optimal        0.116s ok=True obj=23595407.060971618 ref=23595407.06097162
kennington/cre-a               base:ipm_crossover optimal        0.330s ok=True obj=23595407.060971614 ref=23595407.06097162
kennington/cre-a               A:ipm_crossover  optimal        0.343s ok=True obj=23595407.060971614 ref=23595407.06097162
kennington/cre-a               C:ipm_crossover  optimal        0.309s ok=True obj=23595407.060971614 ref=23595407.06097162
