netlib/25fv47                  serial           optimal        0.165s ok=True obj=5501.845888286749 ref=5501.845888286757
netlib/25fv47                  par              optimal        0.203s ok=True obj=5501.845888286749 ref=5501.845888286757
netlib/80bau3b                 serial           optimal        0.847s ok=True obj=987224.1924090909 ref=987224.1924090902
netlib/80bau3b                 par              optimal        0.855s ok=True obj=987224.1924090909 ref=987224.1924090902
netlib/adlittle                serial           optimal        0.004s ok=True obj=225494.96316238045 ref=225494.9631623803
netlib/adlittle                par              optimal        0.028s ok=True obj=225494.96316238045 ref=225494.9631623803
netlib/afiro                   serial           optimal        0.002s ok=True obj=-464.75314285714285 ref=-464.75314285714285
netlib/afiro                   par              optimal        0.002s ok=True obj=-464.75314285714285 ref=-464.75314285714285
netlib/agg                     serial           optimal        0.009s ok=True obj=-35991767.286576495 ref=-35991767.2865765
netlib/agg                     par              optimal        0.039s ok=True obj=-35991767.286576495 ref=-35991767.2865765
netlib/agg2                    serial           optimal        0.017s ok=True obj=-20239252.355977118 ref=-20239252.355977118
netlib/agg2                    par              optimal        0.043s ok=True obj=-20239252.355977118 ref=-20239252.355977118
netlib/agg3                    serial           optimal        0.017s ok=True obj=10312115.935089229 ref=10312115.935089216
netlib/agg3                    par              optimal        0.057s ok=True obj=10312115.935089229 ref=10312115.935089216
netlib/bandm                   serial           optimal        0.013s ok=True obj=-158.62801845012078 ref=-158.62801845012078
netlib/bandm                   par              optimal        0.034s ok=True obj=-158.62801845012078 ref=-158.62801845012078
netlib/beaconfd                serial           optimal        0.007s ok=True obj=33592.48580719999 ref=33592.4858072
netlib/beaconfd                par              optimal        0.015s ok=True obj=33592.48580719999 ref=33592.4858072
netlib/blend                   serial           optimal        0.004s ok=True obj=-30.81214984582823 ref=-30.812149845828237
netlib/blend                   par              optimal        0.015s ok=True obj=-30.81214984582823 ref=-30.812149845828237
netlib/bnl1                    serial           optimal        0.067s ok=True obj=1977.6295615228887 ref=1977.6295615228878
netlib/bnl1                    par              optimal        0.098s ok=True obj=1977.6295615228887 ref=1977.6295615228878
netlib/bnl2                    serial           optimal        0.171s ok=True obj=1811.236540358546 ref=1811.2365403585482
netlib/bnl2                    par              optimal        0.280s ok=True obj=1811.236540358546 ref=1811.2365403585482
netlib/boeing1                 serial           optimal        0.024s ok=True obj=-335.2135675071266 ref=-335.21356750712675
netlib/boeing1                 par              optimal        0.051s ok=True obj=-335.2135675071266 ref=-335.21356750712675
netlib/boeing2                 serial           optimal        0.010s ok=True obj=-315.0187280152027 ref=-315.0187280152027
netlib/boeing2                 par              optimal        0.035s ok=True obj=-315.0187280152027 ref=-315.0187280152027
netlib/bore3d                  serial           optimal        0.011s ok=True obj=1373.080394208495 ref=1373.0803942084926
netlib/bore3d                  par              optimal        0.012s ok=True obj=1373.080394208495 ref=1373.0803942084926
netlib/brandy                  serial           optimal        0.009s ok=True obj=1518.509896488128 ref=1518.5098964881279
netlib/brandy                  par              optimal        0.032s ok=True obj=1518.509896488128 ref=1518.5098964881279
netlib/capri                   serial           optimal        0.009s ok=True obj=2690.0129137681606 ref=2690.0129137681593
netlib/capri                   par              optimal        0.021s ok=True obj=2690.0129137681606 ref=2690.0129137681593
netlib/cycle                   serial           optimal        0.159s ok=True obj=-5.226393024894103 ref=-5.226393024894102
netlib/cycle                   par              optimal        0.225s ok=True obj=-5.226393024894103 ref=-5.226393024894102
netlib/czprob                  serial           optimal        0.083s ok=True obj=2185196.698856578 ref=2185196.698856578
netlib/czprob                  par              optimal        0.107s ok=True obj=2185196.698856578 ref=2185196.698856578
netlib/d2q06c                  serial           optimal        1.208s ok=True obj=122784.21081418995 ref=122784.2108141893
netlib/d2q06c                  par              optimal        1.198s ok=True obj=122784.21081418995 ref=122784.2108141893
netlib/d6cube                  serial           optimal        0.348s ok=True obj=315.4916666666665 ref=315.49166666666696
netlib/d6cube                  par              optimal        0.364s ok=True obj=315.4916666666665 ref=315.49166666666696
netlib/degen2                  serial           optimal        0.075s ok=True obj=-1435.1779999999994 ref=-1435.178
netlib/degen2                  par              optimal        0.065s ok=True obj=-1435.1779999999994 ref=-1435.178
netlib/degen3                  serial           optimal        0.558s ok=True obj=-987.2940000000024 ref=-987.2940000000007
netlib/degen3                  par              optimal        0.554s ok=True obj=-987.2940000000024 ref=-987.2940000000007
netlib/dfl001                  serial           optimal       16.434s ok=True obj=11266396.046671402 ref=11266396.04667138
netlib/dfl001                  par              optimal       17.086s ok=True obj=11266396.046671402 ref=11266396.04667138
netlib/e226                    serial           optimal        0.013s ok=True obj=-11.638929066370533 ref=-11.638929066370537
netlib/e226                    par              optimal        0.046s ok=True obj=-11.638929066370533 ref=-11.638929066370537
netlib/etamacro                serial           optimal        0.041s ok=True obj=-755.7152333131659 ref=-755.7152333005275
netlib/etamacro                par              optimal        0.061s ok=True obj=-755.7152333131659 ref=-755.7152333005275
netlib/fffff800                serial           optimal        0.037s ok=True obj=555679.5648174962 ref=555679.5648174963
netlib/fffff800                par              optimal        0.056s ok=True obj=555679.5648174962 ref=555679.5648174963
netlib/finnis                  serial           optimal        0.018s ok=True obj=172791.0655956115 ref=172791.06559561164
netlib/finnis                  par              optimal        0.029s ok=True obj=172791.0655956115 ref=172791.06559561164
netlib/fit1d                   serial           optimal        0.024s ok=True obj=-9146.378092420917 ref=-9146.378092420928
netlib/fit1d                   par              optimal        0.056s ok=True obj=-9146.378092420917 ref=-9146.378092420928
netlib/fit1p                   serial           optimal        0.474s ok=True obj=9146.378092420933 ref=9146.378092420935
netlib/fit1p                   par              optimal        0.472s ok=True obj=9146.378092420933 ref=9146.378092420935
netlib/fit2d                   serial           optimal        0.360s ok=True obj=-68464.29329383213 ref=-68464.2932938321
netlib/fit2d                   par              optimal        0.352s ok=True obj=-68464.29329383213 ref=-68464.2932938321
netlib/fit2p                   serial           optimal        0.561s ok=True obj=68464.29329383011 ref=68464.29329383216
netlib/fit2p                   par              optimal        0.597s ok=True obj=68464.29329383011 ref=68464.29329383216
netlib/forplan                 serial           optimal        0.016s ok=True obj=-664.2189612722052 ref=-664.2189612722054
netlib/forplan                 par              optimal        0.028s ok=True obj=-664.2189612722052 ref=-664.2189612722054
netlib/ganges                  serial           optimal        0.027s ok=True obj=-109585.73612927829 ref=-109585.73612927813
netlib/ganges                  par              optimal        0.056s ok=True obj=-109585.73612927829 ref=-109585.73612927813
netlib/gfrd-pnc                serial           optimal        0.018s ok=True obj=6902235.999548811 ref=6902235.999548812
netlib/gfrd-pnc                par              optimal        0.020s ok=True obj=6902235.999548811 ref=6902235.999548812
netlib/greenbea                serial           optimal        0.930s ok=True obj=-72555248.12984595 ref=-72555248.12984587
netlib/greenbea                par              optimal        0.873s ok=True obj=-72555248.12984595 ref=-72555248.12984587
netlib/greenbeb                serial           optimal        1.112s ok=True obj=-4302260.261206589 ref=-4302260.261206586
netlib/greenbeb                par              optimal        1.085s ok=True obj=-4302260.261206589 ref=-4302260.261206586
netlib/grow15                  serial           optimal        0.039s ok=True obj=-106870941.29357536 ref=-106870941.29357533
netlib/grow15                  par              optimal        0.069s ok=True obj=-106870941.29357536 ref=-106870941.29357533
netlib/grow22                  serial           optimal        0.091s ok=True obj=-160834336.482563 ref=-160834336.48256296
netlib/grow22                  par              optimal        0.117s ok=True obj=-160834336.482563 ref=-160834336.48256296
netlib/grow7                   serial           optimal        0.025s ok=True obj=-47787811.81471152 ref=-47787811.8147115
netlib/grow7                   par              optimal        0.038s ok=True obj=-47787811.81471152 ref=-47787811.8147115
netlib/israel                  serial           optimal        0.023s ok=True obj=-896644.8218630458 ref=-896644.8218630459
netlib/israel                  par              optimal        0.041s ok=True obj=-896644.8218630458 ref=-896644.8218630459
netlib/kb2                     serial           optimal        0.003s ok=True obj=-1749.9001299062052 ref=-1749.9001299062056
netlib/kb2                     par              optimal        0.026s ok=True obj=-1749.9001299062052 ref=-1749.9001299062056
netlib/lotfi                   serial           optimal        0.010s ok=True obj=-25.264706061880037 ref=-25.264706061880002
netlib/lotfi                   par              optimal        0.012s ok=True obj=-25.264706061880037 ref=-25.264706061880002
netlib/maros                   serial           optimal        0.059s ok=True obj=-58063.74370112589 ref=-58063.74370112589
netlib/maros                   par              optimal        0.120s ok=True obj=-58063.74370112589 ref=-58063.74370112589
netlib/maros-r7                serial           optimal        0.566s ok=True obj=1497185.166479643 ref=1497185.1664796423
netlib/maros-r7                par              optimal        0.618s ok=True obj=1497185.166479643 ref=1497185.1664796423
netlib/modszk1                 serial           optimal        0.025s ok=True obj=320.6197290659776 ref=320.61972906434596
netlib/modszk1                 par              optimal        0.080s ok=True obj=320.6197290659776 ref=320.61972906434596
netlib/nesm                    serial           optimal        0.225s ok=True obj=14076036.487562723 ref=14076036.487562705
netlib/nesm                    par              optimal        0.233s ok=True obj=14076036.487562723 ref=14076036.487562705
netlib/perold                  serial           optimal        0.177s ok=True obj=-9380.75527823504 ref=-9380.755278235187
netlib/perold                  par              optimal        0.342s ok=True obj=-9380.75527823504 ref=-9380.755278235187
netlib/pilot                   serial           optimal        0.887s ok=True obj=-557.4897292847385 ref=-557.4897292744025
netlib/pilot                   par              optimal        0.992s ok=True obj=-557.4897292847385 ref=-557.4897292744025
netlib/pilot.ja                serial           optimal        2.187s ok=True obj=-6113.136465464109 ref=-6113.136465581338
netlib/pilot.ja                par              optimal        2.527s ok=True obj=-6113.136465464109 ref=-6113.136465581338
netlib/pilot.we                serial           optimal        0.200s ok=True obj=-2720107.5328449607 ref=-2720107.5328449584
netlib/pilot.we                par              optimal        0.250s ok=True obj=-2720107.5328449607 ref=-2720107.5328449584
netlib/pilot4                  serial           optimal        0.055s ok=True obj=-2581.139258883904 ref=-2581.1392588838853
netlib/pilot4                  par              optimal        0.156s ok=True obj=-2581.139258883904 ref=-2581.1392588838853
netlib/pilot87                 serial           optimal        2.898s ok=True obj=301.71034733181517 ref=301.71034733310745
netlib/pilot87                 par              optimal        2.962s ok=True obj=301.71034733181517 ref=301.71034733310745
netlib/pilotnov                serial           optimal        0.214s ok=True obj=-4497.276188218871 ref=-4497.2761882188715
netlib/pilotnov                par              optimal        0.284s ok=True obj=-4497.276188218871 ref=-4497.2761882188715
netlib/recipe                  serial           optimal        0.003s ok=True obj=-266.61600000000027 ref=-266.61600000000027
netlib/recipe                  par              optimal        0.003s ok=True obj=-266.61600000000027 ref=-266.61600000000027
netlib/sc105                   serial           optimal        0.002s ok=True obj=-52.20206121170723 ref=-52.20206121170723
netlib/sc105                   par              optimal        0.009s ok=True obj=-52.20206121170723 ref=-52.20206121170723
netlib/sc205                   serial           optimal        0.004s ok=True obj=-52.2020612117072 ref=-52.20206121170721
netlib/sc205                   par              optimal        0.006s ok=True obj=-52.2020612117072 ref=-52.20206121170721
netlib/sc50a                   serial           optimal        0.002s ok=True obj=-64.5750770585645 ref=-64.5750770585645
netlib/sc50a                   par              optimal        0.002s ok=True obj=-64.5750770585645 ref=-64.5750770585645
netlib/sc50b                   serial           optimal        0.003s ok=True obj=-69.99999999999999 ref=-69.99999999999999
netlib/sc50b                   par              optimal        0.006s ok=True obj=-69.99999999999999 ref=-69.99999999999999
netlib/scagr25                 serial           optimal        0.016s ok=True obj=-14753433.060768526 ref=-14753433.060768528
netlib/scagr25                 par              optimal        0.012s ok=True obj=-14753433.060768526 ref=-14753433.060768528
netlib/scagr7                  serial           optimal        0.004s ok=True obj=-2331389.824330984 ref=-2331389.824330984
netlib/scagr7                  par              optimal        0.013s ok=True obj=-2331389.824330984 ref=-2331389.824330984
netlib/scfxm1                  serial           optimal        0.023s ok=True obj=18416.759028348963 ref=18416.759028348948
netlib/scfxm1                  par              optimal        0.036s ok=True obj=18416.759028348963 ref=18416.759028348948
netlib/scfxm2                  serial           optimal        0.025s ok=True obj=36660.26156499881 ref=36660.261564998815
netlib/scfxm2                  par              optimal        0.035s ok=True obj=36660.26156499881 ref=36660.261564998815
netlib/scfxm3                  serial           optimal        0.052s ok=True obj=54901.25454975145 ref=54901.254549751444
netlib/scfxm3                  par              optimal        0.103s ok=True obj=54901.25454975145 ref=54901.254549751444
netlib/scorpion                serial           optimal        0.004s ok=True obj=1878.1248227381068 ref=1878.1248227381068
netlib/scorpion                par              optimal        0.015s ok=True obj=1878.1248227381068 ref=1878.1248227381068
netlib/scrs8                   serial           optimal        0.023s ok=True obj=904.2969538007919 ref=904.296953800792
netlib/scrs8                   par              optimal        0.075s ok=True obj=904.2969538007919 ref=904.296953800792
netlib/scsd1                   serial           optimal        0.012s ok=True obj=8.66666667433337 ref=8.666666674333364
netlib/scsd1                   par              optimal        0.019s ok=True obj=8.66666667433337 ref=8.666666674333364
netlib/scsd6                   serial           optimal        0.023s ok=True obj=50.50000007714427 ref=50.5000000782623
netlib/scsd6                   par              optimal        0.036s ok=True obj=50.50000007714427 ref=50.5000000782623
netlib/scsd8                   serial           optimal        0.082s ok=True obj=904.9999999254645 ref=904.9999999254643
netlib/scsd8                   par              optimal        0.095s ok=True obj=904.9999999254645 ref=904.9999999254643
netlib/sctap1                  serial           optimal        0.018s ok=True obj=1412.2500000000018 ref=1412.25
netlib/sctap1                  par              optimal        0.029s ok=True obj=1412.2500000000018 ref=1412.25
netlib/sctap2                  serial           optimal        0.035s ok=True obj=1724.807142857143 ref=1724.807142857143
netlib/sctap2                  par              optimal        0.055s ok=True obj=1724.807142857143 ref=1724.807142857143
netlib/sctap3                  serial           optimal        0.042s ok=True obj=1423.9999999999998 ref=1424.0
netlib/sctap3                  par              optimal        0.072s ok=True obj=1423.9999999999998 ref=1424.0
netlib/seba                    serial           optimal        0.015s ok=True obj=15711.6 ref=15711.599999999999
netlib/seba                    par              optimal        0.017s ok=True obj=15711.6 ref=15711.599999999999
netlib/share1b                 serial           optimal        0.005s ok=True obj=-76589.31857918568 ref=-76589.31857918572
netlib/share1b                 par              optimal        0.015s ok=True obj=-76589.31857918568 ref=-76589.31857918572
netlib/share2b                 serial           optimal        0.003s ok=True obj=-415.7322407414206 ref=-415.73224074141945
netlib/share2b                 par              optimal        0.009s ok=True obj=-415.7322407414206 ref=-415.73224074141945
netlib/shell                   serial           optimal        0.025s ok=True obj=1208825346.0 ref=1208825346.0
netlib/shell                   par              optimal        0.052s ok=True obj=1208825346.0 ref=1208825346.0
netlib/ship04l                 serial           optimal        0.020s ok=True obj=1793324.5379703566 ref=1793324.5379703562
netlib/ship04l                 par              optimal        0.038s ok=True obj=1793324.5379703566 ref=1793324.5379703562
netlib/ship04s                 serial           optimal        0.024s ok=True obj=1798714.7004453915 ref=1798714.7004453917
netlib/ship04s                 par              optimal        0.021s ok=True obj=1798714.7004453915 ref=1798714.7004453917
netlib/ship08l                 serial           optimal        0.051s ok=True obj=1909055.2113891311 ref=1909055.211389131
netlib/ship08l                 par              optimal        0.069s ok=True obj=1909055.2113891311 ref=1909055.211389131
netlib/ship08s                 serial           optimal        0.022s ok=True obj=1920098.2105346182 ref=1920098.2105346182
netlib/ship08s                 par              optimal        0.042s ok=True obj=1920098.2105346182 ref=1920098.2105346182
netlib/ship12l                 serial           optimal        0.046s ok=True obj=1470187.919329266 ref=1470187.9193292663
netlib/ship12l                 par              optimal        0.091s ok=True obj=1470187.919329266 ref=1470187.9193292663
netlib/ship12s                 serial           optimal        0.034s ok=True obj=1489236.1344061326 ref=1489236.1344061329
netlib/ship12s                 par              optimal        0.047s ok=True obj=1489236.1344061326 ref=1489236.1344061329
netlib/sierra                  serial           optimal        0.032s ok=True obj=15394362.183631925 ref=15394362.183631929
netlib/sierra                  par              optimal        0.068s ok=True obj=15394362.183631925 ref=15394362.183631929
netlib/stair                   serial           optimal        0.025s ok=True obj=-251.26695119296335 ref=-251.26695119296335
netlib/stair                   par              optimal        0.039s ok=True obj=-251.26695119296335 ref=-251.26695119296335
netlib/standata                serial           optimal        0.012s ok=True obj=1257.6995000000002 ref=1257.6995
netlib/standata                par              optimal        0.028s ok=True obj=1257.6995000000002 ref=1257.6995
netlib/standgub                serial           optimal        0.011s ok=True obj=1257.6995000000002 ref=1257.6995
netlib/standgub                par              optimal        0.022s ok=True obj=1257.6995000000002 ref=1257.6995
netlib/standmps                serial           optimal        0.021s ok=True obj=1406.017500000001 ref=1406.0175
netlib/standmps                par              optimal        0.054s ok=True obj=1406.017500000001 ref=1406.0175
netlib/stocfor1                serial           optimal        0.007s ok=True obj=-41131.976219436416 ref=-41131.97621943641
netlib/stocfor1                par              optimal        0.031s ok=True obj=-41131.976219436416 ref=-41131.97621943641
netlib/stocfor2                serial           optimal        0.118s ok=True obj=-39024.40853788211 ref=-39024.408537882104
netlib/stocfor2                par              optimal        0.146s ok=True obj=-39024.40853788211 ref=-39024.408537882104
netlib/tuff                    serial           optimal        0.019s ok=True obj=0.2921477650936128 ref=0.292147765093613
netlib/tuff                    par              optimal        0.072s ok=True obj=0.2921477650936128 ref=0.292147765093613
netlib/vtp.base                serial           optimal        0.003s ok=True obj=129831.46246136137 ref=129831.46246136137
netlib/vtp.base                par              optimal        0.003s ok=True obj=129831.46246136137 ref=129831.46246136137
netlib/wood1p                  serial           optimal        0.224s ok=True obj=1.44290241157341 ref=1.442902411573409
netlib/wood1p                  par              optimal        0.225s ok=True obj=1.44290241157341 ref=1.442902411573409
netlib/woodw                   serial           optimal        0.089s ok=True obj=1.3044763330842297 ref=1.3044763330842293
netlib/woodw                   par              optimal        0.149s ok=True obj=1.3044763330842297 ref=1.3044763330842293
kennington/cre-a               serial           optimal        0.237s ok=True obj=23595407.06097162 ref=23595407.06097162
kennington/cre-a               par              optimal        0.306s ok=True obj=23595407.06097162 ref=23595407.06097162
kennington/cre-b               serial           optimal        5.522s ok=True obj=23129639.88683236 ref=23129639.88683238
kennington/cre-b               par              optimal        5.282s ok=True obj=23129639.88683236 ref=23129639.88683238
kennington/cre-c               serial           optimal        0.215s ok=True obj=25275116.140880227 ref=25275116.14088022
kennington/cre-c               par              optimal        0.317s ok=True obj=25275116.140880227 ref=25275116.14088022
kennington/cre-d               serial           optimal        3.083s ok=True obj=24454969.76454924 ref=24454969.76454924
kennington/cre-d               par              optimal        3.249s ok=True obj=24454969.76454924 ref=24454969.76454924
kennington/ken-07              serial           optimal        0.028s ok=True obj=-679520443.3816886 ref=-679520443.3816886
kennington/ken-07              par              optimal        0.048s ok=True obj=-679520443.3816886 ref=-679520443.3816886
kennington/ken-11              serial           optimal        0.365s ok=True obj=-6972382262.519994 ref=-6972382262.519994
kennington/ken-11              par              optimal        0.397s ok=True obj=-6972382262.519994 ref=-6972382262.519994
kennington/ken-13              serial           optimal        1.378s ok=True obj=-10257394789.482471 ref=-10257394789.48247
kennington/ken-13              par              optimal        1.430s ok=True obj=-10257394789.482471 ref=-10257394789.48247
kennington/ken-18              serial           optimal       18.376s ok=True obj=-52217025287.396805 ref=-52217025287.396805
kennington/ken-18              par              optimal       18.881s ok=True obj=-52217025287.396805 ref=-52217025287.396805
kennington/osa-07              serial           optimal        0.451s ok=True obj=535722.5172993519 ref=535722.517299351
kennington/osa-07              par              optimal        0.463s ok=True obj=535722.5172993519 ref=535722.517299351
kennington/osa-14              serial           optimal        0.804s ok=True obj=1106462.8447362508 ref=1106462.8447362536
kennington/osa-14              par              optimal        0.814s ok=True obj=1106462.8447362508 ref=1106462.8447362536
