netlib/25fv47                  default          optimal        0.129s ok=True obj=5501.845888286753 ref=5501.845888286757
netlib/25fv47                  tol01            optimal        0.104s ok=True obj=5501.845888286751 ref=5501.845888286757
netlib/25fv47                  order            optimal        0.111s ok=True obj=5501.845888286746 ref=5501.845888286757
netlib/25fv47                  piv05            optimal        0.125s ok=True obj=5501.845888286753 ref=5501.845888286757
netlib/80bau3b                 default          optimal        0.772s ok=True obj=987224.1924090909 ref=987224.1924090902
netlib/80bau3b                 tol01            optimal        0.769s ok=True obj=987224.1924090909 ref=987224.1924090902
netlib/80bau3b                 order            optimal        0.746s ok=True obj=987224.1924090909 ref=987224.1924090902
netlib/80bau3b                 piv05            optimal        0.803s ok=True obj=987224.1924090909 ref=987224.1924090902
netlib/adlittle                default          optimal        0.004s ok=True obj=225494.9631623804 ref=225494.9631623803
netlib/adlittle                tol01            optimal        0.005s ok=True obj=225494.96316238056 ref=225494.9631623803
netlib/adlittle                order            optimal        0.004s ok=True obj=225494.96316238033 ref=225494.9631623803
netlib/adlittle                piv05            optimal        0.004s ok=True obj=225494.9631623804 ref=225494.9631623803
netlib/afiro                   default          optimal        0.002s ok=True obj=-464.75314285714285 ref=-464.75314285714285
netlib/afiro                   tol01            optimal        0.002s ok=True obj=-464.75314285714285 ref=-464.75314285714285
netlib/afiro                   order            optimal        0.014s ok=True obj=-464.75314285714285 ref=-464.75314285714285
netlib/afiro                   piv05            optimal        0.013s ok=True obj=-464.75314285714285 ref=-464.75314285714285
netlib/agg                     default          optimal        0.009s ok=True obj=-35991767.286576495 ref=-35991767.2865765
netlib/agg                     tol01            optimal        0.019s ok=True obj=-35991767.286576495 ref=-35991767.2865765
netlib/agg                     order            optimal        0.011s ok=True obj=-35991767.286576495 ref=-35991767.2865765
netlib/agg                     piv05            optimal        0.014s ok=True obj=-35991767.286576495 ref=-35991767.2865765
netlib/agg2                    default          optimal        0.020s ok=True obj=-20239252.355977118 ref=-20239252.355977118
netlib/agg2                    tol01            optimal        0.025s ok=True obj=-20239252.35597711 ref=-20239252.355977118
netlib/agg2                    order            optimal        0.021s ok=True obj=-20239252.355977114 ref=-20239252.355977118
netlib/agg2                    piv05            optimal        0.021s ok=True obj=-20239252.355977118 ref=-20239252.355977118
netlib/agg3                    default          optimal        0.019s ok=True obj=10312115.935089232 ref=10312115.935089216
netlib/agg3                    tol01            optimal        0.019s ok=True obj=10312115.935089232 ref=10312115.935089216
netlib/agg3                    order            optimal        0.027s ok=True obj=10312115.935089225 ref=10312115.935089216
netlib/agg3                    piv05            optimal        0.022s ok=True obj=10312115.935089232 ref=10312115.935089216
netlib/bandm                   default          optimal        0.010s ok=True obj=-158.62801845012078 ref=-158.62801845012078
netlib/bandm                   tol01            optimal        0.014s ok=True obj=-158.62801845012078 ref=-158.62801845012078
netlib/bandm                   order            optimal        0.014s ok=True obj=-158.62801845012072 ref=-158.62801845012078
netlib/bandm                   piv05            optimal        0.010s ok=True obj=-158.62801845012078 ref=-158.62801845012078
netlib/beaconfd                default          optimal        0.003s ok=True obj=33592.48580719999 ref=33592.4858072
netlib/beaconfd                tol01            optimal        0.005s ok=True obj=33592.48580719999 ref=33592.4858072
netlib/beaconfd                order            optimal        0.004s ok=True obj=33592.48580719999 ref=33592.4858072
netlib/beaconfd                piv05            optimal        0.005s ok=True obj=33592.48580719999 ref=33592.4858072
netlib/blend                   default          optimal        0.005s ok=True obj=-30.812149845828245 ref=-30.812149845828237
netlib/blend                   tol01            optimal        0.004s ok=True obj=-30.812149845828237 ref=-30.812149845828237
netlib/blend                   order            optimal        0.004s ok=True obj=-30.812149845828237 ref=-30.812149845828237
netlib/blend                   piv05            optimal        0.005s ok=True obj=-30.812149845828245 ref=-30.812149845828237
netlib/bnl1                    default          optimal        0.106s ok=True obj=1977.6295615228903 ref=1977.6295615228878
netlib/bnl1                    tol01            optimal        0.098s ok=True obj=1977.6295615228896 ref=1977.6295615228878
netlib/bnl1                    order            optimal        0.094s ok=True obj=1977.6295615228894 ref=1977.6295615228878
netlib/bnl1                    piv05            optimal        0.095s ok=True obj=1977.6295615228887 ref=1977.6295615228878
netlib/bnl2                    default          optimal        0.219s ok=True obj=1811.2365403585463 ref=1811.2365403585482
netlib/bnl2                    tol01            optimal        0.239s ok=True obj=1811.2365403585468 ref=1811.2365403585482
netlib/bnl2                    order            optimal        0.250s ok=True obj=1811.2365403585463 ref=1811.2365403585482
netlib/bnl2                    piv05            optimal        0.233s ok=True obj=1811.2365403585463 ref=1811.2365403585482
netlib/boeing1                 default          optimal        0.020s ok=True obj=-335.2135675071269 ref=-335.21356750712675
netlib/boeing1                 tol01            optimal        0.022s ok=True obj=-335.2135675071268 ref=-335.21356750712675
netlib/boeing1                 order            optimal        0.017s ok=True obj=-335.2135675071266 ref=-335.21356750712675
netlib/boeing1                 piv05            optimal        0.017s ok=True obj=-335.2135675071269 ref=-335.21356750712675
netlib/boeing2                 default          optimal        0.011s ok=True obj=-315.0187280152028 ref=-315.0187280152027
netlib/boeing2                 tol01            optimal        0.009s ok=True obj=-315.0187280152029 ref=-315.0187280152027
netlib/boeing2                 order            optimal        0.007s ok=True obj=-315.01872801520284 ref=-315.0187280152027
netlib/boeing2                 piv05            optimal        0.007s ok=True obj=-315.0187280152028 ref=-315.0187280152027
netlib/bore3d                  default          optimal        0.004s ok=True obj=1373.080394208495 ref=1373.0803942084926
netlib/bore3d                  tol01            optimal        0.004s ok=True obj=1373.0803942084924 ref=1373.0803942084926
netlib/bore3d                  order            optimal        0.006s ok=True obj=1373.080394208495 ref=1373.0803942084926
netlib/bore3d                  piv05            optimal        0.005s ok=True obj=1373.080394208495 ref=1373.0803942084926
netlib/brandy                  default          optimal        0.011s ok=True obj=1518.509896488129 ref=1518.5098964881279
netlib/brandy                  tol01            optimal        0.009s ok=True obj=1518.509896488129 ref=1518.5098964881279
netlib/brandy                  order            optimal        0.015s ok=True obj=1518.5098964881288 ref=1518.5098964881279
netlib/brandy                  piv05            optimal        0.009s ok=True obj=1518.509896488129 ref=1518.5098964881279
netlib/capri                   default          optimal        0.011s ok=True obj=2690.012913768161 ref=2690.0129137681593
netlib/capri                   tol01            optimal        0.014s ok=True obj=2690.012913768161 ref=2690.0129137681593
netlib/capri                   order            optimal        0.008s ok=True obj=2690.0129137681606 ref=2690.0129137681593
netlib/capri                   piv05            optimal        0.009s ok=True obj=2690.012913768161 ref=2690.0129137681593
netlib/cycle                   default          optimal        0.192s ok=True obj=-5.226393024894102 ref=-5.226393024894102
netlib/cycle                   tol01            optimal        0.180s ok=True obj=-5.226393024894102 ref=-5.226393024894102
netlib/cycle                   order            optimal        0.240s ok=True obj=-5.226393024894103 ref=-5.226393024894102
netlib/cycle                   piv05            optimal        0.177s ok=True obj=-5.226393024894103 ref=-5.226393024894102
netlib/czprob                  default          optimal        0.049s ok=True obj=2185196.6988565787 ref=2185196.698856578
netlib/czprob                  tol01            optimal        0.050s ok=True obj=2185196.6988565787 ref=2185196.698856578
netlib/czprob                  order            optimal        0.049s ok=True obj=2185196.6988565787 ref=2185196.698856578
netlib/czprob                  piv05            optimal        0.037s ok=True obj=2185196.6988565787 ref=2185196.698856578
netlib/d2q06c                  default          optimal        0.478s ok=True obj=122784.21081418957 ref=122784.2108141893
netlib/d2q06c                  tol01            optimal        0.524s ok=True obj=122784.2108141894 ref=122784.2108141893
netlib/d2q06c                  order            optimal        0.491s ok=True obj=122784.21081418933 ref=122784.2108141893
netlib/d2q06c                  piv05            optimal        0.487s ok=True obj=122784.2108141894 ref=122784.2108141893
netlib/d6cube                  default          optimal        0.255s ok=True obj=315.49166666666656 ref=315.49166666666696
netlib/d6cube                  tol01            optimal        0.248s ok=True obj=315.49166666666656 ref=315.49166666666696
netlib/d6cube                  order            optimal        0.261s ok=True obj=315.4916666666668 ref=315.49166666666696
netlib/d6cube                  piv05            optimal        0.272s ok=True obj=315.4916666666667 ref=315.49166666666696
netlib/degen2                  default          optimal        0.025s ok=True obj=-1435.178 ref=-1435.178
netlib/degen2                  tol01            optimal        0.025s ok=True obj=-1435.1779999999999 ref=-1435.178
netlib/degen2                  order            optimal        0.033s ok=True obj=-1435.178 ref=-1435.178
netlib/degen2                  piv05            optimal        0.039s ok=True obj=-1435.178 ref=-1435.178
netlib/degen3                  default          optimal        0.331s ok=True obj=-987.2940000000006 ref=-987.2940000000007
netlib/degen3                  tol01            optimal        0.321s ok=True obj=-987.2940000000006 ref=-987.2940000000007
netlib/degen3                  order            optimal        0.302s ok=True obj=-987.2940000000006 ref=-987.2940000000007
netlib/degen3                  piv05            optimal        0.334s ok=True obj=-987.2940000000001 ref=-987.2940000000007
netlib/dfl001                  default          optimal       16.930s ok=True obj=11266396.046671398 ref=11266396.04667138
netlib/dfl001                  tol01            optimal       17.014s ok=True obj=11266396.046671398 ref=11266396.04667138
netlib/dfl001                  order            optimal       17.356s ok=True obj=11266396.046671389 ref=11266396.04667138
netlib/dfl001                  piv05            optimal       16.871s ok=True obj=11266396.046671398 ref=11266396.04667138
netlib/e226                    default          optimal        0.014s ok=True obj=-11.638929066370533 ref=-11.638929066370537
netlib/e226                    tol01            optimal        0.017s ok=True obj=-11.638929066370533 ref=-11.638929066370537
netlib/e226                    order            optimal        0.011s ok=True obj=-11.638929066370533 ref=-11.638929066370537
netlib/e226                    piv05            optimal        0.011s ok=True obj=-11.638929066370533 ref=-11.638929066370537
netlib/etamacro                default          optimal        0.025s ok=True obj=-755.715233313166 ref=-755.7152333005275
netlib/etamacro                tol01            optimal        0.027s ok=True obj=-755.7152333131658 ref=-755.7152333005275
netlib/etamacro                order            optimal        0.032s ok=True obj=-755.7152333749133 ref=-755.7152333005275
netlib/etamacro                piv05            optimal        0.025s ok=True obj=-755.715233313166 ref=-755.7152333005275
netlib/fffff800                default          optimal        0.027s ok=True obj=555679.5648174961 ref=555679.5648174963
netlib/fffff800                tol01            optimal        0.026s ok=True obj=555679.5648174961 ref=555679.5648174963
netlib/fffff800                order            optimal        0.029s ok=True obj=555679.5648174961 ref=555679.5648174963
netlib/fffff800                piv05            optimal        0.030s ok=True obj=555679.5648174961 ref=555679.5648174963
netlib/finnis                  default          optimal        0.020s ok=True obj=172791.0655956115 ref=172791.06559561164
netlib/finnis                  tol01            optimal        0.019s ok=True obj=172791.0655956117 ref=172791.06559561164
netlib/finnis                  order            optimal        0.017s ok=True obj=172791.06559561158 ref=172791.06559561164
netlib/finnis                  piv05            optimal        0.017s ok=True obj=172791.0655956115 ref=172791.06559561164
netlib/fit1d                   default          optimal        0.023s ok=True obj=-9146.378092420917 ref=-9146.378092420928
netlib/fit1d                   tol01            optimal        0.027s ok=True obj=-9146.378092420917 ref=-9146.378092420928
netlib/fit1d                   order            optimal        0.022s ok=True obj=-9146.378092420917 ref=-9146.378092420928
netlib/fit1d                   piv05            optimal        0.022s ok=True obj=-9146.378092420917 ref=-9146.378092420928
netlib/fit1p                   default          optimal        0.435s ok=True obj=9146.378092420933 ref=9146.378092420935
netlib/fit1p                   tol01            optimal        0.405s ok=True obj=9146.378092420933 ref=9146.378092420935
netlib/fit1p                   order            optimal        0.434s ok=True obj=9146.378092420933 ref=9146.378092420935
netlib/fit1p                   piv05            optimal        0.406s ok=True obj=9146.378092420933 ref=9146.378092420935
netlib/fit2d                   default          optimal        0.372s ok=True obj=-68464.29329383213 ref=-68464.2932938321
netlib/fit2d                   tol01            optimal        0.347s ok=True obj=-68464.29329383213 ref=-68464.2932938321
netlib/fit2d                   order            optimal        0.332s ok=True obj=-68464.29329383213 ref=-68464.2932938321
netlib/fit2d                   piv05            optimal        0.349s ok=True obj=-68464.29329383213 ref=-68464.2932938321
netlib/fit2p                   default          optimal        0.588s ok=True obj=68464.29329383011 ref=68464.29329383216
netlib/fit2p                   tol01            optimal        0.568s ok=True obj=68464.29329382775 ref=68464.29329383216
netlib/fit2p                   order            optimal        0.589s ok=True obj=68464.29329383238 ref=68464.29329383216
netlib/fit2p                   piv05            optimal        0.602s ok=True obj=68464.29329383011 ref=68464.29329383216
netlib/forplan                 default          optimal        0.020s ok=True obj=-664.2189612722052 ref=-664.2189612722054
netlib/forplan                 tol01            optimal        0.022s ok=True obj=-664.2189612722052 ref=-664.2189612722054
netlib/forplan                 order            optimal        0.024s ok=True obj=-664.2189612722061 ref=-664.2189612722054
netlib/forplan                 piv05            optimal        0.024s ok=True obj=-664.2189612722052 ref=-664.2189612722054
netlib/ganges                  default          optimal        0.059s ok=True obj=-109585.73612927858 ref=-109585.73612927813
netlib/ganges                  tol01            optimal        0.027s ok=True obj=-109585.73612927797 ref=-109585.73612927813
netlib/ganges                  order            optimal        0.038s ok=True obj=-109585.7361292782 ref=-109585.73612927813
netlib/ganges                  piv05            optimal        0.035s ok=True obj=-109585.73612927858 ref=-109585.73612927813
netlib/gfrd-pnc                default          optimal        0.010s ok=True obj=6902235.999548812 ref=6902235.999548812
netlib/gfrd-pnc                tol01            optimal        0.017s ok=True obj=6902235.99954881 ref=6902235.999548812
netlib/gfrd-pnc                order            optimal        0.020s ok=True obj=6902235.999548811 ref=6902235.999548812
netlib/gfrd-pnc                piv05            optimal        0.014s ok=True obj=6902235.999548812 ref=6902235.999548812
netlib/greenbea                default          optimal        0.679s ok=True obj=-72555248.12984864 ref=-72555248.12984587
netlib/greenbea                tol01            optimal        0.755s ok=True obj=-72555248.12985188 ref=-72555248.12984587
netlib/greenbea                order            optimal        0.798s ok=True obj=-72555248.12984592 ref=-72555248.12984587
netlib/greenbea                piv05            optimal        0.736s ok=True obj=-72555248.12984864 ref=-72555248.12984587
netlib/greenbeb                default          optimal        0.630s ok=True obj=-4302260.261206586 ref=-4302260.261206586
netlib/greenbeb                tol01            optimal        0.595s ok=True obj=-4302260.261206586 ref=-4302260.261206586
netlib/greenbeb                order            optimal        1.163s ok=True obj=-4302260.261206588 ref=-4302260.261206586
netlib/greenbeb                piv05            optimal        0.630s ok=True obj=-4302260.261206586 ref=-4302260.261206586
netlib/grow15                  default          optimal        0.027s ok=True obj=-106870941.29357536 ref=-106870941.29357533
netlib/grow15                  tol01            optimal        0.028s ok=True obj=-106870941.29357535 ref=-106870941.29357533
netlib/grow15                  order            optimal        0.122s ok=True obj=-106870941.29357533 ref=-106870941.29357533
netlib/grow15                  piv05            optimal        0.027s ok=True obj=-106870941.29357536 ref=-106870941.29357533
netlib/grow22                  default          optimal        0.054s ok=True obj=-160834336.482563 ref=-160834336.48256296
netlib/grow22                  tol01            optimal        0.044s ok=True obj=-160834336.48256296 ref=-160834336.48256296
netlib/grow22                  order            optimal        0.140s ok=True obj=-160834336.4825629 ref=-160834336.48256296
netlib/grow22                  piv05            optimal        0.057s ok=True obj=-160834336.482563 ref=-160834336.48256296
netlib/grow7                   default          optimal        0.019s ok=True obj=-47787811.81471152 ref=-47787811.8147115
netlib/grow7                   tol01            optimal        0.017s ok=True obj=-47787811.814711526 ref=-47787811.8147115
netlib/grow7                   order            optimal        0.023s ok=True obj=-47787811.814711474 ref=-47787811.8147115
netlib/grow7                   piv05            optimal        0.021s ok=True obj=-47787811.81471152 ref=-47787811.8147115
netlib/israel                  default          optimal        0.023s ok=True obj=-896644.8218630458 ref=-896644.8218630459
netlib/israel                  tol01            optimal        0.028s ok=True obj=-896644.8218630458 ref=-896644.8218630459
netlib/israel                  order            optimal        0.019s ok=True obj=-896644.821863046 ref=-896644.8218630459
netlib/israel                  piv05            optimal        0.027s ok=True obj=-896644.8218630458 ref=-896644.8218630459
netlib/kb2                     default          optimal        0.004s ok=True obj=-1749.9001299062052 ref=-1749.9001299062056
netlib/kb2                     tol01            optimal        0.005s ok=True obj=-1749.9001299062052 ref=-1749.9001299062056
netlib/kb2                     order            optimal        0.003s ok=True obj=-1749.9001299062052 ref=-1749.9001299062056
netlib/kb2                     piv05            optimal        0.003s ok=True obj=-1749.9001299062052 ref=-1749.9001299062056
netlib/lotfi                   default          optimal        0.011s ok=True obj=-25.264706061880037 ref=-25.264706061880002
netlib/lotfi                   tol01            optimal        0.014s ok=True obj=-25.264706061879963 ref=-25.264706061880002
netlib/lotfi                   order            optimal        0.012s ok=True obj=-25.26470606187997 ref=-25.264706061880002
netlib/lotfi                   piv05            optimal        0.009s ok=True obj=-25.264706061880037 ref=-25.264706061880002
netlib/maros                   default          optimal        0.058s ok=True obj=-58063.74370112591 ref=-58063.74370112589
netlib/maros                   tol01            optimal        0.060s ok=True obj=-58063.7437011259 ref=-58063.74370112589
netlib/maros                   order            optimal        0.063s ok=True obj=-58063.7437011259 ref=-58063.74370112589
netlib/maros                   piv05            optimal        0.043s ok=True obj=-58063.74370112592 ref=-58063.74370112589
netlib/maros-r7                default          optimal        0.688s ok=True obj=1497185.166479643 ref=1497185.1664796423
netlib/maros-r7                tol01            optimal        0.662s ok=True obj=1497185.166479643 ref=1497185.1664796423
netlib/maros-r7                order            optimal        0.972s ok=True obj=1497185.166479643 ref=1497185.1664796423
netlib/maros-r7                piv05            optimal        0.611s ok=True obj=1497185.166479643 ref=1497185.1664796423
netlib/modszk1                 default          optimal        0.030s ok=True obj=320.6197290613313 ref=320.61972906434596
netlib/modszk1                 tol01            optimal        0.031s ok=True obj=320.61972906130694 ref=320.61972906434596
netlib/modszk1                 order            optimal        0.040s ok=True obj=320.61972906228283 ref=320.61972906434596
netlib/modszk1                 piv05            optimal        0.026s ok=True obj=320.6197290613313 ref=320.61972906434596
netlib/nesm                    default          optimal        0.275s ok=True obj=14076036.487562718 ref=14076036.487562705
netlib/nesm                    tol01            optimal        0.281s ok=True obj=14076036.487562718 ref=14076036.487562705
netlib/nesm                    order            optimal        0.285s ok=True obj=14076036.487562709 ref=14076036.487562705
netlib/nesm                    piv05            optimal        0.273s ok=True obj=14076036.487562716 ref=14076036.487562705
netlib/perold                  default          optimal        0.143s ok=True obj=-9380.755278235314 ref=-9380.755278235187
netlib/perold                  tol01            optimal        0.147s ok=True obj=-9380.75527823516 ref=-9380.755278235187
netlib/perold                  order            optimal        0.154s ok=True obj=-9380.755278235276 ref=-9380.755278235187
netlib/perold                  piv05            optimal        0.149s ok=True obj=-9380.755278235323 ref=-9380.755278235187
netlib/pilot                   default          optimal        0.797s ok=True obj=-557.4897289591502 ref=-557.4897292744025
netlib/pilot                   tol01            optimal        0.772s ok=True obj=-557.4897289591494 ref=-557.4897292744025
netlib/pilot                   order            optimal        0.922s ok=True obj=-557.4897289591495 ref=-557.4897292744025
netlib/pilot                   piv05            optimal        0.856s ok=True obj=-557.48972895915 ref=-557.4897292744025
netlib/pilot.ja                default          optimal        0.438s ok=True obj=-6113.136465463971 ref=-6113.136465581338
netlib/pilot.ja                tol01            optimal        0.543s ok=True obj=-6113.136465463933 ref=-6113.136465581338
netlib/pilot.ja                order            optimal        0.952s ok=True obj=-6113.136465463972 ref=-6113.136465581338
netlib/pilot.ja                piv05            optimal        0.598s ok=True obj=-6113.136465463954 ref=-6113.136465581338
netlib/pilot.we                default          optimal        0.352s ok=True obj=-2720107.5328449653 ref=-2720107.5328449584
netlib/pilot.we                tol01            optimal        0.278s ok=True obj=-2720107.5328449723 ref=-2720107.5328449584
netlib/pilot.we                order            optimal        0.148s ok=True obj=-2720107.5328449653 ref=-2720107.5328449584
netlib/pilot.we                piv05            optimal        0.329s ok=True obj=-2720107.5328449686 ref=-2720107.5328449584
netlib/pilot4                  default          optimal        0.071s ok=True obj=-2581.139258883904 ref=-2581.1392588838853
netlib/pilot4                  tol01            optimal        0.082s ok=True obj=-2581.139258883524 ref=-2581.1392588838853
netlib/pilot4                  order            optimal        0.079s ok=True obj=-2581.139258883745 ref=-2581.1392588838853
netlib/pilot4                  piv05            optimal        0.102s ok=True obj=-2581.1392588838103 ref=-2581.1392588838853
netlib/pilot87                 default          optimal        7.852s ok=True obj=301.7103473331276 ref=301.71034733310745
netlib/pilot87                 tol01            optimal        2.193s ok=True obj=301.71034733311063 ref=301.71034733310745
netlib/pilot87                 order            optimal        3.205s ok=True obj=301.71034733310984 ref=301.71034733310745
netlib/pilot87                 piv05            optimal        3.788s ok=True obj=301.71034733295147 ref=301.71034733310745
netlib/pilotnov                default          optimal        0.305s ok=True obj=-4497.276188218871 ref=-4497.2761882188715
netlib/pilotnov                tol01            optimal        0.422s ok=True obj=-4497.27618821887 ref=-4497.2761882188715
netlib/pilotnov                order            optimal        0.228s ok=True obj=-4497.276188218871 ref=-4497.2761882188715
netlib/pilotnov                piv05            optimal        0.284s ok=True obj=-4497.276188218871 ref=-4497.2761882188715
netlib/recipe                  default          optimal        0.004s ok=True obj=-266.61600000000027 ref=-266.61600000000027
netlib/recipe                  tol01            optimal        0.003s ok=True obj=-266.61600000000027 ref=-266.61600000000027
netlib/recipe                  order            optimal        0.003s ok=True obj=-266.61600000000027 ref=-266.61600000000027
netlib/recipe                  piv05            optimal        0.003s ok=True obj=-266.61600000000027 ref=-266.61600000000027
netlib/sc105                   default          optimal        0.003s ok=True obj=-52.20206121170723 ref=-52.20206121170723
netlib/sc105                   tol01            optimal        0.003s ok=True obj=-52.20206121170723 ref=-52.20206121170723
netlib/sc105                   order            optimal        0.003s ok=True obj=-52.20206121170723 ref=-52.20206121170723
netlib/sc105                   piv05            optimal        0.005s ok=True obj=-52.20206121170723 ref=-52.20206121170723
netlib/sc205                   default          optimal        0.005s ok=True obj=-52.2020612117072 ref=-52.20206121170721
netlib/sc205                   tol01            optimal        0.006s ok=True obj=-52.2020612117072 ref=-52.20206121170721
netlib/sc205                   order            optimal        0.006s ok=True obj=-52.20206121170723 ref=-52.20206121170721
netlib/sc205                   piv05            optimal        0.007s ok=True obj=-52.2020612117072 ref=-52.20206121170721
netlib/sc50a                   default          optimal        0.002s ok=True obj=-64.5750770585645 ref=-64.5750770585645
netlib/sc50a                   tol01            optimal        0.002s ok=True obj=-64.5750770585645 ref=-64.5750770585645
netlib/sc50a                   order            optimal        0.002s ok=True obj=-64.5750770585645 ref=-64.5750770585645
netlib/sc50a                   piv05            optimal        0.004s ok=True obj=-64.5750770585645 ref=-64.5750770585645
netlib/sc50b                   default          optimal        0.002s ok=True obj=-69.99999999999999 ref=-69.99999999999999
netlib/sc50b                   tol01            optimal        0.002s ok=True obj=-69.99999999999999 ref=-69.99999999999999
netlib/sc50b                   order            optimal        0.002s ok=True obj=-69.99999999999999 ref=-69.99999999999999
netlib/sc50b                   piv05            optimal        0.002s ok=True obj=-69.99999999999999 ref=-69.99999999999999
netlib/scagr25                 default          optimal        0.010s ok=True obj=-14753433.060768524 ref=-14753433.060768528
netlib/scagr25                 tol01            optimal        0.012s ok=True obj=-14753433.06076853 ref=-14753433.060768528
netlib/scagr25                 order            optimal        0.014s ok=True obj=-14753433.060768528 ref=-14753433.060768528
netlib/scagr25                 piv05            optimal        0.016s ok=True obj=-14753433.060768524 ref=-14753433.060768528
netlib/scagr7                  default          optimal        0.005s ok=True obj=-2331389.8243309837 ref=-2331389.824330984
netlib/scagr7                  tol01            optimal        0.006s ok=True obj=-2331389.8243309837 ref=-2331389.824330984
netlib/scagr7                  order            optimal        0.007s ok=True obj=-2331389.8243309837 ref=-2331389.824330984
netlib/scagr7                  piv05            optimal        0.003s ok=True obj=-2331389.8243309837 ref=-2331389.824330984
netlib/scfxm1                  default          optimal        0.015s ok=True obj=18416.759028348944 ref=18416.759028348948
netlib/scfxm1                  tol01            optimal        0.016s ok=True obj=18416.75902834894 ref=18416.759028348948
netlib/scfxm1                  order            optimal        0.017s ok=True obj=18416.759028348944 ref=18416.759028348948
netlib/scfxm1                  piv05            optimal        0.018s ok=True obj=18416.759028348944 ref=18416.759028348948
netlib/scfxm2                  default          optimal        0.032s ok=True obj=36660.26156499881 ref=36660.261564998815
netlib/scfxm2                  tol01            optimal        0.033s ok=True obj=36660.26156499881 ref=36660.261564998815
netlib/scfxm2                  order            optimal        0.029s ok=True obj=36660.26156499881 ref=36660.261564998815
netlib/scfxm2                  piv05            optimal        0.048s ok=True obj=36660.26156499881 ref=36660.261564998815
netlib/scfxm3                  default          optimal        0.043s ok=True obj=54901.25454975145 ref=54901.254549751444
netlib/scfxm3                  tol01            optimal        0.044s ok=True obj=54901.25454975145 ref=54901.254549751444
netlib/scfxm3                  order            optimal        0.048s ok=True obj=54901.25454975145 ref=54901.254549751444
netlib/scfxm3                  piv05            optimal        0.043s ok=True obj=54901.25454975145 ref=54901.254549751444
netlib/scorpion                default          optimal        0.005s ok=True obj=1878.1248227381068 ref=1878.1248227381068
netlib/scorpion                tol01            optimal        0.004s ok=True obj=1878.1248227381066 ref=1878.1248227381068
netlib/scorpion                order            optimal        0.004s ok=True obj=1878.1248227381068 ref=1878.1248227381068
netlib/scorpion                piv05            optimal        0.004s ok=True obj=1878.1248227381068 ref=1878.1248227381068
netlib/scrs8                   default          optimal        0.025s ok=True obj=904.2969538007919 ref=904.296953800792
netlib/scrs8                   tol01            optimal        0.020s ok=True obj=904.2969538007919 ref=904.296953800792
netlib/scrs8                   order            optimal        0.026s ok=True obj=904.2969538007919 ref=904.296953800792
netlib/scrs8                   piv05            optimal        0.023s ok=True obj=904.2969538007919 ref=904.296953800792
netlib/scsd1                   default          optimal        0.007s ok=True obj=8.666666674333364 ref=8.666666674333364
netlib/scsd1                   tol01            optimal        0.006s ok=True obj=8.666666674333364 ref=8.666666674333364
netlib/scsd1                   order            optimal        0.012s ok=True obj=8.666666674333365 ref=8.666666674333364
netlib/scsd1                   piv05            optimal        0.008s ok=True obj=8.666666674333364 ref=8.666666674333364
netlib/scsd6                   default          optimal        0.012s ok=True obj=50.500000077144335 ref=50.5000000782623
netlib/scsd6                   tol01            optimal        0.013s ok=True obj=50.500000077144335 ref=50.5000000782623
netlib/scsd6                   order            optimal        0.010s ok=True obj=50.50000007714435 ref=50.5000000782623
netlib/scsd6                   piv05            optimal        0.010s ok=True obj=50.500000077144335 ref=50.5000000782623
netlib/scsd8                   default          optimal        0.022s ok=True obj=904.9999999254652 ref=904.9999999254643
netlib/scsd8                   tol01            optimal        0.028s ok=True obj=904.9999999254652 ref=904.9999999254643
netlib/scsd8                   order            optimal        0.034s ok=True obj=904.9999999254646 ref=904.9999999254643
netlib/scsd8                   piv05            optimal        0.022s ok=True obj=904.9999999254651 ref=904.9999999254643
netlib/sctap1                  default          optimal        0.017s ok=True obj=1412.25 ref=1412.25
netlib/sctap1                  tol01            optimal        0.010s ok=True obj=1412.25 ref=1412.25
netlib/sctap1                  order            optimal        0.015s ok=True obj=1412.25 ref=1412.25
netlib/sctap1                  piv05            optimal        0.008s ok=True obj=1412.25 ref=1412.25
netlib/sctap2                  default          optimal        0.031s ok=True obj=1724.807142857143 ref=1724.807142857143
netlib/sctap2                  tol01            optimal        0.030s ok=True obj=1724.807142857143 ref=1724.807142857143
netlib/sctap2                  order            optimal        0.033s ok=True obj=1724.807142857143 ref=1724.807142857143
netlib/sctap2                  piv05            optimal        0.031s ok=True obj=1724.807142857143 ref=1724.807142857143
netlib/sctap3                  default          optimal        0.049s ok=True obj=1424.0 ref=1424.0
netlib/sctap3                  tol01            optimal        0.044s ok=True obj=1424.0 ref=1424.0
netlib/sctap3                  order            optimal        0.045s ok=True obj=1424.0 ref=1424.0
netlib/sctap3                  piv05            optimal        0.045s ok=True obj=1424.0 ref=1424.0
netlib/seba                    default          optimal        0.019s ok=True obj=15711.6 ref=15711.599999999999
netlib/seba                    tol01            optimal        0.020s ok=True obj=15711.6 ref=15711.599999999999
netlib/seba                    order            optimal        0.016s ok=True obj=15711.6 ref=15711.599999999999
netlib/seba                    piv05            optimal        0.020s ok=True obj=15711.6 ref=15711.599999999999
netlib/share1b                 default          optimal        0.005s ok=True obj=-76589.31857918567 ref=-76589.31857918572
netlib/share1b                 tol01            optimal        0.009s ok=True obj=-76589.31857918565 ref=-76589.31857918572
netlib/share1b                 order            optimal        0.005s ok=True obj=-76589.31857918568 ref=-76589.31857918572
netlib/share1b                 piv05            optimal        0.008s ok=True obj=-76589.31857918567 ref=-76589.31857918572
netlib/share2b                 default          optimal        0.004s ok=True obj=-415.7322407414206 ref=-415.73224074141945
netlib/share2b                 tol01            optimal        0.007s ok=True obj=-415.7322407414205 ref=-415.73224074141945
netlib/share2b                 order            optimal        0.008s ok=True obj=-415.7322407414206 ref=-415.73224074141945
netlib/share2b                 piv05            optimal        0.004s ok=True obj=-415.7322407414206 ref=-415.73224074141945
netlib/shell                   default          optimal        0.028s ok=True obj=1208825346.0 ref=1208825346.0
netlib/shell                   tol01            optimal        0.026s ok=True obj=1208825346.0 ref=1208825346.0
netlib/shell                   order            optimal        0.027s ok=True obj=1208825346.0 ref=1208825346.0
netlib/shell                   piv05            optimal        0.026s ok=True obj=1208825346.0 ref=1208825346.0
netlib/ship04l                 default          optimal        0.020s ok=True obj=1793324.5379703562 ref=1793324.5379703562
netlib/ship04l                 tol01            optimal        0.019s ok=True obj=1793324.5379703557 ref=1793324.5379703562
netlib/ship04l                 order            optimal        0.018s ok=True obj=1793324.5379703562 ref=1793324.5379703562
netlib/ship04l                 piv05            optimal        0.018s ok=True obj=1793324.5379703555 ref=1793324.5379703562
netlib/ship04s                 default          optimal        0.013s ok=True obj=1798714.700445392 ref=1798714.7004453917
netlib/ship04s                 tol01            optimal        0.013s ok=True obj=1798714.7004453912 ref=1798714.7004453917
netlib/ship04s                 order            optimal        0.015s ok=True obj=1798714.7004453915 ref=1798714.7004453917
netlib/ship04s                 piv05            optimal        0.013s ok=True obj=1798714.700445392 ref=1798714.7004453917
netlib/ship08l                 default          optimal        0.033s ok=True obj=1909055.2113891311 ref=1909055.211389131
netlib/ship08l                 tol01            optimal        0.034s ok=True obj=1909055.2113891311 ref=1909055.211389131
netlib/ship08l                 order            optimal        0.033s ok=True obj=1909055.211389131 ref=1909055.211389131
netlib/ship08l                 piv05            optimal        0.045s ok=True obj=1909055.2113891311 ref=1909055.211389131
netlib/ship08s                 default          optimal        0.017s ok=True obj=1920098.210534618 ref=1920098.2105346182
netlib/ship08s                 tol01            optimal        0.017s ok=True obj=1920098.210534618 ref=1920098.2105346182
netlib/ship08s                 order            optimal        0.018s ok=True obj=1920098.2105346178 ref=1920098.2105346182
netlib/ship08s                 piv05            optimal        0.028s ok=True obj=1920098.2105346178 ref=1920098.2105346182
netlib/ship12l                 default          optimal        0.042s ok=True obj=1470187.9193292658 ref=1470187.9193292663
netlib/ship12l                 tol01            optimal        0.043s ok=True obj=1470187.9193292663 ref=1470187.9193292663
netlib/ship12l                 order            optimal        0.055s ok=True obj=1470187.919329266 ref=1470187.9193292663
netlib/ship12l                 piv05            optimal        0.044s ok=True obj=1470187.9193292658 ref=1470187.9193292663
netlib/ship12s                 default          optimal        0.020s ok=True obj=1489236.1344061326 ref=1489236.1344061329
netlib/ship12s                 tol01            optimal        0.020s ok=True obj=1489236.1344061329 ref=1489236.1344061329
netlib/ship12s                 order            optimal        0.020s ok=True obj=1489236.134406133 ref=1489236.1344061329
netlib/ship12s                 piv05            optimal        0.020s ok=True obj=1489236.1344061326 ref=1489236.1344061329
netlib/sierra                  default          optimal        0.041s ok=True obj=15394362.183631925 ref=15394362.183631929
netlib/sierra                  tol01            optimal        0.040s ok=True obj=15394362.183631925 ref=15394362.183631929
netlib/sierra                  order            optimal        0.045s ok=True obj=15394362.183631927 ref=15394362.183631929
netlib/sierra                  piv05            optimal        0.049s ok=True obj=15394362.183631925 ref=15394362.183631929
netlib/stair                   default          optimal        0.032s ok=True obj=-251.26695119296335 ref=-251.26695119296335
netlib/stair                   tol01            optimal        0.030s ok=True obj=-251.26695119296335 ref=-251.26695119296335
netlib/stair                   order            optimal        0.036s ok=True obj=-251.2669511929633 ref=-251.26695119296335
netlib/stair                   piv05            optimal        0.036s ok=True obj=-251.26695119296335 ref=-251.26695119296335
netlib/standata                default          optimal        0.017s ok=True obj=1257.6995000000002 ref=1257.6995
netlib/standata                tol01            optimal        0.012s ok=True obj=1257.6995000000002 ref=1257.6995
netlib/standata                order            optimal        0.019s ok=True obj=1257.6995000000002 ref=1257.6995
netlib/standata                piv05            optimal        0.014s ok=True obj=1257.6995000000002 ref=1257.6995
netlib/standgub                default          optimal        0.012s ok=True obj=1257.6995000000002 ref=1257.6995
netlib/standgub                tol01            optimal        0.013s ok=True obj=1257.6995000000002 ref=1257.6995
netlib/standgub                order            optimal        0.012s ok=True obj=1257.6995000000002 ref=1257.6995
netlib/standgub                piv05            optimal        0.017s ok=True obj=1257.6995000000002 ref=1257.6995
netlib/standmps                default          optimal        0.017s ok=True obj=1406.0175000000008 ref=1406.0175
netlib/standmps                tol01            optimal        0.031s ok=True obj=1406.0175000000008 ref=1406.0175
netlib/standmps                order            optimal        0.025s ok=True obj=1406.0175000000008 ref=1406.0175
netlib/standmps                piv05            optimal        0.016s ok=True obj=1406.0175000000008 ref=1406.0175
netlib/stocfor1                default          optimal        0.007s ok=True obj=-41131.976219436416 ref=-41131.97621943641
netlib/stocfor1                tol01            optimal        0.004s ok=True obj=-41131.976219436416 ref=-41131.97621943641
netlib/stocfor1                order            optimal        0.004s ok=True obj=-41131.97621943643 ref=-41131.97621943641
netlib/stocfor1                piv05            optimal        0.005s ok=True obj=-41131.976219436416 ref=-41131.97621943641
netlib/stocfor2                default          optimal        0.100s ok=True obj=-39024.40853788211 ref=-39024.408537882104
netlib/stocfor2                tol01            optimal        0.108s ok=True obj=-39024.40853788211 ref=-39024.408537882104
netlib/stocfor2                order            optimal        0.103s ok=True obj=-39024.40853788211 ref=-39024.408537882104
netlib/stocfor2                piv05            optimal        0.097s ok=True obj=-39024.40853788211 ref=-39024.408537882104
netlib/tuff                    default          optimal        0.021s ok=True obj=0.29214776509361284 ref=0.292147765093613
netlib/tuff                    tol01            optimal        0.024s ok=True obj=0.2921477650936127 ref=0.292147765093613
netlib/tuff                    order            optimal        0.026s ok=True obj=0.2921477650936128 ref=0.292147765093613
netlib/tuff                    piv05            optimal        0.030s ok=True obj=0.29214776509361295 ref=0.292147765093613
netlib/vtp.base                default          optimal        0.003s ok=True obj=129831.46246136137 ref=129831.46246136137
netlib/vtp.base                tol01            optimal        0.003s ok=True obj=129831.46246136137 ref=129831.46246136137
netlib/vtp.base                order            optimal        0.004s ok=True obj=129831.46246136137 ref=129831.46246136137
netlib/vtp.base                piv05            optimal        0.004s ok=True obj=129831.46246136137 ref=129831.46246136137
netlib/wood1p                  default          optimal        0.207s ok=True obj=1.4429024115734084 ref=1.442902411573409
netlib/wood1p                  tol01            optimal        0.199s ok=True obj=1.4429024115734084 ref=1.442902411573409
netlib/wood1p                  order            optimal        0.223s ok=True obj=1.4429024115734104 ref=1.442902411573409
netlib/wood1p                  piv05            optimal        0.205s ok=True obj=1.4429024115734104 ref=1.442902411573409
netlib/woodw                   default          optimal        0.098s ok=True obj=1.3044763330842304 ref=1.3044763330842293
netlib/woodw                   tol01            optimal        0.123s ok=True obj=1.3044763330842302 ref=1.3044763330842293
netlib/woodw                   order            optimal        0.110s ok=True obj=1.3044763330842297 ref=1.3044763330842293
netlib/woodw                   piv05            optimal        0.124s ok=True obj=1.3044763330842304 ref=1.3044763330842293
kennington/cre-a               default          optimal        0.356s ok=True obj=23595407.060971614 ref=23595407.06097162
kennington/cre-a               tol01            optimal        0.163s ok=True obj=23595407.060971614 ref=23595407.06097162
kennington/cre-a               order            optimal        0.207s ok=True obj=23595407.060971614 ref=23595407.06097162
kennington/cre-a               piv05            optimal        0.334s ok=True obj=23595407.06097162 ref=23595407.06097162
kennington/cre-b               default          optimal        1.870s ok=True obj=23129639.88683238 ref=23129639.88683238
kennington/cre-b               tol01            optimal        1.863s ok=True obj=23129639.88683238 ref=23129639.88683238
kennington/cre-b               order            optimal        1.750s ok=True obj=23129639.88683238 ref=23129639.88683238
kennington/cre-b               piv05            optimal        1.927s ok=True obj=23129639.88683238 ref=23129639.88683238
kennington/cre-c               default          optimal        0.277s ok=True obj=25275116.140880227 ref=25275116.14088022
kennington/cre-c               tol01            optimal        0.138s ok=True obj=25275116.140880223 ref=25275116.14088022
kennington/cre-c               order            optimal        0.128s ok=True obj=25275116.140880212 ref=25275116.14088022
kennington/cre-c               piv05            optimal        0.271s ok=True obj=25275116.140880235 ref=25275116.14088022
kennington/cre-d               default          optimal        1.737s ok=True obj=24454969.764549248 ref=24454969.76454924
kennington/cre-d               tol01            optimal        1.764s ok=True obj=24454969.76454924 ref=24454969.76454924
kennington/cre-d               order            optimal        1.751s ok=True obj=24454969.764549244 ref=24454969.76454924
kennington/cre-d               piv05            optimal        1.720s ok=True obj=24454969.764549248 ref=24454969.76454924
kennington/ken-07              default          optimal        0.033s ok=True obj=-679520443.3816885 ref=-679520443.3816886
kennington/ken-07              tol01            optimal        0.027s ok=True obj=-679520443.3816885 ref=-679520443.3816886
kennington/ken-07              order            optimal        0.034s ok=True obj=-679520443.3816886 ref=-679520443.3816886
kennington/ken-07              piv05            optimal        0.038s ok=True obj=-679520443.3816886 ref=-679520443.3816886
kennington/ken-11              default          optimal        0.487s ok=True obj=-6972382262.519994 ref=-6972382262.519994
kennington/ken-11              tol01            optimal        0.556s ok=True obj=-6972382262.519994 ref=-6972382262.519994
kennington/ken-11              order            optimal        0.529s ok=True obj=-6972382262.519994 ref=-6972382262.519994
kennington/ken-11              piv05            optimal        0.511s ok=True obj=-6972382262.519994 ref=-6972382262.519994
kennington/ken-13              default          optimal        0.894s ok=True obj=-10257394789.48247 ref=-10257394789.48247
kennington/ken-13              tol01            optimal        0.984s ok=True obj=-10257394789.48247 ref=-10257394789.48247
kennington/ken-13              order            optimal        1.459s ok=True obj=-10257394789.48247 ref=-10257394789.48247
kennington/ken-13              piv05            optimal        0.837s ok=True obj=-10257394789.48247 ref=-10257394789.48247
kennington/ken-18              default          optimal       14.263s ok=True obj=-52217025287.39681 ref=-52217025287.396805
kennington/ken-18              tol01            optimal       15.502s ok=True obj=-52217025287.396805 ref=-52217025287.396805
kennington/ken-18              order            optimal       14.641s ok=True obj=-52217025287.396805 ref=-52217025287.396805
kennington/ken-18              piv05            optimal       14.758s ok=True obj=-52217025287.39681 ref=-52217025287.396805
kennington/osa-07              default          optimal        0.361s ok=True obj=535722.5172993516 ref=535722.517299351
kennington/osa-07              tol01            optimal        0.424s ok=True obj=535722.5172993516 ref=535722.517299351
kennington/osa-07              order            optimal        0.377s ok=True obj=535722.5172993515 ref=535722.517299351
kennington/osa-07              piv05            optimal        0.361s ok=True obj=535722.5172993516 ref=535722.517299351
kennington/osa-14              default          optimal        0.701s ok=True obj=1106462.8447362517 ref=1106462.8447362536
kennington/osa-14              tol01            optimal        0.703s ok=True obj=1106462.8447362517 ref=1106462.8447362536
kennington/osa-14              order            optimal        0.748s ok=True obj=1106462.8447362517 ref=1106462.8447362536
kennington/osa-14              piv05            optimal        0.675s ok=True obj=1106462.8447362517 ref=1106462.8447362536
kennington/osa-30              default          optimal        2.739s ok=True obj=2142139.8732097642 ref=2142139.873209765
kennington/osa-30              tol01            optimal        2.693s ok=True obj=2142139.8732097642 ref=2142139.873209765
kennington/osa-30              order            optimal        2.628s ok=True obj=2142139.8732097642 ref=2142139.873209765
kennington/osa-30              piv05            optimal        2.698s ok=True obj=2142139.8732097642 ref=2142139.873209765
kennington/osa-60              default          optimal        3.720s ok=True obj=4044072.5031574187 ref=4044072.5031574406
kennington/osa-60              tol01            optimal        3.844s ok=True obj=4044072.503157418 ref=4044072.5031574406
kennington/osa-60              order            optimal        3.479s ok=True obj=4044072.5031574187 ref=4044072.5031574406
kennington/osa-60              piv05            optimal        3.570s ok=True obj=4044072.5031574187 ref=4044072.5031574406
kennington/pds-02              default          optimal        0.117s ok=True obj=28857862010.0 ref=28857862010.0
kennington/pds-02              tol01            optimal        0.119s ok=True obj=28857862010.0 ref=28857862010.0
kennington/pds-02              order            optimal        0.134s ok=True obj=28857862010.0 ref=28857862010.0
kennington/pds-02              piv05            optimal        0.127s ok=True obj=28857862010.0 ref=28857862010.0
kennington/pds-06              default          optimal        1.339s ok=True obj=27761037600.0 ref=27761037600.0
kennington/pds-06              tol01            optimal        1.414s ok=True obj=27761037600.0 ref=27761037600.0
kennington/pds-06              order            optimal        1.400s ok=True obj=27761037600.0 ref=27761037600.0
kennington/pds-06              piv05            optimal        1.351s ok=True obj=27761037600.0 ref=27761037600.0
kennington/pds-10              default          optimal        4.814s ok=True obj=26727094976.0 ref=26727094976.0
kennington/pds-10              tol01            optimal        4.818s ok=True obj=26727094976.0 ref=26727094976.0
kennington/pds-10              order            optimal        4.451s ok=True obj=26727094976.0 ref=26727094976.0
kennington/pds-10              piv05            optimal        4.847s ok=True obj=26727094976.0 ref=26727094976.0
kennington/pds-20              default          optimal       21.793s ok=True obj=23821658640.0 ref=23821658640.0
kennington/pds-20              tol01            optimal       25.034s ok=True obj=23821658640.0 ref=23821658640.0
kennington/pds-20              order            optimal       32.167s ok=True obj=23821658640.0 ref=23821658640.0
kennington/pds-20              piv05            optimal       21.782s ok=True obj=23821658640.0 ref=23821658640.0
