mittelmann/datt256             slope_intercept  timeout      300.000s ok=False obj=None ref=256.0000000000258
mittelmann/datt256             ipm_crossover    timeout      300.000s ok=False obj=None ref=256.0000000000258
mittelmann/datt256             race             timeout      300.000s ok=False obj=None ref=256.0000000000258
mittelmann/ex10                slope_intercept  optimal       80.953s ok=True obj=99.99999999999986 ref=100.00000000000013
mittelmann/ex10                ipm_crossover    timeout      300.000s ok=False obj=None ref=100.00000000000013
mittelmann/ex10                race             optimal       79.072s ok=True obj=100.00000000000018 ref=100.00000000000013
mittelmann/fome13              slope_intercept  optimal       16.343s ok=True obj=90131168.37337187 ref=90131168.3733714
mittelmann/fome13              ipm_crossover    optimal       47.360s ok=True obj=90131168.37337187 ref=90131168.3733714
mittelmann/fome13              race             optimal       58.824s ok=True obj=90131168.37337187 ref=90131168.3733714
mittelmann/ns1688926           slope_intercept  optimal       13.639s ok=True obj=262.13594305682756 ref=262.13581760089096
mittelmann/ns1688926           ipm_crossover    timeout      300.000s ok=False obj=None ref=262.13581760089096
mittelmann/ns1688926           race             optimal       15.863s ok=True obj=262.13574157499266 ref=262.13581760089096
mittelmann/nug08-3rd           slope_intercept  optimal      257.777s ok=True obj=214.00000000040208 ref=214.00000000037113
mittelmann/nug08-3rd           ipm_crossover    timeout      300.000s ok=False obj=None ref=214.00000000037113
mittelmann/nug08-3rd           race             optimal      226.393s ok=True obj=214.00000000039927 ref=214.00000000037113
mittelmann/qap15               slope_intercept  timeout      300.000s ok=False obj=None ref=1040.99404095836
mittelmann/qap15               ipm_crossover    timeout      300.000s ok=False obj=None ref=1040.99404095836
mittelmann/qap15               race             timeout      300.000s ok=False obj=None ref=1040.99404095836
mittelmann/s250r10             slope_intercept  optimal       71.055s ok=True obj=-0.17267704190548083 ref=-0.17267704190548075
mittelmann/s250r10             ipm_crossover    timeout      300.000s ok=False obj=None ref=-0.17267704190548075
mittelmann/s250r10             race             optimal       92.523s ok=True obj=-0.17267703498386994 ref=-0.17267704190548075
