mittelmann/datt256             old              timeout      300.000s ok=False obj=None ref=256.0000000000258
mittelmann/datt256             final            timeout      300.000s ok=False obj=None ref=256.0000000000258
mittelmann/datt256             highs_ipm        timeout      300.000s ok=False obj=None ref=256.0000000000258
mittelmann/ex10                old              optimal      143.399s ok=True obj=99.99999999999986 ref=100.00000000000013
mittelmann/ex10                final            optimal      142.861s ok=True obj=99.99999999999986 ref=100.00000000000013
mittelmann/ex10                highs_ipm        optimal       53.431s ok=True obj=100.00000000000023 ref=100.00000000000013
mittelmann/fome13              old              optimal       32.173s ok=True obj=90131168.3733727 ref=90131168.3733714
mittelmann/fome13              final            optimal       32.035s ok=True obj=90131168.3733727 ref=90131168.3733714
mittelmann/fome13              highs_ipm        optimal       41.220s ok=True obj=90131168.37337203 ref=90131168.3733714
mittelmann/ns1688926           old              optimal      102.544s ok=False obj=262.1362492490198 ref=262.13581760089096
mittelmann/ns1688926           final            optimal      102.471s ok=False obj=262.1362492490198 ref=262.13581760089096
mittelmann/ns1688926           highs_ipm        timeout      300.000s ok=False obj=None ref=262.13581760089096
mittelmann/nug08-3rd           old              timeout      300.000s ok=False obj=None ref=214.00000000037113
mittelmann/nug08-3rd           final            timeout      300.000s ok=False obj=None ref=214.00000000037113
mittelmann/nug08-3rd           highs_ipm        timeout      300.000s ok=False obj=None ref=214.00000000037113
mittelmann/qap15               old              timeout      300.000s ok=False obj=None ref=1040.99404095836
mittelmann/qap15               final            optimal       24.146s ok=True obj=1040.994040958478 ref=1040.99404095836
mittelmann/qap15               highs_ipm        optimal       23.599s ok=True obj=1040.9940409583774 ref=1040.99404095836
mittelmann/s250r10             old              optimal      144.435s ok=True obj=-0.17267703498386994 ref=-0.17267704190548075
mittelmann/s250r10             final            optimal       52.486s ok=True obj=-0.17267704190548072 ref=-0.17267704190548075
mittelmann/s250r10             highs_ipm        optimal       93.818s ok=True obj=-0.17267704190548075 ref=-0.17267704190548075
mittelmann/scpm1               old              optimal       94.235s ok=True obj=413.78208601624203 ref=413.78208601619525
mittelmann/scpm1               final            optimal       85.990s ok=True obj=413.78208601624203 ref=413.78208601619525
mittelmann/scpm1               highs_ipm        optimal       69.427s ok=True obj=413.78208601626426 ref=413.78208601619525
