netlib/25fv47                  default          optimal        0.096s ok=True obj=5501.845888286753 ref=5501.845888286757
netlib/25fv47                  rrs2             optimal        0.090s ok=True obj=5501.845888286753 ref=5501.845888286757
netlib/25fv47                  mf_rrs2          optimal        0.099s ok=True obj=5501.845888286753 ref=5501.845888286757
netlib/80bau3b                 default          optimal        0.435s ok=True obj=987224.1924090907 ref=987224.1924090902
netlib/80bau3b                 rrs2             optimal        0.434s ok=True obj=987224.1924090907 ref=987224.1924090902
netlib/80bau3b                 mf_rrs2          optimal        0.436s ok=True obj=987224.1924090907 ref=987224.1924090902
netlib/adlittle                default          optimal        0.002s ok=True obj=225494.9631623804 ref=225494.9631623803
netlib/adlittle                rrs2             optimal        0.002s ok=True obj=225494.9631623804 ref=225494.9631623803
netlib/adlittle                mf_rrs2          optimal        0.002s ok=True obj=225494.9631623804 ref=225494.9631623803
netlib/afiro                   default          optimal        0.001s ok=True obj=-464.75314285714285 ref=-464.75314285714285
netlib/afiro                   rrs2             optimal        0.004s ok=True obj=-464.75314285714285 ref=-464.75314285714285
netlib/afiro                   mf_rrs2          optimal        0.002s ok=True obj=-464.75314285714285 ref=-464.75314285714285
netlib/agg                     default          optimal        0.011s ok=True obj=-35991767.286576495 ref=-35991767.2865765
netlib/agg                     rrs2             optimal        0.010s ok=True obj=-35991767.286576495 ref=-35991767.2865765
netlib/agg                     mf_rrs2          optimal        0.007s ok=True obj=-35991767.286576495 ref=-35991767.2865765
netlib/agg2                    default          optimal        0.025s ok=True obj=-20239252.35597711 ref=-20239252.355977118
netlib/agg2                    rrs2             optimal        0.015s ok=True obj=-20239252.35597711 ref=-20239252.355977118
netlib/agg2                    mf_rrs2          optimal        0.014s ok=True obj=-20239252.35597711 ref=-20239252.355977118
netlib/agg3                    default          optimal        0.021s ok=True obj=10312115.935089232 ref=10312115.935089216
netlib/agg3                    rrs2             optimal        0.024s ok=True obj=10312115.935089232 ref=10312115.935089216
netlib/agg3                    mf_rrs2          optimal        0.018s ok=True obj=10312115.935089232 ref=10312115.935089216
netlib/bandm                   default          optimal        0.011s ok=True obj=-158.62801845012078 ref=-158.62801845012078
netlib/bandm                   rrs2             optimal        0.011s ok=True obj=-158.62801845012078 ref=-158.62801845012078
netlib/bandm                   mf_rrs2          optimal        0.011s ok=True obj=-158.62801845012078 ref=-158.62801845012078
netlib/beaconfd                default          optimal        0.005s ok=True obj=33592.48580719999 ref=33592.4858072
netlib/beaconfd                rrs2             optimal        0.003s ok=True obj=33592.48580719999 ref=33592.4858072
netlib/beaconfd                mf_rrs2          optimal        0.007s ok=True obj=33592.48580719999 ref=33592.4858072
netlib/blend                   default          optimal        0.009s ok=True obj=-30.812149845828245 ref=-30.812149845828237
netlib/blend                   rrs2             optimal        0.003s ok=True obj=-30.812149845828245 ref=-30.812149845828237
netlib/blend                   mf_rrs2          optimal        0.013s ok=True obj=-30.812149845828245 ref=-30.812149845828237
netlib/bnl1                    default          optimal        0.045s ok=True obj=1977.6295615228878 ref=1977.6295615228878
netlib/bnl1                    rrs2             optimal        0.048s ok=True obj=1977.6295615228878 ref=1977.6295615228878
netlib/bnl1                    mf_rrs2          optimal        0.037s ok=True obj=1977.6295615228878 ref=1977.6295615228878
