netlib/25fv47                  x_d:ipm_crossover optimal        0.121s ok=True obj=5501.845888286753 ref=5501.845888286757
netlib/25fv47                  x_p1:ipm_crossover optimal        0.170s ok=True obj=5501.845888286729 ref=5501.845888286757
netlib/25fv47                  x_p2:ipm_crossover optimal        0.117s ok=True obj=5501.84588828675 ref=5501.845888286757
netlib/25fv47                  x_p1n:ipm_crossover optimal        0.127s ok=True obj=5501.845888286753 ref=5501.845888286757
netlib/25fv47                  s_d:slope_intercept optimal        0.342s ok=True obj=5501.845888286753 ref=5501.845888286757
netlib/25fv47                  s_p1:slope_intercept optimal        0.314s ok=True obj=5501.845888286759 ref=5501.845888286757
netlib/25fv47                  s_p2:slope_intercept optimal        0.235s ok=True obj=5501.845888286749 ref=5501.845888286757
netlib/25fv47                  s_p1n:slope_intercept optimal        0.323s ok=True obj=5501.845888286753 ref=5501.845888286757
netlib/80bau3b                 x_d:ipm_crossover optimal        0.717s ok=True obj=987224.1924090909 ref=987224.1924090902
netlib/80bau3b                 x_p1:ipm_crossover optimal        0.685s ok=True obj=987224.1924090912 ref=987224.1924090902
netlib/80bau3b                 x_p2:ipm_crossover optimal        0.756s ok=True obj=987224.192409091 ref=987224.1924090902
netlib/80bau3b                 x_p1n:ipm_crossover optimal        0.695s ok=True obj=987224.1924090907 ref=987224.1924090902
netlib/80bau3b                 s_d:slope_intercept optimal        0.178s ok=True obj=987224.1924090912 ref=987224.1924090902
netlib/80bau3b                 s_p1:slope_intercept optimal        0.170s ok=True obj=987224.1924090912 ref=987224.1924090902
netlib/80bau3b                 s_p2:slope_intercept optimal        0.183s ok=True obj=987224.1924090908 ref=987224.1924090902
netlib/80bau3b                 s_p1n:slope_intercept optimal        0.187s ok=True obj=987224.1924090907 ref=987224.1924090902
netlib/adlittle                x_d:ipm_crossover optimal        0.005s ok=True obj=225494.9631623804 ref=225494.9631623803
netlib/adlittle                x_p1:ipm_crossover optimal        0.007s ok=True obj=225494.96316238015 ref=225494.9631623803
netlib/adlittle                x_p2:ipm_crossover optimal        0.005s ok=True obj=225494.9631623804 ref=225494.9631623803
netlib/adlittle                x_p1n:ipm_crossover optimal        0.003s ok=True obj=225494.96316238036 ref=225494.9631623803
netlib/adlittle                s_d:slope_intercept optimal        0.003s ok=True obj=225494.96316237957 ref=225494.9631623803
netlib/adlittle                s_p1:slope_intercept optimal        0.002s ok=True obj=225494.9631623802 ref=225494.9631623803
netlib/adlittle                s_p2:slope_intercept optimal        0.003s ok=True obj=225494.96316237975 ref=225494.9631623803
netlib/adlittle                s_p1n:slope_intercept optimal        0.003s ok=True obj=225494.96316238036 ref=225494.9631623803
netlib/afiro                   x_d:ipm_crossover optimal        0.003s ok=True obj=-464.75314285714285 ref=-464.75314285714285
netlib/afiro                   x_p1:ipm_crossover optimal        0.002s ok=True obj=-464.75314285714285 ref=-464.75314285714285
netlib/afiro                   x_p2:ipm_crossover optimal        0.002s ok=True obj=-464.75314285714285 ref=-464.75314285714285
netlib/afiro                   x_p1n:ipm_crossover optimal        0.002s ok=True obj=-464.75314285714285 ref=-464.75314285714285
netlib/afiro                   s_d:slope_intercept optimal        0.001s ok=True obj=-464.75314285714285 ref=-464.75314285714285
netlib/afiro                   s_p1:slope_intercept optimal        0.001s ok=True obj=-464.75314285714285 ref=-464.75314285714285
netlib/afiro                   s_p2:slope_intercept optimal        0.001s ok=True obj=-464.75314285714285 ref=-464.75314285714285
netlib/afiro                   s_p1n:slope_intercept optimal        0.001s ok=True obj=-464.75314285714285 ref=-464.75314285714285
