netlib/25fv47                  slope_intercept  optimal        0.256s ok=True obj=5501.845888286753 ref=5501.845888286757
netlib/25fv47                  ipm_crossover    optimal        0.284s ok=True obj=5501.845888286752 ref=5501.845888286757
netlib/80bau3b                 slope_intercept  optimal        0.130s ok=True obj=987224.1924090912 ref=987224.1924090902
netlib/80bau3b                 ipm_crossover    optimal        0.964s ok=True obj=987224.1924090903 ref=987224.1924090902
netlib/adlittle                slope_intercept  optimal        0.001s ok=True obj=225494.96316237957 ref=225494.9631623803
netlib/adlittle                ipm_crossover    optimal        0.033s ok=True obj=225494.9631623804 ref=225494.9631623803
netlib/afiro                   slope_intercept  optimal        0.000s ok=True obj=-464.75314285714285 ref=-464.75314285714285
netlib/afiro                   ipm_crossover    optimal        0.006s ok=True obj=-464.75314285714285 ref=-464.75314285714285
netlib/agg                     slope_intercept  optimal        0.002s ok=True obj=-35991767.28657651 ref=-35991767.2865765
netlib/agg                     ipm_crossover    optimal        0.059s ok=True obj=-35991767.28657649 ref=-35991767.2865765
netlib/agg2                    slope_intercept  optimal        0.003s ok=True obj=-20239252.355977118 ref=-20239252.355977118
netlib/agg2                    ipm_crossover    optimal        0.078s ok=True obj=-20239252.35597711 ref=-20239252.355977118
netlib/agg3                    slope_intercept  optimal        0.004s ok=True obj=10312115.935089227 ref=10312115.935089216
netlib/agg3                    ipm_crossover    optimal        0.128s ok=True obj=10312115.935089229 ref=10312115.935089216
netlib/bandm                   slope_intercept  optimal        0.007s ok=True obj=-158.62801845012044 ref=-158.62801845012078
netlib/bandm                   ipm_crossover    optimal        0.069s ok=True obj=-158.62801845012072 ref=-158.62801845012078
netlib/beaconfd                slope_intercept  optimal        0.001s ok=True obj=33592.48580719999 ref=33592.4858072
netlib/beaconfd                ipm_crossover    optimal        0.006s ok=True obj=33592.48580719999 ref=33592.4858072
netlib/blend                   slope_intercept  optimal        0.001s ok=True obj=-30.812149845828202 ref=-30.812149845828237
netlib/blend                   ipm_crossover    optimal        0.014s ok=True obj=-30.81214984582823 ref=-30.812149845828237
netlib/bnl1                    slope_intercept  optimal        0.033s ok=True obj=1977.629561522888 ref=1977.6295615228878
netlib/bnl1                    ipm_crossover    optimal        0.243s ok=True obj=1977.6295615228905 ref=1977.6295615228878
netlib/bnl2                    slope_intercept  optimal        0.061s ok=True obj=1811.236540358547 ref=1811.2365403585482
netlib/bnl2                    ipm_crossover    optimal        1.186s ok=True obj=1811.236540358546 ref=1811.2365403585482
netlib/boeing1                 slope_intercept  optimal        0.009s ok=True obj=-335.2135675071266 ref=-335.21356750712675
netlib/boeing1                 ipm_crossover    optimal        0.052s ok=True obj=-335.2135675071265 ref=-335.21356750712675
netlib/boeing2                 slope_intercept  optimal        0.002s ok=True obj=-315.0187280152027 ref=-315.0187280152027
netlib/boeing2                 ipm_crossover    optimal        0.013s ok=True obj=-315.0187280152028 ref=-315.0187280152027
netlib/bore3d                  slope_intercept  optimal        0.001s ok=True obj=1373.080394208493 ref=1373.0803942084926
netlib/bore3d                  ipm_crossover    optimal        0.024s ok=True obj=1373.0803942084929 ref=1373.0803942084926
netlib/brandy                  slope_intercept  optimal        0.004s ok=True obj=1518.5098964881292 ref=1518.5098964881279
netlib/brandy                  ipm_crossover    optimal        0.019s ok=True obj=1518.509896488129 ref=1518.5098964881279
netlib/capri                   slope_intercept  optimal        0.003s ok=True obj=2690.0129137681606 ref=2690.0129137681593
netlib/capri                   ipm_crossover    optimal        0.066s ok=True obj=2690.01291376816 ref=2690.0129137681593
netlib/cycle                   slope_intercept  optimal        0.020s ok=True obj=-5.226393024894102 ref=-5.226393024894102
netlib/cycle                   ipm_crossover    optimal        0.667s ok=True obj=-5.226393024894103 ref=-5.226393024894102
netlib/czprob                  slope_intercept  optimal        0.013s ok=True obj=2185196.698856578 ref=2185196.698856578
netlib/czprob                  ipm_crossover    optimal        0.204s ok=True obj=2185196.698856578 ref=2185196.698856578
netlib/d2q06c                  slope_intercept  optimal        1.261s ok=True obj=122784.21081418807 ref=122784.2108141893
netlib/d2q06c                  ipm_crossover    optimal        4.812s ok=True obj=122784.21081418975 ref=122784.2108141893
netlib/d6cube                  slope_intercept  optimal        0.080s ok=True obj=315.4916666666665 ref=315.49166666666696
netlib/d6cube                  ipm_crossover    optimal        0.742s ok=True obj=315.4916666666663 ref=315.49166666666696
netlib/degen2                  slope_intercept  optimal        0.017s ok=True obj=-1435.1779999999997 ref=-1435.178
netlib/degen2                  ipm_crossover    optimal        0.136s ok=True obj=-1435.178 ref=-1435.178
netlib/degen3                  slope_intercept  optimal        0.202s ok=True obj=-987.2940000000272 ref=-987.2940000000007
netlib/degen3                  ipm_crossover    optimal        1.673s ok=True obj=-987.2940000000004 ref=-987.2940000000007
netlib/dfl001                  slope_intercept  optimal        7.758s ok=True obj=11266396.046671389 ref=11266396.04667138
netlib/dfl001                  ipm_crossover    optimal       11.722s ok=True obj=11266396.046671389 ref=11266396.04667138
netlib/e226                    slope_intercept  optimal        0.006s ok=True obj=-11.638929066370483 ref=-11.638929066370537
netlib/e226                    ipm_crossover    optimal        0.033s ok=True obj=-11.638929066370533 ref=-11.638929066370537
netlib/etamacro                slope_intercept  optimal        0.009s ok=True obj=-755.7152333749133 ref=-755.7152333005275
netlib/etamacro                ipm_crossover    optimal        0.078s ok=True obj=-755.7152333522955 ref=-755.7152333005275
netlib/fffff800                slope_intercept  optimal        0.008s ok=True obj=555679.5648174963 ref=555679.5648174963
netlib/fffff800                ipm_crossover    optimal        0.115s ok=True obj=555679.5648174962 ref=555679.5648174963
netlib/finnis                  slope_intercept  optimal        0.005s ok=True obj=172791.0655956116 ref=172791.06559561164
netlib/finnis                  ipm_crossover    optimal        0.050s ok=True obj=172791.0655956116 ref=172791.06559561164
netlib/fit1d                   slope_intercept  optimal        0.006s ok=True obj=-9146.378092420917 ref=-9146.378092420928
netlib/fit1d                   ipm_crossover    optimal        0.082s ok=True obj=-9146.378092420917 ref=-9146.378092420928
netlib/fit1p                   slope_intercept  optimal        0.059s ok=True obj=9146.378092420933 ref=9146.378092420935
netlib/fit1p                   ipm_crossover    optimal        1.081s ok=True obj=9146.378092420933 ref=9146.378092420935
netlib/fit2d                   slope_intercept  optimal        0.085s ok=True obj=-68464.29329383213 ref=-68464.2932938321
netlib/fit2d                   ipm_crossover    optimal        0.857s ok=True obj=-68464.29329383212 ref=-68464.2932938321
netlib/fit2p                   slope_intercept  optimal        1.262s ok=True obj=68464.29329381762 ref=68464.29329383216
netlib/fit2p                   ipm_crossover    optimal       38.406s ok=True obj=68464.29329383219 ref=68464.29329383216
netlib/forplan                 slope_intercept  optimal        0.006s ok=True obj=-664.218961272205 ref=-664.2189612722054
netlib/forplan                 ipm_crossover    optimal        0.210s ok=True obj=-664.2189612721315 ref=-664.2189612722054
netlib/ganges                  slope_intercept  optimal        0.008s ok=True obj=-109585.73612927854 ref=-109585.73612927813
netlib/ganges                  ipm_crossover    optimal        0.078s ok=True obj=-109585.7361292783 ref=-109585.73612927813
netlib/gfrd-pnc                slope_intercept  optimal        0.005s ok=True obj=6902235.999548813 ref=6902235.999548812
netlib/gfrd-pnc                ipm_crossover    optimal        0.087s ok=True obj=6902235.999548811 ref=6902235.999548812
netlib/greenbea                slope_intercept  optimal        0.192s ok=True obj=-72555248.1298459 ref=-72555248.12984587
netlib/greenbea                ipm_crossover    optimal        2.208s ok=True obj=-72555248.12984595 ref=-72555248.12984587
netlib/greenbeb                slope_intercept  optimal        0.370s ok=True obj=-4302260.261206583 ref=-4302260.261206586
netlib/greenbeb                ipm_crossover    optimal        1.811s ok=True obj=-4302260.261206583 ref=-4302260.261206586
netlib/grow15                  slope_intercept  optimal        0.048s ok=True obj=-106870941.29357533 ref=-106870941.29357533
netlib/grow15                  ipm_crossover    optimal        0.115s ok=True obj=-106870941.29357533 ref=-106870941.29357533
netlib/grow22                  slope_intercept  optimal        0.137s ok=True obj=-160834336.482563 ref=-160834336.48256296
netlib/grow22                  ipm_crossover    optimal        0.217s ok=True obj=-160834336.48256296 ref=-160834336.48256296
netlib/grow7                   slope_intercept  optimal        0.022s ok=True obj=-47787811.81471158 ref=-47787811.8147115
netlib/grow7                   ipm_crossover    optimal        0.098s ok=True obj=-47787811.81471151 ref=-47787811.8147115
netlib/israel                  slope_intercept  optimal        0.002s ok=True obj=-896644.8218630459 ref=-896644.8218630459
netlib/israel                  ipm_crossover    optimal        0.062s ok=True obj=-896644.8218630459 ref=-896644.8218630459
netlib/kb2                     slope_intercept  optimal        0.001s ok=True obj=-1749.9001299062068 ref=-1749.9001299062056
netlib/kb2                     ipm_crossover    optimal        0.008s ok=True obj=-1749.9001299062052 ref=-1749.9001299062056
netlib/lotfi                   slope_intercept  optimal        0.002s ok=True obj=-25.264706061880002 ref=-25.264706061880002
netlib/lotfi                   ipm_crossover    optimal        0.046s ok=True obj=-25.264706061880005 ref=-25.264706061880002
netlib/maros                   slope_intercept  optimal        0.031s ok=True obj=-58063.7437011259 ref=-58063.74370112589
netlib/maros                   ipm_crossover    optimal        0.231s ok=True obj=-58063.7437011259 ref=-58063.74370112589
netlib/maros-r7                slope_intercept  optimal        0.802s ok=True obj=1497185.1664796427 ref=1497185.1664796423
netlib/maros-r7                ipm_crossover    optimal        0.975s ok=True obj=1497185.166479643 ref=1497185.1664796423
netlib/modszk1                 slope_intercept  optimal        0.019s ok=True obj=320.6197290600212 ref=320.61972906434596
netlib/modszk1                 ipm_crossover    optimal        0.095s ok=True obj=320.61972906130757 ref=320.61972906434596
netlib/nesm                    slope_intercept  optimal        0.082s ok=True obj=14076036.487562718 ref=14076036.487562705
netlib/nesm                    ipm_crossover    optimal        0.839s ok=True obj=14076036.487562714 ref=14076036.487562705
netlib/perold                  slope_intercept  optimal        0.071s ok=True obj=-9380.755278234512 ref=-9380.755278235187
netlib/perold                  ipm_crossover    optimal        1.027s ok=True obj=-9380.755278234512 ref=-9380.755278235187
netlib/pilot                   slope_intercept  optimal        0.989s ok=True obj=-557.4897292847282 ref=-557.4897292744025
netlib/pilot                   ipm_crossover    optimal        2.153s ok=True obj=-557.4897292845291 ref=-557.4897292744025
netlib/pilot.ja                slope_intercept  optimal        0.164s ok=True obj=-6113.136465463829 ref=-6113.136465581338
netlib/pilot.ja                ipm_crossover    optimal        2.579s ok=True obj=-6113.136465463882 ref=-6113.136465581338
netlib/pilot.we                slope_intercept  optimal        0.131s ok=True obj=-2720107.5328449626 ref=-2720107.5328449584
netlib/pilot.we                ipm_crossover    optimal        1.027s ok=True obj=-2720107.5328449626 ref=-2720107.5328449584
netlib/pilot4                  slope_intercept  optimal        0.030s ok=True obj=-2581.139258883928 ref=-2581.1392588838853
netlib/pilot4                  ipm_crossover    optimal        0.817s ok=True obj=-2581.1392588836843 ref=-2581.1392588838853
netlib/pilot87                 slope_intercept  optimal        3.899s ok=True obj=301.7103473330823 ref=301.71034733310745
netlib/pilot87                 ipm_crossover    optimal        6.724s ok=True obj=301.71034733311035 ref=301.71034733310745
netlib/pilotnov                slope_intercept  optimal        0.083s ok=True obj=-4497.276188218871 ref=-4497.2761882188715
netlib/pilotnov                ipm_crossover    optimal        1.853s ok=True obj=-4497.276188218871 ref=-4497.2761882188715
netlib/recipe                  slope_intercept  optimal        0.001s ok=True obj=-266.61600000000027 ref=-266.61600000000027
netlib/recipe                  ipm_crossover    optimal        0.014s ok=True obj=-266.61600000000027 ref=-266.61600000000027
netlib/sc105                   slope_intercept  optimal        0.001s ok=True obj=-52.202061211707274 ref=-52.20206121170723
netlib/sc105                   ipm_crossover    optimal        0.034s ok=True obj=-52.20206121170723 ref=-52.20206121170723
netlib/sc205                   slope_intercept  optimal        0.003s ok=True obj=-52.20206121170704 ref=-52.20206121170721
netlib/sc205                   ipm_crossover    optimal        0.020s ok=True obj=-52.2020612117072 ref=-52.20206121170721
netlib/sc50a                   slope_intercept  optimal        0.000s ok=True obj=-64.57507705856449 ref=-64.5750770585645
netlib/sc50a                   ipm_crossover    optimal        0.011s ok=True obj=-64.5750770585645 ref=-64.5750770585645
netlib/sc50b                   slope_intercept  optimal        0.000s ok=True obj=-70.0 ref=-69.99999999999999
netlib/sc50b                   ipm_crossover    optimal        0.004s ok=True obj=-69.99999999999999 ref=-69.99999999999999
netlib/scagr25                 slope_intercept  optimal        0.004s ok=True obj=-14753433.060768448 ref=-14753433.060768528
netlib/scagr25                 ipm_crossover    optimal        0.037s ok=True obj=-14753433.060768522 ref=-14753433.060768528
netlib/scagr7                  slope_intercept  optimal        0.001s ok=True obj=-2331389.824330984 ref=-2331389.824330984
netlib/scagr7                  ipm_crossover    optimal        0.012s ok=True obj=-2331389.824330984 ref=-2331389.824330984
netlib/scfxm1                  slope_intercept  optimal        0.006s ok=True obj=18416.759028348948 ref=18416.759028348948
netlib/scfxm1                  ipm_crossover    optimal        0.056s ok=True obj=18416.759028348948 ref=18416.759028348948
netlib/scfxm2                  slope_intercept  optimal        0.014s ok=True obj=36660.26156499881 ref=36660.261564998815
netlib/scfxm2                  ipm_crossover    optimal        0.141s ok=True obj=36660.26156499881 ref=36660.261564998815
netlib/scfxm3                  slope_intercept  optimal        0.024s ok=True obj=54901.25454975149 ref=54901.254549751444
netlib/scfxm3                  ipm_crossover    optimal        0.214s ok=True obj=54901.25454975145 ref=54901.254549751444
netlib/scorpion                slope_intercept  optimal        0.001s ok=True obj=1878.1248227381059 ref=1878.1248227381068
netlib/scorpion                ipm_crossover    optimal        0.009s ok=True obj=1878.1248227381068 ref=1878.1248227381068
netlib/scrs8                   slope_intercept  optimal        0.010s ok=True obj=904.2969538007919 ref=904.296953800792
netlib/scrs8                   ipm_crossover    optimal        0.105s ok=True obj=904.2969538007919 ref=904.296953800792
netlib/scsd1                   slope_intercept  optimal        0.003s ok=True obj=8.666666674333364 ref=8.666666674333364
netlib/scsd1                   ipm_crossover    optimal        0.020s ok=True obj=8.666666674333364 ref=8.666666674333364
netlib/scsd6                   slope_intercept  optimal        0.009s ok=True obj=50.50000007714466 ref=50.5000000782623
netlib/scsd6                   ipm_crossover    optimal        0.053s ok=True obj=50.50000007714434 ref=50.5000000782623
netlib/scsd8                   slope_intercept  optimal        0.058s ok=True obj=904.9999999254649 ref=904.9999999254643
netlib/scsd8                   ipm_crossover    optimal        0.097s ok=True obj=904.9999999254642 ref=904.9999999254643
netlib/sctap1                  slope_intercept  optimal        0.005s ok=True obj=1412.2500000000002 ref=1412.25
netlib/sctap1                  ipm_crossover    optimal        0.059s ok=True obj=1412.25 ref=1412.25
netlib/sctap2                  slope_intercept  optimal        0.016s ok=True obj=1724.807142857143 ref=1724.807142857143
netlib/sctap2                  ipm_crossover    optimal        0.157s ok=True obj=1724.807142857143 ref=1724.807142857143
netlib/sctap3                  slope_intercept  optimal        0.022s ok=True obj=1424.0 ref=1424.0
netlib/sctap3                  ipm_crossover    optimal        0.230s ok=True obj=1424.0 ref=1424.0
netlib/seba                    slope_intercept  optimal        0.006s ok=True obj=15711.599999999999 ref=15711.599999999999
netlib/seba                    ipm_crossover    optimal        0.043s ok=True obj=15711.599999999999 ref=15711.599999999999
netlib/share1b                 slope_intercept  optimal        0.002s ok=True obj=-76589.31857918568 ref=-76589.31857918572
netlib/share1b                 ipm_crossover    optimal        0.015s ok=True obj=-76589.31857918567 ref=-76589.31857918572
netlib/share2b                 slope_intercept  optimal        0.001s ok=True obj=-415.7322407414203 ref=-415.73224074141945
netlib/share2b                 ipm_crossover    optimal        0.011s ok=True obj=-415.7322407414207 ref=-415.73224074141945
netlib/shell                   slope_intercept  optimal        0.006s ok=True obj=1208825346.0 ref=1208825346.0
netlib/shell                   ipm_crossover    optimal        0.246s ok=True obj=1208825346.0 ref=1208825346.0
netlib/ship04l                 slope_intercept  optimal        0.011s ok=True obj=1793324.5379703569 ref=1793324.5379703562
netlib/ship04l                 ipm_crossover    optimal        0.653s ok=True obj=1793324.5379703562 ref=1793324.5379703562
netlib/ship04s                 slope_intercept  optimal        0.006s ok=True obj=1798714.7004453917 ref=1798714.7004453917
netlib/ship04s                 ipm_crossover    optimal        0.612s ok=True obj=1798714.7004453915 ref=1798714.7004453917
netlib/ship08l                 slope_intercept  optimal        0.016s ok=True obj=1909055.211389131 ref=1909055.211389131
netlib/ship08l                 ipm_crossover    optimal        0.348s ok=True obj=1909055.2113891307 ref=1909055.211389131
netlib/ship08s                 slope_intercept  optimal        0.009s ok=True obj=1920098.2105346185 ref=1920098.2105346182
netlib/ship08s                 ipm_crossover    optimal        0.146s ok=True obj=1920098.2105346185 ref=1920098.2105346182
netlib/ship12l                 slope_intercept  optimal        0.019s ok=True obj=1470187.9193292663 ref=1470187.9193292663
netlib/ship12l                 ipm_crossover    optimal        0.980s ok=True obj=1470187.9193292663 ref=1470187.9193292663
netlib/ship12s                 slope_intercept  optimal        0.011s ok=True obj=1489236.134406133 ref=1489236.1344061329
netlib/ship12s                 ipm_crossover    optimal        0.264s ok=True obj=1489236.1344061329 ref=1489236.1344061329
netlib/sierra                  slope_intercept  optimal        0.009s ok=True obj=15394362.183631925 ref=15394362.183631929
netlib/sierra                  ipm_crossover    optimal        0.178s ok=True obj=15394362.183631927 ref=15394362.183631929
netlib/stair                   slope_intercept  optimal        0.013s ok=True obj=-251.26695119296338 ref=-251.26695119296335
netlib/stair                   ipm_crossover    optimal        0.100s ok=True obj=-251.26695119296335 ref=-251.26695119296335
netlib/standata                slope_intercept  optimal        0.003s ok=True obj=1257.6995000000002 ref=1257.6995
netlib/standata                ipm_crossover    optimal        0.053s ok=True obj=1257.6995000000002 ref=1257.6995
netlib/standgub                slope_intercept  optimal        0.003s ok=True obj=1257.6995000000002 ref=1257.6995
netlib/standgub                ipm_crossover    optimal        0.085s ok=True obj=1257.6995000000002 ref=1257.6995
netlib/standmps                slope_intercept  optimal        0.004s ok=True obj=1406.0175000000013 ref=1406.0175
netlib/standmps                ipm_crossover    optimal        0.074s ok=True obj=1406.0175000000008 ref=1406.0175
netlib/stocfor1                slope_intercept  optimal        0.001s ok=True obj=-41131.976219436416 ref=-41131.97621943641
netlib/stocfor1                ipm_crossover    optimal        0.039s ok=True obj=-41131.97621943641 ref=-41131.97621943641
netlib/stocfor2                slope_intercept  optimal        0.020s ok=True obj=-39024.408537882104 ref=-39024.408537882104
netlib/stocfor2                ipm_crossover    optimal        0.284s ok=True obj=-39024.40853788211 ref=-39024.408537882104
netlib/tuff                    slope_intercept  optimal        0.005s ok=True obj=0.2921477650935964 ref=0.292147765093613
netlib/tuff                    ipm_crossover    optimal        0.058s ok=True obj=0.2921477650936127 ref=0.292147765093613
netlib/vtp.base                slope_intercept  optimal        0.001s ok=True obj=129831.46246136137 ref=129831.46246136137
netlib/vtp.base                ipm_crossover    optimal        0.017s ok=True obj=129831.46246136137 ref=129831.46246136137
netlib/wood1p                  slope_intercept  optimal        0.062s ok=True obj=1.442902411573458 ref=1.442902411573409
netlib/wood1p                  ipm_crossover    optimal        0.387s ok=True obj=1.44290241157341 ref=1.442902411573409
netlib/woodw                   slope_intercept  optimal        0.035s ok=True obj=1.3044763330842306 ref=1.3044763330842293
netlib/woodw                   ipm_crossover    optimal        0.291s ok=True obj=1.3044763330842295 ref=1.3044763330842293
kennington/cre-b               slope_intercept  optimal        1.674s ok=True obj=23129639.886832375 ref=23129639.88683238
kennington/cre-b               ipm_crossover    optimal       10.342s ok=True obj=23129639.886832375 ref=23129639.88683238
kennington/ken-11              slope_intercept  optimal        0.197s ok=True obj=-6972382262.519993 ref=-6972382262.519994
kennington/ken-11              ipm_crossover    optimal        2.765s ok=True obj=-6972382262.519996 ref=-6972382262.519994
kennington/ken-13              slope_intercept  optimal        0.901s ok=True obj=-10257394789.48247 ref=-10257394789.48247
kennington/ken-13              ipm_crossover    optimal       10.159s ok=True obj=-10257394789.482471 ref=-10257394789.48247
kennington/ken-18              slope_intercept  optimal        8.191s ok=True obj=-52217025287.39679 ref=-52217025287.396805
kennington/ken-18              ipm_crossover    optimal      216.576s ok=True obj=-52217025287.39681 ref=-52217025287.396805
kennington/osa-60              slope_intercept  optimal        1.811s ok=True obj=4044072.503157428 ref=4044072.5031574406
kennington/osa-60              ipm_crossover    optimal       21.874s ok=True obj=4044072.5031574173 ref=4044072.5031574406
kennington/pds-20              slope_intercept  optimal        3.600s ok=True obj=23821658640.0 ref=23821658640.0
kennington/pds-20              ipm_crossover    optimal      508.246s ok=True obj=23821658640.0 ref=23821658640.0
mittelmann/L1_sixm250obs       slope_intercept  timeout      600.000s ok=False obj=None ref=None
Traceback (most recent call last):
  File "/home/user/enomoto_solver/scripts/crossover_bench/run.py", line 183, in <module>
    main()
  File "/home/user/enomoto_solver/scripts/crossover_bench/run.py", line 165, in main
    times = sorted(r["time"] for r in runs)
            ^^^^^^^^^^^^^^^^^^^^^^^^^^^^^^^
  File "/home/user/enomoto_solver/scripts/crossover_bench/run.py", line 165, in <genexpr>
    times = sorted(r["time"] for r in runs)
                   ~^^^^^^^^
KeyError: 'time'
