netlib/25fv47                  ipm_crossover    optimal        0.204s ok=True obj=5501.845888286751 ref=5501.845888286757
netlib/80bau3b                 ipm_crossover    optimal        0.592s ok=True obj=987224.19240909 ref=987224.1924090902
netlib/adlittle                ipm_crossover    optimal        0.008s ok=True obj=225494.96316238045 ref=225494.9631623803
netlib/afiro                   ipm_crossover    optimal        0.002s ok=True obj=-464.75314285714285 ref=-464.75314285714285
netlib/agg                     ipm_crossover    optimal        0.029s ok=True obj=-35991767.286576495 ref=-35991767.2865765
netlib/agg2                    ipm_crossover    optimal        0.025s ok=True obj=-20239252.35597711 ref=-20239252.355977118
netlib/agg3                    ipm_crossover    optimal        0.029s ok=True obj=10312115.935089232 ref=10312115.935089216
netlib/bandm                   ipm_crossover    optimal        0.030s ok=True obj=-158.62801845012072 ref=-158.62801845012078
netlib/beaconfd                ipm_crossover    optimal        0.003s ok=True obj=33592.48580719999 ref=33592.4858072
netlib/blend                   ipm_crossover    optimal        0.007s ok=True obj=-30.812149845828245 ref=-30.812149845828237
netlib/bnl1                    ipm_crossover    optimal        0.120s ok=True obj=1977.6295615228898 ref=1977.6295615228878
netlib/bnl2                    ipm_crossover    optimal        0.535s ok=True obj=1811.2365403585477 ref=1811.2365403585482
netlib/boeing1                 ipm_crossover    optimal        0.048s ok=True obj=-335.2135675071268 ref=-335.21356750712675
netlib/boeing2                 ipm_crossover    optimal        0.010s ok=True obj=-315.0187280152028 ref=-315.0187280152027
netlib/bore3d                  ipm_crossover    optimal        0.006s ok=True obj=1373.0803942084926 ref=1373.0803942084926
netlib/brandy                  ipm_crossover    optimal        0.015s ok=True obj=1518.509896488129 ref=1518.5098964881279
netlib/capri                   ipm_crossover    optimal        0.009s ok=True obj=2690.0129137681606 ref=2690.0129137681593
netlib/cycle                   ipm_crossover    optimal        0.564s ok=True obj=-5.226393024894105 ref=-5.226393024894102
netlib/czprob                  ipm_crossover    optimal        0.071s ok=True obj=2185196.698856578 ref=2185196.698856578
netlib/d2q06c                  ipm_crossover    optimal        2.330s ok=True obj=122784.21081418807 ref=122784.2108141893
netlib/d6cube                  ipm_crossover    optimal        1.319s ok=True obj=315.4916666666668 ref=315.49166666666696
netlib/degen2                  ipm_crossover    optimal        0.053s ok=True obj=-1435.1780000000003 ref=-1435.178
netlib/degen3                  ipm_crossover    optimal        0.412s ok=True obj=-987.2939999999998 ref=-987.2940000000007
netlib/dfl001                  ipm_crossover    optimal       11.638s ok=True obj=11266396.046671389 ref=11266396.04667138
netlib/e226                    ipm_crossover    optimal        0.028s ok=True obj=-11.638929066370515 ref=-11.638929066370537
netlib/etamacro                ipm_crossover    optimal        0.022s ok=True obj=-755.7152333097047 ref=-755.7152333005275
netlib/fffff800                ipm_crossover    optimal        0.034s ok=True obj=555679.5648174961 ref=555679.5648174963
netlib/finnis                  ipm_crossover    optimal        0.045s ok=True obj=172791.06559561167 ref=172791.06559561164
netlib/fit1d                   ipm_crossover    optimal        0.064s ok=True obj=-9146.378092420917 ref=-9146.378092420928
netlib/fit1p                   ipm_crossover    optimal        0.724s ok=True obj=9146.378092420933 ref=9146.378092420935
netlib/fit2d                   ipm_crossover    optimal        0.579s ok=True obj=-68464.29329383213 ref=-68464.2932938321
netlib/fit2p                   ipm_crossover    optimal        0.431s ok=True obj=68464.29329383218 ref=68464.29329383216
netlib/forplan                 ipm_crossover    optimal        0.061s ok=True obj=-664.2189612722062 ref=-664.2189612722054
netlib/ganges                  ipm_crossover    optimal        0.067s ok=True obj=-109585.73612927819 ref=-109585.73612927813
netlib/gfrd-pnc                ipm_crossover    optimal        0.016s ok=True obj=6902235.999548811 ref=6902235.999548812
netlib/greenbea                ipm_crossover    optimal        1.962s ok=True obj=-72555248.1298489 ref=-72555248.12984587
netlib/greenbeb                ipm_crossover    optimal        1.440s ok=True obj=-4302260.261206583 ref=-4302260.261206586
netlib/grow15                  ipm_crossover    optimal        0.061s ok=True obj=-106870941.29357536 ref=-106870941.29357533
netlib/grow22                  ipm_crossover    optimal        0.087s ok=True obj=-160834336.482563 ref=-160834336.48256296
netlib/grow7                   ipm_crossover    optimal        0.015s ok=True obj=-47787811.8147115 ref=-47787811.8147115
netlib/israel                  ipm_crossover    optimal        0.028s ok=True obj=-896644.8218630459 ref=-896644.8218630459
netlib/kb2                     ipm_crossover    optimal        0.005s ok=True obj=-1749.9001299062052 ref=-1749.9001299062056
netlib/lotfi                   ipm_crossover    optimal        0.007s ok=True obj=-25.264706061880013 ref=-25.264706061880002
netlib/maros                   ipm_crossover    optimal        0.183s ok=True obj=-58063.743701125895 ref=-58063.74370112589
netlib/maros-r7                ipm_crossover    optimal        0.584s ok=True obj=1497185.1664796432 ref=1497185.1664796423
netlib/modszk1                 ipm_crossover    optimal        0.067s ok=True obj=320.61972906130757 ref=320.61972906434596
netlib/nesm                    ipm_crossover    optimal        0.304s ok=True obj=14076036.487562727 ref=14076036.487562705
netlib/perold                  ipm_crossover    optimal        0.939s ok=True obj=-9380.755278234512 ref=-9380.755278235187
netlib/pilot                   ipm_crossover    optimal        2.021s ok=True obj=-557.4897292847282 ref=-557.4897292744025
netlib/pilot.ja                ipm_crossover    optimal        0.838s ok=True obj=-6113.136465463829 ref=-6113.136465581338
netlib/pilot.we                ipm_crossover    optimal        0.720s ok=True obj=-2720107.5328449626 ref=-2720107.5328449584
netlib/pilot4                  ipm_crossover    optimal        0.636s ok=True obj=-2581.139258883928 ref=-2581.1392588838853
netlib/pilot87                 ipm_crossover    optimal        6.050s ok=True obj=301.7103473330823 ref=301.71034733310745
netlib/pilotnov                ipm_crossover    optimal        0.822s ok=True obj=-4497.27618821887 ref=-4497.2761882188715
netlib/recipe                  ipm_crossover    optimal        0.021s ok=True obj=-266.61600000000027 ref=-266.61600000000027
netlib/sc105                   ipm_crossover    optimal        0.004s ok=True obj=-52.20206121170723 ref=-52.20206121170723
netlib/sc205                   ipm_crossover    optimal        0.006s ok=True obj=-52.2020612117072 ref=-52.20206121170721
netlib/sc50a                   ipm_crossover    optimal        0.003s ok=True obj=-64.5750770585645 ref=-64.5750770585645
netlib/sc50b                   ipm_crossover    optimal        0.002s ok=True obj=-69.99999999999999 ref=-69.99999999999999
netlib/scagr25                 ipm_crossover    optimal        0.035s ok=True obj=-14753433.060768522 ref=-14753433.060768528
netlib/scagr7                  ipm_crossover    optimal        0.009s ok=True obj=-2331389.824330984 ref=-2331389.824330984
netlib/scfxm1                  ipm_crossover    optimal        0.041s ok=True obj=18416.759028348948 ref=18416.759028348948
netlib/scfxm2                  ipm_crossover    optimal        0.075s ok=True obj=36660.26156499881 ref=36660.261564998815
netlib/scfxm3                  ipm_crossover    optimal        0.125s ok=True obj=54901.25454975145 ref=54901.254549751444
netlib/scorpion                ipm_crossover    optimal        0.009s ok=True obj=1878.1248227381068 ref=1878.1248227381068
netlib/scrs8                   ipm_crossover    optimal        0.070s ok=True obj=904.2969538007919 ref=904.296953800792
netlib/scsd1                   ipm_crossover    optimal        0.006s ok=True obj=8.666666674333365 ref=8.666666674333364
netlib/scsd6                   ipm_crossover    optimal        0.026s ok=True obj=50.500000077144335 ref=50.5000000782623
netlib/scsd8                   ipm_crossover    optimal        0.049s ok=True obj=904.999999925464 ref=904.9999999254643
netlib/sctap1                  ipm_crossover    optimal        0.018s ok=True obj=1412.25 ref=1412.25
netlib/sctap2                  ipm_crossover    optimal        0.122s ok=True obj=1724.807142857143 ref=1724.807142857143
netlib/sctap3                  ipm_crossover    optimal        0.139s ok=True obj=1424.0 ref=1424.0
netlib/seba                    ipm_crossover    optimal        0.045s ok=True obj=15711.599999999999 ref=15711.599999999999
