netlib/25fv47                  default          optimal        0.096s ok=True obj=5501.845888286753 ref=5501.845888286757
netlib/25fv47                  best             optimal        0.100s ok=True obj=5501.845888286753 ref=5501.845888286757
netlib/25fv47                  metis            optimal        0.103s ok=True obj=5501.845888286753 ref=5501.845888286757
netlib/80bau3b                 default          optimal        0.422s ok=True obj=987224.1924090907 ref=987224.1924090902
netlib/80bau3b                 best             optimal        0.473s ok=True obj=987224.1924090907 ref=987224.1924090902
netlib/80bau3b                 metis            optimal        0.444s ok=True obj=987224.1924090907 ref=987224.1924090902
netlib/adlittle                default          optimal        0.003s ok=True obj=225494.9631623804 ref=225494.9631623803
netlib/adlittle                best             optimal        0.003s ok=True obj=225494.9631623804 ref=225494.9631623803
netlib/adlittle                metis            optimal        0.003s ok=True obj=225494.9631623804 ref=225494.9631623803
netlib/afiro                   default          optimal        0.002s ok=True obj=-464.75314285714285 ref=-464.75314285714285
netlib/afiro                   best             optimal        0.002s ok=True obj=-464.75314285714285 ref=-464.75314285714285
netlib/afiro                   metis            optimal        0.005s ok=True obj=-464.75314285714285 ref=-464.75314285714285
netlib/agg                     default          optimal        0.010s ok=True obj=-35991767.286576495 ref=-35991767.2865765
netlib/agg                     best             optimal        0.010s ok=True obj=-35991767.286576495 ref=-35991767.2865765
netlib/agg                     metis            optimal        0.010s ok=True obj=-35991767.286576495 ref=-35991767.2865765
netlib/agg2                    default          optimal        0.024s ok=True obj=-20239252.35597711 ref=-20239252.355977118
netlib/agg2                    best             optimal        0.023s ok=True obj=-20239252.35597711 ref=-20239252.355977118
netlib/agg2                    metis            optimal        0.028s ok=True obj=-20239252.35597711 ref=-20239252.355977118
netlib/agg3                    default          optimal        0.022s ok=True obj=10312115.935089232 ref=10312115.935089216
netlib/agg3                    best             optimal        0.023s ok=True obj=10312115.935089232 ref=10312115.935089216
netlib/agg3                    metis            optimal        0.020s ok=True obj=10312115.935089232 ref=10312115.935089216
netlib/bandm                   default          optimal        0.014s ok=True obj=-158.62801845012078 ref=-158.62801845012078
netlib/bandm                   best             optimal        0.008s ok=True obj=-158.62801845012078 ref=-158.62801845012078
netlib/bandm                   metis            optimal        0.010s ok=True obj=-158.62801845012078 ref=-158.62801845012078
netlib/beaconfd                default          optimal        0.003s ok=True obj=33592.48580719999 ref=33592.4858072
netlib/beaconfd                best             optimal        0.005s ok=True obj=33592.48580719999 ref=33592.4858072
netlib/beaconfd                metis            optimal        0.003s ok=True obj=33592.48580719999 ref=33592.4858072
netlib/blend                   default          optimal        0.002s ok=True obj=-30.812149845828245 ref=-30.812149845828237
netlib/blend                   best             optimal        0.002s ok=True obj=-30.812149845828245 ref=-30.812149845828237
netlib/blend                   metis            optimal        0.003s ok=True obj=-30.812149845828245 ref=-30.812149845828237
netlib/bnl1                    default          optimal        0.048s ok=True obj=1977.6295615228878 ref=1977.6295615228878
netlib/bnl1                    best             optimal        0.044s ok=True obj=1977.6295615228878 ref=1977.6295615228878
netlib/bnl1                    metis            optimal        0.037s ok=True obj=1977.6295615228878 ref=1977.6295615228878
netlib/bnl2                    default          optimal        0.155s ok=True obj=1811.2365403585477 ref=1811.2365403585482
netlib/bnl2                    best             optimal        0.175s ok=True obj=1811.2365403585477 ref=1811.2365403585482
netlib/bnl2                    metis            optimal        0.155s ok=True obj=1811.2365403585477 ref=1811.2365403585482
netlib/boeing1                 default          optimal        0.014s ok=True obj=-335.2135675071269 ref=-335.21356750712675
netlib/boeing1                 best             optimal        0.014s ok=True obj=-335.2135675071269 ref=-335.21356750712675
netlib/boeing1                 metis            optimal        0.019s ok=True obj=-335.2135675071269 ref=-335.21356750712675
netlib/boeing2                 default          optimal        0.004s ok=True obj=-315.0187280152028 ref=-315.0187280152027
netlib/boeing2                 best             optimal        0.006s ok=True obj=-315.0187280152028 ref=-315.0187280152027
netlib/boeing2                 metis            optimal        0.004s ok=True obj=-315.0187280152028 ref=-315.0187280152027
netlib/bore3d                  default          optimal        0.003s ok=True obj=1373.0803942084926 ref=1373.0803942084926
netlib/bore3d                  best             optimal        0.003s ok=True obj=1373.0803942084926 ref=1373.0803942084926
netlib/bore3d                  metis            optimal        0.004s ok=True obj=1373.0803942084926 ref=1373.0803942084926
netlib/brandy                  default          optimal        0.007s ok=True obj=1518.509896488129 ref=1518.5098964881279
netlib/brandy                  best             optimal        0.012s ok=True obj=1518.509896488129 ref=1518.5098964881279
netlib/brandy                  metis            optimal        0.008s ok=True obj=1518.509896488129 ref=1518.5098964881279
netlib/capri                   default          optimal        0.007s ok=True obj=2690.012913768161 ref=2690.0129137681593
netlib/capri                   best             optimal        0.008s ok=True obj=2690.012913768161 ref=2690.0129137681593
netlib/capri                   metis            optimal        0.008s ok=True obj=2690.012913768161 ref=2690.0129137681593
netlib/cycle                   default          optimal        0.098s ok=True obj=-5.226393024894103 ref=-5.226393024894102
netlib/cycle                   best             optimal        0.122s ok=True obj=-5.226393024894103 ref=-5.226393024894102
netlib/cycle                   metis            optimal        0.106s ok=True obj=-5.226393024894103 ref=-5.226393024894102
netlib/czprob                  default          optimal        0.033s ok=True obj=2185196.6988565787 ref=2185196.698856578
netlib/czprob                  best             optimal        0.038s ok=True obj=2185196.6988565787 ref=2185196.698856578
netlib/czprob                  metis            optimal        0.032s ok=True obj=2185196.6988565787 ref=2185196.698856578
netlib/d2q06c                  default          optimal        0.370s ok=True obj=122784.21081418943 ref=122784.2108141893
netlib/d2q06c                  best             optimal        0.430s ok=True obj=122784.21081418943 ref=122784.2108141893
netlib/d2q06c                  metis            optimal        0.433s ok=True obj=122784.21081418943 ref=122784.2108141893
netlib/d6cube                  default          optimal        0.181s ok=True obj=315.49166666666656 ref=315.49166666666696
netlib/d6cube                  best             optimal        0.171s ok=True obj=315.49166666666656 ref=315.49166666666696
netlib/d6cube                  metis            optimal        0.218s ok=True obj=315.49166666666656 ref=315.49166666666696
netlib/degen2                  default          optimal        0.028s ok=True obj=-1435.178 ref=-1435.178
netlib/degen2                  best             optimal        0.032s ok=True obj=-1435.178 ref=-1435.178
netlib/degen2                  metis            optimal        0.024s ok=True obj=-1435.178 ref=-1435.178
netlib/degen3                  default          optimal        0.254s ok=True obj=-987.2940000000006 ref=-987.2940000000007
netlib/degen3                  best             optimal        0.267s ok=True obj=-987.2940000000006 ref=-987.2940000000007
netlib/degen3                  metis            optimal        0.267s ok=True obj=-987.2940000000006 ref=-987.2940000000007
netlib/dfl001                  default          optimal        5.356s ok=True obj=11266396.046671897 ref=11266396.04667138
netlib/dfl001                  best             optimal        3.291s ok=True obj=11266396.046685195 ref=11266396.04667138
netlib/dfl001                  metis            optimal        3.082s ok=True obj=11266396.046685195 ref=11266396.04667138
netlib/e226                    default          optimal        0.011s ok=True obj=-11.638929066370533 ref=-11.638929066370537
netlib/e226                    best             optimal        0.013s ok=True obj=-11.638929066370533 ref=-11.638929066370537
netlib/e226                    metis            optimal        0.010s ok=True obj=-11.638929066370533 ref=-11.638929066370537
netlib/etamacro                default          optimal        0.033s ok=True obj=-755.7152333749132 ref=-755.7152333005275
netlib/etamacro                best             optimal        0.025s ok=True obj=-755.7152333749132 ref=-755.7152333005275
netlib/etamacro                metis            optimal        0.026s ok=True obj=-755.7152333749132 ref=-755.7152333005275
netlib/fffff800                default          optimal        0.029s ok=True obj=555679.5648174959 ref=555679.5648174963
netlib/fffff800                best             optimal        0.030s ok=True obj=555679.5648174959 ref=555679.5648174963
netlib/fffff800                metis            optimal        0.030s ok=True obj=555679.5648174959 ref=555679.5648174963
netlib/finnis                  default          optimal        0.027s ok=True obj=172791.06620987214 ref=172791.06559561164
netlib/finnis                  best             optimal        0.010s ok=True obj=172791.06620987214 ref=172791.06559561164
netlib/finnis                  metis            optimal        0.012s ok=True obj=172791.06620987214 ref=172791.06559561164
netlib/fit1d                   default          optimal        0.032s ok=True obj=-9146.378092420917 ref=-9146.378092420928
netlib/fit1d                   best             optimal        0.024s ok=True obj=-9146.378092420917 ref=-9146.378092420928
netlib/fit1d                   metis            optimal        0.026s ok=True obj=-9146.378092420917 ref=-9146.378092420928
netlib/fit1p                   default          optimal        0.319s ok=True obj=9146.378092420933 ref=9146.378092420935
netlib/fit1p                   best             optimal        0.274s ok=True obj=9146.378092420933 ref=9146.378092420935
netlib/fit1p                   metis            optimal        0.288s ok=True obj=9146.378092420933 ref=9146.378092420935
netlib/fit2d                   default          optimal        0.276s ok=True obj=-68464.29329383213 ref=-68464.2932938321
netlib/fit2d                   best             optimal        0.337s ok=True obj=-68464.29329383213 ref=-68464.2932938321
netlib/fit2d                   metis            optimal        0.280s ok=True obj=-68464.29329383213 ref=-68464.2932938321
netlib/fit2p                   default          optimal        0.570s ok=True obj=68464.29329383011 ref=68464.29329383216
netlib/fit2p                   best             optimal        0.538s ok=True obj=68464.29329383011 ref=68464.29329383216
netlib/fit2p                   metis            optimal        0.612s ok=True obj=68464.29329383011 ref=68464.29329383216
netlib/forplan                 default          optimal        0.015s ok=True obj=-664.2189612722044 ref=-664.2189612722054
netlib/forplan                 best             optimal        0.014s ok=True obj=-664.2189612722044 ref=-664.2189612722054
netlib/forplan                 metis            optimal        0.014s ok=True obj=-664.2189612722044 ref=-664.2189612722054
netlib/ganges                  default          optimal        0.023s ok=True obj=-109585.7361292782 ref=-109585.73612927813
netlib/ganges                  best             optimal        0.018s ok=True obj=-109585.7361292782 ref=-109585.73612927813
netlib/ganges                  metis            optimal        0.018s ok=True obj=-109585.7361292782 ref=-109585.73612927813
netlib/gfrd-pnc                default          optimal        0.007s ok=True obj=6902235.999548812 ref=6902235.999548812
netlib/gfrd-pnc                best             optimal        0.008s ok=True obj=6902235.999548812 ref=6902235.999548812
netlib/gfrd-pnc                metis            optimal        0.007s ok=True obj=6902235.999548812 ref=6902235.999548812
netlib/greenbea                default          optimal        0.567s ok=True obj=-72555248.12984875 ref=-72555248.12984587
netlib/greenbea                best             optimal        0.614s ok=True obj=-72555248.12984875 ref=-72555248.12984587
netlib/greenbea                metis            optimal        1.050s ok=True obj=-72555248.12985156 ref=-72555248.12984587
netlib/greenbeb                default          optimal        0.434s ok=True obj=-4302260.261118828 ref=-4302260.261206586
netlib/greenbeb                best             optimal        0.457s ok=True obj=-4302260.261118828 ref=-4302260.261206586
netlib/greenbeb                metis            optimal        1.082s ok=True obj=-4302260.261206588 ref=-4302260.261206586
netlib/grow15                  default          optimal        0.028s ok=True obj=-106870941.29357536 ref=-106870941.29357533
netlib/grow15                  best             optimal        0.020s ok=True obj=-106870941.29357536 ref=-106870941.29357533
netlib/grow15                  metis            optimal        0.028s ok=True obj=-106870941.29357536 ref=-106870941.29357533
netlib/grow22                  default          optimal        0.056s ok=True obj=-160834336.482563 ref=-160834336.48256296
netlib/grow22                  best             optimal        0.038s ok=True obj=-160834336.482563 ref=-160834336.48256296
netlib/grow22                  metis            optimal        0.047s ok=True obj=-160834336.482563 ref=-160834336.48256296
netlib/grow7                   default          optimal        0.015s ok=True obj=-47787811.8147115 ref=-47787811.8147115
netlib/grow7                   best             optimal        0.015s ok=True obj=-47787811.8147115 ref=-47787811.8147115
netlib/grow7                   metis            optimal        0.026s ok=True obj=-47787811.8147115 ref=-47787811.8147115
netlib/israel                  default          optimal        0.015s ok=True obj=-896644.8218630459 ref=-896644.8218630459
netlib/israel                  best             optimal        0.035s ok=True obj=-896644.8218630459 ref=-896644.8218630459
netlib/israel                  metis            optimal        0.024s ok=True obj=-896644.8218630459 ref=-896644.8218630459
netlib/kb2                     default          optimal        0.003s ok=True obj=-1749.9001299062052 ref=-1749.9001299062056
netlib/kb2                     best             optimal        0.003s ok=True obj=-1749.9001299062052 ref=-1749.9001299062056
netlib/kb2                     metis            optimal        0.003s ok=True obj=-1749.9001299062052 ref=-1749.9001299062056
netlib/lotfi                   default          optimal        0.009s ok=True obj=-25.264706061880013 ref=-25.264706061880002
netlib/lotfi                   best             optimal        0.013s ok=True obj=-25.264706061880013 ref=-25.264706061880002
netlib/lotfi                   metis            optimal        0.008s ok=True obj=-25.264706061880013 ref=-25.264706061880002
netlib/maros                   default          optimal        0.036s ok=True obj=-58063.74370112592 ref=-58063.74370112589
netlib/maros                   best             optimal        0.043s ok=True obj=-58063.74370112592 ref=-58063.74370112589
netlib/maros                   metis            optimal        0.053s ok=True obj=-58063.74370112592 ref=-58063.74370112589
netlib/maros-r7                default          optimal        0.459s ok=True obj=1497185.166479643 ref=1497185.1664796423
netlib/maros-r7                best             optimal        0.494s ok=True obj=1497185.166479643 ref=1497185.1664796423
netlib/maros-r7                metis            optimal        0.551s ok=True obj=1497185.166479643 ref=1497185.1664796423
netlib/modszk1                 default          optimal        0.019s ok=True obj=320.6197290612492 ref=320.61972906434596
netlib/modszk1                 best             optimal        0.026s ok=True obj=320.6197290612492 ref=320.61972906434596
netlib/modszk1                 metis            optimal        0.028s ok=True obj=320.6197290612492 ref=320.61972906434596
netlib/nesm                    default          optimal        0.207s ok=True obj=14076036.487562725 ref=14076036.487562705
netlib/nesm                    best             optimal        0.216s ok=True obj=14076036.487562725 ref=14076036.487562705
netlib/nesm                    metis            optimal        0.250s ok=True obj=14076036.487562725 ref=14076036.487562705
netlib/perold                  default          optimal        0.139s ok=True obj=-9380.755278235314 ref=-9380.755278235187
netlib/perold                  best             optimal        0.134s ok=True obj=-9380.755278235314 ref=-9380.755278235187
netlib/perold                  metis            optimal        0.158s ok=True obj=-9380.755278235314 ref=-9380.755278235187
netlib/pilot                   default          optimal        0.550s ok=True obj=-557.4897292791164 ref=-557.4897292744025
netlib/pilot                   best             optimal        0.633s ok=True obj=-557.4897292791164 ref=-557.4897292744025
netlib/pilot                   metis            optimal        0.656s ok=True obj=-557.4897292791164 ref=-557.4897292744025
netlib/pilot.ja                default          optimal        0.109s ok=True obj=-6113.136465468398 ref=-6113.136465581338
netlib/pilot.ja                best             optimal        0.128s ok=True obj=-6113.136465468398 ref=-6113.136465581338
netlib/pilot.ja                metis            optimal        0.111s ok=True obj=-6113.136465468398 ref=-6113.136465581338
netlib/pilot.we                default          optimal        0.235s ok=True obj=-2720107.5328449607 ref=-2720107.5328449584
netlib/pilot.we                best             optimal        0.220s ok=True obj=-2720107.5328449607 ref=-2720107.5328449584
netlib/pilot.we                metis            optimal        0.250s ok=True obj=-2720107.5328449607 ref=-2720107.5328449584
netlib/pilot4                  default          optimal        0.071s ok=True obj=-2581.1392588838535 ref=-2581.1392588838853
netlib/pilot4                  best             optimal        0.085s ok=True obj=-2581.1392588838535 ref=-2581.1392588838853
netlib/pilot4                  metis            optimal        0.065s ok=True obj=-2581.1392588838535 ref=-2581.1392588838853
netlib/pilot87                 default          optimal        1.445s ok=True obj=301.7103473331103 ref=301.71034733310745
netlib/pilot87                 best             optimal        1.624s ok=True obj=301.7103473331103 ref=301.71034733310745
netlib/pilot87                 metis            optimal        1.592s ok=True obj=301.7103473331103 ref=301.71034733310745
netlib/pilotnov                default          optimal        0.136s ok=True obj=-4497.276188218871 ref=-4497.2761882188715
netlib/pilotnov                best             optimal        0.154s ok=True obj=-4497.276188218871 ref=-4497.2761882188715
netlib/pilotnov                metis            optimal        0.133s ok=True obj=-4497.276188218871 ref=-4497.2761882188715
netlib/recipe                  default          optimal        0.003s ok=True obj=-266.61600000000027 ref=-266.61600000000027
netlib/recipe                  best             optimal        0.003s ok=True obj=-266.61600000000027 ref=-266.61600000000027
netlib/recipe                  metis            optimal        0.003s ok=True obj=-266.61600000000027 ref=-266.61600000000027
netlib/sc105                   default          optimal        0.003s ok=True obj=-52.20206121170723 ref=-52.20206121170723
netlib/sc105                   best             optimal        0.003s ok=True obj=-52.20206121170723 ref=-52.20206121170723
netlib/sc105                   metis            optimal        0.006s ok=True obj=-52.20206121170723 ref=-52.20206121170723
netlib/sc205                   default          optimal        0.012s ok=True obj=-52.2020612117072 ref=-52.20206121170721
netlib/sc205                   best             optimal        0.010s ok=True obj=-52.2020612117072 ref=-52.20206121170721
netlib/sc205                   metis            optimal        0.006s ok=True obj=-52.2020612117072 ref=-52.20206121170721
netlib/sc50a                   default          optimal        0.002s ok=True obj=-64.5750770585645 ref=-64.5750770585645
netlib/sc50a                   best             optimal        0.002s ok=True obj=-64.5750770585645 ref=-64.5750770585645
netlib/sc50a                   metis            optimal        0.002s ok=True obj=-64.5750770585645 ref=-64.5750770585645
netlib/sc50b                   default          optimal        0.002s ok=True obj=-69.99999999999999 ref=-69.99999999999999
netlib/sc50b                   best             optimal        0.003s ok=True obj=-69.99999999999999 ref=-69.99999999999999
netlib/sc50b                   metis            optimal        0.002s ok=True obj=-69.99999999999999 ref=-69.99999999999999
netlib/scagr25                 default          optimal        0.007s ok=True obj=-14753433.060768524 ref=-14753433.060768528
netlib/scagr25                 best             optimal        0.009s ok=True obj=-14753433.060768524 ref=-14753433.060768528
netlib/scagr25                 metis            optimal        0.009s ok=True obj=-14753433.060768524 ref=-14753433.060768528
netlib/scagr7                  default          optimal        0.004s ok=True obj=-2331389.8243309837 ref=-2331389.824330984
netlib/scagr7                  best             optimal        0.003s ok=True obj=-2331389.8243309837 ref=-2331389.824330984
netlib/scagr7                  metis            optimal        0.003s ok=True obj=-2331389.8243309837 ref=-2331389.824330984
netlib/scfxm1                  default          optimal        0.012s ok=True obj=18416.759028348944 ref=18416.759028348948
netlib/scfxm1                  best             optimal        0.010s ok=True obj=18416.759028348944 ref=18416.759028348948
netlib/scfxm1                  metis            optimal        0.013s ok=True obj=18416.759028348944 ref=18416.759028348948
netlib/scfxm2                  default          optimal        0.033s ok=True obj=36660.26156499881 ref=36660.261564998815
netlib/scfxm2                  best             optimal        0.022s ok=True obj=36660.26156499881 ref=36660.261564998815
netlib/scfxm2                  metis            optimal        0.031s ok=True obj=36660.26156499881 ref=36660.261564998815
netlib/scfxm3                  default          optimal        0.046s ok=True obj=54901.25454975145 ref=54901.254549751444
netlib/scfxm3                  best             optimal        0.045s ok=True obj=54901.25454975145 ref=54901.254549751444
netlib/scfxm3                  metis            optimal        0.042s ok=True obj=54901.25454975145 ref=54901.254549751444
netlib/scorpion                default          optimal        0.004s ok=True obj=1878.1248227381068 ref=1878.1248227381068
netlib/scorpion                best             optimal        0.004s ok=True obj=1878.1248227381068 ref=1878.1248227381068
netlib/scorpion                metis            optimal        0.004s ok=True obj=1878.1248227381068 ref=1878.1248227381068
netlib/scrs8                   default          optimal        0.014s ok=True obj=904.2969538007919 ref=904.296953800792
netlib/scrs8                   best             optimal        0.014s ok=True obj=904.2969538007919 ref=904.296953800792
netlib/scrs8                   metis            optimal        0.025s ok=True obj=904.2969538007919 ref=904.296953800792
netlib/scsd1                   default          optimal        0.007s ok=True obj=8.666666674333364 ref=8.666666674333364
netlib/scsd1                   best             optimal        0.009s ok=True obj=8.666666674333364 ref=8.666666674333364
netlib/scsd1                   metis            optimal        0.006s ok=True obj=8.666666674333364 ref=8.666666674333364
netlib/scsd6                   default          optimal        0.011s ok=True obj=50.50000007714434 ref=50.5000000782623
netlib/scsd6                   best             optimal        0.011s ok=True obj=50.50000007714434 ref=50.5000000782623
netlib/scsd6                   metis            optimal        0.021s ok=True obj=50.50000007714434 ref=50.5000000782623
netlib/scsd8                   default          optimal        0.024s ok=True obj=904.9999999254651 ref=904.9999999254643
netlib/scsd8                   best             optimal        0.032s ok=True obj=904.9999999254651 ref=904.9999999254643
netlib/scsd8                   metis            optimal        0.030s ok=True obj=904.9999999254651 ref=904.9999999254643
netlib/sctap1                  default          optimal        0.009s ok=True obj=1412.25 ref=1412.25
netlib/sctap1                  best             optimal        0.013s ok=True obj=1412.25 ref=1412.25
netlib/sctap1                  metis            optimal        0.010s ok=True obj=1412.25 ref=1412.25
netlib/sctap2                  default          optimal        0.036s ok=True obj=1724.807142857143 ref=1724.807142857143
netlib/sctap2                  best             optimal        0.035s ok=True obj=1724.807142857143 ref=1724.807142857143
netlib/sctap2                  metis            optimal        0.036s ok=True obj=1724.807142857143 ref=1724.807142857143
netlib/sctap3                  default          optimal        0.047s ok=True obj=1424.0 ref=1424.0
netlib/sctap3                  best             optimal        0.056s ok=True obj=1424.0 ref=1424.0
netlib/sctap3                  metis            optimal        0.056s ok=True obj=1424.0 ref=1424.0
netlib/seba                    default          optimal        0.020s ok=True obj=15711.6 ref=15711.599999999999
netlib/seba                    best             optimal        0.014s ok=True obj=15711.6 ref=15711.599999999999
netlib/seba                    metis            optimal        0.019s ok=True obj=15711.6 ref=15711.599999999999
netlib/share1b                 default          optimal        0.004s ok=True obj=-76589.31857918567 ref=-76589.31857918572
netlib/share1b                 best             optimal        0.005s ok=True obj=-76589.31857918567 ref=-76589.31857918572
netlib/share1b                 metis            optimal        0.006s ok=True obj=-76589.31857918567 ref=-76589.31857918572
netlib/share2b                 default          optimal        0.008s ok=True obj=-415.7322407414206 ref=-415.73224074141945
netlib/share2b                 best             optimal        0.003s ok=True obj=-415.7322407414206 ref=-415.73224074141945
netlib/share2b                 metis            optimal        0.004s ok=True obj=-415.7322407414206 ref=-415.73224074141945
netlib/shell                   default          optimal        0.027s ok=True obj=1208825346.0 ref=1208825346.0
netlib/shell                   best             optimal        0.028s ok=True obj=1208825346.0 ref=1208825346.0
netlib/shell                   metis            optimal        0.018s ok=True obj=1208825346.0 ref=1208825346.0
netlib/ship04l                 default          optimal        0.014s ok=True obj=1793324.5379703562 ref=1793324.5379703562
netlib/ship04l                 best             optimal        0.012s ok=True obj=1793324.5379703562 ref=1793324.5379703562
netlib/ship04l                 metis            optimal        0.031s ok=True obj=1793324.5379703562 ref=1793324.5379703562
netlib/ship04s                 default          optimal        0.009s ok=True obj=1798714.700445392 ref=1798714.7004453917
netlib/ship04s                 best             optimal        0.010s ok=True obj=1798714.700445392 ref=1798714.7004453917
netlib/ship04s                 metis            optimal        0.009s ok=True obj=1798714.700445392 ref=1798714.7004453917
netlib/ship08l                 default          optimal        0.037s ok=True obj=1909055.2113891311 ref=1909055.211389131
netlib/ship08l                 best             optimal        0.025s ok=True obj=1909055.2113891311 ref=1909055.211389131
netlib/ship08l                 metis            optimal        0.022s ok=True obj=1909055.2113891311 ref=1909055.211389131
netlib/ship08s                 default          optimal        0.016s ok=True obj=1920098.210534618 ref=1920098.2105346182
netlib/ship08s                 best             optimal        0.017s ok=True obj=1920098.210534618 ref=1920098.2105346182
netlib/ship08s                 metis            optimal        0.020s ok=True obj=1920098.210534618 ref=1920098.2105346182
netlib/ship12l                 default          optimal        0.043s ok=True obj=1470187.919329266 ref=1470187.9193292663
netlib/ship12l                 best             optimal        0.039s ok=True obj=1470187.919329266 ref=1470187.9193292663
netlib/ship12l                 metis            optimal        0.033s ok=True obj=1470187.919329266 ref=1470187.9193292663
netlib/ship12s                 default          optimal        0.030s ok=True obj=1489236.1344061326 ref=1489236.1344061329
netlib/ship12s                 best             optimal        0.015s ok=True obj=1489236.1344061326 ref=1489236.1344061329
netlib/ship12s                 metis            optimal        0.019s ok=True obj=1489236.1344061326 ref=1489236.1344061329
netlib/sierra                  default          optimal        0.033s ok=True obj=15394362.183631927 ref=15394362.183631929
netlib/sierra                  best             optimal        0.039s ok=True obj=15394362.183631927 ref=15394362.183631929
netlib/sierra                  metis            optimal        0.038s ok=True obj=15394362.183631927 ref=15394362.183631929
netlib/stair                   default          optimal        0.047s ok=True obj=-251.26695119296335 ref=-251.26695119296335
netlib/stair                   best             optimal        0.033s ok=True obj=-251.26695119296335 ref=-251.26695119296335
netlib/stair                   metis            optimal        0.023s ok=True obj=-251.26695119296335 ref=-251.26695119296335
netlib/standata                default          optimal        0.009s ok=True obj=1257.6995000000002 ref=1257.6995
netlib/standata                best             optimal        0.016s ok=True obj=1257.6995000000002 ref=1257.6995
netlib/standata                metis            optimal        0.008s ok=True obj=1257.6995000000002 ref=1257.6995
netlib/standgub                default          optimal        0.012s ok=True obj=1257.6995000000002 ref=1257.6995
netlib/standgub                best             optimal        0.017s ok=True obj=1257.6995000000002 ref=1257.6995
netlib/standgub                metis            optimal        0.021s ok=True obj=1257.6995000000002 ref=1257.6995
netlib/standmps                default          optimal        0.013s ok=True obj=1406.0175000000008 ref=1406.0175
netlib/standmps                best             optimal        0.015s ok=True obj=1406.0175000000008 ref=1406.0175
netlib/standmps                metis            optimal        0.014s ok=True obj=1406.0175000000008 ref=1406.0175
netlib/stocfor1                default          optimal        0.004s ok=True obj=-41131.976219436416 ref=-41131.97621943641
netlib/stocfor1                best             optimal        0.003s ok=True obj=-41131.976219436416 ref=-41131.97621943641
netlib/stocfor1                metis            optimal        0.003s ok=True obj=-41131.976219436416 ref=-41131.97621943641
netlib/stocfor2                default          optimal        0.098s ok=True obj=-39024.40853788211 ref=-39024.408537882104
netlib/stocfor2                best             optimal        0.111s ok=True obj=-39024.40853788211 ref=-39024.408537882104
netlib/stocfor2                metis            optimal        0.092s ok=True obj=-39024.40853788211 ref=-39024.408537882104
netlib/tuff                    default          optimal        0.020s ok=True obj=0.2921477650936128 ref=0.292147765093613
netlib/tuff                    best             optimal        0.013s ok=True obj=0.2921477650936128 ref=0.292147765093613
netlib/tuff                    metis            optimal        0.023s ok=True obj=0.2921477650936128 ref=0.292147765093613
netlib/vtp.base                default          optimal        0.002s ok=True obj=129831.46246136137 ref=129831.46246136137
netlib/vtp.base                best             optimal        0.002s ok=True obj=129831.46246136137 ref=129831.46246136137
netlib/vtp.base                metis            optimal        0.002s ok=True obj=129831.46246136137 ref=129831.46246136137
netlib/wood1p                  default          optimal        0.145s ok=True obj=1.4429024115734084 ref=1.442902411573409
netlib/wood1p                  best             optimal        0.126s ok=True obj=1.4429024115734084 ref=1.442902411573409
netlib/wood1p                  metis            optimal        0.134s ok=True obj=1.4429024115734084 ref=1.442902411573409
netlib/woodw                   default          optimal        0.079s ok=True obj=1.3044763330842304 ref=1.3044763330842293
netlib/woodw                   best             optimal        0.088s ok=True obj=1.3044763330842304 ref=1.3044763330842293
netlib/woodw                   metis            optimal        0.085s ok=True obj=1.3044763330842304 ref=1.3044763330842293
kennington/cre-a               default          optimal        0.119s ok=True obj=23595407.060971614 ref=23595407.06097162
kennington/cre-a               best             optimal        0.131s ok=True obj=23595407.060971614 ref=23595407.06097162
kennington/cre-a               metis            optimal        0.132s ok=True obj=23595407.060971614 ref=23595407.06097162
kennington/cre-b               default          optimal        1.230s ok=True obj=23129639.88683238 ref=23129639.88683238
kennington/cre-b               best             optimal        1.219s ok=True obj=23129639.88683238 ref=23129639.88683238
kennington/cre-b               metis            optimal        1.362s ok=True obj=23129639.88683238 ref=23129639.88683238
kennington/cre-c               default          optimal        0.127s ok=True obj=25275116.140880216 ref=25275116.14088022
kennington/cre-c               best             optimal        0.121s ok=True obj=25275116.140880216 ref=25275116.14088022
kennington/cre-c               metis            optimal        0.132s ok=True obj=25275116.14088022 ref=25275116.14088022
kennington/cre-d               default          optimal        1.200s ok=True obj=24454969.764549244 ref=24454969.76454924
kennington/cre-d               best             optimal        1.167s ok=True obj=24454969.764549244 ref=24454969.76454924
kennington/cre-d               metis            optimal        1.362s ok=True obj=24454969.764549248 ref=24454969.76454924
kennington/ken-07              default          optimal        0.032s ok=True obj=-679520443.3816885 ref=-679520443.3816886
kennington/ken-07              best             optimal        0.045s ok=True obj=-679520443.3816885 ref=-679520443.3816886
kennington/ken-07              metis            optimal        0.036s ok=True obj=-679520443.3816885 ref=-679520443.3816886
kennington/ken-11              default          optimal        0.346s ok=True obj=-6972382262.519994 ref=-6972382262.519994
kennington/ken-11              best             optimal        0.396s ok=True obj=-6972382262.519994 ref=-6972382262.519994
kennington/ken-11              metis            optimal        0.405s ok=True obj=-6972382262.519994 ref=-6972382262.519994
kennington/ken-13              default          optimal        0.670s ok=True obj=-10257394789.48247 ref=-10257394789.48247
kennington/ken-13              best             optimal        0.745s ok=True obj=-10257394789.48247 ref=-10257394789.48247
kennington/ken-13              metis            optimal        0.732s ok=True obj=-10257394789.48247 ref=-10257394789.48247
kennington/ken-18              default          optimal        9.690s ok=True obj=-52217025287.39681 ref=-52217025287.396805
kennington/ken-18              best             optimal        9.004s ok=True obj=-52217025287.39681 ref=-52217025287.396805
kennington/ken-18              metis            optimal       31.373s ok=True obj=-52217025287.39682 ref=-52217025287.396805
kennington/osa-07              default          optimal        0.230s ok=True obj=535722.5172993516 ref=535722.517299351
kennington/osa-07              best             optimal        0.228s ok=True obj=535722.5172993516 ref=535722.517299351
kennington/osa-07              metis            optimal        0.246s ok=True obj=535722.5172993516 ref=535722.517299351
kennington/osa-14              default          optimal        0.435s ok=True obj=1106462.8447362517 ref=1106462.8447362536
kennington/osa-14              best             optimal        0.396s ok=True obj=1106462.8447362517 ref=1106462.8447362536
kennington/osa-14              metis            optimal        0.417s ok=True obj=1106462.8447362517 ref=1106462.8447362536
