netlib/25fv47                  default          optimal        0.144s ok=True obj=5501.845888286749 ref=5501.845888286757
netlib/25fv47                  nomark           optimal        0.136s ok=True obj=5501.845888286749 ref=5501.845888286757
netlib/25fv47                  nodeadline       optimal        0.100s ok=True obj=5501.845888286749 ref=5501.845888286757
netlib/25fv47                  seqfactor        optimal        0.117s ok=True obj=5501.845888286749 ref=5501.845888286757
netlib/80bau3b                 default          optimal        0.708s ok=True obj=987224.1924090909 ref=987224.1924090902
netlib/80bau3b                 nomark           optimal        0.793s ok=True obj=987224.1924090909 ref=987224.1924090902
netlib/80bau3b                 nodeadline       optimal        0.719s ok=True obj=987224.1924090909 ref=987224.1924090902
netlib/80bau3b                 seqfactor        optimal        0.784s ok=True obj=987224.1924090909 ref=987224.1924090902
netlib/adlittle                default          optimal        0.005s ok=True obj=225494.96316238045 ref=225494.9631623803
netlib/adlittle                nomark           optimal        0.011s ok=True obj=225494.96316238045 ref=225494.9631623803
netlib/adlittle                nodeadline       optimal        0.003s ok=True obj=225494.96316238045 ref=225494.9631623803
netlib/adlittle                seqfactor        optimal        0.004s ok=True obj=225494.96316238045 ref=225494.9631623803
netlib/afiro                   default          optimal        0.002s ok=True obj=-464.75314285714285 ref=-464.75314285714285
netlib/afiro                   nomark           optimal        0.002s ok=True obj=-464.75314285714285 ref=-464.75314285714285
netlib/afiro                   nodeadline       optimal        0.002s ok=True obj=-464.75314285714285 ref=-464.75314285714285
netlib/afiro                   seqfactor        optimal        0.002s ok=True obj=-464.75314285714285 ref=-464.75314285714285
netlib/agg                     default          optimal        0.006s ok=True obj=-35991767.286576495 ref=-35991767.2865765
netlib/agg                     nomark           optimal        0.015s ok=True obj=-35991767.286576495 ref=-35991767.2865765
netlib/agg                     nodeadline       optimal        0.007s ok=True obj=-35991767.286576495 ref=-35991767.2865765
netlib/agg                     seqfactor        optimal        0.007s ok=True obj=-35991767.286576495 ref=-35991767.2865765
netlib/agg2                    default          optimal        0.025s ok=True obj=-20239252.355977118 ref=-20239252.355977118
netlib/agg2                    nomark           optimal        0.026s ok=True obj=-20239252.355977118 ref=-20239252.355977118
netlib/agg2                    nodeadline       optimal        0.017s ok=True obj=-20239252.355977118 ref=-20239252.355977118
netlib/agg2                    seqfactor        optimal        0.028s ok=True obj=-20239252.355977118 ref=-20239252.355977118
netlib/agg3                    default          optimal        0.016s ok=True obj=10312115.935089229 ref=10312115.935089216
netlib/agg3                    nomark           optimal        0.016s ok=True obj=10312115.935089229 ref=10312115.935089216
netlib/agg3                    nodeadline       optimal        0.017s ok=True obj=10312115.935089229 ref=10312115.935089216
netlib/agg3                    seqfactor        optimal        0.021s ok=True obj=10312115.935089229 ref=10312115.935089216
netlib/bandm                   default          optimal        0.017s ok=True obj=-158.62801845012078 ref=-158.62801845012078
netlib/bandm                   nomark           optimal        0.017s ok=True obj=-158.62801845012078 ref=-158.62801845012078
netlib/bandm                   nodeadline       optimal        0.011s ok=True obj=-158.62801845012078 ref=-158.62801845012078
netlib/bandm                   seqfactor        optimal        0.008s ok=True obj=-158.62801845012078 ref=-158.62801845012078
netlib/beaconfd                default          optimal        0.003s ok=True obj=33592.48580719999 ref=33592.4858072
netlib/beaconfd                nomark           optimal        0.003s ok=True obj=33592.48580719999 ref=33592.4858072
netlib/beaconfd                nodeadline       optimal        0.018s ok=True obj=33592.48580719999 ref=33592.4858072
netlib/beaconfd                seqfactor        optimal        0.003s ok=True obj=33592.48580719999 ref=33592.4858072
netlib/blend                   default          optimal        0.003s ok=True obj=-30.81214984582823 ref=-30.812149845828237
netlib/blend                   nomark           optimal        0.003s ok=True obj=-30.81214984582823 ref=-30.812149845828237
netlib/blend                   nodeadline       optimal        0.003s ok=True obj=-30.81214984582823 ref=-30.812149845828237
netlib/blend                   seqfactor        optimal        0.003s ok=True obj=-30.81214984582823 ref=-30.812149845828237
netlib/bnl1                    default          optimal        0.066s ok=True obj=1977.6295615228887 ref=1977.6295615228878
netlib/bnl1                    nomark           optimal        0.083s ok=True obj=1977.6295615228887 ref=1977.6295615228878
netlib/bnl1                    nodeadline       optimal        0.085s ok=True obj=1977.6295615228887 ref=1977.6295615228878
netlib/bnl1                    seqfactor        optimal        0.092s ok=True obj=1977.6295615228887 ref=1977.6295615228878
netlib/bnl2                    default          optimal        0.222s ok=True obj=1811.236540358546 ref=1811.2365403585482
netlib/bnl2                    nomark           optimal        0.174s ok=True obj=1811.236540358546 ref=1811.2365403585482
netlib/bnl2                    nodeadline       optimal        0.168s ok=True obj=1811.236540358546 ref=1811.2365403585482
netlib/bnl2                    seqfactor        optimal        0.178s ok=True obj=1811.236540358546 ref=1811.2365403585482
netlib/boeing1                 default          optimal        0.026s ok=True obj=-335.2135675071266 ref=-335.21356750712675
netlib/boeing1                 nomark           optimal        0.029s ok=True obj=-335.2135675071266 ref=-335.21356750712675
netlib/boeing1                 nodeadline       optimal        0.022s ok=True obj=-335.2135675071266 ref=-335.21356750712675
netlib/boeing1                 seqfactor        optimal        0.023s ok=True obj=-335.2135675071266 ref=-335.21356750712675
netlib/boeing2                 default          optimal        0.007s ok=True obj=-315.0187280152027 ref=-315.0187280152027
netlib/boeing2                 nomark           optimal        0.006s ok=True obj=-315.0187280152027 ref=-315.0187280152027
netlib/boeing2                 nodeadline       optimal        0.006s ok=True obj=-315.0187280152027 ref=-315.0187280152027
netlib/boeing2                 seqfactor        optimal        0.006s ok=True obj=-315.0187280152027 ref=-315.0187280152027
netlib/bore3d                  default          optimal        0.003s ok=True obj=1373.080394208495 ref=1373.0803942084926
netlib/bore3d                  nomark           optimal        0.020s ok=True obj=1373.080394208495 ref=1373.0803942084926
netlib/bore3d                  nodeadline       optimal        0.003s ok=True obj=1373.080394208495 ref=1373.0803942084926
netlib/bore3d                  seqfactor        optimal        0.007s ok=True obj=1373.080394208495 ref=1373.0803942084926
netlib/brandy                  default          optimal        0.008s ok=True obj=1518.509896488128 ref=1518.5098964881279
netlib/brandy                  nomark           optimal        0.016s ok=True obj=1518.509896488128 ref=1518.5098964881279
netlib/brandy                  nodeadline       optimal        0.012s ok=True obj=1518.509896488128 ref=1518.5098964881279
netlib/brandy                  seqfactor        optimal        0.008s ok=True obj=1518.509896488128 ref=1518.5098964881279
netlib/capri                   default          optimal        0.011s ok=True obj=2690.0129137681606 ref=2690.0129137681593
netlib/capri                   nomark           optimal        0.007s ok=True obj=2690.0129137681606 ref=2690.0129137681593
netlib/capri                   nodeadline       optimal        0.011s ok=True obj=2690.0129137681606 ref=2690.0129137681593
netlib/capri                   seqfactor        optimal        0.012s ok=True obj=2690.0129137681606 ref=2690.0129137681593
netlib/cycle                   default          optimal        0.140s ok=True obj=-5.226393024894103 ref=-5.226393024894102
netlib/cycle                   nomark           optimal        0.135s ok=True obj=-5.226393024894103 ref=-5.226393024894102
netlib/cycle                   nodeadline       optimal        0.131s ok=True obj=-5.226393024894103 ref=-5.226393024894102
netlib/cycle                   seqfactor        optimal        0.140s ok=True obj=-5.226393024894103 ref=-5.226393024894102
netlib/czprob                  default          optimal        0.038s ok=True obj=2185196.698856578 ref=2185196.698856578
netlib/czprob                  nomark           optimal        0.040s ok=True obj=2185196.698856578 ref=2185196.698856578
netlib/czprob                  nodeadline       optimal        0.036s ok=True obj=2185196.698856578 ref=2185196.698856578
netlib/czprob                  seqfactor        optimal        0.036s ok=True obj=2185196.698856578 ref=2185196.698856578
netlib/d2q06c                  default          optimal        1.010s ok=True obj=122784.21081418995 ref=122784.2108141893
netlib/d2q06c                  nomark           optimal        1.024s ok=True obj=122784.21081418995 ref=122784.2108141893
netlib/d2q06c                  nodeadline       optimal        1.038s ok=True obj=122784.21081418995 ref=122784.2108141893
netlib/d2q06c                  seqfactor        optimal        0.977s ok=True obj=122784.21081418995 ref=122784.2108141893
netlib/d6cube                  default          optimal        0.373s ok=True obj=315.4916666666665 ref=315.49166666666696
netlib/d6cube                  nomark           optimal        0.347s ok=True obj=315.4916666666665 ref=315.49166666666696
netlib/d6cube                  nodeadline       optimal        0.321s ok=True obj=315.4916666666665 ref=315.49166666666696
netlib/d6cube                  seqfactor        optimal        0.329s ok=True obj=315.4916666666665 ref=315.49166666666696
netlib/degen2                  default          optimal        0.051s ok=True obj=-1435.1779999999994 ref=-1435.178
netlib/degen2                  nomark           optimal        0.044s ok=True obj=-1435.1779999999994 ref=-1435.178
netlib/degen2                  nodeadline       optimal        0.048s ok=True obj=-1435.1779999999994 ref=-1435.178
netlib/degen2                  seqfactor        optimal        0.052s ok=True obj=-1435.1779999999994 ref=-1435.178
netlib/degen3                  default          optimal        0.521s ok=True obj=-987.2940000000024 ref=-987.2940000000007
netlib/degen3                  nomark           optimal        0.491s ok=True obj=-987.2940000000024 ref=-987.2940000000007
netlib/degen3                  nodeadline       optimal        0.504s ok=True obj=-987.2940000000024 ref=-987.2940000000007
netlib/degen3                  seqfactor        optimal        0.527s ok=True obj=-987.2940000000024 ref=-987.2940000000007
