netlib/25fv47                  highs_ipm        optimal        0.112s ok=True obj=5501.84588828675 ref=5501.845888286757
netlib/25fv47                  default          optimal        0.180s ok=True obj=5501.845888286749 ref=5501.845888286757
netlib/80bau3b                 highs_ipm        optimal        0.259s ok=True obj=987224.1924090901 ref=987224.1924090902
netlib/80bau3b                 default          optimal        0.649s ok=True obj=987224.1924090909 ref=987224.1924090902
netlib/adlittle                highs_ipm        optimal        0.004s ok=True obj=225494.96316238036 ref=225494.9631623803
netlib/adlittle                default          optimal        0.017s ok=True obj=225494.9631623804 ref=225494.9631623803
netlib/afiro                   highs_ipm        optimal        0.001s ok=True obj=-464.75314285714285 ref=-464.75314285714285
netlib/afiro                   default          optimal        0.009s ok=True obj=-464.75314285714285 ref=-464.75314285714285
netlib/agg                     highs_ipm        optimal        0.008s ok=True obj=-35991767.2865765 ref=-35991767.2865765
netlib/agg                     default          optimal        0.027s ok=True obj=-35991767.2865765 ref=-35991767.2865765
netlib/agg2                    highs_ipm        optimal        0.013s ok=True obj=-20239252.355977118 ref=-20239252.355977118
netlib/agg2                    default          optimal        0.027s ok=True obj=-20239252.355977114 ref=-20239252.355977118
netlib/agg3                    highs_ipm        optimal        0.013s ok=True obj=10312115.935089216 ref=10312115.935089216
netlib/agg3                    default          optimal        0.027s ok=True obj=10312115.935089229 ref=10312115.935089216
netlib/bandm                   highs_ipm        optimal        0.012s ok=True obj=-158.62801845012078 ref=-158.62801845012078
netlib/bandm                   default          optimal        0.011s ok=True obj=-158.62801845012072 ref=-158.62801845012078
netlib/beaconfd                highs_ipm        optimal        0.005s ok=True obj=33592.4858072 ref=33592.4858072
netlib/beaconfd                default          optimal        0.004s ok=True obj=33592.48580719999 ref=33592.4858072
netlib/blend                   highs_ipm        optimal        0.007s ok=True obj=-30.81214984582823 ref=-30.812149845828237
netlib/blend                   default          optimal        0.012s ok=True obj=-30.81214984582823 ref=-30.812149845828237
netlib/bnl1                    highs_ipm        optimal        0.052s ok=True obj=1977.6295615228892 ref=1977.6295615228878
netlib/bnl1                    default          optimal        0.202s ok=True obj=1977.6295615228898 ref=1977.6295615228878
netlib/bnl2                    highs_ipm        optimal        0.120s ok=True obj=1811.2365403585463 ref=1811.2365403585482
netlib/bnl2                    default          optimal        0.594s ok=True obj=1811.2365403585463 ref=1811.2365403585482
netlib/boeing1                 highs_ipm        optimal        0.018s ok=True obj=-335.21356750712675 ref=-335.21356750712675
netlib/boeing1                 default          optimal        0.043s ok=True obj=-335.2135675071268 ref=-335.21356750712675
netlib/boeing2                 highs_ipm        optimal        0.007s ok=True obj=-315.01872801520284 ref=-315.0187280152027
netlib/boeing2                 default          optimal        0.028s ok=True obj=-315.0187280152029 ref=-315.0187280152027
netlib/bore3d                  highs_ipm        optimal        0.004s ok=True obj=1373.0803942084926 ref=1373.0803942084926
netlib/bore3d                  default          optimal        0.018s ok=True obj=1373.0803942084924 ref=1373.0803942084926
netlib/brandy                  highs_ipm        optimal        0.010s ok=True obj=1518.5098964881279 ref=1518.5098964881279
netlib/brandy                  default          optimal        0.030s ok=True obj=1518.509896488129 ref=1518.5098964881279
netlib/capri                   highs_ipm        optimal        0.011s ok=True obj=2690.0129137681597 ref=2690.0129137681593
netlib/capri                   default          optimal        0.024s ok=True obj=2690.01291376816 ref=2690.0129137681593
netlib/cycle                   highs_ipm        optimal        0.141s ok=True obj=-5.226393024894094 ref=-5.226393024894102
netlib/cycle                   default          optimal        0.488s ok=True obj=-5.226393024894102 ref=-5.226393024894102
netlib/czprob                  highs_ipm        optimal        0.045s ok=True obj=2185196.698856578 ref=2185196.698856578
netlib/czprob                  default          optimal        0.076s ok=True obj=2185196.698856578 ref=2185196.698856578
netlib/d2q06c                  highs_ipm        optimal        0.488s ok=True obj=122784.21081418943 ref=122784.2108141893
netlib/d2q06c                  default          optimal        0.950s ok=True obj=122784.21081418182 ref=122784.2108141893
netlib/d6cube                  highs_ipm        optimal        0.334s ok=True obj=315.4916666666667 ref=315.49166666666696
netlib/d6cube                  default          optimal        0.262s ok=True obj=315.4916666666668 ref=315.49166666666696
netlib/degen2                  highs_ipm        optimal        0.025s ok=True obj=-1435.178 ref=-1435.178
netlib/degen2                  default          optimal        0.065s ok=True obj=-1435.1779999999994 ref=-1435.178
netlib/degen3                  highs_ipm        optimal        0.183s ok=True obj=-987.2940000000006 ref=-987.2940000000007
netlib/degen3                  default          optimal        0.463s ok=True obj=-987.2939999999991 ref=-987.2940000000007
netlib/dfl001                  highs_ipm        optimal        1.850s ok=True obj=11266396.046671385 ref=11266396.04667138
netlib/dfl001                  default          optimal       15.476s ok=True obj=11266396.04667152 ref=11266396.04667138
netlib/e226                    highs_ipm        optimal        0.019s ok=True obj=-11.638929066370537 ref=-11.638929066370537
netlib/e226                    default          optimal        0.030s ok=True obj=-11.638929066370533 ref=-11.638929066370537
netlib/etamacro                highs_ipm        optimal        0.024s ok=True obj=-755.7152333749132 ref=-755.7152333005275
netlib/etamacro                default          optimal        0.058s ok=True obj=-755.7152333749133 ref=-755.7152333005275
netlib/fffff800                highs_ipm        optimal        0.029s ok=True obj=555679.5648174963 ref=555679.5648174963
netlib/fffff800                default          optimal        0.086s ok=True obj=555679.5648174962 ref=555679.5648174963
netlib/finnis                  highs_ipm        optimal        0.017s ok=True obj=172791.06559561155 ref=172791.06559561164
netlib/finnis                  default          optimal        0.030s ok=True obj=172791.06559561164 ref=172791.06559561164
netlib/fit1d                   highs_ipm        optimal        0.027s ok=True obj=-9146.378092420928 ref=-9146.378092420928
netlib/fit1d                   default          optimal        0.041s ok=True obj=-9146.378092420917 ref=-9146.378092420928
netlib/fit1p                   highs_ipm        optimal        0.034s ok=True obj=9146.378092420937 ref=9146.378092420935
netlib/fit1p                   default          optimal        0.363s ok=True obj=9146.378092420933 ref=9146.378092420935
netlib/fit2d                   highs_ipm        optimal        0.302s ok=True obj=-68464.2932938321 ref=-68464.2932938321
netlib/fit2d                   default          optimal        0.241s ok=True obj=-68464.29329383213 ref=-68464.2932938321
netlib/fit2p                   highs_ipm        optimal        0.331s ok=True obj=68464.29329383218 ref=68464.29329383216
netlib/fit2p                   default          optimal        0.411s ok=True obj=68464.29329383219 ref=68464.29329383216
netlib/forplan                 highs_ipm        optimal        0.024s ok=True obj=-664.218961272205 ref=-664.2189612722054
netlib/forplan                 default          optimal        0.029s ok=True obj=-664.218961272208 ref=-664.2189612722054
netlib/ganges                  highs_ipm        optimal        0.027s ok=True obj=-109585.73612927824 ref=-109585.73612927813
netlib/ganges                  default          optimal        0.058s ok=True obj=-109585.73612927849 ref=-109585.73612927813
netlib/gfrd-pnc                highs_ipm        optimal        0.014s ok=True obj=6902235.999548812 ref=6902235.999548812
netlib/gfrd-pnc                default          optimal        0.021s ok=True obj=6902235.999548811 ref=6902235.999548812
netlib/greenbea                highs_ipm        optimal        0.283s ok=True obj=-72555248.12984605 ref=-72555248.12984587
netlib/greenbea                default          optimal        1.443s ok=True obj=-72555248.1298459 ref=-72555248.12984587
netlib/greenbeb                highs_ipm        optimal        0.246s ok=True obj=-4302260.261206586 ref=-4302260.261206586
netlib/greenbeb                default          optimal        0.895s ok=True obj=-4302260.261206586 ref=-4302260.261206586
netlib/grow15                  highs_ipm        optimal        0.047s ok=True obj=-106870941.29357542 ref=-106870941.29357533
netlib/grow15                  default          optimal        0.119s ok=True obj=-106870941.29357542 ref=-106870941.29357533
netlib/grow22                  highs_ipm        optimal        0.076s ok=True obj=-160834336.482563 ref=-160834336.48256296
netlib/grow22                  default          optimal        0.271s ok=True obj=-160834336.48256296 ref=-160834336.48256296
netlib/grow7                   highs_ipm        optimal        0.017s ok=True obj=-47787811.814711474 ref=-47787811.8147115
netlib/grow7                   default          optimal        0.040s ok=True obj=-47787811.8147115 ref=-47787811.8147115
netlib/israel                  highs_ipm        optimal        0.014s ok=True obj=-896644.8218630459 ref=-896644.8218630459
netlib/israel                  default          optimal        0.037s ok=True obj=-896644.821863046 ref=-896644.8218630459
netlib/kb2                     highs_ipm        optimal        0.002s ok=True obj=-1749.9001299062056 ref=-1749.9001299062056
netlib/kb2                     default          optimal        0.011s ok=True obj=-1749.9001299062052 ref=-1749.9001299062056
netlib/lotfi                   highs_ipm        optimal        0.006s ok=True obj=-25.26470606188001 ref=-25.264706061880002
netlib/lotfi                   default          optimal        0.025s ok=True obj=-25.26470606188001 ref=-25.264706061880002
netlib/maros                   highs_ipm        optimal        0.046s ok=True obj=-58063.7437011259 ref=-58063.74370112589
netlib/maros                   default          optimal        0.070s ok=True obj=-58063.74370112494 ref=-58063.74370112589
netlib/maros-r7                highs_ipm        optimal        0.503s ok=True obj=1497185.1664796423 ref=1497185.1664796423
netlib/maros-r7                default          optimal        0.494s ok=True obj=1497185.166479643 ref=1497185.1664796423
netlib/modszk1                 highs_ipm        optimal        0.032s ok=True obj=320.61972906432527 ref=320.61972906434596
netlib/modszk1                 default          optimal        0.061s ok=True obj=320.6197290613297 ref=320.61972906434596
netlib/nesm                    highs_ipm        optimal        0.092s ok=True obj=14076036.487562718 ref=14076036.487562705
netlib/nesm                    default          optimal        0.407s ok=True obj=14076036.487562692 ref=14076036.487562705
netlib/perold                  highs_ipm        optimal        0.077s ok=True obj=-9380.755278235056 ref=-9380.755278235187
netlib/perold                  default          optimal        0.278s ok=True obj=-9380.75527823512 ref=-9380.755278235187
netlib/pilot                   highs_ipm        optimal        0.639s ok=True obj=-557.4897292853827 ref=-557.4897292744025
netlib/pilot                   default          optimal        0.746s ok=True obj=-557.4897292840899 ref=-557.4897292744025
netlib/pilot.ja                highs_ipm        optimal        0.127s ok=True obj=-6113.136465581331 ref=-6113.136465581338
netlib/pilot.ja                default          optimal        0.643s ok=True obj=-6113.136465463944 ref=-6113.136465581338
netlib/pilot.we                highs_ipm        optimal        0.115s ok=True obj=-2720107.532844963 ref=-2720107.5328449584
netlib/pilot.we                default          optimal        0.587s ok=True obj=-2720107.532844887 ref=-2720107.5328449584
netlib/pilot4                  highs_ipm        optimal        0.051s ok=True obj=-2581.139258883887 ref=-2581.1392588838853
netlib/pilot4                  default          optimal        0.127s ok=True obj=-2581.1392588837807 ref=-2581.1392588838853
