netlib/25fv47                  default          optimal        0.147s ok=True obj=5501.845888286749 ref=5501.845888286757
netlib/25fv47                  g1               optimal        0.175s ok=True obj=5501.845888286749 ref=5501.845888286757
netlib/25fv47                  g2               optimal        0.201s ok=True obj=5501.845888286749 ref=5501.845888286757
netlib/25fv47                  g3               optimal        0.234s ok=True obj=5501.845888286749 ref=5501.845888286757
netlib/25fv47                  g2small          optimal        0.172s ok=True obj=5501.845888286749 ref=5501.845888286757
netlib/80bau3b                 default          optimal        0.688s ok=True obj=987224.1924090909 ref=987224.1924090902
netlib/80bau3b                 g1               optimal        0.702s ok=True obj=987224.1924090909 ref=987224.1924090902
netlib/80bau3b                 g2               optimal        0.765s ok=True obj=987224.1924090909 ref=987224.1924090902
netlib/80bau3b                 g3               optimal        0.825s ok=True obj=987224.1924090909 ref=987224.1924090902
netlib/80bau3b                 g2small          optimal        0.644s ok=True obj=987224.1924090909 ref=987224.1924090902
netlib/adlittle                default          optimal        0.005s ok=True obj=225494.96316238045 ref=225494.9631623803
netlib/adlittle                g1               optimal        0.005s ok=True obj=225494.9631623802 ref=225494.9631623803
netlib/adlittle                g2               optimal        0.008s ok=True obj=225494.9631623802 ref=225494.9631623803
netlib/adlittle                g3               optimal        0.005s ok=True obj=225494.96316238056 ref=225494.9631623803
netlib/adlittle                g2small          optimal        0.008s ok=True obj=225494.9631623802 ref=225494.9631623803
netlib/afiro                   default          optimal        0.002s ok=True obj=-464.75314285714285 ref=-464.75314285714285
netlib/afiro                   g1               optimal        0.002s ok=True obj=-464.75314285714285 ref=-464.75314285714285
netlib/afiro                   g2               optimal        0.002s ok=True obj=-464.75314285714285 ref=-464.75314285714285
netlib/afiro                   g3               optimal        0.002s ok=True obj=-464.75314285714285 ref=-464.75314285714285
netlib/afiro                   g2small          optimal        0.002s ok=True obj=-464.75314285714285 ref=-464.75314285714285
netlib/agg                     default          optimal        0.028s ok=True obj=-35991767.286576495 ref=-35991767.2865765
netlib/agg                     g1               optimal        0.008s ok=True obj=-35991767.286576495 ref=-35991767.2865765
netlib/agg                     g2               optimal        0.014s ok=True obj=-35991767.286576495 ref=-35991767.2865765
netlib/agg                     g3               optimal        0.021s ok=True obj=-35991767.286576495 ref=-35991767.2865765
netlib/agg                     g2small          optimal        0.012s ok=True obj=-35991767.286576495 ref=-35991767.2865765
