netlib/25fv47                  default          optimal        0.079s ok=True obj=5501.845888286753 ref=5501.845888286757
netlib/25fv47                  push3            optimal        0.091s ok=True obj=5501.845888286753 ref=5501.845888286757
netlib/25fv47                  push5            optimal        0.084s ok=True obj=5501.845888286753 ref=5501.845888286757
netlib/25fv47                  push3pc          optimal        0.082s ok=True obj=5501.845888286753 ref=5501.845888286757
netlib/80bau3b                 default          optimal        0.520s ok=True obj=987224.1924090909 ref=987224.1924090902
netlib/80bau3b                 push3            optimal        0.385s ok=True obj=987224.1924090907 ref=987224.1924090902
netlib/80bau3b                 push5            optimal        0.391s ok=True obj=987224.1924090908 ref=987224.1924090902
netlib/80bau3b                 push3pc          optimal        0.392s ok=True obj=987224.1924090907 ref=987224.1924090902
netlib/adlittle                default          optimal        0.006s ok=True obj=225494.9631623804 ref=225494.9631623803
netlib/adlittle                push3            optimal        0.005s ok=True obj=225494.9631623804 ref=225494.9631623803
netlib/adlittle                push5            optimal        0.002s ok=True obj=225494.9631623804 ref=225494.9631623803
netlib/adlittle                push3pc          optimal        0.002s ok=True obj=225494.9631623804 ref=225494.9631623803
netlib/afiro                   default          optimal        0.001s ok=True obj=-464.75314285714285 ref=-464.75314285714285
netlib/afiro                   push3            optimal        0.001s ok=True obj=-464.75314285714285 ref=-464.75314285714285
netlib/afiro                   push5            optimal        0.004s ok=True obj=-464.75314285714285 ref=-464.75314285714285
netlib/afiro                   push3pc          optimal        0.001s ok=True obj=-464.75314285714285 ref=-464.75314285714285
netlib/agg                     default          optimal        0.013s ok=True obj=-35991767.286576495 ref=-35991767.2865765
netlib/agg                     push3            optimal        0.006s ok=True obj=-35991767.286576495 ref=-35991767.2865765
netlib/agg                     push5            optimal        0.008s ok=True obj=-35991767.286576495 ref=-35991767.2865765
netlib/agg                     push3pc          optimal        0.013s ok=True obj=-35991767.286576495 ref=-35991767.2865765
netlib/agg2                    default          optimal        0.019s ok=True obj=-20239252.355977118 ref=-20239252.355977118
netlib/agg2                    push3            optimal        0.014s ok=True obj=-20239252.35597711 ref=-20239252.355977118
netlib/agg2                    push5            optimal        0.028s ok=True obj=-20239252.35597711 ref=-20239252.355977118
netlib/agg2                    push3pc          optimal        0.016s ok=True obj=-20239252.35597711 ref=-20239252.355977118
netlib/agg3                    default          optimal        0.018s ok=True obj=10312115.935089232 ref=10312115.935089216
netlib/agg3                    push3            optimal        0.033s ok=True obj=10312115.935089232 ref=10312115.935089216
netlib/agg3                    push5            optimal        0.022s ok=True obj=10312115.935089232 ref=10312115.935089216
netlib/agg3                    push3pc          optimal        0.015s ok=True obj=10312115.935089232 ref=10312115.935089216
netlib/bandm                   default          optimal        0.012s ok=True obj=-158.62801845012078 ref=-158.62801845012078
netlib/bandm                   push3            optimal        0.008s ok=True obj=-158.62801845012078 ref=-158.62801845012078
netlib/bandm                   push5            optimal        0.008s ok=True obj=-158.62801845012078 ref=-158.62801845012078
netlib/bandm                   push3pc          optimal        0.008s ok=True obj=-158.62801845012078 ref=-158.62801845012078
netlib/beaconfd                default          optimal        0.005s ok=True obj=33592.48580719999 ref=33592.4858072
netlib/beaconfd                push3            optimal        0.003s ok=True obj=33592.48580719999 ref=33592.4858072
netlib/beaconfd                push5            optimal        0.003s ok=True obj=33592.48580719999 ref=33592.4858072
netlib/beaconfd                push3pc          optimal        0.003s ok=True obj=33592.48580719999 ref=33592.4858072
netlib/blend                   default          optimal        0.004s ok=True obj=-30.812149845828245 ref=-30.812149845828237
netlib/blend                   push3            optimal        0.003s ok=True obj=-30.812149845828245 ref=-30.812149845828237
netlib/blend                   push5            optimal        0.005s ok=True obj=-30.812149845828245 ref=-30.812149845828237
netlib/blend                   push3pc          optimal        0.005s ok=True obj=-30.812149845828245 ref=-30.812149845828237
netlib/bnl1                    default          optimal        0.076s ok=True obj=1977.6295615228903 ref=1977.6295615228878
netlib/bnl1                    push3            optimal        0.046s ok=True obj=1977.6295615228896 ref=1977.6295615228878
netlib/bnl1                    push5            optimal        0.042s ok=True obj=1977.6295615228885 ref=1977.6295615228878
netlib/bnl1                    push3pc          optimal        0.050s ok=True obj=1977.6295615228894 ref=1977.6295615228878
netlib/bnl2                    default          optimal        0.166s ok=True obj=1811.2365403585463 ref=1811.2365403585482
netlib/bnl2                    push3            optimal        0.141s ok=True obj=1811.2365403585477 ref=1811.2365403585482
netlib/bnl2                    push5            optimal        0.137s ok=True obj=1811.2365403585475 ref=1811.2365403585482
netlib/bnl2                    push3pc          optimal        0.141s ok=True obj=1811.2365403585475 ref=1811.2365403585482
netlib/boeing1                 default          optimal        0.020s ok=True obj=-335.2135675071269 ref=-335.21356750712675
netlib/boeing1                 push3            optimal        0.026s ok=True obj=-335.2135675071269 ref=-335.21356750712675
netlib/boeing1                 push5            optimal        0.017s ok=True obj=-335.2135675071269 ref=-335.21356750712675
netlib/boeing1                 push3pc          optimal        0.015s ok=True obj=-335.21356750712704 ref=-335.21356750712675
netlib/boeing2                 default          optimal        0.007s ok=True obj=-315.0187280152028 ref=-315.0187280152027
netlib/boeing2                 push3            optimal        0.004s ok=True obj=-315.0187280152028 ref=-315.0187280152027
netlib/boeing2                 push5            optimal        0.005s ok=True obj=-315.0187280152028 ref=-315.0187280152027
netlib/boeing2                 push3pc          optimal        0.007s ok=True obj=-315.0187280152028 ref=-315.0187280152027
netlib/bore3d                  default          optimal        0.003s ok=True obj=1373.080394208495 ref=1373.0803942084926
netlib/bore3d                  push3            optimal        0.006s ok=True obj=1373.0803942084926 ref=1373.0803942084926
netlib/bore3d                  push5            optimal        0.003s ok=True obj=1373.0803942084926 ref=1373.0803942084926
netlib/bore3d                  push3pc          optimal        0.003s ok=True obj=1373.0803942084926 ref=1373.0803942084926
netlib/brandy                  default          optimal        0.014s ok=True obj=1518.509896488129 ref=1518.5098964881279
netlib/brandy                  push3            optimal        0.011s ok=True obj=1518.509896488129 ref=1518.5098964881279
netlib/brandy                  push5            optimal        0.010s ok=True obj=1518.509896488129 ref=1518.5098964881279
netlib/brandy                  push3pc          optimal        0.007s ok=True obj=1518.509896488129 ref=1518.5098964881279
netlib/capri                   default          optimal        0.007s ok=True obj=2690.012913768161 ref=2690.0129137681593
netlib/capri                   push3            optimal        0.007s ok=True obj=2690.012913768161 ref=2690.0129137681593
netlib/capri                   push5            optimal        0.010s ok=True obj=2690.0129137681606 ref=2690.0129137681593
netlib/capri                   push3pc          optimal        0.007s ok=True obj=2690.012913768161 ref=2690.0129137681593
netlib/cycle                   default          optimal        0.141s ok=True obj=-5.226393024894102 ref=-5.226393024894102
netlib/cycle                   push3            optimal        0.093s ok=True obj=-5.226393024894101 ref=-5.226393024894102
netlib/cycle                   push5            optimal        0.093s ok=True obj=-5.226393024894103 ref=-5.226393024894102
netlib/cycle                   push3pc          optimal        0.096s ok=True obj=-5.226393024894102 ref=-5.226393024894102
netlib/czprob                  default          optimal        0.025s ok=True obj=2185196.6988565787 ref=2185196.698856578
netlib/czprob                  push3            optimal        0.032s ok=True obj=2185196.6988565787 ref=2185196.698856578
netlib/czprob                  push5            optimal        0.034s ok=True obj=2185196.6988565787 ref=2185196.698856578
netlib/czprob                  push3pc          optimal        0.027s ok=True obj=2185196.6988565787 ref=2185196.698856578
netlib/d2q06c                  default          optimal        0.295s ok=True obj=122784.21081418957 ref=122784.2108141893
netlib/d2q06c                  push3            optimal        0.306s ok=True obj=122784.21081418943 ref=122784.2108141893
netlib/d2q06c                  push5            optimal        0.318s ok=True obj=122784.21081418947 ref=122784.2108141893
netlib/d2q06c                  push3pc          optimal        0.316s ok=True obj=122784.21081418938 ref=122784.2108141893
netlib/d6cube                  default          optimal        0.168s ok=True obj=315.49166666666656 ref=315.49166666666696
netlib/d6cube                  push3            optimal        0.164s ok=True obj=315.49166666666656 ref=315.49166666666696
netlib/d6cube                  push5            optimal        0.168s ok=True obj=315.49166666666656 ref=315.49166666666696
netlib/d6cube                  push3pc          optimal        0.158s ok=True obj=315.49166666666656 ref=315.49166666666696
netlib/degen2                  default          optimal        0.026s ok=True obj=-1435.178 ref=-1435.178
netlib/degen2                  push3            optimal        0.028s ok=True obj=-1435.178 ref=-1435.178
netlib/degen2                  push5            optimal        0.023s ok=True obj=-1435.178 ref=-1435.178
netlib/degen2                  push3pc          optimal        0.032s ok=True obj=-1435.178 ref=-1435.178
netlib/degen3                  default          optimal        0.200s ok=True obj=-987.2940000000006 ref=-987.2940000000007
netlib/degen3                  push3            optimal        0.205s ok=True obj=-987.2940000000006 ref=-987.2940000000007
netlib/degen3                  push5            optimal        0.197s ok=True obj=-987.2940000000006 ref=-987.2940000000007
netlib/degen3                  push3pc          optimal        0.534s ok=True obj=-987.2940000000004 ref=-987.2940000000007
netlib/dfl001                  default          optimal       15.314s ok=True obj=11266396.046671353 ref=11266396.04667138
netlib/dfl001                  push3            optimal        4.846s ok=True obj=11266396.046671385 ref=11266396.04667138
netlib/dfl001                  push5            optimal        4.795s ok=True obj=11266396.046671385 ref=11266396.04667138
netlib/dfl001                  push3pc          optimal        3.243s ok=True obj=11266396.046671653 ref=11266396.04667138
netlib/e226                    default          optimal        0.012s ok=True obj=-11.638929066370533 ref=-11.638929066370537
netlib/e226                    push3            optimal        0.016s ok=True obj=-11.638929066370533 ref=-11.638929066370537
netlib/e226                    push5            optimal        0.012s ok=True obj=-11.638929066370533 ref=-11.638929066370537
netlib/e226                    push3pc          optimal        0.016s ok=True obj=-11.638929066370533 ref=-11.638929066370537
netlib/etamacro                default          optimal        0.039s ok=True obj=-755.715233313166 ref=-755.7152333005275
netlib/etamacro                push3            optimal        0.026s ok=True obj=-755.7152333749136 ref=-755.7152333005275
netlib/etamacro                push5            optimal        0.021s ok=True obj=-755.7152333749132 ref=-755.7152333005275
netlib/etamacro                push3pc          optimal        0.019s ok=True obj=-755.7152333749136 ref=-755.7152333005275
netlib/fffff800                default          optimal        0.019s ok=True obj=555679.5648174961 ref=555679.5648174963
netlib/fffff800                push3            optimal        0.023s ok=True obj=555679.5648174959 ref=555679.5648174963
netlib/fffff800                push5            optimal        0.024s ok=True obj=555679.5648174959 ref=555679.5648174963
netlib/fffff800                push3pc          optimal        0.025s ok=True obj=555679.5648174959 ref=555679.5648174963
netlib/finnis                  default          optimal        0.015s ok=True obj=172791.0655956115 ref=172791.06559561164
netlib/finnis                  push3            optimal        0.013s ok=True obj=172791.06559561178 ref=172791.06559561164
netlib/finnis                  push5            optimal        0.022s ok=True obj=172791.06559561178 ref=172791.06559561164
netlib/finnis                  push3pc          optimal        0.021s ok=True obj=172791.06559561178 ref=172791.06559561164
netlib/fit1d                   default          optimal        0.019s ok=True obj=-9146.378092420917 ref=-9146.378092420928
netlib/fit1d                   push3            optimal        0.020s ok=True obj=-9146.378092420917 ref=-9146.378092420928
netlib/fit1d                   push5            optimal        0.018s ok=True obj=-9146.378092420917 ref=-9146.378092420928
netlib/fit1d                   push3pc          optimal        0.018s ok=True obj=-9146.378092420917 ref=-9146.378092420928
netlib/fit1p                   default          optimal        0.228s ok=True obj=9146.378092420933 ref=9146.378092420935
netlib/fit1p                   push3            optimal        0.238s ok=True obj=9146.378092420933 ref=9146.378092420935
netlib/fit1p                   push5            optimal        0.242s ok=True obj=9146.378092420933 ref=9146.378092420935
netlib/fit1p                   push3pc          optimal        0.228s ok=True obj=9146.378092420933 ref=9146.378092420935
netlib/fit2d                   default          optimal        0.228s ok=True obj=-68464.29329383213 ref=-68464.2932938321
netlib/fit2d                   push3            optimal        0.230s ok=True obj=-68464.29329383213 ref=-68464.2932938321
netlib/fit2d                   push5            optimal        0.223s ok=True obj=-68464.29329383213 ref=-68464.2932938321
netlib/fit2d                   push3pc          optimal        0.214s ok=True obj=-68464.29329383213 ref=-68464.2932938321
netlib/fit2p                   default          optimal        0.361s ok=True obj=68464.29329383011 ref=68464.29329383216
netlib/fit2p                   push3            optimal        0.451s ok=True obj=68464.29329383011 ref=68464.29329383216
netlib/fit2p                   push5            optimal        0.400s ok=True obj=68464.29329383011 ref=68464.29329383216
netlib/fit2p                   push3pc          optimal        0.362s ok=True obj=68464.29329387668 ref=68464.29329383216
netlib/forplan                 default          optimal        0.011s ok=True obj=-664.2189612722052 ref=-664.2189612722054
netlib/forplan                 push3            optimal        0.018s ok=True obj=-664.2189612722059 ref=-664.2189612722054
netlib/forplan                 push5            optimal        0.011s ok=True obj=-664.2189612722059 ref=-664.2189612722054
netlib/forplan                 push3pc          optimal        0.016s ok=True obj=-664.2189612722059 ref=-664.2189612722054
netlib/ganges                  default          optimal        0.028s ok=True obj=-109585.73612927858 ref=-109585.73612927813
netlib/ganges                  push3            optimal        0.020s ok=True obj=-109585.7361292782 ref=-109585.73612927813
netlib/ganges                  push5            optimal        0.015s ok=True obj=-109585.7361292782 ref=-109585.73612927813
netlib/ganges                  push3pc          optimal        0.018s ok=True obj=-109585.7361292782 ref=-109585.73612927813
netlib/gfrd-pnc                default          optimal        0.008s ok=True obj=6902235.999548812 ref=6902235.999548812
netlib/gfrd-pnc                push3            optimal        0.006s ok=True obj=6902235.999548812 ref=6902235.999548812
netlib/gfrd-pnc                push5            optimal        0.007s ok=True obj=6902235.999548812 ref=6902235.999548812
netlib/gfrd-pnc                push3pc          optimal        0.012s ok=True obj=6902235.999548812 ref=6902235.999548812
netlib/greenbea                default          optimal        0.514s ok=True obj=-72555248.12984864 ref=-72555248.12984587
netlib/greenbea                push3            optimal        0.524s ok=True obj=-72555248.12984875 ref=-72555248.12984587
netlib/greenbea                push5            optimal        0.542s ok=True obj=-72555248.12984875 ref=-72555248.12984587
netlib/greenbea                push3pc          optimal        0.610s ok=True obj=-72555248.12984875 ref=-72555248.12984587
netlib/greenbeb                default          optimal        0.402s ok=True obj=-4302260.261206586 ref=-4302260.261206586
netlib/greenbeb                push3            optimal        0.427s ok=True obj=-4302260.261206586 ref=-4302260.261206586
netlib/greenbeb                push5            optimal        0.425s ok=True obj=-4302260.261206586 ref=-4302260.261206586
netlib/greenbeb                push3pc          optimal        0.411s ok=True obj=-4302260.261206585 ref=-4302260.261206586
netlib/grow15                  default          optimal        0.026s ok=True obj=-106870941.29357536 ref=-106870941.29357533
netlib/grow15                  push3            optimal        0.023s ok=True obj=-106870941.29357536 ref=-106870941.29357533
netlib/grow15                  push5            optimal        0.025s ok=True obj=-106870941.29357536 ref=-106870941.29357533
netlib/grow15                  push3pc          optimal        0.032s ok=True obj=-106870941.29357533 ref=-106870941.29357533
netlib/grow22                  default          optimal        0.040s ok=True obj=-160834336.482563 ref=-160834336.48256296
netlib/grow22                  push3            optimal        0.035s ok=True obj=-160834336.482563 ref=-160834336.48256296
netlib/grow22                  push5            optimal        0.056s ok=True obj=-160834336.482563 ref=-160834336.48256296
netlib/grow22                  push3pc          optimal        0.036s ok=True obj=-160834336.482563 ref=-160834336.48256296
netlib/grow7                   default          optimal        0.021s ok=True obj=-47787811.81471152 ref=-47787811.8147115
netlib/grow7                   push3            optimal        0.018s ok=True obj=-47787811.8147115 ref=-47787811.8147115
netlib/grow7                   push5            optimal        0.010s ok=True obj=-47787811.8147115 ref=-47787811.8147115
netlib/grow7                   push3pc          optimal        0.013s ok=True obj=-47787811.8147115 ref=-47787811.8147115
netlib/israel                  default          optimal        0.018s ok=True obj=-896644.8218630458 ref=-896644.8218630459
netlib/israel                  push3            optimal        0.023s ok=True obj=-896644.8218630459 ref=-896644.8218630459
netlib/israel                  push5            optimal        0.028s ok=True obj=-896644.8218630459 ref=-896644.8218630459
netlib/israel                  push3pc          optimal        0.014s ok=True obj=-896644.8218630459 ref=-896644.8218630459
netlib/kb2                     default          optimal        0.002s ok=True obj=-1749.9001299062052 ref=-1749.9001299062056
netlib/kb2                     push3            optimal        0.002s ok=True obj=-1749.9001299062052 ref=-1749.9001299062056
netlib/kb2                     push5            optimal        0.002s ok=True obj=-1749.9001299062052 ref=-1749.9001299062056
netlib/kb2                     push3pc          optimal        0.002s ok=True obj=-1749.9001299062052 ref=-1749.9001299062056
netlib/lotfi                   default          optimal        0.013s ok=True obj=-25.264706061880037 ref=-25.264706061880002
netlib/lotfi                   push3            optimal        0.012s ok=True obj=-25.26470606188001 ref=-25.264706061880002
netlib/lotfi                   push5            optimal        0.006s ok=True obj=-25.26470606188001 ref=-25.264706061880002
netlib/lotfi                   push3pc          optimal        0.005s ok=True obj=-25.26470606188001 ref=-25.264706061880002
netlib/maros                   default          optimal        0.037s ok=True obj=-58063.74370112591 ref=-58063.74370112589
netlib/maros                   push3            optimal        0.048s ok=True obj=-58063.74370112591 ref=-58063.74370112589
netlib/maros                   push5            optimal        0.034s ok=True obj=-58063.74370112591 ref=-58063.74370112589
netlib/maros                   push3pc          optimal        0.036s ok=True obj=-58063.74370112591 ref=-58063.74370112589
netlib/maros-r7                default          optimal        0.369s ok=True obj=1497185.166479643 ref=1497185.1664796423
netlib/maros-r7                push3            optimal        0.380s ok=True obj=1497185.166479643 ref=1497185.1664796423
netlib/maros-r7                push5            optimal        0.397s ok=True obj=1497185.166479643 ref=1497185.1664796423
netlib/maros-r7                push3pc          optimal        0.414s ok=True obj=1497185.166479643 ref=1497185.1664796423
netlib/modszk1                 default          optimal        0.026s ok=True obj=320.6197290613313 ref=320.61972906434596
netlib/modszk1                 push3            optimal        0.026s ok=True obj=320.6197290612492 ref=320.61972906434596
netlib/modszk1                 push5            optimal        0.027s ok=True obj=320.6197290612492 ref=320.61972906434596
netlib/modszk1                 push3pc          optimal        0.025s ok=True obj=320.6197290612492 ref=320.61972906434596
netlib/nesm                    default          optimal        0.186s ok=True obj=14076036.487562718 ref=14076036.487562705
netlib/nesm                    push3            optimal        0.166s ok=True obj=14076036.487562725 ref=14076036.487562705
netlib/nesm                    push5            optimal        0.172s ok=True obj=14076036.48756272 ref=14076036.487562705
netlib/nesm                    push3pc          optimal        0.178s ok=True obj=14076036.487562725 ref=14076036.487562705
netlib/perold                  default          optimal        0.117s ok=True obj=-9380.755278235314 ref=-9380.755278235187
netlib/perold                  push3            optimal        0.111s ok=True obj=-9380.755278235314 ref=-9380.755278235187
netlib/perold                  push5            optimal        0.117s ok=True obj=-9380.755278235314 ref=-9380.755278235187
netlib/perold                  push3pc          optimal        0.073s ok=True obj=-9380.755278235314 ref=-9380.755278235187
netlib/pilot                   default          optimal        0.483s ok=True obj=-557.4897289591502 ref=-557.4897292744025
netlib/pilot                   push3            optimal        0.479s ok=True obj=-557.489728959149 ref=-557.4897292744025
netlib/pilot                   push5            optimal        0.524s ok=True obj=-557.4897292791162 ref=-557.4897292744025
netlib/pilot                   push3pc          optimal        0.479s ok=True obj=-557.4897292288572 ref=-557.4897292744025
netlib/pilot.ja                default          optimal        0.281s ok=True obj=-6113.136465463971 ref=-6113.136465581338
netlib/pilot.ja                push3            optimal        0.212s ok=True obj=-6113.136465463864 ref=-6113.136465581338
netlib/pilot.ja                push5            optimal        0.219s ok=True obj=-6113.136465463864 ref=-6113.136465581338
netlib/pilot.ja                push3pc          optimal        0.226s ok=True obj=-6113.136465463864 ref=-6113.136465581338
netlib/pilot.we                default          optimal        0.221s ok=True obj=-2720107.5328449653 ref=-2720107.5328449584
netlib/pilot.we                push3            optimal        0.229s ok=True obj=-2720107.5328449653 ref=-2720107.5328449584
netlib/pilot.we                push5            optimal        0.279s ok=True obj=-2720107.5328449653 ref=-2720107.5328449584
netlib/pilot.we                push3pc          optimal        0.214s ok=True obj=-2720107.532844973 ref=-2720107.5328449584
netlib/pilot4                  default          optimal        0.078s ok=True obj=-2581.139258883904 ref=-2581.1392588838853
netlib/pilot4                  push3            optimal        0.069s ok=True obj=-2581.139258883904 ref=-2581.1392588838853
netlib/pilot4                  push5            optimal        0.056s ok=True obj=-2581.139258883904 ref=-2581.1392588838853
netlib/pilot4                  push3pc          optimal        0.063s ok=True obj=-2581.139258884301 ref=-2581.1392588838853
netlib/pilot87                 default          optimal        5.645s ok=True obj=301.7103473331276 ref=301.71034733310745
netlib/pilot87                 push3            optimal        1.214s ok=True obj=301.7103473331102 ref=301.71034733310745
netlib/pilot87                 push5            optimal        1.310s ok=True obj=301.71034733311103 ref=301.71034733310745
netlib/pilot87                 push3pc          optimal        1.292s ok=True obj=301.71034733311103 ref=301.71034733310745
netlib/pilotnov                default          optimal        0.210s ok=True obj=-4497.276188218871 ref=-4497.2761882188715
netlib/pilotnov                push3            optimal        0.186s ok=True obj=-4497.276188218871 ref=-4497.2761882188715
netlib/pilotnov                push5            optimal        0.186s ok=True obj=-4497.276188218871 ref=-4497.2761882188715
netlib/pilotnov                push3pc          optimal        0.105s ok=True obj=-4497.27618821887 ref=-4497.2761882188715
netlib/recipe                  default          optimal        0.002s ok=True obj=-266.61600000000027 ref=-266.61600000000027
netlib/recipe                  push3            optimal        0.002s ok=True obj=-266.61600000000027 ref=-266.61600000000027
netlib/recipe                  push5            optimal        0.002s ok=True obj=-266.61600000000027 ref=-266.61600000000027
netlib/recipe                  push3pc          optimal        0.002s ok=True obj=-266.61600000000027 ref=-266.61600000000027
netlib/sc105                   default          optimal        0.002s ok=True obj=-52.20206121170723 ref=-52.20206121170723
netlib/sc105                   push3            optimal        0.002s ok=True obj=-52.20206121170723 ref=-52.20206121170723
netlib/sc105                   push5            optimal        0.002s ok=True obj=-52.20206121170723 ref=-52.20206121170723
netlib/sc105                   push3pc          optimal        0.002s ok=True obj=-52.20206121170723 ref=-52.20206121170723
netlib/sc205                   default          optimal        0.008s ok=True obj=-52.2020612117072 ref=-52.20206121170721
netlib/sc205                   push3            optimal        0.004s ok=True obj=-52.2020612117072 ref=-52.20206121170721
netlib/sc205                   push5            optimal        0.004s ok=True obj=-52.2020612117072 ref=-52.20206121170721
netlib/sc205                   push3pc          optimal        0.008s ok=True obj=-52.2020612117072 ref=-52.20206121170721
netlib/sc50a                   default          optimal        0.001s ok=True obj=-64.5750770585645 ref=-64.5750770585645
netlib/sc50a                   push3            optimal        0.001s ok=True obj=-64.5750770585645 ref=-64.5750770585645
netlib/sc50a                   push5            optimal        0.002s ok=True obj=-64.5750770585645 ref=-64.5750770585645
netlib/sc50a                   push3pc          optimal        0.001s ok=True obj=-64.5750770585645 ref=-64.5750770585645
netlib/sc50b                   default          optimal        0.001s ok=True obj=-69.99999999999999 ref=-69.99999999999999
netlib/sc50b                   push3            optimal        0.002s ok=True obj=-69.99999999999999 ref=-69.99999999999999
netlib/sc50b                   push5            optimal        0.001s ok=True obj=-69.99999999999999 ref=-69.99999999999999
netlib/sc50b                   push3pc          optimal        0.004s ok=True obj=-69.99999999999999 ref=-69.99999999999999
netlib/scagr25                 default          optimal        0.008s ok=True obj=-14753433.060768524 ref=-14753433.060768528
netlib/scagr25                 push3            optimal        0.011s ok=True obj=-14753433.060768524 ref=-14753433.060768528
netlib/scagr25                 push5            optimal        0.011s ok=True obj=-14753433.060768524 ref=-14753433.060768528
netlib/scagr25                 push3pc          optimal        0.007s ok=True obj=-14753433.060768524 ref=-14753433.060768528
netlib/scagr7                  default          optimal        0.002s ok=True obj=-2331389.8243309837 ref=-2331389.824330984
netlib/scagr7                  push3            optimal        0.002s ok=True obj=-2331389.8243309837 ref=-2331389.824330984
netlib/scagr7                  push5            optimal        0.002s ok=True obj=-2331389.8243309837 ref=-2331389.824330984
netlib/scagr7                  push3pc          optimal        0.006s ok=True obj=-2331389.8243309837 ref=-2331389.824330984
netlib/scfxm1                  default          optimal        0.018s ok=True obj=18416.759028348944 ref=18416.759028348948
netlib/scfxm1                  push3            optimal        0.012s ok=True obj=18416.759028348944 ref=18416.759028348948
netlib/scfxm1                  push5            optimal        0.013s ok=True obj=18416.759028348944 ref=18416.759028348948
netlib/scfxm1                  push3pc          optimal        0.016s ok=True obj=18416.759028348944 ref=18416.759028348948
netlib/scfxm2                  default          optimal        0.027s ok=True obj=36660.26156499881 ref=36660.261564998815
netlib/scfxm2                  push3            optimal        0.021s ok=True obj=36660.26156499881 ref=36660.261564998815
netlib/scfxm2                  push5            optimal        0.025s ok=True obj=36660.26156499881 ref=36660.261564998815
netlib/scfxm2                  push3pc          optimal        0.031s ok=True obj=36660.26156499881 ref=36660.261564998815
netlib/scfxm3                  default          optimal        0.037s ok=True obj=54901.25454975145 ref=54901.254549751444
netlib/scfxm3                  push3            optimal        0.042s ok=True obj=54901.25454975145 ref=54901.254549751444
netlib/scfxm3                  push5            optimal        0.050s ok=True obj=54901.25454975145 ref=54901.254549751444
netlib/scfxm3                  push3pc          optimal        0.035s ok=True obj=54901.25454975145 ref=54901.254549751444
netlib/scorpion                default          optimal        0.003s ok=True obj=1878.1248227381068 ref=1878.1248227381068
netlib/scorpion                push3            optimal        0.003s ok=True obj=1878.1248227381068 ref=1878.1248227381068
netlib/scorpion                push5            optimal        0.003s ok=True obj=1878.1248227381068 ref=1878.1248227381068
netlib/scorpion                push3pc          optimal        0.003s ok=True obj=1878.1248227381068 ref=1878.1248227381068
netlib/scrs8                   default          optimal        0.013s ok=True obj=904.2969538007919 ref=904.296953800792
netlib/scrs8                   push3            optimal        0.027s ok=True obj=904.2969538007919 ref=904.296953800792
netlib/scrs8                   push5            optimal        0.019s ok=True obj=904.2969538007919 ref=904.296953800792
netlib/scrs8                   push3pc          optimal        0.025s ok=True obj=904.2969538007919 ref=904.296953800792
netlib/scsd1                   default          optimal        0.008s ok=True obj=8.666666674333364 ref=8.666666674333364
netlib/scsd1                   push3            optimal        0.006s ok=True obj=8.666666674333364 ref=8.666666674333364
netlib/scsd1                   push5            optimal        0.004s ok=True obj=8.666666674333364 ref=8.666666674333364
netlib/scsd1                   push3pc          optimal        0.004s ok=True obj=8.666666674333364 ref=8.666666674333364
netlib/scsd6                   default          optimal        0.011s ok=True obj=50.500000077144335 ref=50.5000000782623
netlib/scsd6                   push3            optimal        0.008s ok=True obj=50.50000007714434 ref=50.5000000782623
netlib/scsd6                   push5            optimal        0.010s ok=True obj=50.500000077144335 ref=50.5000000782623
netlib/scsd6                   push3pc          optimal        0.013s ok=True obj=50.50000007714433 ref=50.5000000782623
netlib/scsd8                   default          optimal        0.025s ok=True obj=904.9999999254652 ref=904.9999999254643
netlib/scsd8                   push3            optimal        0.019s ok=True obj=904.9999999254651 ref=904.9999999254643
netlib/scsd8                   push5            optimal        0.026s ok=True obj=904.9999999254643 ref=904.9999999254643
netlib/scsd8                   push3pc          optimal        0.024s ok=True obj=904.9999999254644 ref=904.9999999254643
netlib/sctap1                  default          optimal        0.006s ok=True obj=1412.25 ref=1412.25
netlib/sctap1                  push3            optimal        0.012s ok=True obj=1412.2500000000002 ref=1412.25
netlib/sctap1                  push5            optimal        0.011s ok=True obj=1412.2500000000002 ref=1412.25
netlib/sctap1                  push3pc          optimal        0.010s ok=True obj=1412.25 ref=1412.25
netlib/sctap2                  default          optimal        0.024s ok=True obj=1724.807142857143 ref=1724.807142857143
netlib/sctap2                  push3            optimal        0.027s ok=True obj=1724.807142857143 ref=1724.807142857143
netlib/sctap2                  push5            optimal        0.025s ok=True obj=1724.807142857143 ref=1724.807142857143
netlib/sctap2                  push3pc          optimal        0.032s ok=True obj=1724.807142857143 ref=1724.807142857143
netlib/sctap3                  default          optimal        0.046s ok=True obj=1424.0 ref=1424.0
netlib/sctap3                  push3            optimal        0.049s ok=True obj=1424.0 ref=1424.0
netlib/sctap3                  push5            optimal        0.045s ok=True obj=1424.0 ref=1424.0
netlib/sctap3                  push3pc          optimal        0.048s ok=True obj=1424.0 ref=1424.0
netlib/seba                    default          optimal        0.018s ok=True obj=15711.6 ref=15711.599999999999
netlib/seba                    push3            optimal        0.020s ok=True obj=15711.6 ref=15711.599999999999
netlib/seba                    push5            optimal        0.021s ok=True obj=15711.6 ref=15711.599999999999
netlib/seba                    push3pc          optimal        0.012s ok=True obj=15711.6 ref=15711.599999999999
netlib/share1b                 default          optimal        0.004s ok=True obj=-76589.31857918567 ref=-76589.31857918572
netlib/share1b                 push3            optimal        0.004s ok=True obj=-76589.31857918567 ref=-76589.31857918572
netlib/share1b                 push5            optimal        0.008s ok=True obj=-76589.31857918567 ref=-76589.31857918572
netlib/share1b                 push3pc          optimal        0.004s ok=True obj=-76589.31857918567 ref=-76589.31857918572
netlib/share2b                 default          optimal        0.003s ok=True obj=-415.7322407414206 ref=-415.73224074141945
netlib/share2b                 push3            optimal        0.003s ok=True obj=-415.7322407414206 ref=-415.73224074141945
netlib/share2b                 push5            optimal        0.004s ok=True obj=-415.7322407414206 ref=-415.73224074141945
netlib/share2b                 push3pc          optimal        0.005s ok=True obj=-415.7322407414206 ref=-415.73224074141945
netlib/shell                   default          optimal        0.024s ok=True obj=1208825346.0 ref=1208825346.0
netlib/shell                   push3            optimal        0.019s ok=True obj=1208825346.0 ref=1208825346.0
netlib/shell                   push5            optimal        0.022s ok=True obj=1208825346.0 ref=1208825346.0
netlib/shell                   push3pc          optimal        0.025s ok=True obj=1208825346.0 ref=1208825346.0
netlib/ship04l                 default          optimal        0.014s ok=True obj=1793324.5379703562 ref=1793324.5379703562
netlib/ship04l                 push3            optimal        0.016s ok=True obj=1793324.5379703562 ref=1793324.5379703562
netlib/ship04l                 push5            optimal        0.015s ok=True obj=1793324.5379703562 ref=1793324.5379703562
netlib/ship04l                 push3pc          optimal        0.014s ok=True obj=1793324.5379703562 ref=1793324.5379703562
netlib/ship04s                 default          optimal        0.009s ok=True obj=1798714.700445392 ref=1798714.7004453917
netlib/ship04s                 push3            optimal        0.013s ok=True obj=1798714.700445392 ref=1798714.7004453917
netlib/ship04s                 push5            optimal        0.013s ok=True obj=1798714.700445392 ref=1798714.7004453917
netlib/ship04s                 push3pc          optimal        0.015s ok=True obj=1798714.700445392 ref=1798714.7004453917
netlib/ship08l                 default          optimal        0.037s ok=True obj=1909055.2113891311 ref=1909055.211389131
netlib/ship08l                 push3            optimal        0.025s ok=True obj=1909055.2113891311 ref=1909055.211389131
netlib/ship08l                 push5            optimal        0.027s ok=True obj=1909055.2113891311 ref=1909055.211389131
netlib/ship08l                 push3pc          optimal        0.042s ok=True obj=1909055.2113891311 ref=1909055.211389131
netlib/ship08s                 default          optimal        0.019s ok=True obj=1920098.210534618 ref=1920098.2105346182
netlib/ship08s                 push3            optimal        0.020s ok=True obj=1920098.210534618 ref=1920098.2105346182
netlib/ship08s                 push5            optimal        0.014s ok=True obj=1920098.210534618 ref=1920098.2105346182
netlib/ship08s                 push3pc          optimal        0.016s ok=True obj=1920098.210534618 ref=1920098.2105346182
netlib/ship12l                 default          optimal        0.044s ok=True obj=1470187.9193292658 ref=1470187.9193292663
netlib/ship12l                 push3            optimal        0.036s ok=True obj=1470187.919329266 ref=1470187.9193292663
netlib/ship12l                 push5            optimal        0.034s ok=True obj=1470187.919329266 ref=1470187.9193292663
netlib/ship12l                 push3pc          optimal        0.059s ok=True obj=1470187.919329266 ref=1470187.9193292663
netlib/ship12s                 default          optimal        0.013s ok=True obj=1489236.1344061326 ref=1489236.1344061329
netlib/ship12s                 push3            optimal        0.029s ok=True obj=1489236.1344061329 ref=1489236.1344061329
netlib/ship12s                 push5            optimal        0.015s ok=True obj=1489236.1344061329 ref=1489236.1344061329
netlib/ship12s                 push3pc          optimal        0.016s ok=True obj=1489236.1344061329 ref=1489236.1344061329
netlib/sierra                  default          optimal        0.029s ok=True obj=15394362.183631925 ref=15394362.183631929
netlib/sierra                  push3            optimal        0.040s ok=True obj=15394362.183631927 ref=15394362.183631929
netlib/sierra                  push5            optimal        0.039s ok=True obj=15394362.183631927 ref=15394362.183631929
netlib/sierra                  push3pc          optimal        0.048s ok=True obj=15394362.183631927 ref=15394362.183631929
netlib/stair                   default          optimal        0.028s ok=True obj=-251.26695119296335 ref=-251.26695119296335
netlib/stair                   push3            optimal        0.034s ok=True obj=-251.26695119296335 ref=-251.26695119296335
netlib/stair                   push5            optimal        0.023s ok=True obj=-251.26695119296335 ref=-251.26695119296335
netlib/stair                   push3pc          optimal        0.025s ok=True obj=-251.26695119296335 ref=-251.26695119296335
netlib/standata                default          optimal        0.009s ok=True obj=1257.6995000000002 ref=1257.6995
netlib/standata                push3            optimal        0.013s ok=True obj=1257.6995000000002 ref=1257.6995
netlib/standata                push5            optimal        0.013s ok=True obj=1257.6995000000002 ref=1257.6995
netlib/standata                push3pc          optimal        0.013s ok=True obj=1257.6995000000002 ref=1257.6995
netlib/standgub                default          optimal        0.011s ok=True obj=1257.6995000000002 ref=1257.6995
netlib/standgub                push3            optimal        0.013s ok=True obj=1257.6995000000002 ref=1257.6995
netlib/standgub                push5            optimal        0.011s ok=True obj=1257.6995000000002 ref=1257.6995
netlib/standgub                push3pc          optimal        0.012s ok=True obj=1257.6995000000002 ref=1257.6995
netlib/standmps                default          optimal        0.015s ok=True obj=1406.0175000000008 ref=1406.0175
netlib/standmps                push3            optimal        0.021s ok=True obj=1406.0175000000008 ref=1406.0175
netlib/standmps                push5            optimal        0.012s ok=True obj=1406.0175000000008 ref=1406.0175
netlib/standmps                push3pc          optimal        0.012s ok=True obj=1406.0175000000008 ref=1406.0175
netlib/stocfor1                default          optimal        0.003s ok=True obj=-41131.976219436416 ref=-41131.97621943641
netlib/stocfor1                push3            optimal        0.003s ok=True obj=-41131.976219436416 ref=-41131.97621943641
netlib/stocfor1                push5            optimal        0.003s ok=True obj=-41131.976219436416 ref=-41131.97621943641
netlib/stocfor1                push3pc          optimal        0.004s ok=True obj=-41131.976219436416 ref=-41131.97621943641
netlib/stocfor2                default          optimal        0.082s ok=True obj=-39024.40853788211 ref=-39024.408537882104
netlib/stocfor2                push3            optimal        0.087s ok=True obj=-39024.40853788211 ref=-39024.408537882104
netlib/stocfor2                push5            optimal        0.103s ok=True obj=-39024.40853788211 ref=-39024.408537882104
netlib/stocfor2                push3pc          optimal        0.084s ok=True obj=-39024.40853788211 ref=-39024.408537882104
netlib/tuff                    default          optimal        0.021s ok=True obj=0.29214776509361284 ref=0.292147765093613
netlib/tuff                    push3            optimal        0.013s ok=True obj=0.2921477650936128 ref=0.292147765093613
netlib/tuff                    push5            optimal        0.021s ok=True obj=0.2921477650936128 ref=0.292147765093613
netlib/tuff                    push3pc          optimal        0.013s ok=True obj=0.2921477650936128 ref=0.292147765093613
netlib/vtp.base                default          optimal        0.002s ok=True obj=129831.46246136137 ref=129831.46246136137
netlib/vtp.base                push3            optimal        0.005s ok=True obj=129831.46246136137 ref=129831.46246136137
netlib/vtp.base                push5            optimal        0.002s ok=True obj=129831.46246136137 ref=129831.46246136137
netlib/vtp.base                push3pc          optimal        0.004s ok=True obj=129831.46246136137 ref=129831.46246136137
netlib/wood1p                  default          optimal        0.131s ok=True obj=1.4429024115734084 ref=1.442902411573409
netlib/wood1p                  push3            optimal        0.128s ok=True obj=1.4429024115734084 ref=1.442902411573409
netlib/wood1p                  push5            optimal        0.132s ok=True obj=1.4429024115734084 ref=1.442902411573409
netlib/wood1p                  push3pc          optimal        0.131s ok=True obj=1.4429024115734084 ref=1.442902411573409
netlib/woodw                   default          optimal        0.078s ok=True obj=1.3044763330842304 ref=1.3044763330842293
netlib/woodw                   push3            optimal        0.085s ok=True obj=1.3044763330842304 ref=1.3044763330842293
netlib/woodw                   push5            optimal        0.082s ok=True obj=1.3044763330842304 ref=1.3044763330842293
netlib/woodw                   push3pc          optimal        0.078s ok=True obj=1.3044763330842304 ref=1.3044763330842293
kennington/cre-a               default          optimal        0.243s ok=True obj=23595407.060971614 ref=23595407.06097162
kennington/cre-a               push3            optimal        0.254s ok=True obj=23595407.060971614 ref=23595407.06097162
kennington/cre-a               push5            optimal        0.248s ok=True obj=23595407.060971614 ref=23595407.06097162
kennington/cre-a               push3pc          optimal        0.132s ok=True obj=23595407.060971618 ref=23595407.06097162
kennington/cre-b               default          optimal        1.089s ok=True obj=23129639.88683238 ref=23129639.88683238
kennington/cre-b               push3            optimal        1.161s ok=True obj=23129639.88683238 ref=23129639.88683238
kennington/cre-b               push5            optimal        1.117s ok=True obj=23129639.88683238 ref=23129639.88683238
kennington/cre-b               push3pc          optimal        1.247s ok=True obj=23129639.88683238 ref=23129639.88683238
kennington/cre-c               default          optimal        0.217s ok=True obj=25275116.140880227 ref=25275116.14088022
kennington/cre-c               push3            optimal        0.217s ok=True obj=25275116.140880227 ref=25275116.14088022
kennington/cre-c               push5            optimal        0.237s ok=True obj=25275116.140880227 ref=25275116.14088022
kennington/cre-c               push3pc          optimal        0.216s ok=True obj=25275116.14088023 ref=25275116.14088022
kennington/cre-d               default          optimal        1.043s ok=True obj=24454969.764549248 ref=24454969.76454924
kennington/cre-d               push3            optimal        1.026s ok=True obj=24454969.764549248 ref=24454969.76454924
kennington/cre-d               push5            optimal        1.020s ok=True obj=24454969.764549248 ref=24454969.76454924
kennington/cre-d               push3pc          optimal        1.080s ok=True obj=24454969.764549244 ref=24454969.76454924
kennington/ken-07              default          optimal        0.026s ok=True obj=-679520443.3816885 ref=-679520443.3816886
kennington/ken-07              push3            optimal        0.025s ok=True obj=-679520443.3816885 ref=-679520443.3816886
kennington/ken-07              push5            optimal        0.028s ok=True obj=-679520443.3816885 ref=-679520443.3816886
kennington/ken-07              push3pc          optimal        0.024s ok=True obj=-679520443.3816885 ref=-679520443.3816886
kennington/ken-11              default          optimal        0.337s ok=True obj=-6972382262.519994 ref=-6972382262.519994
kennington/ken-11              push3            optimal        0.356s ok=True obj=-6972382262.519994 ref=-6972382262.519994
kennington/ken-11              push5            optimal        0.361s ok=True obj=-6972382262.519994 ref=-6972382262.519994
kennington/ken-11              push3pc          optimal        0.335s ok=True obj=-6972382262.519994 ref=-6972382262.519994
kennington/ken-13              default          optimal        0.553s ok=True obj=-10257394789.48247 ref=-10257394789.48247
kennington/ken-13              push3            optimal        0.575s ok=True obj=-10257394789.48247 ref=-10257394789.48247
kennington/ken-13              push5            optimal        0.574s ok=True obj=-10257394789.48247 ref=-10257394789.48247
kennington/ken-13              push3pc          optimal        0.735s ok=True obj=-10257394789.48247 ref=-10257394789.48247
kennington/ken-18              default          optimal        7.356s ok=True obj=-52217025287.39681 ref=-52217025287.396805
kennington/ken-18              push3            optimal        7.476s ok=True obj=-52217025287.39681 ref=-52217025287.396805
kennington/ken-18              push5            optimal        7.751s ok=True obj=-52217025287.39681 ref=-52217025287.396805
kennington/ken-18              push3pc          optimal        4.764s ok=True obj=-52217025287.39682 ref=-52217025287.396805
kennington/osa-07              default          optimal        0.214s ok=True obj=535722.5172993516 ref=535722.517299351
kennington/osa-07              push3            optimal        0.213s ok=True obj=535722.5172993516 ref=535722.517299351
kennington/osa-07              push5            optimal        0.235s ok=True obj=535722.5172993516 ref=535722.517299351
kennington/osa-07              push3pc          optimal        0.197s ok=True obj=535722.5172993516 ref=535722.517299351
kennington/osa-14              default          optimal        0.402s ok=True obj=1106462.8447362517 ref=1106462.8447362536
kennington/osa-14              push3            optimal        0.428s ok=True obj=1106462.8447362517 ref=1106462.8447362536
kennington/osa-14              push5            optimal        0.466s ok=True obj=1106462.8447362517 ref=1106462.8447362536
kennington/osa-14              push3pc          optimal        0.388s ok=True obj=1106462.8447362517 ref=1106462.8447362536
kennington/osa-30              default          optimal        1.588s ok=True obj=2142139.8732097642 ref=2142139.873209765
kennington/osa-30              push3            optimal        1.477s ok=True obj=2142139.8732097642 ref=2142139.873209765
kennington/osa-30              push5            optimal        1.579s ok=True obj=2142139.8732097642 ref=2142139.873209765
kennington/osa-30              push3pc          optimal        0.868s ok=True obj=2142139.8732097642 ref=2142139.873209765
kennington/osa-60              default          optimal        2.102s ok=True obj=4044072.5031574187 ref=4044072.5031574406
kennington/osa-60              push3            optimal        2.226s ok=True obj=4044072.5031574187 ref=4044072.5031574406
kennington/osa-60              push5            optimal        2.223s ok=True obj=4044072.5031574187 ref=4044072.5031574406
kennington/osa-60              push3pc          optimal        1.696s ok=True obj=4044072.5031574187 ref=4044072.5031574406
kennington/pds-02              default          optimal        0.097s ok=True obj=28857862010.0 ref=28857862010.0
kennington/pds-02              push3            optimal        0.089s ok=True obj=28857862010.0 ref=28857862010.0
kennington/pds-02              push5            optimal        0.083s ok=True obj=28857862010.0 ref=28857862010.0
kennington/pds-02              push3pc          optimal        0.090s ok=True obj=28857862010.0 ref=28857862010.0
kennington/pds-06              default          optimal        0.860s ok=True obj=27761037600.0 ref=27761037600.0
kennington/pds-06              push3            optimal        0.847s ok=True obj=27761037600.0 ref=27761037600.0
kennington/pds-06              push5            optimal        0.851s ok=True obj=27761037600.0 ref=27761037600.0
kennington/pds-06              push3pc          optimal        0.870s ok=True obj=27761037600.0 ref=27761037600.0
kennington/pds-10              default          optimal        2.972s ok=True obj=26727094976.0 ref=26727094976.0
kennington/pds-10              push3            optimal        2.241s ok=True obj=26727094976.0 ref=26727094976.0
kennington/pds-10              push5            optimal        2.178s ok=True obj=26727094976.0 ref=26727094976.0
kennington/pds-10              push3pc          optimal        2.047s ok=True obj=26727094976.0 ref=26727094976.0
kennington/pds-20              default          optimal       15.133s ok=True obj=23821658640.0 ref=23821658640.0
kennington/pds-20              push3            optimal       16.228s ok=True obj=23821658640.0 ref=23821658640.0
kennington/pds-20              push5            optimal       16.957s ok=True obj=23821658640.0 ref=23821658640.0
kennington/pds-20              push3pc          optimal       10.776s ok=True obj=23821658640.0 ref=23821658640.0
