netlib/25fv47                  ipm_crossover    optimal        0.170s ok=True obj=5501.845888286747 ref=5501.845888286757
netlib/80bau3b                 ipm_crossover    optimal        0.607s ok=True obj=987224.1924090909 ref=987224.1924090902
netlib/adlittle                ipm_crossover    optimal        0.019s ok=True obj=225494.9631623804 ref=225494.9631623803
netlib/afiro                   ipm_crossover    optimal        0.002s ok=True obj=-464.75314285714285 ref=-464.75314285714285
netlib/agg                     ipm_crossover    optimal        0.035s ok=True obj=-35991767.28657649 ref=-35991767.2865765
netlib/agg2                    ipm_crossover    optimal        0.048s ok=True obj=-20239252.355977114 ref=-20239252.355977118
netlib/agg3                    ipm_crossover    optimal        0.062s ok=True obj=10312115.935089229 ref=10312115.935089216
netlib/bandm                   ipm_crossover    optimal        0.016s ok=True obj=-158.62801845012072 ref=-158.62801845012078
netlib/beaconfd                ipm_crossover    optimal        0.004s ok=True obj=33592.48580719999 ref=33592.4858072
netlib/blend                   ipm_crossover    optimal        0.005s ok=True obj=-30.81214984582823 ref=-30.812149845828237
netlib/bnl1                    ipm_crossover    optimal        0.171s ok=True obj=1977.6295615228876 ref=1977.6295615228878
netlib/bnl2                    ipm_crossover    optimal        0.566s ok=True obj=1811.236540358547 ref=1811.2365403585482
netlib/boeing1                 ipm_crossover    optimal        0.038s ok=True obj=-335.2135675071268 ref=-335.21356750712675
netlib/boeing2                 ipm_crossover    optimal        0.020s ok=True obj=-315.01872801520284 ref=-315.0187280152027
netlib/bore3d                  ipm_crossover    optimal        0.009s ok=True obj=1373.0803942084926 ref=1373.0803942084926
netlib/brandy                  ipm_crossover    optimal        0.020s ok=True obj=1518.509896488129 ref=1518.5098964881279
netlib/capri                   ipm_crossover    optimal        0.018s ok=True obj=2690.0129137681606 ref=2690.0129137681593
netlib/cycle                   ipm_crossover    optimal        0.578s ok=True obj=-5.226393024894103 ref=-5.226393024894102
netlib/czprob                  ipm_crossover    optimal        0.039s ok=True obj=2185196.698856578 ref=2185196.698856578
netlib/d2q06c                  ipm_crossover    optimal        2.622s ok=True obj=122784.2108141892 ref=122784.2108141893
netlib/d6cube                  ipm_crossover    optimal        1.015s ok=True obj=315.4916666666667 ref=315.49166666666696
netlib/degen2                  ipm_crossover    optimal        0.066s ok=True obj=-1435.1779999999994 ref=-1435.178
netlib/degen3                  ipm_crossover    optimal        0.404s ok=True obj=-987.293999999999 ref=-987.2940000000007
