netlib/25fv47                  ipm_crossover    optimal        0.169s ok=True obj=5501.845888286755 ref=5501.845888286757
netlib/80bau3b                 ipm_crossover    optimal        1.105s ok=True obj=987224.1924090909 ref=987224.1924090902
netlib/adlittle                ipm_crossover    optimal        0.016s ok=True obj=225494.9631623804 ref=225494.9631623803
netlib/afiro                   ipm_crossover    optimal        0.002s ok=True obj=-464.75314285714285 ref=-464.75314285714285
netlib/agg                     ipm_crossover    optimal        0.014s ok=True obj=-35991767.2865765 ref=-35991767.2865765
netlib/agg2                    ipm_crossover    optimal        0.043s ok=True obj=-20239252.355977114 ref=-20239252.355977118
netlib/agg3                    ipm_crossover    optimal        0.050s ok=True obj=10312115.935089229 ref=10312115.935089216
netlib/bandm                   ipm_crossover    optimal        0.014s ok=True obj=-158.62801845012072 ref=-158.62801845012078
netlib/beaconfd                ipm_crossover    optimal        0.003s ok=True obj=33592.48580719999 ref=33592.4858072
netlib/blend                   ipm_crossover    optimal        0.004s ok=True obj=-30.81214984582823 ref=-30.812149845828237
netlib/bnl1                    ipm_crossover    optimal        0.156s ok=True obj=1977.6295615228828 ref=1977.6295615228878
netlib/bnl2                    ipm_crossover    optimal        0.707s ok=True obj=1811.2365403585468 ref=1811.2365403585482
netlib/boeing1                 ipm_crossover    optimal        0.035s ok=True obj=-335.21356750712675 ref=-335.21356750712675
netlib/boeing2                 ipm_crossover    optimal        0.008s ok=True obj=-315.0187280152027 ref=-315.0187280152027
netlib/bore3d                  ipm_crossover    optimal        0.006s ok=True obj=1373.0803942084926 ref=1373.0803942084926
netlib/brandy                  ipm_crossover    optimal        0.013s ok=True obj=1518.509896488129 ref=1518.5098964881279
netlib/capri                   ipm_crossover    optimal        0.012s ok=True obj=2690.0129137681606 ref=2690.0129137681593
netlib/cycle                   ipm_crossover    optimal        0.567s ok=True obj=-5.226393024894103 ref=-5.226393024894102
netlib/czprob                  ipm_crossover    optimal        0.047s ok=True obj=2185196.6988565777 ref=2185196.698856578
netlib/d2q06c                  ipm_crossover    optimal        1.264s ok=True obj=122784.21081415827 ref=122784.2108141893
netlib/d6cube                  ipm_crossover    optimal        0.975s ok=True obj=315.4916666666661 ref=315.49166666666696
netlib/degen2                  ipm_crossover    optimal        0.046s ok=True obj=-1435.1779999999994 ref=-1435.178
netlib/degen3                  ipm_crossover    optimal        0.389s ok=True obj=-987.293999999999 ref=-987.2940000000007
netlib/dfl001                  ipm_crossover    optimal       10.684s ok=True obj=11266396.046671389 ref=11266396.04667138
netlib/e226                    ipm_crossover    optimal        0.016s ok=True obj=-11.638929066370533 ref=-11.638929066370537
netlib/etamacro                ipm_crossover    optimal        0.036s ok=True obj=-755.7152333522955 ref=-755.7152333005275
netlib/fffff800                ipm_crossover    optimal        0.065s ok=True obj=555679.5648174961 ref=555679.5648174963
netlib/finnis                  ipm_crossover    optimal        0.019s ok=True obj=172791.06559561152 ref=172791.06559561164
netlib/fit1d                   ipm_crossover    optimal        0.038s ok=True obj=-9146.378092420917 ref=-9146.378092420928
netlib/fit1p                   ipm_crossover    optimal        0.490s ok=True obj=9146.378092420933 ref=9146.378092420935
netlib/fit2d                   ipm_crossover    optimal        0.363s ok=True obj=-68464.29329383213 ref=-68464.2932938321
netlib/fit2p                   ipm_crossover    optimal        0.294s ok=True obj=68464.29329383219 ref=68464.29329383216
netlib/forplan                 ipm_crossover    optimal        0.023s ok=True obj=-664.2189612722043 ref=-664.2189612722054
netlib/ganges                  ipm_crossover    optimal        0.043s ok=True obj=-109585.73612927845 ref=-109585.73612927813
netlib/gfrd-pnc                ipm_crossover    optimal        0.020s ok=True obj=6902235.999548813 ref=6902235.999548812
netlib/greenbea                ipm_crossover    optimal        1.567s ok=True obj=-72555248.12984592 ref=-72555248.12984587
netlib/greenbeb                ipm_crossover    optimal        1.930s ok=True obj=-4302260.261206586 ref=-4302260.261206586
netlib/grow15                  ipm_crossover    optimal        0.116s ok=True obj=-106870941.29357535 ref=-106870941.29357533
netlib/grow22                  ipm_crossover    optimal        0.273s ok=True obj=-160834336.48256296 ref=-160834336.48256296
netlib/grow7                   ipm_crossover    optimal        0.029s ok=True obj=-47787811.81471153 ref=-47787811.8147115
netlib/israel                  ipm_crossover    optimal        0.029s ok=True obj=-896644.8218630459 ref=-896644.8218630459
netlib/kb2                     ipm_crossover    optimal        0.005s ok=True obj=-1749.9001299062052 ref=-1749.9001299062056
netlib/lotfi                   ipm_crossover    optimal        0.014s ok=True obj=-25.26470606188001 ref=-25.264706061880002
netlib/maros                   ipm_crossover    optimal        0.077s ok=True obj=-58063.74370112591 ref=-58063.74370112589
netlib/maros-r7                ipm_crossover    optimal        0.762s ok=True obj=1497185.166479643 ref=1497185.1664796423
netlib/modszk1                 ipm_crossover    optimal        0.034s ok=True obj=320.61972906130757 ref=320.61972906434596
netlib/nesm                    ipm_crossover    optimal        1.355s ok=True obj=14076036.487562727 ref=14076036.487562705
netlib/perold                  ipm_crossover    optimal        0.596s ok=True obj=-9380.755278234948 ref=-9380.755278235187
netlib/pilot                   ipm_crossover    optimal        1.081s ok=True obj=-557.4897292847446 ref=-557.4897292744025
netlib/pilot.ja                ipm_crossover    optimal        0.545s ok=True obj=-6113.136465463971 ref=-6113.136465581338
netlib/pilot.we                ipm_crossover    optimal        0.565s ok=True obj=-2720107.532845393 ref=-2720107.5328449584
netlib/pilot4                  ipm_crossover    optimal        0.446s ok=True obj=-2581.139258883968 ref=-2581.1392588838853
