netlib/25fv47                  ipm_crossover    optimal        0.133s ok=True obj=5501.845888286753 ref=5501.845888286757
netlib/80bau3b                 ipm_crossover    optimal        0.568s ok=True obj=987224.1924090909 ref=987224.1924090902
netlib/adlittle                ipm_crossover    optimal        0.014s ok=True obj=225494.9631623804 ref=225494.9631623803
netlib/afiro                   ipm_crossover    optimal        0.002s ok=True obj=-464.75314285714285 ref=-464.75314285714285
netlib/agg                     ipm_crossover    optimal        0.011s ok=True obj=-35991767.28657649 ref=-35991767.2865765
netlib/agg2                    ipm_crossover    optimal        0.025s ok=True obj=-20239252.355977114 ref=-20239252.355977118
netlib/agg3                    ipm_crossover    optimal        0.030s ok=True obj=10312115.935089229 ref=10312115.935089216
netlib/bandm                   ipm_crossover    optimal        0.012s ok=True obj=-158.62801845012072 ref=-158.62801845012078
netlib/beaconfd                ipm_crossover    optimal        0.003s ok=True obj=33592.48580719999 ref=33592.4858072
netlib/blend                   ipm_crossover    optimal        0.005s ok=True obj=-30.81214984582823 ref=-30.812149845828237
netlib/bnl1                    ipm_crossover    optimal        0.179s ok=True obj=1977.629561522889 ref=1977.6295615228878
netlib/bnl2                    ipm_crossover    optimal        0.712s ok=True obj=1811.2365403585459 ref=1811.2365403585482
netlib/boeing1                 ipm_crossover    optimal        0.039s ok=True obj=-335.2135675071268 ref=-335.21356750712675
netlib/boeing2                 ipm_crossover    optimal        0.007s ok=True obj=-315.0187280152028 ref=-315.0187280152027
netlib/bore3d                  ipm_crossover    optimal        0.005s ok=True obj=1373.0803942084926 ref=1373.0803942084926
netlib/brandy                  ipm_crossover    optimal        0.017s ok=True obj=1518.509896488129 ref=1518.5098964881279
netlib/capri                   ipm_crossover    optimal        0.012s ok=True obj=2690.0129137681606 ref=2690.0129137681593
netlib/cycle                   ipm_crossover    optimal        0.536s ok=True obj=-5.2263930248941035 ref=-5.226393024894102
netlib/czprob                  ipm_crossover    optimal        0.042s ok=True obj=2185196.698856578 ref=2185196.698856578
netlib/d2q06c                  ipm_crossover    optimal        2.184s ok=True obj=122784.21081418867 ref=122784.2108141893
netlib/d6cube                  ipm_crossover    optimal        0.993s ok=True obj=315.4916666666647 ref=315.49166666666696
netlib/degen2                  ipm_crossover    optimal        0.061s ok=True obj=-1435.1779999999994 ref=-1435.178
netlib/degen3                  ipm_crossover    optimal        0.392s ok=True obj=-987.2940000000003 ref=-987.2940000000007
netlib/dfl001                  ipm_crossover    optimal       10.453s ok=True obj=11266396.046671389 ref=11266396.04667138
netlib/e226                    ipm_crossover    optimal        0.016s ok=True obj=-11.638929066370533 ref=-11.638929066370537
netlib/etamacro                ipm_crossover    optimal        0.037s ok=True obj=-755.715233374913 ref=-755.7152333005275
netlib/fffff800                ipm_crossover    optimal        0.038s ok=True obj=555679.5648174962 ref=555679.5648174963
netlib/finnis                  ipm_crossover    optimal        0.025s ok=True obj=172791.06559561152 ref=172791.06559561164
netlib/fit1d                   ipm_crossover    optimal        0.027s ok=True obj=-9146.378092420917 ref=-9146.378092420928
netlib/fit1p                   ipm_crossover    optimal        0.432s ok=True obj=9146.378092420933 ref=9146.378092420935
netlib/fit2d                   ipm_crossover    optimal        0.308s ok=True obj=-68464.29329383213 ref=-68464.2932938321
netlib/fit2p                   ipm_crossover    optimal        0.276s ok=True obj=68464.29329383219 ref=68464.29329383216
netlib/forplan                 ipm_crossover    optimal        0.035s ok=True obj=-664.2189612721933 ref=-664.2189612722054
netlib/ganges                  ipm_crossover    optimal        0.048s ok=True obj=-109585.73612927861 ref=-109585.73612927813
netlib/gfrd-pnc                ipm_crossover    optimal        0.023s ok=True obj=6902235.999548811 ref=6902235.999548812
