📦 Including license file `LICENSE`
🍹 Building a mixed python/rust project
🐍 Found CPython 3.13 at /home/user/enomoto_solver/.venv/bin/python
🔗 Found pyo3 bindings
📡 Using build options features from pyproject.toml
   Compiling pyo3-build-config v0.22.6
   Compiling pyo3-macros-backend v0.22.6
   Compiling pyo3-ffi v0.22.6
   Compiling pyo3 v0.22.6
   Compiling pyo3-macros v0.22.6
   Compiling enomoto_core v0.1.0 (/home/user/enomoto_solver)
warning: value assigned to `alpha_nnz` is never read
    --> src/simplex/slope_intercept_dual.rs:4820:29
     |
4820 |         let mut alpha_nnz = m;
     |                             ^ this value is reassigned later and never used
...
4972 |                 alpha_nnz = result_nnz;
     |                 ---------------------- `alpha_nnz` is overwritten here before the previous value is read
     |
     = note: `#[warn(unused_assignments)]` (part of `#[warn(unused)]`) on by default

warning: field `n_regularized` is never read
   --> src/interior_point/kkt.rs:269:9
    |
236 | pub struct AugKkt {
    |            ------ field in this struct
...
269 |     pub n_regularized: usize,
    |         ^^^^^^^^^^^^^
    |
    = note: `#[warn(dead_code)]` (part of `#[warn(unused)]`) on by default

warning: methods `matvec` and `solve_refined` are never used
   --> src/interior_point/kkt.rs:394:12
    |
280 | impl AugKkt {
    | ----------- methods in this implementation
...
394 |     pub fn matvec(&self, a: &FaerCsr, v: &[f64], out: &mut [f64]) {
    |            ^^^^^^
...
409 |     pub fn solve_refined(&mut self, a: &FaerCsr, rhs: &mut [f64], refine: usize, work: &mut Vec<f64>) {
    |            ^^^^^^^^^^^^^

warning: function `eliminate_implied_free_columns_v2_if_any` is never used
   --> src/presolve/aggregator.rs:659:8
    |
659 | pub fn eliminate_implied_free_columns_v2_if_any(n: usize, a: &FaerCsr, b: &[f64], c: &[f64], lb: &[f64], ub: &[f64], real_rows: &[V...
    |        ^^^^^^^^^^^^^^^^^^^^^^^^^^^^^^^^^^^^^^^^

warning: function `eliminate_implied_free_columns_v2` is never used
   --> src/presolve/aggregator.rs:778:8
    |
778 | pub fn eliminate_implied_free_columns_v2(n: usize, a: &FaerCsr, b: &[f64], c: &[f64], lb: &[f64], ub: &[f64], real_rows: &[Vec<(usi...
    |        ^^^^^^^^^^^^^^^^^^^^^^^^^^^^^^^^^

warning: function `fix_dominated_columns` is never used
  --> src/presolve/dominatedcol.rs:32:8
   |
32 | pub fn fix_dominated_columns(n: usize, a: &FaerCsr, real_g_rows: &[Vec<(usize, f64)>], c: &[f64], lb: &[f64], ub: &[f64]) -> Vec<(us...
   |        ^^^^^^^^^^^^^^^^^^^^^

warning: function `try_fix_pair` is never used
  --> src/presolve/dominatedcol.rs:88:4
   |
88 | fn try_fix_pair(j: usize, k: usize, col_rows: &[BTreeMap<usize, f64>], c: &[f64], lb: &[f64], ub: &[f64]) -> Option<(usize, f64)> {
   |    ^^^^^^^^^^^^

warning: function `find_implied_equalities` is never used
   --> src/presolve/dualpropagate.rs:168:8
    |
168 | pub fn find_implied_equalities(n: usize, a: &FaerCsr, real_g_rows: &[Vec<(usize, f64)>], c: &[f64], lb: &[f64], ub: &[f64], orig_lb...
    |        ^^^^^^^^^^^^^^^^^^^^^^^

warning: struct `ParallelRowsResult` is never constructed
  --> src/presolve/parallelrows.rs:24:12
   |
24 | pub struct ParallelRowsResult {
   |            ^^^^^^^^^^^^^^^^^^

warning: function `merge_parallel_rows` is never used
  --> src/presolve/parallelrows.rs:42:8
   |
42 | pub fn merge_parallel_rows(a: &FaerCsr, b: &[f64], g: &FaerCsr, h: &[f64], n: usize) -> ParallelRowsResult {
   |        ^^^^^^^^^^^^^^^^^^^

warning: function `find_dominated_rows` is never used
  --> src/presolve/rowdominance.rs:35:8
   |
35 | pub fn find_dominated_rows(n: usize, a: &FaerCsr, g: &FaerCsr, h: &[f64], lb: &[f64]) -> Vec<usize> {
   |        ^^^^^^^^^^^^^^^^^^^

warning: struct `SparsifyResult` is never constructed
  --> src/presolve/sparsify.rs:21:12
   |
21 | pub struct SparsifyResult {
   |            ^^^^^^^^^^^^^^

warning: enum `RowSource` is never used
  --> src/presolve/sparsify.rs:36:6
   |
36 | enum RowSource {
   |      ^^^^^^^^^

warning: function `sparsify` is never used
  --> src/presolve/sparsify.rs:48:8
   |
48 | pub fn sparsify(n: usize, a: &FaerCsr, b: &[f64], g: &FaerCsr, h: &[f64]) -> SparsifyResult {
   |        ^^^^^^^^

warning: struct `Candidate` is never constructed
  --> src/presolve/stuffing.rs:41:8
   |
41 | struct Candidate {
   |        ^^^^^^^^^

warning: function `stuffing_core` is never used
  --> src/presolve/stuffing.rs:61:4
   |
61 | fn stuffing_core(row_other: &[(usize, f64)], b: f64, mut candidates: Vec<Candidate>, lb: &[f64], ub: &[f64]) -> Vec<(usize, bool)> {
   |    ^^^^^^^^^^^^^

warning: function `fix_singleton_columns` is never used
   --> src/presolve/stuffing.rs:109:8
    |
109 | pub fn fix_singleton_columns(n: usize, a: &FaerCsr, real_g_rows: &[Vec<(usize, f64)>], real_g_rhs: &[f64], c: &[f64], lb: &[f64], u...
    |        ^^^^^^^^^^^^^^^^^^^^^

warning: function `build_std_form` is never used
   --> src/simplex.rs:270:4
    |
270 | fn build_std_form(variables: &[VariableData], objective: &Objective, constraints: &[ConstraintRow]) -> StdForm {
    |    ^^^^^^^^^^^^^^

warning: method `gt_zero` is never used
   --> src/simplex/slope_intercept_dual.rs:521:8
    |
484 | impl Affine1 {
    | ------------ method in this implementation
...
521 |     fn gt_zero(&self) -> bool {
    |        ^^^^^^^

warning: field `x1` is never read
   --> src/simplex/slope_intercept_dual.rs:901:23
    |
901 |     NoFiniteOptimum { x1: Vec<f64> },
    |     ---------------   ^^
    |     |
    |     field in this variant

warning: method `flip` is never used
  --> src/types.rs:81:12
   |
66 | impl RowSense {
   | ------------- method in this implementation
...
81 |     pub fn flip(self) -> Self {
   |            ^^^^

warning: `enomoto_core` (lib) generated 21 warnings
    Finished `release` profile [optimized] target(s) in 32.24s
📦 Built wheel for CPython 3.13 to /tmp/.tmp86aGf8/enomoto_solver-0.1.0-cp313-cp313-linux_x86_64.whl
✏️ Setting installed package as editable
🛠 Installed enomoto-solver-0.1.0
