netlib/25fv47                  r5000:race       optimal        0.242s ok=True obj=5501.845888286753 ref=5501.845888286757
netlib/25fv47                  r1000:race       optimal        0.238s ok=True obj=5501.845888286753 ref=5501.845888286757
netlib/25fv47                  r200:race        optimal        0.111s ok=True obj=5501.845888286753 ref=5501.845888286757
netlib/25fv47                  r0:race          optimal        0.106s ok=True obj=5501.845888286753 ref=5501.845888286757
netlib/80bau3b                 r5000:race       optimal        0.130s ok=True obj=987224.1924090912 ref=987224.1924090902
netlib/80bau3b                 r1000:race       optimal        0.150s ok=True obj=987224.1924090912 ref=987224.1924090902
netlib/80bau3b                 r200:race        optimal        0.149s ok=True obj=987224.1924090912 ref=987224.1924090902
netlib/80bau3b                 r0:race          optimal        0.143s ok=True obj=987224.1924090912 ref=987224.1924090902
netlib/adlittle                r5000:race       optimal        0.001s ok=True obj=225494.96316237957 ref=225494.9631623803
netlib/adlittle                r1000:race       optimal        0.002s ok=True obj=225494.96316237957 ref=225494.9631623803
netlib/adlittle                r200:race        optimal        0.001s ok=True obj=225494.96316237957 ref=225494.9631623803
netlib/adlittle                r0:race          optimal        0.002s ok=True obj=225494.96316237957 ref=225494.9631623803
netlib/afiro                   r5000:race       optimal        0.001s ok=True obj=-464.75314285714285 ref=-464.75314285714285
netlib/afiro                   r1000:race       optimal        0.001s ok=True obj=-464.75314285714285 ref=-464.75314285714285
netlib/afiro                   r200:race        optimal        0.001s ok=True obj=-464.75314285714285 ref=-464.75314285714285
netlib/afiro                   r0:race          optimal        0.001s ok=True obj=-464.75314285714285 ref=-464.75314285714285
netlib/agg                     r5000:race       optimal        0.002s ok=True obj=-35991767.28657651 ref=-35991767.2865765
netlib/agg                     r1000:race       optimal        0.003s ok=True obj=-35991767.28657651 ref=-35991767.2865765
netlib/agg                     r200:race        optimal        0.002s ok=True obj=-35991767.28657651 ref=-35991767.2865765
netlib/agg                     r0:race          optimal        0.003s ok=True obj=-35991767.28657651 ref=-35991767.2865765
netlib/agg2                    r5000:race       optimal        0.005s ok=True obj=-20239252.355977118 ref=-20239252.355977118
netlib/agg2                    r1000:race       optimal        0.005s ok=True obj=-20239252.355977118 ref=-20239252.355977118
netlib/agg2                    r200:race        optimal        0.004s ok=True obj=-20239252.355977118 ref=-20239252.355977118
netlib/agg2                    r0:race          optimal        0.006s ok=True obj=-20239252.355977118 ref=-20239252.355977118
netlib/agg3                    r5000:race       optimal        0.016s ok=True obj=10312115.935089227 ref=10312115.935089216
netlib/agg3                    r1000:race       optimal        0.004s ok=True obj=10312115.935089227 ref=10312115.935089216
netlib/agg3                    r200:race        optimal        0.004s ok=True obj=10312115.935089227 ref=10312115.935089216
netlib/agg3                    r0:race          optimal        0.004s ok=True obj=10312115.935089227 ref=10312115.935089216
netlib/bandm                   r5000:race       optimal        0.008s ok=True obj=-158.62801845012044 ref=-158.62801845012078
netlib/bandm                   r1000:race       optimal        0.014s ok=True obj=-158.62801845012044 ref=-158.62801845012078
netlib/bandm                   r200:race        optimal        0.007s ok=True obj=-158.62801845012044 ref=-158.62801845012078
netlib/bandm                   r0:race          optimal        0.014s ok=True obj=-158.62801845012044 ref=-158.62801845012078
netlib/beaconfd                r5000:race       optimal        0.002s ok=True obj=33592.48580719999 ref=33592.4858072
netlib/beaconfd                r1000:race       optimal        0.002s ok=True obj=33592.48580719999 ref=33592.4858072
netlib/beaconfd                r200:race        optimal        0.003s ok=True obj=33592.48580719999 ref=33592.4858072
netlib/beaconfd                r0:race          optimal        0.002s ok=True obj=33592.48580719999 ref=33592.4858072
netlib/blend                   r5000:race       optimal        0.002s ok=True obj=-30.812149845828202 ref=-30.812149845828237
netlib/blend                   r1000:race       optimal        0.001s ok=True obj=-30.812149845828202 ref=-30.812149845828237
netlib/blend                   r200:race        optimal        0.002s ok=True obj=-30.812149845828202 ref=-30.812149845828237
netlib/blend                   r0:race          optimal        0.002s ok=True obj=-30.812149845828202 ref=-30.812149845828237
netlib/bnl1                    r5000:race       optimal        0.043s ok=True obj=1977.629561522888 ref=1977.6295615228878
netlib/bnl1                    r1000:race       optimal        0.041s ok=True obj=1977.629561522888 ref=1977.6295615228878
netlib/bnl1                    r200:race        optimal        0.061s ok=True obj=1977.6295615228896 ref=1977.6295615228878
netlib/bnl1                    r0:race          optimal        0.068s ok=True obj=1977.6295615228896 ref=1977.6295615228878
netlib/bnl2                    r5000:race       optimal        0.073s ok=True obj=1811.236540358547 ref=1811.2365403585482
netlib/bnl2                    r1000:race       optimal        0.080s ok=True obj=1811.236540358547 ref=1811.2365403585482
netlib/bnl2                    r200:race        optimal        0.082s ok=True obj=1811.236540358547 ref=1811.2365403585482
netlib/bnl2                    r0:race          optimal        0.075s ok=True obj=1811.236540358547 ref=1811.2365403585482
netlib/boeing1                 r5000:race       optimal        0.010s ok=True obj=-335.2135675071266 ref=-335.21356750712675
netlib/boeing1                 r1000:race       optimal        0.010s ok=True obj=-335.2135675071266 ref=-335.21356750712675
netlib/boeing1                 r200:race        optimal        0.012s ok=True obj=-335.2135675071266 ref=-335.21356750712675
netlib/boeing1                 r0:race          optimal        0.013s ok=True obj=-335.2135675071266 ref=-335.21356750712675
netlib/boeing2                 r5000:race       optimal        0.003s ok=True obj=-315.0187280152027 ref=-315.0187280152027
netlib/boeing2                 r1000:race       optimal        0.003s ok=True obj=-315.0187280152027 ref=-315.0187280152027
netlib/boeing2                 r200:race        optimal        0.003s ok=True obj=-315.0187280152027 ref=-315.0187280152027
netlib/boeing2                 r0:race          optimal        0.003s ok=True obj=-315.0187280152027 ref=-315.0187280152027
netlib/bore3d                  r5000:race       optimal        0.002s ok=True obj=1373.080394208493 ref=1373.0803942084926
netlib/bore3d                  r1000:race       optimal        0.001s ok=True obj=1373.080394208493 ref=1373.0803942084926
netlib/bore3d                  r200:race        optimal        0.002s ok=True obj=1373.080394208493 ref=1373.0803942084926
netlib/bore3d                  r0:race          optimal        0.002s ok=True obj=1373.080394208493 ref=1373.0803942084926
netlib/brandy                  r5000:race       optimal        0.008s ok=True obj=1518.5098964881292 ref=1518.5098964881279
netlib/brandy                  r1000:race       optimal        0.005s ok=True obj=1518.5098964881292 ref=1518.5098964881279
netlib/brandy                  r200:race        optimal        0.005s ok=True obj=1518.5098964881292 ref=1518.5098964881279
netlib/brandy                  r0:race          optimal        0.008s ok=True obj=1518.5098964881292 ref=1518.5098964881279
netlib/capri                   r5000:race       optimal        0.007s ok=True obj=2690.0129137681606 ref=2690.0129137681593
netlib/capri                   r1000:race       optimal        0.008s ok=True obj=2690.0129137681606 ref=2690.0129137681593
netlib/capri                   r200:race        optimal        0.008s ok=True obj=2690.0129137681606 ref=2690.0129137681593
netlib/capri                   r0:race          optimal        0.004s ok=True obj=2690.0129137681606 ref=2690.0129137681593
netlib/cycle                   r5000:race       optimal        0.029s ok=True obj=-5.226393024894102 ref=-5.226393024894102
netlib/cycle                   r1000:race       optimal        0.022s ok=True obj=-5.226393024894102 ref=-5.226393024894102
netlib/cycle                   r200:race        optimal        0.034s ok=True obj=-5.226393024894102 ref=-5.226393024894102
netlib/cycle                   r0:race          optimal        0.021s ok=True obj=-5.226393024894102 ref=-5.226393024894102
netlib/czprob                  r5000:race       optimal        0.015s ok=True obj=2185196.698856578 ref=2185196.698856578
netlib/czprob                  r1000:race       optimal        0.015s ok=True obj=2185196.698856578 ref=2185196.698856578
netlib/czprob                  r200:race        optimal        0.022s ok=True obj=2185196.698856578 ref=2185196.698856578
netlib/czprob                  r0:race          optimal        0.050s ok=True obj=2185196.698856578 ref=2185196.698856578
netlib/d2q06c                  r5000:race       optimal        1.283s ok=True obj=122784.21081418807 ref=122784.2108141893
netlib/d2q06c                  r1000:race       optimal        0.348s ok=True obj=122784.21081418943 ref=122784.2108141893
netlib/d2q06c                  r200:race        optimal        0.374s ok=True obj=122784.21081418943 ref=122784.2108141893
netlib/d2q06c                  r0:race          optimal        0.332s ok=True obj=122784.21081418943 ref=122784.2108141893
netlib/d6cube                  r5000:race       optimal        0.081s ok=True obj=315.4916666666665 ref=315.49166666666696
netlib/d6cube                  r1000:race       optimal        0.078s ok=True obj=315.4916666666665 ref=315.49166666666696
netlib/d6cube                  r200:race        optimal        0.178s ok=True obj=315.49166666666656 ref=315.49166666666696
netlib/d6cube                  r0:race          optimal        0.130s ok=True obj=315.4916666666666 ref=315.49166666666696
netlib/degen2                  r5000:race       optimal        0.019s ok=True obj=-1435.1779999999997 ref=-1435.178
netlib/degen2                  r1000:race       optimal        0.019s ok=True obj=-1435.1779999999997 ref=-1435.178
netlib/degen2                  r200:race        optimal        0.037s ok=True obj=-1435.1779999999997 ref=-1435.178
netlib/degen2                  r0:race          optimal        0.024s ok=True obj=-1435.178 ref=-1435.178
netlib/degen3                  r5000:race       optimal        0.202s ok=True obj=-987.2940000000272 ref=-987.2940000000007
netlib/degen3                  r1000:race       optimal        0.203s ok=True obj=-987.2940000000006 ref=-987.2940000000007
netlib/degen3                  r200:race        optimal        0.187s ok=True obj=-987.2940000000006 ref=-987.2940000000007
netlib/degen3                  r0:race          optimal        0.206s ok=True obj=-987.2940000000006 ref=-987.2940000000007
netlib/dfl001                  r5000:race       optimal        7.677s ok=True obj=11266396.046671389 ref=11266396.04667138
netlib/dfl001                  r1000:race       optimal        4.433s ok=True obj=11266396.046671385 ref=11266396.04667138
netlib/dfl001                  r200:race        optimal        4.356s ok=True obj=11266396.046671385 ref=11266396.04667138
netlib/dfl001                  r0:race          optimal        4.344s ok=True obj=11266396.046671385 ref=11266396.04667138
netlib/e226                    r5000:race       optimal        0.007s ok=True obj=-11.638929066370483 ref=-11.638929066370537
netlib/e226                    r1000:race       optimal        0.007s ok=True obj=-11.638929066370483 ref=-11.638929066370537
netlib/e226                    r200:race        optimal        0.007s ok=True obj=-11.638929066370483 ref=-11.638929066370537
netlib/e226                    r0:race          optimal        0.013s ok=True obj=-11.638929066370533 ref=-11.638929066370537
netlib/etamacro                r5000:race       optimal        0.009s ok=True obj=-755.7152333749133 ref=-755.7152333005275
netlib/etamacro                r1000:race       optimal        0.011s ok=True obj=-755.7152333749133 ref=-755.7152333005275
netlib/etamacro                r200:race        optimal        0.021s ok=True obj=-755.7152333749133 ref=-755.7152333005275
netlib/etamacro                r0:race          optimal        0.010s ok=True obj=-755.7152333749133 ref=-755.7152333005275
netlib/fffff800                r5000:race       optimal        0.009s ok=True obj=555679.5648174963 ref=555679.5648174963
netlib/fffff800                r1000:race       optimal        0.009s ok=True obj=555679.5648174963 ref=555679.5648174963
netlib/fffff800                r200:race        optimal        0.013s ok=True obj=555679.5648174963 ref=555679.5648174963
netlib/fffff800                r0:race          optimal        0.013s ok=True obj=555679.5648174963 ref=555679.5648174963
netlib/finnis                  r5000:race       optimal        0.007s ok=True obj=172791.0655956116 ref=172791.06559561164
netlib/finnis                  r1000:race       optimal        0.005s ok=True obj=172791.0655956116 ref=172791.06559561164
netlib/finnis                  r200:race        optimal        0.007s ok=True obj=172791.06559561158 ref=172791.06559561164
netlib/finnis                  r0:race          optimal        0.011s ok=True obj=172791.06559561158 ref=172791.06559561164
netlib/fit1d                   r5000:race       optimal        0.006s ok=True obj=-9146.378092420917 ref=-9146.378092420928
netlib/fit1d                   r1000:race       optimal        0.006s ok=True obj=-9146.378092420917 ref=-9146.378092420928
netlib/fit1d                   r200:race        optimal        0.006s ok=True obj=-9146.378092420917 ref=-9146.378092420928
netlib/fit1d                   r0:race          optimal        0.010s ok=True obj=-9146.378092420917 ref=-9146.378092420928
netlib/fit1p                   r5000:race       optimal        0.065s ok=True obj=9146.378092420933 ref=9146.378092420935
netlib/fit1p                   r1000:race       optimal        0.058s ok=True obj=9146.378092420933 ref=9146.378092420935
netlib/fit1p                   r200:race        optimal        0.058s ok=True obj=9146.378092420935 ref=9146.378092420935
netlib/fit1p                   r0:race          optimal        0.081s ok=True obj=9146.378092420935 ref=9146.378092420935
netlib/fit2d                   r5000:race       optimal        0.080s ok=True obj=-68464.29329383213 ref=-68464.2932938321
netlib/fit2d                   r1000:race       optimal        0.082s ok=True obj=-68464.29329383213 ref=-68464.2932938321
netlib/fit2d                   r200:race        optimal        0.076s ok=True obj=-68464.29329383213 ref=-68464.2932938321
netlib/fit2d                   r0:race          optimal        0.091s ok=True obj=-68464.29329383213 ref=-68464.2932938321
netlib/fit2p                   r5000:race       optimal        1.187s ok=True obj=68464.29329381762 ref=68464.29329383216
netlib/fit2p                   r1000:race       optimal        0.280s ok=True obj=68464.29329383011 ref=68464.29329383216
netlib/fit2p                   r200:race        optimal        0.293s ok=True obj=68464.29329383011 ref=68464.29329383216
netlib/fit2p                   r0:race          optimal        0.288s ok=True obj=68464.29329383011 ref=68464.29329383216
netlib/forplan                 r5000:race       optimal        0.006s ok=True obj=-664.218961272205 ref=-664.2189612722054
netlib/forplan                 r1000:race       optimal        0.006s ok=True obj=-664.218961272205 ref=-664.2189612722054
netlib/forplan                 r200:race        optimal        0.006s ok=True obj=-664.218961272205 ref=-664.2189612722054
netlib/forplan                 r0:race          optimal        0.010s ok=True obj=-664.218961272205 ref=-664.2189612722054
netlib/ganges                  r5000:race       optimal        0.009s ok=True obj=-109585.73612927854 ref=-109585.73612927813
netlib/ganges                  r1000:race       optimal        0.009s ok=True obj=-109585.73612927854 ref=-109585.73612927813
netlib/ganges                  r200:race        optimal        0.014s ok=True obj=-109585.73612927854 ref=-109585.73612927813
netlib/ganges                  r0:race          optimal        0.010s ok=True obj=-109585.73612927854 ref=-109585.73612927813
netlib/gfrd-pnc                r5000:race       optimal        0.007s ok=True obj=6902235.999548813 ref=6902235.999548812
netlib/gfrd-pnc                r1000:race       optimal        0.006s ok=True obj=6902235.999548813 ref=6902235.999548812
netlib/gfrd-pnc                r200:race        optimal        0.006s ok=True obj=6902235.999548813 ref=6902235.999548812
netlib/gfrd-pnc                r0:race          optimal        0.007s ok=True obj=6902235.999548813 ref=6902235.999548812
netlib/greenbea                r5000:race       optimal        0.188s ok=True obj=-72555248.1298459 ref=-72555248.12984587
netlib/greenbea                r1000:race       optimal        0.207s ok=True obj=-72555248.129849 ref=-72555248.12984587
netlib/greenbea                r200:race        optimal        0.206s ok=True obj=-72555248.129849 ref=-72555248.12984587
netlib/greenbea                r0:race          optimal        0.210s ok=True obj=-72555248.129849 ref=-72555248.12984587
netlib/greenbeb                r5000:race       optimal        0.382s ok=True obj=-4302260.261206583 ref=-4302260.261206586
netlib/greenbeb                r1000:race       optimal        0.329s ok=True obj=-4302260.261206586 ref=-4302260.261206586
netlib/greenbeb                r200:race        optimal        0.333s ok=True obj=-4302260.261206586 ref=-4302260.261206586
netlib/greenbeb                r0:race          optimal        0.336s ok=True obj=-4302260.261206586 ref=-4302260.261206586
netlib/grow15                  r5000:race       optimal        0.057s ok=True obj=-106870941.29357533 ref=-106870941.29357533
netlib/grow15                  r1000:race       optimal        0.058s ok=True obj=-106870941.29357533 ref=-106870941.29357533
netlib/grow15                  r200:race        optimal        0.037s ok=True obj=-106870941.29357536 ref=-106870941.29357533
netlib/grow15                  r0:race          optimal        0.036s ok=True obj=-106870941.29357536 ref=-106870941.29357533
netlib/grow22                  r5000:race       optimal        0.137s ok=True obj=-160834336.482563 ref=-160834336.48256296
netlib/grow22                  r1000:race       optimal        0.132s ok=True obj=-160834336.482563 ref=-160834336.48256296
netlib/grow22                  r200:race        optimal        0.071s ok=True obj=-160834336.482563 ref=-160834336.48256296
netlib/grow22                  r0:race          optimal        0.074s ok=True obj=-160834336.482563 ref=-160834336.48256296
netlib/grow7                   r5000:race       optimal        0.025s ok=True obj=-47787811.81471158 ref=-47787811.8147115
netlib/grow7                   r1000:race       optimal        0.011s ok=True obj=-47787811.81471158 ref=-47787811.8147115
netlib/grow7                   r200:race        optimal        0.014s ok=True obj=-47787811.81471158 ref=-47787811.8147115
netlib/grow7                   r0:race          optimal        0.017s ok=True obj=-47787811.8147115 ref=-47787811.8147115
netlib/israel                  r5000:race       optimal        0.003s ok=True obj=-896644.8218630459 ref=-896644.8218630459
netlib/israel                  r1000:race       optimal        0.003s ok=True obj=-896644.8218630459 ref=-896644.8218630459
netlib/israel                  r200:race        optimal        0.003s ok=True obj=-896644.8218630459 ref=-896644.8218630459
netlib/israel                  r0:race          optimal        0.003s ok=True obj=-896644.8218630459 ref=-896644.8218630459
netlib/kb2                     r5000:race       optimal        0.001s ok=True obj=-1749.9001299062068 ref=-1749.9001299062056
netlib/kb2                     r1000:race       optimal        0.001s ok=True obj=-1749.9001299062068 ref=-1749.9001299062056
netlib/kb2                     r200:race        optimal        0.001s ok=True obj=-1749.9001299062068 ref=-1749.9001299062056
netlib/kb2                     r0:race          optimal        0.001s ok=True obj=-1749.9001299062068 ref=-1749.9001299062056
netlib/lotfi                   r5000:race       optimal        0.002s ok=True obj=-25.264706061880002 ref=-25.264706061880002
netlib/lotfi                   r1000:race       optimal        0.002s ok=True obj=-25.264706061880002 ref=-25.264706061880002
netlib/lotfi                   r200:race        optimal        0.002s ok=True obj=-25.264706061880002 ref=-25.264706061880002
netlib/lotfi                   r0:race          optimal        0.002s ok=True obj=-25.264706061880002 ref=-25.264706061880002
netlib/maros                   r5000:race       optimal        0.033s ok=True obj=-58063.7437011259 ref=-58063.74370112589
netlib/maros                   r1000:race       optimal        0.033s ok=True obj=-58063.7437011259 ref=-58063.74370112589
netlib/maros                   r200:race        optimal        0.054s ok=True obj=-58063.74370112591 ref=-58063.74370112589
netlib/maros                   r0:race          optimal        0.046s ok=True obj=-58063.74370112591 ref=-58063.74370112589
netlib/maros-r7                r5000:race       optimal        0.735s ok=True obj=1497185.1664796427 ref=1497185.1664796423
netlib/maros-r7                r1000:race       optimal        0.359s ok=True obj=1497185.166479643 ref=1497185.1664796423
netlib/maros-r7                r200:race        optimal        0.342s ok=True obj=1497185.166479643 ref=1497185.1664796423
netlib/maros-r7                r0:race          optimal        0.359s ok=True obj=1497185.166479643 ref=1497185.1664796423
netlib/modszk1                 r5000:race       optimal        0.021s ok=True obj=320.6197290600212 ref=320.61972906434596
netlib/modszk1                 r1000:race       optimal        0.022s ok=True obj=320.6197290600212 ref=320.61972906434596
netlib/modszk1                 r200:race        optimal        0.031s ok=True obj=320.6197290612492 ref=320.61972906434596
netlib/modszk1                 r0:race          optimal        0.031s ok=True obj=320.6197290612492 ref=320.61972906434596
netlib/nesm                    r5000:race       optimal        0.071s ok=True obj=14076036.487562718 ref=14076036.487562705
netlib/nesm                    r1000:race       optimal        0.091s ok=True obj=14076036.487562718 ref=14076036.487562705
netlib/nesm                    r200:race        optimal        0.094s ok=True obj=14076036.487562718 ref=14076036.487562705
netlib/nesm                    r0:race          optimal        0.074s ok=True obj=14076036.487562718 ref=14076036.487562705
netlib/perold                  r5000:race       optimal        0.068s ok=True obj=-9380.755278234512 ref=-9380.755278235187
netlib/perold                  r1000:race       optimal        0.076s ok=True obj=-9380.755278234512 ref=-9380.755278235187
netlib/perold                  r200:race        optimal        0.101s ok=True obj=-9380.755278234512 ref=-9380.755278235187
netlib/perold                  r0:race          optimal        0.103s ok=True obj=-9380.755278234512 ref=-9380.755278235187
netlib/pilot                   r5000:race       optimal        0.922s ok=True obj=-557.4897292847282 ref=-557.4897292744025
netlib/pilot                   r1000:race       optimal        0.413s ok=True obj=-557.489728959149 ref=-557.4897292744025
netlib/pilot                   r200:race        optimal        0.414s ok=True obj=-557.489728959149 ref=-557.4897292744025
netlib/pilot                   r0:race          optimal        0.432s ok=True obj=-557.489728959149 ref=-557.4897292744025
netlib/pilot.ja                r5000:race       optimal        0.145s ok=True obj=-6113.136465463829 ref=-6113.136465581338
netlib/pilot.ja                r1000:race       optimal        0.136s ok=True obj=-6113.136465463829 ref=-6113.136465581338
netlib/pilot.ja                r200:race        optimal        0.156s ok=True obj=-6113.136465463955 ref=-6113.136465581338
netlib/pilot.ja                r0:race          optimal        0.142s ok=True obj=-6113.136465463955 ref=-6113.136465581338
netlib/pilot.we                r5000:race       optimal        0.125s ok=True obj=-2720107.5328449626 ref=-2720107.5328449584
netlib/pilot.we                r1000:race       optimal        0.124s ok=True obj=-2720107.5328449626 ref=-2720107.5328449584
netlib/pilot.we                r200:race        optimal        0.151s ok=True obj=-2720107.5328449626 ref=-2720107.5328449584
netlib/pilot.we                r0:race          optimal        0.145s ok=True obj=-2720107.5328449626 ref=-2720107.5328449584
netlib/pilot4                  r5000:race       optimal        0.033s ok=True obj=-2581.139258883928 ref=-2581.1392588838853
netlib/pilot4                  r1000:race       optimal        0.031s ok=True obj=-2581.139258883928 ref=-2581.1392588838853
netlib/pilot4                  r200:race        optimal        0.058s ok=True obj=-2581.139258883877 ref=-2581.1392588838853
netlib/pilot4                  r0:race          optimal        0.029s ok=True obj=-2581.139258883877 ref=-2581.1392588838853
netlib/pilot87                 r5000:race       optimal        3.883s ok=True obj=301.7103473330823 ref=301.71034733310745
netlib/pilot87                 r1000:race       optimal        1.153s ok=True obj=301.7103473331102 ref=301.71034733310745
netlib/pilot87                 r200:race        optimal        1.151s ok=True obj=301.7103473331102 ref=301.71034733310745
netlib/pilot87                 r0:race          optimal        1.131s ok=True obj=301.7103473331102 ref=301.71034733310745
netlib/pilotnov                r5000:race       optimal        0.091s ok=True obj=-4497.276188218871 ref=-4497.2761882188715
netlib/pilotnov                r1000:race       optimal        0.086s ok=True obj=-4497.276188218871 ref=-4497.2761882188715
netlib/pilotnov                r200:race        optimal        0.106s ok=True obj=-4497.276188218871 ref=-4497.2761882188715
netlib/pilotnov                r0:race          optimal        0.113s ok=True obj=-4497.276188218871 ref=-4497.2761882188715
netlib/recipe                  r5000:race       optimal        0.001s ok=True obj=-266.61600000000027 ref=-266.61600000000027
netlib/recipe                  r1000:race       optimal        0.001s ok=True obj=-266.61600000000027 ref=-266.61600000000027
netlib/recipe                  r200:race        optimal        0.001s ok=True obj=-266.61600000000027 ref=-266.61600000000027
netlib/recipe                  r0:race          optimal        0.002s ok=True obj=-266.61600000000027 ref=-266.61600000000027
netlib/sc105                   r5000:race       optimal        0.001s ok=True obj=-52.202061211707274 ref=-52.20206121170723
netlib/sc105                   r1000:race       optimal        0.002s ok=True obj=-52.202061211707274 ref=-52.20206121170723
netlib/sc105                   r200:race        optimal        0.001s ok=True obj=-52.202061211707274 ref=-52.20206121170723
netlib/sc105                   r0:race          optimal        0.002s ok=True obj=-52.202061211707274 ref=-52.20206121170723
netlib/sc205                   r5000:race       optimal        0.003s ok=True obj=-52.20206121170704 ref=-52.20206121170721
netlib/sc205                   r1000:race       optimal        0.003s ok=True obj=-52.20206121170704 ref=-52.20206121170721
netlib/sc205                   r200:race        optimal        0.003s ok=True obj=-52.20206121170704 ref=-52.20206121170721
netlib/sc205                   r0:race          optimal        0.003s ok=True obj=-52.20206121170704 ref=-52.20206121170721
netlib/sc50a                   r5000:race       optimal        0.001s ok=True obj=-64.57507705856449 ref=-64.5750770585645
netlib/sc50a                   r1000:race       optimal        0.001s ok=True obj=-64.57507705856449 ref=-64.5750770585645
netlib/sc50a                   r200:race        optimal        0.001s ok=True obj=-64.57507705856449 ref=-64.5750770585645
netlib/sc50a                   r0:race          optimal        0.001s ok=True obj=-64.57507705856449 ref=-64.5750770585645
netlib/sc50b                   r5000:race       optimal        0.001s ok=True obj=-70.0 ref=-69.99999999999999
netlib/sc50b                   r1000:race       optimal        0.001s ok=True obj=-70.0 ref=-69.99999999999999
netlib/sc50b                   r200:race        optimal        0.001s ok=True obj=-70.0 ref=-69.99999999999999
netlib/sc50b                   r0:race          optimal        0.001s ok=True obj=-70.0 ref=-69.99999999999999
netlib/scagr25                 r5000:race       optimal        0.007s ok=True obj=-14753433.060768448 ref=-14753433.060768528
netlib/scagr25                 r1000:race       optimal        0.005s ok=True obj=-14753433.060768448 ref=-14753433.060768528
netlib/scagr25                 r200:race        optimal        0.005s ok=True obj=-14753433.060768448 ref=-14753433.060768528
netlib/scagr25                 r0:race          optimal        0.005s ok=True obj=-14753433.060768448 ref=-14753433.060768528
netlib/scagr7                  r5000:race       optimal        0.001s ok=True obj=-2331389.824330984 ref=-2331389.824330984
netlib/scagr7                  r1000:race       optimal        0.001s ok=True obj=-2331389.824330984 ref=-2331389.824330984
netlib/scagr7                  r200:race        optimal        0.001s ok=True obj=-2331389.824330984 ref=-2331389.824330984
netlib/scagr7                  r0:race          optimal        0.001s ok=True obj=-2331389.824330984 ref=-2331389.824330984
netlib/scfxm1                  r5000:race       optimal        0.006s ok=True obj=18416.759028348948 ref=18416.759028348948
netlib/scfxm1                  r1000:race       optimal        0.007s ok=True obj=18416.759028348948 ref=18416.759028348948
netlib/scfxm1                  r200:race        optimal        0.007s ok=True obj=18416.759028348948 ref=18416.759028348948
netlib/scfxm1                  r0:race          optimal        0.007s ok=True obj=18416.759028348948 ref=18416.759028348948
netlib/scfxm2                  r5000:race       optimal        0.015s ok=True obj=36660.26156499881 ref=36660.261564998815
netlib/scfxm2                  r1000:race       optimal        0.015s ok=True obj=36660.26156499881 ref=36660.261564998815
netlib/scfxm2                  r200:race        optimal        0.027s ok=True obj=36660.26156499881 ref=36660.261564998815
netlib/scfxm2                  r0:race          optimal        0.026s ok=True obj=36660.26156499881 ref=36660.261564998815
netlib/scfxm3                  r5000:race       optimal        0.026s ok=True obj=54901.25454975149 ref=54901.254549751444
netlib/scfxm3                  r1000:race       optimal        0.026s ok=True obj=54901.25454975149 ref=54901.254549751444
netlib/scfxm3                  r200:race        optimal        0.047s ok=True obj=54901.25454975149 ref=54901.254549751444
netlib/scfxm3                  r0:race          optimal        0.046s ok=True obj=54901.25454975149 ref=54901.254549751444
netlib/scorpion                r5000:race       optimal        0.002s ok=True obj=1878.1248227381059 ref=1878.1248227381068
netlib/scorpion                r1000:race       optimal        0.002s ok=True obj=1878.1248227381059 ref=1878.1248227381068
netlib/scorpion                r200:race        optimal        0.002s ok=True obj=1878.1248227381059 ref=1878.1248227381068
netlib/scorpion                r0:race          optimal        0.002s ok=True obj=1878.1248227381059 ref=1878.1248227381068
netlib/scrs8                   r5000:race       optimal        0.007s ok=True obj=904.2969538007919 ref=904.296953800792
netlib/scrs8                   r1000:race       optimal        0.007s ok=True obj=904.2969538007919 ref=904.296953800792
netlib/scrs8                   r200:race        optimal        0.011s ok=True obj=904.2969538007919 ref=904.296953800792
netlib/scrs8                   r0:race          optimal        0.016s ok=True obj=904.2969538007919 ref=904.296953800792
netlib/scsd1                   r5000:race       optimal        0.004s ok=True obj=8.666666674333364 ref=8.666666674333364
netlib/scsd1                   r1000:race       optimal        0.004s ok=True obj=8.666666674333364 ref=8.666666674333364
netlib/scsd1                   r200:race        optimal        0.003s ok=True obj=8.666666674333364 ref=8.666666674333364
netlib/scsd1                   r0:race          optimal        0.003s ok=True obj=8.666666674333364 ref=8.666666674333364
netlib/scsd6                   r5000:race       optimal        0.009s ok=True obj=50.50000007714466 ref=50.5000000782623
netlib/scsd6                   r1000:race       optimal        0.009s ok=True obj=50.50000007714466 ref=50.5000000782623
netlib/scsd6                   r200:race        optimal        0.009s ok=True obj=50.50000007714466 ref=50.5000000782623
netlib/scsd6                   r0:race          optimal        0.014s ok=True obj=50.50000007714466 ref=50.5000000782623
netlib/scsd8                   r5000:race       optimal        0.059s ok=True obj=904.9999999254649 ref=904.9999999254643
netlib/scsd8                   r1000:race       optimal        0.064s ok=True obj=904.9999999254649 ref=904.9999999254643
netlib/scsd8                   r200:race        optimal        0.033s ok=True obj=904.9999999254651 ref=904.9999999254643
netlib/scsd8                   r0:race          optimal        0.033s ok=True obj=904.9999999254651 ref=904.9999999254643
netlib/sctap1                  r5000:race       optimal        0.005s ok=True obj=1412.2500000000002 ref=1412.25
netlib/sctap1                  r1000:race       optimal        0.005s ok=True obj=1412.2500000000002 ref=1412.25
netlib/sctap1                  r200:race        optimal        0.009s ok=True obj=1412.2500000000002 ref=1412.25
netlib/sctap1                  r0:race          optimal        0.006s ok=True obj=1412.2500000000002 ref=1412.25
netlib/sctap2                  r5000:race       optimal        0.011s ok=True obj=1724.807142857143 ref=1724.807142857143
netlib/sctap2                  r1000:race       optimal        0.011s ok=True obj=1724.807142857143 ref=1724.807142857143
netlib/sctap2                  r200:race        optimal        0.019s ok=True obj=1724.807142857143 ref=1724.807142857143
netlib/sctap2                  r0:race          optimal        0.018s ok=True obj=1724.807142857143 ref=1724.807142857143
netlib/sctap3                  r5000:race       optimal        0.025s ok=True obj=1424.0 ref=1424.0
netlib/sctap3                  r1000:race       optimal        0.034s ok=True obj=1424.0 ref=1424.0
netlib/sctap3                  r200:race        optimal        0.048s ok=True obj=1424.0 ref=1424.0
netlib/sctap3                  r0:race          optimal        0.035s ok=True obj=1424.0 ref=1424.0
netlib/seba                    r5000:race       optimal        0.004s ok=True obj=15711.599999999999 ref=15711.599999999999
netlib/seba                    r1000:race       optimal        0.004s ok=True obj=15711.599999999999 ref=15711.599999999999
netlib/seba                    r200:race        optimal        0.006s ok=True obj=15711.599999999999 ref=15711.599999999999
netlib/seba                    r0:race          optimal        0.011s ok=True obj=15711.599999999999 ref=15711.599999999999
netlib/share1b                 r5000:race       optimal        0.003s ok=True obj=-76589.31857918568 ref=-76589.31857918572
netlib/share1b                 r1000:race       optimal        0.002s ok=True obj=-76589.31857918568 ref=-76589.31857918572
netlib/share1b                 r200:race        optimal        0.003s ok=True obj=-76589.31857918568 ref=-76589.31857918572
netlib/share1b                 r0:race          optimal        0.003s ok=True obj=-76589.31857918568 ref=-76589.31857918572
netlib/share2b                 r5000:race       optimal        0.002s ok=True obj=-415.7322407414203 ref=-415.73224074141945
netlib/share2b                 r1000:race       optimal        0.002s ok=True obj=-415.7322407414203 ref=-415.73224074141945
netlib/share2b                 r200:race        optimal        0.002s ok=True obj=-415.7322407414203 ref=-415.73224074141945
netlib/share2b                 r0:race          optimal        0.002s ok=True obj=-415.7322407414203 ref=-415.73224074141945
netlib/shell                   r5000:race       optimal        0.007s ok=True obj=1208825346.0 ref=1208825346.0
netlib/shell                   r1000:race       optimal        0.007s ok=True obj=1208825346.0 ref=1208825346.0
netlib/shell                   r200:race        optimal        0.013s ok=True obj=1208825346.0 ref=1208825346.0
netlib/shell                   r0:race          optimal        0.015s ok=True obj=1208825346.0 ref=1208825346.0
netlib/ship04l                 r5000:race       optimal        0.009s ok=True obj=1793324.5379703569 ref=1793324.5379703562
netlib/ship04l                 r1000:race       optimal        0.009s ok=True obj=1793324.5379703569 ref=1793324.5379703562
netlib/ship04l                 r200:race        optimal        0.013s ok=True obj=1793324.5379703566 ref=1793324.5379703562
netlib/ship04l                 r0:race          optimal        0.016s ok=True obj=1793324.5379703566 ref=1793324.5379703562
netlib/ship04s                 r5000:race       optimal        0.008s ok=True obj=1798714.7004453917 ref=1798714.7004453917
netlib/ship04s                 r1000:race       optimal        0.007s ok=True obj=1798714.7004453917 ref=1798714.7004453917
netlib/ship04s                 r200:race        optimal        0.007s ok=True obj=1798714.7004453917 ref=1798714.7004453917
netlib/ship04s                 r0:race          optimal        0.013s ok=True obj=1798714.7004453917 ref=1798714.7004453917
netlib/ship08l                 r5000:race       optimal        0.015s ok=True obj=1909055.211389131 ref=1909055.211389131
netlib/ship08l                 r1000:race       optimal        0.015s ok=True obj=1909055.211389131 ref=1909055.211389131
netlib/ship08l                 r200:race        optimal        0.034s ok=True obj=1909055.211389131 ref=1909055.211389131
netlib/ship08l                 r0:race          optimal        0.028s ok=True obj=1909055.211389131 ref=1909055.211389131
netlib/ship08s                 r5000:race       optimal        0.010s ok=True obj=1920098.2105346185 ref=1920098.2105346182
netlib/ship08s                 r1000:race       optimal        0.010s ok=True obj=1920098.2105346185 ref=1920098.2105346182
netlib/ship08s                 r200:race        optimal        0.014s ok=True obj=1920098.2105346185 ref=1920098.2105346182
netlib/ship08s                 r0:race          optimal        0.017s ok=True obj=1920098.210534618 ref=1920098.2105346182
netlib/ship12l                 r5000:race       optimal        0.024s ok=True obj=1470187.9193292663 ref=1470187.9193292663
netlib/ship12l                 r1000:race       optimal        0.020s ok=True obj=1470187.9193292663 ref=1470187.9193292663
netlib/ship12l                 r200:race        optimal        0.043s ok=True obj=1470187.919329266 ref=1470187.9193292663
netlib/ship12l                 r0:race          optimal        0.036s ok=True obj=1470187.919329266 ref=1470187.9193292663
netlib/ship12s                 r5000:race       optimal        0.011s ok=True obj=1489236.134406133 ref=1489236.1344061329
netlib/ship12s                 r1000:race       optimal        0.010s ok=True obj=1489236.134406133 ref=1489236.1344061329
netlib/ship12s                 r200:race        optimal        0.020s ok=True obj=1489236.1344061329 ref=1489236.1344061329
netlib/ship12s                 r0:race          optimal        0.015s ok=True obj=1489236.1344061329 ref=1489236.1344061329
netlib/sierra                  r5000:race       optimal        0.013s ok=True obj=15394362.183631925 ref=15394362.183631929
netlib/sierra                  r1000:race       optimal        0.011s ok=True obj=15394362.183631925 ref=15394362.183631929
netlib/sierra                  r200:race        optimal        0.029s ok=True obj=15394362.183631925 ref=15394362.183631929
netlib/sierra                  r0:race          optimal        0.018s ok=True obj=15394362.183631925 ref=15394362.183631929
netlib/stair                   r5000:race       optimal        0.013s ok=True obj=-251.26695119296338 ref=-251.26695119296335
netlib/stair                   r1000:race       optimal        0.012s ok=True obj=-251.26695119296338 ref=-251.26695119296335
netlib/stair                   r200:race        optimal        0.013s ok=True obj=-251.26695119296338 ref=-251.26695119296335
netlib/stair                   r0:race          optimal        0.013s ok=True obj=-251.26695119296338 ref=-251.26695119296335
netlib/standata                r5000:race       optimal        0.004s ok=True obj=1257.6995000000002 ref=1257.6995
netlib/standata                r1000:race       optimal        0.003s ok=True obj=1257.6995000000002 ref=1257.6995
netlib/standata                r200:race        optimal        0.004s ok=True obj=1257.6995000000002 ref=1257.6995
netlib/standata                r0:race          optimal        0.003s ok=True obj=1257.6995000000002 ref=1257.6995
netlib/standgub                r5000:race       optimal        0.003s ok=True obj=1257.6995000000002 ref=1257.6995
netlib/standgub                r1000:race       optimal        0.003s ok=True obj=1257.6995000000002 ref=1257.6995
netlib/standgub                r200:race        optimal        0.004s ok=True obj=1257.6995000000002 ref=1257.6995
netlib/standgub                r0:race          optimal        0.003s ok=True obj=1257.6995000000002 ref=1257.6995
netlib/standmps                r5000:race       optimal        0.005s ok=True obj=1406.0175000000013 ref=1406.0175
netlib/standmps                r1000:race       optimal        0.003s ok=True obj=1406.0175000000013 ref=1406.0175
netlib/standmps                r200:race        optimal        0.004s ok=True obj=1406.0175000000013 ref=1406.0175
netlib/standmps                r0:race          optimal        0.008s ok=True obj=1406.0175000000013 ref=1406.0175
netlib/stocfor1                r5000:race       optimal        0.001s ok=True obj=-41131.976219436416 ref=-41131.97621943641
netlib/stocfor1                r1000:race       optimal        0.002s ok=True obj=-41131.976219436416 ref=-41131.97621943641
netlib/stocfor1                r200:race        optimal        0.002s ok=True obj=-41131.976219436416 ref=-41131.97621943641
netlib/stocfor1                r0:race          optimal        0.002s ok=True obj=-41131.976219436416 ref=-41131.97621943641
netlib/stocfor2                r5000:race       optimal        0.022s ok=True obj=-39024.408537882104 ref=-39024.408537882104
netlib/stocfor2                r1000:race       optimal        0.039s ok=True obj=-39024.40853788211 ref=-39024.408537882104
netlib/stocfor2                r200:race        optimal        0.041s ok=True obj=-39024.40853788211 ref=-39024.408537882104
netlib/stocfor2                r0:race          optimal        0.038s ok=True obj=-39024.40853788211 ref=-39024.408537882104
netlib/tuff                    r5000:race       optimal        0.005s ok=True obj=0.2921477650935964 ref=0.292147765093613
netlib/tuff                    r1000:race       optimal        0.006s ok=True obj=0.2921477650935964 ref=0.292147765093613
netlib/tuff                    r200:race        optimal        0.008s ok=True obj=0.2921477650935964 ref=0.292147765093613
netlib/tuff                    r0:race          optimal        0.010s ok=True obj=0.2921477650935964 ref=0.292147765093613
netlib/vtp.base                r5000:race       optimal        0.001s ok=True obj=129831.46246136137 ref=129831.46246136137
netlib/vtp.base                r1000:race       optimal        0.001s ok=True obj=129831.46246136137 ref=129831.46246136137
netlib/vtp.base                r200:race        optimal        0.001s ok=True obj=129831.46246136137 ref=129831.46246136137
netlib/vtp.base                r0:race          optimal        0.002s ok=True obj=129831.46246136137 ref=129831.46246136137
netlib/wood1p                  r5000:race       optimal        0.047s ok=True obj=1.442902411573458 ref=1.442902411573409
netlib/wood1p                  r1000:race       optimal        0.046s ok=True obj=1.442902411573458 ref=1.442902411573409
netlib/wood1p                  r200:race        optimal        0.046s ok=True obj=1.442902411573458 ref=1.442902411573409
netlib/wood1p                  r0:race          optimal        0.055s ok=True obj=1.442902411573458 ref=1.442902411573409
netlib/woodw                   r5000:race       optimal        0.035s ok=True obj=1.3044763330842306 ref=1.3044763330842293
netlib/woodw                   r1000:race       optimal        0.036s ok=True obj=1.3044763330842306 ref=1.3044763330842293
netlib/woodw                   r200:race        optimal        0.043s ok=True obj=1.3044763330842304 ref=1.3044763330842293
netlib/woodw                   r0:race          optimal        0.044s ok=True obj=1.3044763330842304 ref=1.3044763330842293
kennington/cre-a               r5000:race       optimal        0.090s ok=True obj=23595407.060971618 ref=23595407.06097162
kennington/cre-a               r1000:race       optimal        0.107s ok=True obj=23595407.060971618 ref=23595407.06097162
kennington/cre-a               r200:race        optimal        0.109s ok=True obj=23595407.060971618 ref=23595407.06097162
kennington/cre-a               r0:race          optimal        0.110s ok=True obj=23595407.060971618 ref=23595407.06097162
kennington/cre-b               r5000:race       optimal        1.027s ok=True obj=23129639.88683238 ref=23129639.88683238
kennington/cre-b               r1000:race       optimal        1.080s ok=True obj=23129639.88683238 ref=23129639.88683238
kennington/cre-b               r200:race        optimal        1.064s ok=True obj=23129639.88683238 ref=23129639.88683238
kennington/cre-b               r0:race          optimal        1.041s ok=True obj=23129639.88683238 ref=23129639.88683238
kennington/cre-c               r5000:race       optimal        0.078s ok=True obj=25275116.140880212 ref=25275116.14088022
kennington/cre-c               r1000:race       optimal        0.099s ok=True obj=25275116.140880216 ref=25275116.14088022
kennington/cre-c               r200:race        optimal        0.092s ok=True obj=25275116.140880216 ref=25275116.14088022
kennington/cre-c               r0:race          optimal        0.092s ok=True obj=25275116.140880216 ref=25275116.14088022
kennington/cre-d               r5000:race       optimal        0.763s ok=True obj=24454969.764549237 ref=24454969.76454924
kennington/cre-d               r1000:race       optimal        0.847s ok=True obj=24454969.76454925 ref=24454969.76454924
kennington/cre-d               r200:race        optimal        0.885s ok=True obj=24454969.76454925 ref=24454969.76454924
kennington/cre-d               r0:race          optimal        0.845s ok=True obj=24454969.76454925 ref=24454969.76454924
kennington/ken-07              r5000:race       optimal        0.015s ok=True obj=-679520443.3816886 ref=-679520443.3816886
kennington/ken-07              r1000:race       optimal        0.014s ok=True obj=-679520443.3816886 ref=-679520443.3816886
kennington/ken-07              r200:race        optimal        0.027s ok=True obj=-679520443.3816886 ref=-679520443.3816886
kennington/ken-07              r0:race          optimal        0.027s ok=True obj=-679520443.3816886 ref=-679520443.3816886
kennington/ken-11              r5000:race       optimal        0.218s ok=True obj=-6972382262.519993 ref=-6972382262.519994
kennington/ken-11              r1000:race       optimal        0.223s ok=True obj=-6972382262.519993 ref=-6972382262.519994
kennington/ken-11              r200:race        optimal        0.251s ok=True obj=-6972382262.519993 ref=-6972382262.519994
kennington/ken-11              r0:race          optimal        0.210s ok=True obj=-6972382262.519993 ref=-6972382262.519994
kennington/ken-13              r5000:race       optimal        0.550s ok=True obj=-10257394789.48247 ref=-10257394789.48247
kennington/ken-13              r1000:race       optimal        0.543s ok=True obj=-10257394789.48247 ref=-10257394789.48247
kennington/ken-13              r200:race        optimal        0.542s ok=True obj=-10257394789.48247 ref=-10257394789.48247
kennington/ken-13              r0:race          optimal        0.532s ok=True obj=-10257394789.48247 ref=-10257394789.48247
