netlib/25fv47                  race             optimal        0.134s ok=True obj=5501.845888286751 ref=5501.845888286757
netlib/80bau3b                 race             optimal        0.146s ok=True obj=987224.1924090912 ref=987224.1924090902
netlib/adlittle                race             optimal        0.004s ok=True obj=225494.96316237957 ref=225494.9631623803
netlib/afiro                   race             optimal        0.002s ok=True obj=-464.75314285714285 ref=-464.75314285714285
netlib/agg                     race             optimal        0.004s ok=True obj=-35991767.28657651 ref=-35991767.2865765
netlib/agg2                    race             optimal        0.006s ok=True obj=-20239252.355977118 ref=-20239252.355977118
netlib/agg3                    race             optimal        0.009s ok=True obj=10312115.935089227 ref=10312115.935089216
netlib/bandm                   race             optimal        0.008s ok=True obj=-158.62801845012072 ref=-158.62801845012078
netlib/beaconfd                race             optimal        0.002s ok=True obj=33592.48580719999 ref=33592.4858072
netlib/blend                   race             optimal        0.002s ok=True obj=-30.812149845828202 ref=-30.812149845828237
netlib/bnl1                    race             optimal        0.053s ok=True obj=1977.629561522888 ref=1977.6295615228878
netlib/bnl2                    race             optimal        0.067s ok=True obj=1811.236540358547 ref=1811.2365403585482
netlib/boeing1                 race             optimal        0.017s ok=True obj=-335.2135675071266 ref=-335.21356750712675
netlib/boeing2                 race             optimal        0.006s ok=True obj=-315.01872801520284 ref=-315.0187280152027
netlib/bore3d                  race             optimal        0.003s ok=True obj=1373.0803942084929 ref=1373.0803942084926
netlib/brandy                  race             optimal        0.005s ok=True obj=1518.5098964881292 ref=1518.5098964881279
netlib/capri                   race             optimal        0.006s ok=True obj=2690.0129137681606 ref=2690.0129137681593
netlib/cycle                   race             optimal        0.038s ok=True obj=-5.226393024894102 ref=-5.226393024894102
netlib/czprob                  race             optimal        0.029s ok=True obj=2185196.6988565787 ref=2185196.698856578
netlib/d2q06c                  race             optimal        1.036s ok=True obj=122784.21081418937 ref=122784.2108141893
netlib/d6cube                  race             optimal        0.074s ok=True obj=315.4916666666666 ref=315.49166666666696
netlib/degen2                  race             optimal        0.024s ok=True obj=-1435.1779999999997 ref=-1435.178
netlib/degen3                  race             optimal        0.177s ok=True obj=-987.2939999999751 ref=-987.2940000000007
netlib/dfl001                  race             optimal        6.736s ok=True obj=11266396.046671387 ref=11266396.04667138
netlib/e226                    race             optimal        0.015s ok=True obj=-11.638929066370483 ref=-11.638929066370537
netlib/etamacro                race             optimal        0.016s ok=True obj=-755.7152333749133 ref=-755.7152333005275
netlib/fffff800                race             optimal        0.017s ok=True obj=555679.5648174963 ref=555679.5648174963
netlib/finnis                  race             optimal        0.013s ok=True obj=172791.06559561158 ref=172791.06559561164
netlib/fit1d                   race             optimal        0.012s ok=True obj=-9146.378092420917 ref=-9146.378092420928
netlib/fit1p                   race             optimal        0.083s ok=True obj=9146.378092420935 ref=9146.378092420935
netlib/fit2d                   race             optimal        0.080s ok=True obj=-68464.29329383213 ref=-68464.2932938321
netlib/fit2p                   race             optimal        0.231s ok=True obj=68464.29329383219 ref=68464.29329383216
netlib/forplan                 race             optimal        0.018s ok=True obj=-664.2189612722045 ref=-664.2189612722054
netlib/ganges                  race             optimal        0.017s ok=True obj=-109585.73612927854 ref=-109585.73612927813
netlib/gfrd-pnc                race             optimal        0.007s ok=True obj=6902235.999548812 ref=6902235.999548812
netlib/greenbea                race             optimal        0.179s ok=True obj=-72555248.129849 ref=-72555248.12984587
netlib/greenbeb                race             optimal        0.346s ok=True obj=-4302260.261206573 ref=-4302260.261206586
netlib/grow15                  race             optimal        0.073s ok=True obj=-106870941.29357533 ref=-106870941.29357533
netlib/grow22                  race             optimal        0.159s ok=True obj=-160834336.482563 ref=-160834336.48256296
netlib/grow7                   race             optimal        0.016s ok=True obj=-47787811.814711586 ref=-47787811.8147115
netlib/israel                  race             optimal        0.015s ok=True obj=-896644.8218630459 ref=-896644.8218630459
netlib/kb2                     race             optimal        0.002s ok=True obj=-1749.9001299062068 ref=-1749.9001299062056
netlib/lotfi                   race             optimal        0.005s ok=True obj=-25.264706061880005 ref=-25.264706061880002
netlib/maros                   race             optimal        0.037s ok=True obj=-58063.74370112589 ref=-58063.74370112589
netlib/maros-r7                race             optimal        0.482s ok=True obj=1497185.166479643 ref=1497185.1664796423
netlib/modszk1                 race             optimal        0.034s ok=True obj=320.61972906544116 ref=320.61972906434596
netlib/nesm                    race             optimal        0.081s ok=True obj=14076036.487562718 ref=14076036.487562705
netlib/perold                  race             optimal        0.087s ok=True obj=-9380.755278234512 ref=-9380.755278235187
netlib/pilot                   race             optimal        0.683s ok=True obj=-557.4897292847282 ref=-557.4897292744025
netlib/pilot.ja                race             optimal        0.146s ok=True obj=-6113.136465463955 ref=-6113.136465581338
netlib/pilot.we                race             optimal        0.135s ok=True obj=-2720107.5328449626 ref=-2720107.5328449584
netlib/pilot4                  race             optimal        0.048s ok=True obj=-2581.139258883877 ref=-2581.1392588838853
netlib/pilot87                 race             optimal        3.564s ok=True obj=301.7103473330823 ref=301.71034733310745
netlib/pilotnov                race             optimal        0.105s ok=True obj=-4497.276188218871 ref=-4497.2761882188715
netlib/recipe                  race             optimal        0.006s ok=True obj=-266.61600000000027 ref=-266.61600000000027
netlib/sc105                   race             optimal        0.003s ok=True obj=-52.20206121170723 ref=-52.20206121170723
netlib/sc205                   race             optimal        0.004s ok=True obj=-52.20206121170704 ref=-52.20206121170721
netlib/sc50a                   race             optimal        0.002s ok=True obj=-64.57507705856449 ref=-64.5750770585645
netlib/sc50b                   race             optimal        0.002s ok=True obj=-70.0 ref=-69.99999999999999
netlib/scagr25                 race             optimal        0.007s ok=True obj=-14753433.06076852 ref=-14753433.060768528
netlib/scagr7                  race             optimal        0.003s ok=True obj=-2331389.8243309846 ref=-2331389.824330984
netlib/scfxm1                  race             optimal        0.008s ok=True obj=18416.759028348948 ref=18416.759028348948
netlib/scfxm2                  race             optimal        0.015s ok=True obj=36660.26156499881 ref=36660.261564998815
netlib/scfxm3                  race             optimal        0.035s ok=True obj=54901.25454975149 ref=54901.254549751444
netlib/scorpion                race             optimal        0.004s ok=True obj=1878.1248227381059 ref=1878.1248227381068
netlib/scrs8                   race             optimal        0.012s ok=True obj=904.2969538007919 ref=904.296953800792
netlib/scsd1                   race             optimal        0.005s ok=True obj=8.666666674333365 ref=8.666666674333364
netlib/scsd6                   race             optimal        0.011s ok=True obj=50.50000007714434 ref=50.5000000782623
netlib/scsd8                   race             optimal        0.060s ok=True obj=904.9999999254646 ref=904.9999999254643
netlib/sctap1                  race             optimal        0.013s ok=True obj=1412.2500000000002 ref=1412.25
netlib/sctap2                  race             optimal        0.021s ok=True obj=1724.807142857143 ref=1724.807142857143
netlib/sctap3                  race             optimal        0.025s ok=True obj=1424.0 ref=1424.0
netlib/seba                    race             optimal        0.009s ok=True obj=15711.599999999999 ref=15711.599999999999
netlib/share1b                 race             optimal        0.006s ok=True obj=-76589.31857918568 ref=-76589.31857918572
netlib/share2b                 race             optimal        0.007s ok=True obj=-415.7322407414203 ref=-415.73224074141945
netlib/shell                   race             optimal        0.023s ok=True obj=1208825346.0 ref=1208825346.0
netlib/ship04l                 race             optimal        0.015s ok=True obj=1793324.5379703566 ref=1793324.5379703562
netlib/ship04s                 race             optimal        0.014s ok=True obj=1798714.7004453917 ref=1798714.7004453917
netlib/ship08l                 race             optimal        0.024s ok=True obj=1909055.211389131 ref=1909055.211389131
netlib/ship08s                 race             optimal        0.010s ok=True obj=1920098.2105346185 ref=1920098.2105346182
netlib/ship12l                 race             optimal        0.031s ok=True obj=1470187.919329266 ref=1470187.9193292663
netlib/ship12s                 race             optimal        0.016s ok=True obj=1489236.1344061329 ref=1489236.1344061329
netlib/sierra                  race             optimal        0.013s ok=True obj=15394362.183631925 ref=15394362.183631929
netlib/stair                   race             optimal        0.023s ok=True obj=-251.26695119296335 ref=-251.26695119296335
netlib/standata                race             optimal        0.008s ok=True obj=1257.6995000000002 ref=1257.6995
netlib/standgub                race             optimal        0.005s ok=True obj=1257.6995000000002 ref=1257.6995
netlib/standmps                race             optimal        0.008s ok=True obj=1406.0175000000013 ref=1406.0175
netlib/stocfor1                race             optimal        0.004s ok=True obj=-41131.976219436416 ref=-41131.97621943641
netlib/stocfor2                race             optimal        0.031s ok=True obj=-39024.40853788211 ref=-39024.408537882104
netlib/tuff                    race             optimal        0.013s ok=True obj=0.2921477650935964 ref=0.292147765093613
netlib/vtp.base                race             optimal        0.005s ok=True obj=129831.46246136137 ref=129831.46246136137
netlib/wood1p                  race             optimal        0.043s ok=True obj=1.442902411573458 ref=1.442902411573409
netlib/woodw                   race             optimal        0.046s ok=True obj=1.3044763330842304 ref=1.3044763330842293
kennington/cre-a               race             optimal        0.128s ok=True obj=23595407.060971618 ref=23595407.06097162
kennington/cre-b               race             optimal        1.570s ok=True obj=23129639.886832356 ref=23129639.88683238
kennington/cre-c               race             optimal        0.072s ok=True obj=25275116.140880216 ref=25275116.14088022
kennington/cre-d               race             optimal        0.858s ok=True obj=24454969.76454925 ref=24454969.76454924
kennington/ken-07              race             optimal        0.020s ok=True obj=-679520443.3816886 ref=-679520443.3816886
kennington/ken-11              race             optimal        0.198s ok=True obj=-6972382262.519993 ref=-6972382262.519994
kennington/ken-13              race             optimal        0.915s ok=True obj=-10257394789.482471 ref=-10257394789.48247
kennington/ken-18              race             optimal        8.182s ok=True obj=-52217025287.39679 ref=-52217025287.396805
kennington/osa-07              race             optimal        0.069s ok=True obj=535722.5172993516 ref=535722.517299351
kennington/osa-14              race             optimal        0.186s ok=True obj=1106462.8447362508 ref=1106462.8447362536
kennington/osa-30              race             optimal        0.553s ok=True obj=2142139.873209762 ref=2142139.873209765
kennington/osa-60              race             optimal        1.798s ok=True obj=4044072.5031574247 ref=4044072.5031574406
kennington/pds-02              race             optimal        0.026s ok=True obj=28857862010.0 ref=28857862010.0
kennington/pds-06              race             optimal        0.213s ok=True obj=27761037600.0 ref=27761037600.0
kennington/pds-10              race             optimal        0.626s ok=True obj=26727094976.0 ref=26727094976.0
kennington/pds-20              race             optimal        3.630s ok=True obj=23821658640.0 ref=23821658640.0
