netlib/25fv47                  race             optimal        0.156s ok=True obj=5501.845888286751 ref=5501.845888286757
netlib/80bau3b                 race             optimal        0.134s ok=True obj=987224.1924090912 ref=987224.1924090902
netlib/adlittle                race             optimal        0.002s ok=True obj=225494.96316237957 ref=225494.9631623803
netlib/afiro                   race             optimal        0.001s ok=True obj=-464.75314285714285 ref=-464.75314285714285
netlib/agg                     race             optimal        0.007s ok=True obj=-35991767.28657651 ref=-35991767.2865765
netlib/agg2                    race             optimal        0.008s ok=True obj=-20239252.355977118 ref=-20239252.355977118
netlib/agg3                    race             optimal        0.007s ok=True obj=10312115.935089227 ref=10312115.935089216
netlib/bandm                   race             optimal        0.008s ok=True obj=-158.62801845012044 ref=-158.62801845012078
netlib/beaconfd                race             optimal        0.006s ok=True obj=33592.48580719999 ref=33592.4858072
netlib/blend                   race             optimal        0.003s ok=True obj=-30.812149845828202 ref=-30.812149845828237
netlib/bnl1                    race             optimal        0.051s ok=True obj=1977.629561522888 ref=1977.6295615228878
netlib/bnl2                    race             optimal        0.065s ok=True obj=1811.236540358547 ref=1811.2365403585482
netlib/boeing1                 race             optimal        0.018s ok=True obj=-335.21356750712675 ref=-335.21356750712675
netlib/boeing2                 race             optimal        0.006s ok=True obj=-315.01872801520284 ref=-315.0187280152027
netlib/bore3d                  race             optimal        0.004s ok=True obj=1373.080394208493 ref=1373.0803942084926
netlib/brandy                  race             optimal        0.007s ok=True obj=1518.509896488129 ref=1518.5098964881279
netlib/capri                   race             optimal        0.008s ok=True obj=2690.0129137681606 ref=2690.0129137681593
netlib/cycle                   race             optimal        0.026s ok=True obj=-5.226393024894102 ref=-5.226393024894102
netlib/czprob                  race             optimal        0.031s ok=True obj=2185196.6988565787 ref=2185196.698856578
netlib/d2q06c                  race             optimal        1.113s ok=True obj=122784.21081418937 ref=122784.2108141893
netlib/d6cube                  race             optimal        0.084s ok=True obj=315.4916666666666 ref=315.49166666666696
netlib/degen2                  race             optimal        0.026s ok=True obj=-1435.1779999999997 ref=-1435.178
