netlib/25fv47                  default          optimal        0.124s ok=True obj=5501.845888286753 ref=5501.845888286757
netlib/25fv47                  pc               optimal        0.149s ok=True obj=5501.845888286755 ref=5501.845888286757
netlib/25fv47                  pc6              optimal        0.160s ok=True obj=5501.845888286755 ref=5501.845888286757
netlib/25fv47                  g6               optimal        0.119s ok=True obj=5501.845888286753 ref=5501.845888286757
netlib/80bau3b                 default          optimal        0.808s ok=True obj=987224.1924090909 ref=987224.1924090902
netlib/80bau3b                 pc               optimal        0.783s ok=True obj=987224.1924090909 ref=987224.1924090902
netlib/80bau3b                 pc6              optimal        0.774s ok=True obj=987224.1924090909 ref=987224.1924090902
netlib/80bau3b                 g6               optimal        0.868s ok=True obj=987224.1924090909 ref=987224.1924090902
netlib/adlittle                default          optimal        0.005s ok=True obj=225494.9631623804 ref=225494.9631623803
netlib/adlittle                pc               optimal        0.004s ok=True obj=225494.9631623804 ref=225494.9631623803
netlib/adlittle                pc6              optimal        0.004s ok=True obj=225494.96316238027 ref=225494.9631623803
netlib/adlittle                g6               optimal        0.003s ok=True obj=225494.9631623804 ref=225494.9631623803
netlib/afiro                   default          optimal        0.004s ok=True obj=-464.75314285714285 ref=-464.75314285714285
netlib/afiro                   pc               optimal        0.002s ok=True obj=-464.75314285714285 ref=-464.75314285714285
netlib/afiro                   pc6              optimal        0.002s ok=True obj=-464.75314285714285 ref=-464.75314285714285
netlib/afiro                   g6               optimal        0.002s ok=True obj=-464.75314285714285 ref=-464.75314285714285
netlib/agg                     default          optimal        0.009s ok=True obj=-35991767.286576495 ref=-35991767.2865765
netlib/agg                     pc               optimal        0.009s ok=True obj=-35991767.286576495 ref=-35991767.2865765
netlib/agg                     pc6              optimal        0.013s ok=True obj=-35991767.286576495 ref=-35991767.2865765
netlib/agg                     g6               optimal        0.013s ok=True obj=-35991767.286576495 ref=-35991767.2865765
netlib/agg2                    default          optimal        0.023s ok=True obj=-20239252.355977118 ref=-20239252.355977118
netlib/agg2                    pc               optimal        0.019s ok=True obj=-20239252.35597711 ref=-20239252.355977118
netlib/agg2                    pc6              optimal        0.020s ok=True obj=-20239252.35597711 ref=-20239252.355977118
netlib/agg2                    g6               optimal        0.024s ok=True obj=-20239252.355977118 ref=-20239252.355977118
netlib/agg3                    default          optimal        0.026s ok=True obj=10312115.935089232 ref=10312115.935089216
netlib/agg3                    pc               optimal        0.020s ok=True obj=10312115.935089232 ref=10312115.935089216
netlib/agg3                    pc6              optimal        0.023s ok=True obj=10312115.935089232 ref=10312115.935089216
netlib/agg3                    g6               optimal        0.032s ok=True obj=10312115.935089232 ref=10312115.935089216
netlib/bandm                   default          optimal        0.013s ok=True obj=-158.62801845012078 ref=-158.62801845012078
netlib/bandm                   pc               optimal        0.028s ok=True obj=-158.62801845012078 ref=-158.62801845012078
netlib/bandm                   pc6              optimal        0.012s ok=True obj=-158.62801845012078 ref=-158.62801845012078
netlib/bandm                   g6               optimal        0.010s ok=True obj=-158.62801845012078 ref=-158.62801845012078
netlib/beaconfd                default          optimal        0.005s ok=True obj=33592.48580719999 ref=33592.4858072
netlib/beaconfd                pc               optimal        0.004s ok=True obj=33592.48580719999 ref=33592.4858072
netlib/beaconfd                pc6              optimal        0.005s ok=True obj=33592.48580719999 ref=33592.4858072
netlib/beaconfd                g6               optimal        0.008s ok=True obj=33592.48580719999 ref=33592.4858072
netlib/blend                   default          optimal        0.003s ok=True obj=-30.812149845828245 ref=-30.812149845828237
netlib/blend                   pc               optimal        0.004s ok=True obj=-30.812149845828245 ref=-30.812149845828237
netlib/blend                   pc6              optimal        0.004s ok=True obj=-30.812149845828245 ref=-30.812149845828237
netlib/blend                   g6               optimal        0.004s ok=True obj=-30.812149845828245 ref=-30.812149845828237
netlib/bnl1                    default          optimal        0.098s ok=True obj=1977.6295615228903 ref=1977.6295615228878
netlib/bnl1                    pc               optimal        0.138s ok=True obj=1977.6295615228894 ref=1977.6295615228878
netlib/bnl1                    pc6              optimal        0.130s ok=True obj=1977.6295615228862 ref=1977.6295615228878
netlib/bnl1                    g6               optimal        0.091s ok=True obj=1977.6295615228912 ref=1977.6295615228878
netlib/bnl2                    default          optimal        0.246s ok=True obj=1811.2365403585463 ref=1811.2365403585482
netlib/bnl2                    pc               optimal        0.176s ok=True obj=1811.2365403585475 ref=1811.2365403585482
netlib/bnl2                    pc6              optimal        0.172s ok=True obj=1811.2365403585472 ref=1811.2365403585482
netlib/bnl2                    g6               optimal        0.256s ok=True obj=1811.2365403585463 ref=1811.2365403585482
netlib/boeing1                 default          optimal        0.026s ok=True obj=-335.2135675071269 ref=-335.21356750712675
netlib/boeing1                 pc               optimal        0.018s ok=True obj=-335.21356750712704 ref=-335.21356750712675
netlib/boeing1                 pc6              optimal        0.019s ok=True obj=-335.21356750712704 ref=-335.21356750712675
netlib/boeing1                 g6               optimal        0.017s ok=True obj=-335.2135675071269 ref=-335.21356750712675
netlib/boeing2                 default          optimal        0.007s ok=True obj=-315.0187280152028 ref=-315.0187280152027
netlib/boeing2                 pc               optimal        0.008s ok=True obj=-315.0187280152028 ref=-315.0187280152027
netlib/boeing2                 pc6              optimal        0.009s ok=True obj=-315.0187280152028 ref=-315.0187280152027
netlib/boeing2                 g6               optimal        0.010s ok=True obj=-315.0187280152028 ref=-315.0187280152027
netlib/bore3d                  default          optimal        0.004s ok=True obj=1373.080394208495 ref=1373.0803942084926
netlib/bore3d                  pc               optimal        0.005s ok=True obj=1373.0803942084926 ref=1373.0803942084926
netlib/bore3d                  pc6              optimal        0.005s ok=True obj=1373.0803942084926 ref=1373.0803942084926
netlib/bore3d                  g6               optimal        0.005s ok=True obj=1373.080394208495 ref=1373.0803942084926
netlib/brandy                  default          optimal        0.013s ok=True obj=1518.509896488129 ref=1518.5098964881279
netlib/brandy                  pc               optimal        0.011s ok=True obj=1518.509896488129 ref=1518.5098964881279
netlib/brandy                  pc6              optimal        0.013s ok=True obj=1518.509896488129 ref=1518.5098964881279
netlib/brandy                  g6               optimal        0.010s ok=True obj=1518.509896488129 ref=1518.5098964881279
netlib/capri                   default          optimal        0.022s ok=True obj=2690.012913768161 ref=2690.0129137681593
netlib/capri                   pc               optimal        0.011s ok=True obj=2690.0129137681606 ref=2690.0129137681593
netlib/capri                   pc6              optimal        0.011s ok=True obj=2690.0129137681606 ref=2690.0129137681593
netlib/capri                   g6               optimal        0.009s ok=True obj=2690.0129137681606 ref=2690.0129137681593
netlib/cycle                   default          optimal        0.194s ok=True obj=-5.226393024894102 ref=-5.226393024894102
netlib/cycle                   pc               optimal        0.131s ok=True obj=-5.226393024894103 ref=-5.226393024894102
netlib/cycle                   pc6              optimal        0.125s ok=True obj=-5.226393024894102 ref=-5.226393024894102
netlib/cycle                   g6               optimal        0.226s ok=True obj=-5.226393024894119 ref=-5.226393024894102
netlib/czprob                  default          optimal        0.041s ok=True obj=2185196.6988565787 ref=2185196.698856578
netlib/czprob                  pc               optimal        0.037s ok=True obj=2185196.6988565787 ref=2185196.698856578
netlib/czprob                  pc6              optimal        0.044s ok=True obj=2185196.6988565787 ref=2185196.698856578
netlib/czprob                  g6               optimal        0.039s ok=True obj=2185196.698856578 ref=2185196.698856578
netlib/d2q06c                  default          optimal        0.531s ok=True obj=122784.21081418957 ref=122784.2108141893
netlib/d2q06c                  pc               optimal        0.493s ok=True obj=122784.21081418934 ref=122784.2108141893
netlib/d2q06c                  pc6              optimal        0.557s ok=True obj=122784.21081418937 ref=122784.2108141893
netlib/d2q06c                  g6               optimal        0.575s ok=True obj=122784.21081418949 ref=122784.2108141893
netlib/d6cube                  default          optimal        0.308s ok=True obj=315.49166666666656 ref=315.49166666666696
netlib/d6cube                  pc               optimal        0.275s ok=True obj=315.49166666666656 ref=315.49166666666696
netlib/d6cube                  pc6              optimal        0.272s ok=True obj=315.49166666666656 ref=315.49166666666696
netlib/d6cube                  g6               optimal        0.286s ok=True obj=315.49166666666656 ref=315.49166666666696
netlib/degen2                  default          optimal        0.024s ok=True obj=-1435.178 ref=-1435.178
netlib/degen2                  pc               optimal        0.028s ok=True obj=-1435.178 ref=-1435.178
netlib/degen2                  pc6              optimal        0.038s ok=True obj=-1435.178 ref=-1435.178
netlib/degen2                  g6               optimal        0.029s ok=True obj=-1435.178 ref=-1435.178
netlib/degen3                  default          optimal        0.312s ok=True obj=-987.2940000000006 ref=-987.2940000000007
netlib/degen3                  pc               optimal        0.453s ok=True obj=-987.2940000000006 ref=-987.2940000000007
netlib/degen3                  pc6              optimal        0.462s ok=True obj=-987.2940000000006 ref=-987.2940000000007
netlib/degen3                  g6               optimal        0.296s ok=True obj=-987.2940000000006 ref=-987.2940000000007
netlib/dfl001                  default          optimal       18.040s ok=True obj=11266396.046671398 ref=11266396.04667138
netlib/dfl001                  pc               optimal        5.876s ok=True obj=11266396.046671394 ref=11266396.04667138
netlib/dfl001                  pc6              optimal       18.044s ok=True obj=11266396.046671374 ref=11266396.04667138
netlib/dfl001                  g6               optimal       19.942s ok=True obj=11266396.046671417 ref=11266396.04667138
netlib/e226                    default          optimal        0.018s ok=True obj=-11.638929066370533 ref=-11.638929066370537
netlib/e226                    pc               optimal        0.029s ok=True obj=-11.638929066370533 ref=-11.638929066370537
netlib/e226                    pc6              optimal        0.020s ok=True obj=-11.638929066370533 ref=-11.638929066370537
netlib/e226                    g6               optimal        0.016s ok=True obj=-11.638929066370533 ref=-11.638929066370537
netlib/etamacro                default          optimal        0.026s ok=True obj=-755.715233313166 ref=-755.7152333005275
netlib/etamacro                pc               optimal        0.028s ok=True obj=-755.7152333097043 ref=-755.7152333005275
netlib/etamacro                pc6              optimal        0.025s ok=True obj=-755.7152333097043 ref=-755.7152333005275
netlib/etamacro                g6               optimal        0.027s ok=True obj=-755.7152333131654 ref=-755.7152333005275
netlib/fffff800                default          optimal        0.027s ok=True obj=555679.5648174961 ref=555679.5648174963
netlib/fffff800                pc               optimal        0.032s ok=True obj=555679.5648174961 ref=555679.5648174963
netlib/fffff800                pc6              optimal        0.050s ok=True obj=555679.5648174959 ref=555679.5648174963
netlib/fffff800                g6               optimal        0.036s ok=True obj=555679.5648174959 ref=555679.5648174963
netlib/finnis                  default          optimal        0.016s ok=True obj=172791.0655956115 ref=172791.06559561164
netlib/finnis                  pc               optimal        0.017s ok=True obj=172791.06559561178 ref=172791.06559561164
netlib/finnis                  pc6              optimal        0.016s ok=True obj=172791.06559561178 ref=172791.06559561164
netlib/finnis                  g6               optimal        0.019s ok=True obj=172791.06559561176 ref=172791.06559561164
netlib/fit1d                   default          optimal        0.022s ok=True obj=-9146.378092420917 ref=-9146.378092420928
netlib/fit1d                   pc               optimal        0.022s ok=True obj=-9146.378092420917 ref=-9146.378092420928
netlib/fit1d                   pc6              optimal        0.022s ok=True obj=-9146.378092420917 ref=-9146.378092420928
netlib/fit1d                   g6               optimal        0.023s ok=True obj=-9146.378092420917 ref=-9146.378092420928
netlib/fit1p                   default          optimal        0.448s ok=True obj=9146.378092420933 ref=9146.378092420935
netlib/fit1p                   pc               optimal        0.403s ok=True obj=9146.378092420933 ref=9146.378092420935
netlib/fit1p                   pc6              optimal        0.409s ok=True obj=9146.378092420933 ref=9146.378092420935
netlib/fit1p                   g6               optimal        0.404s ok=True obj=9146.378092420933 ref=9146.378092420935
netlib/fit2d                   default          optimal        0.323s ok=True obj=-68464.29329383213 ref=-68464.2932938321
netlib/fit2d                   pc               optimal        0.325s ok=True obj=-68464.29329383213 ref=-68464.2932938321
netlib/fit2d                   pc6              optimal        0.304s ok=True obj=-68464.29329383213 ref=-68464.2932938321
netlib/fit2d                   g6               optimal        0.325s ok=True obj=-68464.29329383213 ref=-68464.2932938321
netlib/fit2p                   default          optimal        0.665s ok=True obj=68464.29329383011 ref=68464.29329383216
netlib/fit2p                   pc               optimal        0.623s ok=True obj=68464.29329387668 ref=68464.29329383216
netlib/fit2p                   pc6              optimal        0.604s ok=True obj=68464.29329383219 ref=68464.29329383216
netlib/fit2p                   g6               optimal        0.664s ok=True obj=68464.29329383203 ref=68464.29329383216
netlib/forplan                 default          optimal        0.015s ok=True obj=-664.2189612722052 ref=-664.2189612722054
netlib/forplan                 pc               optimal        0.018s ok=True obj=-664.2189612722052 ref=-664.2189612722054
netlib/forplan                 pc6              optimal        0.017s ok=True obj=-664.2189612722052 ref=-664.2189612722054
netlib/forplan                 g6               optimal        0.016s ok=True obj=-664.2189612722052 ref=-664.2189612722054
netlib/ganges                  default          optimal        0.026s ok=True obj=-109585.73612927858 ref=-109585.73612927813
netlib/ganges                  pc               optimal        0.032s ok=True obj=-109585.73612927849 ref=-109585.73612927813
netlib/ganges                  pc6              optimal        0.059s ok=True obj=-109585.73612927849 ref=-109585.73612927813
netlib/ganges                  g6               optimal        0.043s ok=True obj=-109585.73612927858 ref=-109585.73612927813
netlib/gfrd-pnc                default          optimal        0.009s ok=True obj=6902235.999548812 ref=6902235.999548812
netlib/gfrd-pnc                pc               optimal        0.009s ok=True obj=6902235.999548812 ref=6902235.999548812
netlib/gfrd-pnc                pc6              optimal        0.009s ok=True obj=6902235.999548812 ref=6902235.999548812
netlib/gfrd-pnc                g6               optimal        0.013s ok=True obj=6902235.999548812 ref=6902235.999548812
netlib/greenbea                default          optimal        0.764s ok=True obj=-72555248.12984864 ref=-72555248.12984587
netlib/greenbea                pc               optimal        0.890s ok=True obj=-72555248.12984864 ref=-72555248.12984587
netlib/greenbea                pc6              optimal        0.977s ok=True obj=-72555248.12985156 ref=-72555248.12984587
netlib/greenbea                g6               optimal        0.799s ok=True obj=-72555248.12985156 ref=-72555248.12984587
netlib/greenbeb                default          optimal        0.623s ok=True obj=-4302260.261206586 ref=-4302260.261206586
netlib/greenbeb                pc               optimal        0.929s ok=True obj=-4302260.261206585 ref=-4302260.261206586
netlib/greenbeb                pc6              optimal        0.774s ok=True obj=-4302260.261206548 ref=-4302260.261206586
netlib/greenbeb                g6               optimal        0.616s ok=True obj=-4302260.261206586 ref=-4302260.261206586
netlib/grow15                  default          optimal        0.030s ok=True obj=-106870941.29357536 ref=-106870941.29357533
netlib/grow15                  pc               optimal        0.024s ok=True obj=-106870941.29357533 ref=-106870941.29357533
netlib/grow15                  pc6              optimal        0.026s ok=True obj=-106870941.29357533 ref=-106870941.29357533
netlib/grow15                  g6               optimal        0.026s ok=True obj=-106870941.29357536 ref=-106870941.29357533
netlib/grow22                  default          optimal        0.044s ok=True obj=-160834336.482563 ref=-160834336.48256296
netlib/grow22                  pc               optimal        0.044s ok=True obj=-160834336.482563 ref=-160834336.48256296
netlib/grow22                  pc6              optimal        0.042s ok=True obj=-160834336.482563 ref=-160834336.48256296
netlib/grow22                  g6               optimal        0.044s ok=True obj=-160834336.482563 ref=-160834336.48256296
netlib/grow7                   default          optimal        0.021s ok=True obj=-47787811.81471152 ref=-47787811.8147115
netlib/grow7                   pc               optimal        0.021s ok=True obj=-47787811.8147115 ref=-47787811.8147115
netlib/grow7                   pc6              optimal        0.012s ok=True obj=-47787811.8147115 ref=-47787811.8147115
netlib/grow7                   g6               optimal        0.017s ok=True obj=-47787811.81471152 ref=-47787811.8147115
netlib/israel                  default          optimal        0.023s ok=True obj=-896644.8218630458 ref=-896644.8218630459
netlib/israel                  pc               optimal        0.019s ok=True obj=-896644.8218630459 ref=-896644.8218630459
netlib/israel                  pc6              optimal        0.019s ok=True obj=-896644.8218630459 ref=-896644.8218630459
netlib/israel                  g6               optimal        0.019s ok=True obj=-896644.8218630458 ref=-896644.8218630459
netlib/kb2                     default          optimal        0.006s ok=True obj=-1749.9001299062052 ref=-1749.9001299062056
netlib/kb2                     pc               optimal        0.004s ok=True obj=-1749.9001299062052 ref=-1749.9001299062056
netlib/kb2                     pc6              optimal        0.007s ok=True obj=-1749.9001299062052 ref=-1749.9001299062056
netlib/kb2                     g6               optimal        0.004s ok=True obj=-1749.9001299062052 ref=-1749.9001299062056
netlib/lotfi                   default          optimal        0.008s ok=True obj=-25.264706061880037 ref=-25.264706061880002
netlib/lotfi                   pc               optimal        0.007s ok=True obj=-25.26470606188001 ref=-25.264706061880002
netlib/lotfi                   pc6              optimal        0.007s ok=True obj=-25.26470606188001 ref=-25.264706061880002
netlib/lotfi                   g6               optimal        0.008s ok=True obj=-25.264706061879995 ref=-25.264706061880002
netlib/maros                   default          optimal        0.041s ok=True obj=-58063.74370112591 ref=-58063.74370112589
netlib/maros                   pc               optimal        0.044s ok=True obj=-58063.74370112591 ref=-58063.74370112589
netlib/maros                   pc6              optimal        0.051s ok=True obj=-58063.74370112591 ref=-58063.74370112589
netlib/maros                   g6               optimal        0.040s ok=True obj=-58063.74370112591 ref=-58063.74370112589
netlib/maros-r7                default          optimal        0.581s ok=True obj=1497185.166479643 ref=1497185.1664796423
netlib/maros-r7                pc               optimal        0.644s ok=True obj=1497185.166479643 ref=1497185.1664796423
netlib/maros-r7                pc6              optimal        0.696s ok=True obj=1497185.166479643 ref=1497185.1664796423
netlib/maros-r7                g6               optimal        0.630s ok=True obj=1497185.166479643 ref=1497185.1664796423
netlib/modszk1                 default          optimal        0.031s ok=True obj=320.6197290613313 ref=320.61972906434596
netlib/modszk1                 pc               optimal        0.024s ok=True obj=320.6197290612492 ref=320.61972906434596
netlib/modszk1                 pc6              optimal        0.025s ok=True obj=320.6197290612492 ref=320.61972906434596
netlib/modszk1                 g6               optimal        0.033s ok=True obj=320.61972906881186 ref=320.61972906434596
netlib/nesm                    default          optimal        0.317s ok=True obj=14076036.487562718 ref=14076036.487562705
netlib/nesm                    pc               optimal        0.289s ok=True obj=14076036.487562718 ref=14076036.487562705
netlib/nesm                    pc6              optimal        0.357s ok=True obj=14076036.487562727 ref=14076036.487562705
netlib/nesm                    g6               optimal        0.308s ok=True obj=14076036.487562718 ref=14076036.487562705
netlib/perold                  default          optimal        0.147s ok=True obj=-9380.755278235314 ref=-9380.755278235187
netlib/perold                  pc               optimal        0.093s ok=True obj=-9380.755278235314 ref=-9380.755278235187
netlib/perold                  pc6              optimal        0.085s ok=True obj=-9380.755278235314 ref=-9380.755278235187
netlib/perold                  g6               optimal        0.161s ok=True obj=-9380.755278235314 ref=-9380.755278235187
netlib/pilot                   default          optimal        0.760s ok=True obj=-557.4897289591502 ref=-557.4897292744025
netlib/pilot                   pc               optimal        0.854s ok=True obj=-557.4897289591502 ref=-557.4897292744025
netlib/pilot                   pc6              optimal        0.746s ok=True obj=-557.4897289591499 ref=-557.4897292744025
netlib/pilot                   g6               optimal        0.816s ok=True obj=-557.4897289591499 ref=-557.4897292744025
netlib/pilot.ja                default          optimal        0.425s ok=True obj=-6113.136465463971 ref=-6113.136465581338
netlib/pilot.ja                pc               optimal        0.762s ok=True obj=-6113.136465464079 ref=-6113.136465581338
netlib/pilot.ja                pc6              optimal        0.366s ok=True obj=-6113.136465463829 ref=-6113.136465581338
netlib/pilot.ja                g6               optimal        0.386s ok=True obj=-6113.136465463829 ref=-6113.136465581338
netlib/pilot.we                default          optimal        0.363s ok=True obj=-2720107.5328449653 ref=-2720107.5328449584
netlib/pilot.we                pc               optimal        0.310s ok=True obj=-2720107.532844973 ref=-2720107.5328449584
netlib/pilot.we                pc6              optimal        0.309s ok=True obj=-2720107.5328449626 ref=-2720107.5328449584
netlib/pilot.we                g6               optimal        0.350s ok=True obj=-2720107.5328449346 ref=-2720107.5328449584
netlib/pilot4                  default          optimal        0.067s ok=True obj=-2581.139258883904 ref=-2581.1392588838853
netlib/pilot4                  pc               optimal        0.115s ok=True obj=-2581.139258883949 ref=-2581.1392588838853
netlib/pilot4                  pc6              optimal        0.113s ok=True obj=-2581.139258883949 ref=-2581.1392588838853
netlib/pilot4                  g6               optimal        0.079s ok=True obj=-2581.139258884301 ref=-2581.1392588838853
netlib/pilot87                 default          optimal        8.029s ok=True obj=301.7103473331276 ref=301.71034733310745
netlib/pilot87                 pc               optimal        4.334s ok=True obj=301.7103474646053 ref=301.71034733310745
netlib/pilot87                 pc6              optimal        5.430s ok=True obj=301.710347464479 ref=301.71034733310745
netlib/pilot87                 g6               optimal       54.588s ok=True obj=301.71034733309784 ref=301.71034733310745
netlib/pilotnov                default          optimal        0.301s ok=True obj=-4497.276188218871 ref=-4497.2761882188715
netlib/pilotnov                pc               optimal        0.250s ok=True obj=-4497.276188218871 ref=-4497.2761882188715
netlib/pilotnov                pc6              optimal        0.255s ok=True obj=-4497.276188218871 ref=-4497.2761882188715
netlib/pilotnov                g6               optimal        0.393s ok=True obj=-4497.276188218871 ref=-4497.2761882188715
netlib/recipe                  default          optimal        0.004s ok=True obj=-266.61600000000027 ref=-266.61600000000027
netlib/recipe                  pc               optimal        0.002s ok=True obj=-266.61600000000027 ref=-266.61600000000027
netlib/recipe                  pc6              optimal        0.005s ok=True obj=-266.61600000000027 ref=-266.61600000000027
netlib/recipe                  g6               optimal        0.003s ok=True obj=-266.61600000000027 ref=-266.61600000000027
netlib/sc105                   default          optimal        0.003s ok=True obj=-52.20206121170723 ref=-52.20206121170723
netlib/sc105                   pc               optimal        0.003s ok=True obj=-52.20206121170723 ref=-52.20206121170723
netlib/sc105                   pc6              optimal        0.003s ok=True obj=-52.20206121170723 ref=-52.20206121170723
netlib/sc105                   g6               optimal        0.003s ok=True obj=-52.20206121170723 ref=-52.20206121170723
netlib/sc205                   default          optimal        0.005s ok=True obj=-52.2020612117072 ref=-52.20206121170721
netlib/sc205                   pc               optimal        0.009s ok=True obj=-52.2020612117072 ref=-52.20206121170721
netlib/sc205                   pc6              optimal        0.006s ok=True obj=-52.2020612117072 ref=-52.20206121170721
netlib/sc205                   g6               optimal        0.008s ok=True obj=-52.2020612117072 ref=-52.20206121170721
netlib/sc50a                   default          optimal        0.002s ok=True obj=-64.5750770585645 ref=-64.5750770585645
netlib/sc50a                   pc               optimal        0.003s ok=True obj=-64.5750770585645 ref=-64.5750770585645
netlib/sc50a                   pc6              optimal        0.003s ok=True obj=-64.5750770585645 ref=-64.5750770585645
netlib/sc50a                   g6               optimal        0.002s ok=True obj=-64.5750770585645 ref=-64.5750770585645
netlib/sc50b                   default          optimal        0.003s ok=True obj=-69.99999999999999 ref=-69.99999999999999
netlib/sc50b                   pc               optimal        0.002s ok=True obj=-69.99999999999999 ref=-69.99999999999999
netlib/sc50b                   pc6              optimal        0.003s ok=True obj=-69.99999999999999 ref=-69.99999999999999
netlib/sc50b                   g6               optimal        0.002s ok=True obj=-69.99999999999999 ref=-69.99999999999999
netlib/scagr25                 default          optimal        0.010s ok=True obj=-14753433.060768524 ref=-14753433.060768528
netlib/scagr25                 pc               optimal        0.009s ok=True obj=-14753433.060768524 ref=-14753433.060768528
netlib/scagr25                 pc6              optimal        0.011s ok=True obj=-14753433.060768524 ref=-14753433.060768528
netlib/scagr25                 g6               optimal        0.014s ok=True obj=-14753433.060768524 ref=-14753433.060768528
netlib/scagr7                  default          optimal        0.005s ok=True obj=-2331389.8243309837 ref=-2331389.824330984
netlib/scagr7                  pc               optimal        0.004s ok=True obj=-2331389.8243309837 ref=-2331389.824330984
netlib/scagr7                  pc6              optimal        0.005s ok=True obj=-2331389.8243309837 ref=-2331389.824330984
netlib/scagr7                  g6               optimal        0.004s ok=True obj=-2331389.8243309837 ref=-2331389.824330984
netlib/scfxm1                  default          optimal        0.017s ok=True obj=18416.759028348944 ref=18416.759028348948
netlib/scfxm1                  pc               optimal        0.018s ok=True obj=18416.759028348944 ref=18416.759028348948
netlib/scfxm1                  pc6              optimal        0.016s ok=True obj=18416.759028348944 ref=18416.759028348948
netlib/scfxm1                  g6               optimal        0.016s ok=True obj=18416.759028348944 ref=18416.759028348948
netlib/scfxm2                  default          optimal        0.036s ok=True obj=36660.26156499881 ref=36660.261564998815
netlib/scfxm2                  pc               optimal        0.033s ok=True obj=36660.26156499881 ref=36660.261564998815
netlib/scfxm2                  pc6              optimal        0.042s ok=True obj=36660.26156499881 ref=36660.261564998815
netlib/scfxm2                  g6               optimal        0.029s ok=True obj=36660.26156499881 ref=36660.261564998815
netlib/scfxm3                  default          optimal        0.052s ok=True obj=54901.25454975145 ref=54901.254549751444
netlib/scfxm3                  pc               optimal        0.051s ok=True obj=54901.25454975145 ref=54901.254549751444
netlib/scfxm3                  pc6              optimal        0.060s ok=True obj=54901.25454975145 ref=54901.254549751444
netlib/scfxm3                  g6               optimal        0.048s ok=True obj=54901.25454975145 ref=54901.254549751444
netlib/scorpion                default          optimal        0.004s ok=True obj=1878.1248227381068 ref=1878.1248227381068
netlib/scorpion                pc               optimal        0.004s ok=True obj=1878.1248227381068 ref=1878.1248227381068
netlib/scorpion                pc6              optimal        0.005s ok=True obj=1878.1248227381068 ref=1878.1248227381068
netlib/scorpion                g6               optimal        0.011s ok=True obj=1878.1248227381068 ref=1878.1248227381068
netlib/scrs8                   default          optimal        0.022s ok=True obj=904.2969538007919 ref=904.296953800792
netlib/scrs8                   pc               optimal        0.019s ok=True obj=904.2969538007919 ref=904.296953800792
netlib/scrs8                   pc6              optimal        0.019s ok=True obj=904.2969538007919 ref=904.296953800792
netlib/scrs8                   g6               optimal        0.020s ok=True obj=904.2969538007919 ref=904.296953800792
netlib/scsd1                   default          optimal        0.009s ok=True obj=8.666666674333364 ref=8.666666674333364
netlib/scsd1                   pc               optimal        0.008s ok=True obj=8.666666674333364 ref=8.666666674333364
netlib/scsd1                   pc6              optimal        0.006s ok=True obj=8.666666674333364 ref=8.666666674333364
netlib/scsd1                   g6               optimal        0.006s ok=True obj=8.666666674333364 ref=8.666666674333364
netlib/scsd6                   default          optimal        0.012s ok=True obj=50.500000077144335 ref=50.5000000782623
netlib/scsd6                   pc               optimal        0.012s ok=True obj=50.500000077144335 ref=50.5000000782623
netlib/scsd6                   pc6              optimal        0.010s ok=True obj=50.500000077144335 ref=50.5000000782623
netlib/scsd6                   g6               optimal        0.012s ok=True obj=50.500000077144335 ref=50.5000000782623
netlib/scsd8                   default          optimal        0.024s ok=True obj=904.9999999254652 ref=904.9999999254643
netlib/scsd8                   pc               optimal        0.026s ok=True obj=904.9999999254644 ref=904.9999999254643
netlib/scsd8                   pc6              optimal        0.028s ok=True obj=904.9999999254644 ref=904.9999999254643
netlib/scsd8                   g6               optimal        0.032s ok=True obj=904.9999999254652 ref=904.9999999254643
netlib/sctap1                  default          optimal        0.011s ok=True obj=1412.25 ref=1412.25
netlib/sctap1                  pc               optimal        0.014s ok=True obj=1412.25 ref=1412.25
netlib/sctap1                  pc6              optimal        0.010s ok=True obj=1412.25 ref=1412.25
netlib/sctap1                  g6               optimal        0.011s ok=True obj=1412.2500000000002 ref=1412.25
netlib/sctap2                  default          optimal        0.041s ok=True obj=1724.807142857143 ref=1724.807142857143
netlib/sctap2                  pc               optimal        0.034s ok=True obj=1724.807142857143 ref=1724.807142857143
netlib/sctap2                  pc6              optimal        0.033s ok=True obj=1724.807142857143 ref=1724.807142857143
netlib/sctap2                  g6               optimal        0.034s ok=True obj=1724.807142857143 ref=1724.807142857143
netlib/sctap3                  default          optimal        0.050s ok=True obj=1424.0 ref=1424.0
netlib/sctap3                  pc               optimal        0.075s ok=True obj=1424.0 ref=1424.0
netlib/sctap3                  pc6              optimal        0.053s ok=True obj=1424.0 ref=1424.0
netlib/sctap3                  g6               optimal        0.045s ok=True obj=1424.0 ref=1424.0
netlib/seba                    default          optimal        0.022s ok=True obj=15711.6 ref=15711.599999999999
netlib/seba                    pc               optimal        0.018s ok=True obj=15711.6 ref=15711.599999999999
netlib/seba                    pc6              optimal        0.016s ok=True obj=15711.6 ref=15711.599999999999
netlib/seba                    g6               optimal        0.018s ok=True obj=15711.6 ref=15711.599999999999
netlib/share1b                 default          optimal        0.005s ok=True obj=-76589.31857918567 ref=-76589.31857918572
netlib/share1b                 pc               optimal        0.006s ok=True obj=-76589.31857918567 ref=-76589.31857918572
netlib/share1b                 pc6              optimal        0.009s ok=True obj=-76589.31857918567 ref=-76589.31857918572
netlib/share1b                 g6               optimal        0.007s ok=True obj=-76589.31857918567 ref=-76589.31857918572
netlib/share2b                 default          optimal        0.006s ok=True obj=-415.7322407414206 ref=-415.73224074141945
netlib/share2b                 pc               optimal        0.005s ok=True obj=-415.7322407414206 ref=-415.73224074141945
netlib/share2b                 pc6              optimal        0.005s ok=True obj=-415.7322407414206 ref=-415.73224074141945
netlib/share2b                 g6               optimal        0.005s ok=True obj=-415.7322407414206 ref=-415.73224074141945
netlib/shell                   default          optimal        0.036s ok=True obj=1208825346.0 ref=1208825346.0
netlib/shell                   pc               optimal        0.022s ok=True obj=1208825346.0 ref=1208825346.0
netlib/shell                   pc6              optimal        0.023s ok=True obj=1208825346.0 ref=1208825346.0
netlib/shell                   g6               optimal        0.032s ok=True obj=1208825346.0 ref=1208825346.0
netlib/ship04l                 default          optimal        0.019s ok=True obj=1793324.5379703562 ref=1793324.5379703562
netlib/ship04l                 pc               optimal        0.023s ok=True obj=1793324.5379703562 ref=1793324.5379703562
netlib/ship04l                 pc6              optimal        0.019s ok=True obj=1793324.5379703562 ref=1793324.5379703562
netlib/ship04l                 g6               optimal        0.018s ok=True obj=1793324.5379703562 ref=1793324.5379703562
netlib/ship04s                 default          optimal        0.014s ok=True obj=1798714.700445392 ref=1798714.7004453917
netlib/ship04s                 pc               optimal        0.013s ok=True obj=1798714.700445392 ref=1798714.7004453917
netlib/ship04s                 pc6              optimal        0.017s ok=True obj=1798714.700445392 ref=1798714.7004453917
netlib/ship04s                 g6               optimal        0.018s ok=True obj=1798714.700445392 ref=1798714.7004453917
netlib/ship08l                 default          optimal        0.033s ok=True obj=1909055.2113891311 ref=1909055.211389131
netlib/ship08l                 pc               optimal        0.031s ok=True obj=1909055.2113891311 ref=1909055.211389131
netlib/ship08l                 pc6              optimal        0.029s ok=True obj=1909055.2113891311 ref=1909055.211389131
netlib/ship08l                 g6               optimal        0.029s ok=True obj=1909055.2113891311 ref=1909055.211389131
netlib/ship08s                 default          optimal        0.017s ok=True obj=1920098.210534618 ref=1920098.2105346182
netlib/ship08s                 pc               optimal        0.017s ok=True obj=1920098.210534618 ref=1920098.2105346182
netlib/ship08s                 pc6              optimal        0.032s ok=True obj=1920098.210534618 ref=1920098.2105346182
netlib/ship08s                 g6               optimal        0.031s ok=True obj=1920098.210534618 ref=1920098.2105346182
netlib/ship12l                 default          optimal        0.063s ok=True obj=1470187.9193292658 ref=1470187.9193292663
netlib/ship12l                 pc               optimal        0.051s ok=True obj=1470187.9193292658 ref=1470187.9193292663
netlib/ship12l                 pc6              optimal        0.074s ok=True obj=1470187.919329266 ref=1470187.9193292663
netlib/ship12l                 g6               optimal        0.089s ok=True obj=1470187.919329266 ref=1470187.9193292663
netlib/ship12s                 default          optimal        0.027s ok=True obj=1489236.1344061326 ref=1489236.1344061329
netlib/ship12s                 pc               optimal        0.024s ok=True obj=1489236.1344061326 ref=1489236.1344061329
netlib/ship12s                 pc6              optimal        0.029s ok=True obj=1489236.1344061326 ref=1489236.1344061329
netlib/ship12s                 g6               optimal        0.019s ok=True obj=1489236.1344061326 ref=1489236.1344061329
netlib/sierra                  default          optimal        0.044s ok=True obj=15394362.183631925 ref=15394362.183631929
netlib/sierra                  pc               optimal        0.040s ok=True obj=15394362.183631927 ref=15394362.183631929
netlib/sierra                  pc6              optimal        0.039s ok=True obj=15394362.183631927 ref=15394362.183631929
netlib/sierra                  g6               optimal        0.045s ok=True obj=15394362.183631927 ref=15394362.183631929
netlib/stair                   default          optimal        0.036s ok=True obj=-251.26695119296335 ref=-251.26695119296335
netlib/stair                   pc               optimal        0.045s ok=True obj=-251.26695119296335 ref=-251.26695119296335
netlib/stair                   pc6              optimal        0.028s ok=True obj=-251.26695119296335 ref=-251.26695119296335
netlib/stair                   g6               optimal        0.041s ok=True obj=-251.26695119296335 ref=-251.26695119296335
netlib/standata                default          optimal        0.013s ok=True obj=1257.6995000000002 ref=1257.6995
netlib/standata                pc               optimal        0.020s ok=True obj=1257.6995000000002 ref=1257.6995
netlib/standata                pc6              optimal        0.014s ok=True obj=1257.6995000000002 ref=1257.6995
netlib/standata                g6               optimal        0.013s ok=True obj=1257.6995000000002 ref=1257.6995
netlib/standgub                default          optimal        0.013s ok=True obj=1257.6995000000002 ref=1257.6995
netlib/standgub                pc               optimal        0.015s ok=True obj=1257.6995000000002 ref=1257.6995
netlib/standgub                pc6              optimal        0.018s ok=True obj=1257.6995000000002 ref=1257.6995
netlib/standgub                g6               optimal        0.014s ok=True obj=1257.6995000000002 ref=1257.6995
netlib/standmps                default          optimal        0.018s ok=True obj=1406.0175000000008 ref=1406.0175
netlib/standmps                pc               optimal        0.017s ok=True obj=1406.0175000000008 ref=1406.0175
netlib/standmps                pc6              optimal        0.018s ok=True obj=1406.0175000000008 ref=1406.0175
netlib/standmps                g6               optimal        0.020s ok=True obj=1406.0175000000008 ref=1406.0175
netlib/stocfor1                default          optimal        0.005s ok=True obj=-41131.976219436416 ref=-41131.97621943641
netlib/stocfor1                pc               optimal        0.006s ok=True obj=-41131.976219436416 ref=-41131.97621943641
netlib/stocfor1                pc6              optimal        0.006s ok=True obj=-41131.976219436416 ref=-41131.97621943641
netlib/stocfor1                g6               optimal        0.005s ok=True obj=-41131.976219436416 ref=-41131.97621943641
netlib/stocfor2                default          optimal        0.129s ok=True obj=-39024.40853788211 ref=-39024.408537882104
netlib/stocfor2                pc               optimal        0.127s ok=True obj=-39024.40853788211 ref=-39024.408537882104
netlib/stocfor2                pc6              optimal        0.116s ok=True obj=-39024.40853788211 ref=-39024.408537882104
netlib/stocfor2                g6               optimal        0.129s ok=True obj=-39024.40853788211 ref=-39024.408537882104
netlib/tuff                    default          optimal        0.026s ok=True obj=0.29214776509361284 ref=0.292147765093613
netlib/tuff                    pc               optimal        0.018s ok=True obj=0.2921477650936128 ref=0.292147765093613
netlib/tuff                    pc6              optimal        0.030s ok=True obj=0.2921477650936128 ref=0.292147765093613
netlib/tuff                    g6               optimal        0.025s ok=True obj=0.2921477650936128 ref=0.292147765093613
netlib/vtp.base                default          optimal        0.003s ok=True obj=129831.46246136137 ref=129831.46246136137
netlib/vtp.base                pc               optimal        0.003s ok=True obj=129831.46246136137 ref=129831.46246136137
netlib/vtp.base                pc6              optimal        0.003s ok=True obj=129831.46246136137 ref=129831.46246136137
netlib/vtp.base                g6               optimal        0.004s ok=True obj=129831.46246136137 ref=129831.46246136137
netlib/wood1p                  default          optimal        0.237s ok=True obj=1.4429024115734084 ref=1.442902411573409
netlib/wood1p                  pc               optimal        0.202s ok=True obj=1.4429024115734084 ref=1.442902411573409
netlib/wood1p                  pc6              optimal        0.158s ok=True obj=1.4429024115734084 ref=1.442902411573409
netlib/wood1p                  g6               optimal        0.201s ok=True obj=1.4429024115734084 ref=1.442902411573409
netlib/woodw                   default          optimal        0.111s ok=True obj=1.3044763330842304 ref=1.3044763330842293
netlib/woodw                   pc               optimal        0.107s ok=True obj=1.3044763330842304 ref=1.3044763330842293
netlib/woodw                   pc6              optimal        0.105s ok=True obj=1.3044763330842304 ref=1.3044763330842293
netlib/woodw                   g6               optimal        0.115s ok=True obj=1.3044763330842304 ref=1.3044763330842293
kennington/cre-a               default          optimal        0.329s ok=True obj=23595407.060971614 ref=23595407.06097162
kennington/cre-a               pc               optimal        0.180s ok=True obj=23595407.060971614 ref=23595407.06097162
kennington/cre-a               pc6              optimal        0.190s ok=True obj=23595407.060971618 ref=23595407.06097162
kennington/cre-a               g6               optimal        0.187s ok=True obj=23595407.060971618 ref=23595407.06097162
kennington/cre-b               default          optimal        2.001s ok=True obj=23129639.88683238 ref=23129639.88683238
kennington/cre-b               pc               optimal        2.156s ok=True obj=23129639.886832375 ref=23129639.88683238
kennington/cre-b               pc6              optimal        2.248s ok=True obj=23129639.88683238 ref=23129639.88683238
kennington/cre-b               g6               optimal        2.000s ok=True obj=23129639.88683238 ref=23129639.88683238
kennington/cre-c               default          optimal        0.305s ok=True obj=25275116.140880227 ref=25275116.14088022
kennington/cre-c               pc               optimal        0.289s ok=True obj=25275116.14088023 ref=25275116.14088022
kennington/cre-c               pc6              optimal        0.144s ok=True obj=25275116.140880223 ref=25275116.14088022
kennington/cre-c               g6               optimal        0.141s ok=True obj=25275116.140880223 ref=25275116.14088022
kennington/cre-d               default          optimal        1.660s ok=True obj=24454969.764549248 ref=24454969.76454924
kennington/cre-d               pc               optimal        1.742s ok=True obj=24454969.76454924 ref=24454969.76454924
kennington/cre-d               pc6              optimal        1.650s ok=True obj=24454969.76454924 ref=24454969.76454924
kennington/cre-d               g6               optimal        1.775s ok=True obj=24454969.764549244 ref=24454969.76454924
kennington/ken-07              default          optimal        0.033s ok=True obj=-679520443.3816885 ref=-679520443.3816886
kennington/ken-07              pc               optimal        0.042s ok=True obj=-679520443.3816885 ref=-679520443.3816886
kennington/ken-07              pc6              optimal        0.032s ok=True obj=-679520443.3816885 ref=-679520443.3816886
kennington/ken-07              g6               optimal        0.037s ok=True obj=-679520443.3816885 ref=-679520443.3816886
kennington/ken-11              default          optimal        0.473s ok=True obj=-6972382262.519994 ref=-6972382262.519994
kennington/ken-11              pc               optimal        0.488s ok=True obj=-6972382262.519994 ref=-6972382262.519994
kennington/ken-11              pc6              optimal        0.459s ok=True obj=-6972382262.519994 ref=-6972382262.519994
kennington/ken-11              g6               optimal        0.501s ok=True obj=-6972382262.519994 ref=-6972382262.519994
kennington/ken-13              default          optimal        0.893s ok=True obj=-10257394789.48247 ref=-10257394789.48247
kennington/ken-13              pc               optimal        1.066s ok=True obj=-10257394789.48247 ref=-10257394789.48247
kennington/ken-13              pc6              optimal        1.088s ok=True obj=-10257394789.48247 ref=-10257394789.48247
kennington/ken-13              g6               optimal        0.847s ok=True obj=-10257394789.48247 ref=-10257394789.48247
kennington/ken-18              default          optimal       16.362s ok=True obj=-52217025287.39681 ref=-52217025287.396805
kennington/ken-18              pc               optimal        9.561s ok=True obj=-52217025287.39682 ref=-52217025287.396805
kennington/ken-18              pc6              optimal        9.873s ok=True obj=-52217025287.39682 ref=-52217025287.396805
kennington/ken-18              g6               optimal       16.149s ok=True obj=-52217025287.39681 ref=-52217025287.396805
kennington/osa-07              default          optimal        0.313s ok=True obj=535722.5172993516 ref=535722.517299351
kennington/osa-07              pc               optimal        0.287s ok=True obj=535722.5172993516 ref=535722.517299351
kennington/osa-07              pc6              optimal        0.316s ok=True obj=535722.5172993516 ref=535722.517299351
kennington/osa-07              g6               optimal        0.330s ok=True obj=535722.5172993516 ref=535722.517299351
kennington/osa-14              default          optimal        0.686s ok=True obj=1106462.8447362517 ref=1106462.8447362536
kennington/osa-14              pc               optimal        0.604s ok=True obj=1106462.8447362517 ref=1106462.8447362536
kennington/osa-14              pc6              optimal        0.634s ok=True obj=1106462.8447362517 ref=1106462.8447362536
kennington/osa-14              g6               optimal        0.604s ok=True obj=1106462.8447362517 ref=1106462.8447362536
kennington/osa-30              default          optimal        2.638s ok=True obj=2142139.8732097642 ref=2142139.873209765
kennington/osa-30              pc               optimal        1.353s ok=True obj=2142139.8732097642 ref=2142139.873209765
kennington/osa-30              pc6              optimal        1.355s ok=True obj=2142139.8732097642 ref=2142139.873209765
kennington/osa-30              g6               optimal        2.548s ok=True obj=2142139.8732097642 ref=2142139.873209765
kennington/osa-60              default          optimal        3.695s ok=True obj=4044072.5031574187 ref=4044072.5031574406
kennington/osa-60              pc               optimal        3.000s ok=True obj=4044072.5031574187 ref=4044072.5031574406
kennington/osa-60              pc6              optimal        2.847s ok=True obj=4044072.5031574187 ref=4044072.5031574406
kennington/osa-60              g6               optimal        3.638s ok=True obj=4044072.503157418 ref=4044072.5031574406
kennington/pds-02              default          optimal        0.129s ok=True obj=28857862010.0 ref=28857862010.0
kennington/pds-02              pc               optimal        0.118s ok=True obj=28857862010.0 ref=28857862010.0
kennington/pds-02              pc6              optimal        0.106s ok=True obj=28857862010.0 ref=28857862010.0
kennington/pds-02              g6               optimal        0.139s ok=True obj=28857862010.0 ref=28857862010.0
kennington/pds-06              default          optimal        1.367s ok=True obj=27761037600.0 ref=27761037600.0
kennington/pds-06              pc               optimal        1.463s ok=True obj=27761037600.0 ref=27761037600.0
kennington/pds-06              pc6              optimal        1.398s ok=True obj=27761037600.0 ref=27761037600.0
kennington/pds-06              g6               optimal        1.473s ok=True obj=27761037600.0 ref=27761037600.0
kennington/pds-10              default          optimal        4.999s ok=True obj=26727094976.0 ref=26727094976.0
kennington/pds-10              pc               optimal        4.181s ok=True obj=26727094976.0 ref=26727094976.0
kennington/pds-10              pc6              optimal        4.217s ok=True obj=26727094976.0 ref=26727094976.0
kennington/pds-10              g6               optimal        5.424s ok=True obj=26727094976.0 ref=26727094976.0
