netlib/25fv47                  default          optimal        0.191s ok=True obj=5501.845888286749 ref=5501.845888286757
netlib/25fv47                  nodual           optimal        0.154s ok=True obj=5501.845888286755 ref=5501.845888286757
netlib/25fv47                  nopush           optimal        0.142s ok=True obj=5501.845888286749 ref=5501.845888286757
netlib/80bau3b                 default          optimal        0.666s ok=True obj=987224.1924090909 ref=987224.1924090902
netlib/80bau3b                 nodual           optimal        0.673s ok=True obj=987224.1924090909 ref=987224.1924090902
netlib/80bau3b                 nopush           optimal        0.658s ok=True obj=987224.1924090909 ref=987224.1924090902
netlib/adlittle                default          optimal        0.006s ok=True obj=225494.9631623804 ref=225494.9631623803
netlib/adlittle                nodual           optimal        0.005s ok=True obj=225494.9631623812 ref=225494.9631623803
netlib/adlittle                nopush           optimal        0.004s ok=True obj=225494.96316238045 ref=225494.9631623803
netlib/afiro                   default          optimal        0.002s ok=True obj=-464.75314285714285 ref=-464.75314285714285
netlib/afiro                   nodual           optimal        0.002s ok=True obj=-464.75314285714285 ref=-464.75314285714285
netlib/afiro                   nopush           optimal        0.002s ok=True obj=-464.75314285714285 ref=-464.75314285714285
netlib/agg                     default          optimal        0.009s ok=True obj=-35991767.2865765 ref=-35991767.2865765
netlib/agg                     nodual           optimal        0.008s ok=True obj=-35991767.286576495 ref=-35991767.2865765
netlib/agg                     nopush           optimal        0.008s ok=True obj=-35991767.286576495 ref=-35991767.2865765
netlib/agg2                    default          optimal        0.025s ok=True obj=-20239252.355977114 ref=-20239252.355977118
netlib/agg2                    nodual           optimal        0.026s ok=True obj=-20239252.355977114 ref=-20239252.355977118
netlib/agg2                    nopush           optimal        0.040s ok=True obj=-20239252.355977118 ref=-20239252.355977118
netlib/agg3                    default          optimal        0.026s ok=True obj=10312115.935089229 ref=10312115.935089216
netlib/agg3                    nodual           optimal        0.021s ok=True obj=10312115.935089225 ref=10312115.935089216
netlib/agg3                    nopush           optimal        0.020s ok=True obj=10312115.935089229 ref=10312115.935089216
netlib/bandm                   default          optimal        0.024s ok=True obj=-158.62801845012072 ref=-158.62801845012078
netlib/bandm                   nodual           optimal        0.022s ok=True obj=-158.62801845012078 ref=-158.62801845012078
netlib/bandm                   nopush           optimal        0.010s ok=True obj=-158.62801845012078 ref=-158.62801845012078
netlib/beaconfd                default          optimal        0.003s ok=True obj=33592.48580719999 ref=33592.4858072
netlib/beaconfd                nodual           optimal        0.003s ok=True obj=33592.48580719999 ref=33592.4858072
netlib/beaconfd                nopush           optimal        0.003s ok=True obj=33592.48580719999 ref=33592.4858072
netlib/blend                   default          optimal        0.005s ok=True obj=-30.81214984582823 ref=-30.812149845828237
netlib/blend                   nodual           optimal        0.004s ok=True obj=-30.81214984582823 ref=-30.812149845828237
netlib/blend                   nopush           optimal        0.004s ok=True obj=-30.81214984582823 ref=-30.812149845828237
netlib/bnl1                    default          optimal        0.214s ok=True obj=1977.6295615228898 ref=1977.6295615228878
netlib/bnl1                    nodual           optimal        0.164s ok=True obj=1977.6295615228935 ref=1977.6295615228878
netlib/bnl1                    nopush           optimal        0.112s ok=True obj=1977.6295615228887 ref=1977.6295615228878
netlib/bnl2                    default          optimal        0.570s ok=True obj=1811.2365403585463 ref=1811.2365403585482
netlib/bnl2                    nodual           optimal        0.378s ok=True obj=1811.236540358546 ref=1811.2365403585482
netlib/bnl2                    nopush           optimal        0.227s ok=True obj=1811.236540358546 ref=1811.2365403585482
netlib/boeing1                 default          optimal        0.040s ok=True obj=-335.2135675071268 ref=-335.21356750712675
netlib/boeing1                 nodual           optimal        0.024s ok=True obj=-335.21356750712687 ref=-335.21356750712675
netlib/boeing1                 nopush           optimal        0.027s ok=True obj=-335.2135675071266 ref=-335.21356750712675
netlib/boeing2                 default          optimal        0.013s ok=True obj=-315.0187280152029 ref=-315.0187280152027
netlib/boeing2                 nodual           optimal        0.011s ok=True obj=-315.01872801520284 ref=-315.0187280152027
netlib/boeing2                 nopush           optimal        0.008s ok=True obj=-315.0187280152027 ref=-315.0187280152027
netlib/bore3d                  default          optimal        0.005s ok=True obj=1373.0803942084924 ref=1373.0803942084926
netlib/bore3d                  nodual           optimal        0.006s ok=True obj=1373.0803942084924 ref=1373.0803942084926
netlib/bore3d                  nopush           optimal        0.006s ok=True obj=1373.080394208495 ref=1373.0803942084926
netlib/brandy                  default          optimal        0.014s ok=True obj=1518.509896488129 ref=1518.5098964881279
netlib/brandy                  nodual           optimal        0.015s ok=True obj=1518.509896488128 ref=1518.5098964881279
netlib/brandy                  nopush           optimal        0.014s ok=True obj=1518.509896488128 ref=1518.5098964881279
netlib/capri                   default          optimal        0.013s ok=True obj=2690.01291376816 ref=2690.0129137681593
netlib/capri                   nodual           optimal        0.011s ok=True obj=2690.01291376816 ref=2690.0129137681593
netlib/capri                   nopush           optimal        0.008s ok=True obj=2690.0129137681606 ref=2690.0129137681593
netlib/cycle                   default          optimal        0.561s ok=True obj=-5.226393024894104 ref=-5.226393024894102
netlib/cycle                   nodual           optimal        0.270s ok=True obj=-5.226393024894101 ref=-5.226393024894102
netlib/cycle                   nopush           optimal        0.190s ok=True obj=-5.226393024894103 ref=-5.226393024894102
netlib/czprob                  default          optimal        0.069s ok=True obj=2185196.698856578 ref=2185196.698856578
netlib/czprob                  nodual           optimal        0.062s ok=True obj=2185196.698856578 ref=2185196.698856578
netlib/czprob                  nopush           optimal        0.088s ok=True obj=2185196.698856578 ref=2185196.698856578
netlib/d2q06c                  default          optimal        0.954s ok=True obj=122784.21081418182 ref=122784.2108141893
netlib/d2q06c                  nodual           optimal        1.200s ok=True obj=122784.21081418937 ref=122784.2108141893
netlib/d2q06c                  nopush           optimal        0.927s ok=True obj=122784.21081418995 ref=122784.2108141893
netlib/d6cube                  default          optimal        0.314s ok=True obj=315.4916666666668 ref=315.49166666666696
netlib/d6cube                  nodual           optimal        0.369s ok=True obj=315.4916666666668 ref=315.49166666666696
netlib/d6cube                  nopush           optimal        0.316s ok=True obj=315.4916666666665 ref=315.49166666666696
netlib/degen2                  default          optimal        0.044s ok=True obj=-1435.1779999999994 ref=-1435.178
netlib/degen2                  nodual           optimal        0.075s ok=True obj=-1435.1779999999994 ref=-1435.178
netlib/degen2                  nopush           optimal        0.043s ok=True obj=-1435.1779999999994 ref=-1435.178
netlib/degen3                  default          optimal        0.469s ok=True obj=-987.2939999999991 ref=-987.2940000000007
netlib/degen3                  nodual           optimal        0.458s ok=True obj=-987.2939999999991 ref=-987.2940000000007
netlib/degen3                  nopush           optimal        0.485s ok=True obj=-987.2940000000024 ref=-987.2940000000007
netlib/dfl001                  default          optimal       15.591s ok=True obj=11266396.04667152 ref=11266396.04667138
netlib/dfl001                  nodual           optimal       15.535s ok=True obj=11266396.04667152 ref=11266396.04667138
netlib/dfl001                  nopush           optimal       14.263s ok=True obj=11266396.046671402 ref=11266396.04667138
netlib/e226                    default          optimal        0.014s ok=True obj=-11.638929066370533 ref=-11.638929066370537
netlib/e226                    nodual           optimal        0.017s ok=True obj=-11.638929066370547 ref=-11.638929066370537
netlib/e226                    nopush           optimal        0.029s ok=True obj=-11.638929066370533 ref=-11.638929066370537
netlib/etamacro                default          optimal        0.035s ok=True obj=-755.7152333749133 ref=-755.7152333005275
netlib/etamacro                nodual           optimal        0.035s ok=True obj=-755.7152333522959 ref=-755.7152333005275
netlib/etamacro                nopush           optimal        0.025s ok=True obj=-755.7152333131659 ref=-755.7152333005275
netlib/fffff800                default          optimal        0.063s ok=True obj=555679.5648174962 ref=555679.5648174963
netlib/fffff800                nodual           optimal        0.041s ok=True obj=555679.5648174961 ref=555679.5648174963
netlib/fffff800                nopush           optimal        0.029s ok=True obj=555679.5648174962 ref=555679.5648174963
netlib/finnis                  default          optimal        0.028s ok=True obj=172791.06559561164 ref=172791.06559561164
netlib/finnis                  nodual           optimal        0.019s ok=True obj=172791.06559561164 ref=172791.06559561164
netlib/finnis                  nopush           optimal        0.021s ok=True obj=172791.0655956115 ref=172791.06559561164
netlib/fit1d                   default          optimal        0.034s ok=True obj=-9146.378092420917 ref=-9146.378092420928
netlib/fit1d                   nodual           optimal        0.032s ok=True obj=-9146.378092420917 ref=-9146.378092420928
netlib/fit1d                   nopush           optimal        0.050s ok=True obj=-9146.378092420917 ref=-9146.378092420928
netlib/fit1p                   default          optimal        0.337s ok=True obj=9146.378092420933 ref=9146.378092420935
netlib/fit1p                   nodual           optimal        0.379s ok=True obj=9146.378092420933 ref=9146.378092420935
netlib/fit1p                   nopush           optimal        0.371s ok=True obj=9146.378092420933 ref=9146.378092420935
netlib/fit2d                   default          optimal        0.323s ok=True obj=-68464.29329383213 ref=-68464.2932938321
netlib/fit2d                   nodual           optimal        0.339s ok=True obj=-68464.29329383213 ref=-68464.2932938321
netlib/fit2d                   nopush           optimal        0.316s ok=True obj=-68464.29329383213 ref=-68464.2932938321
netlib/fit2p                   default          optimal        0.412s ok=True obj=68464.29329383219 ref=68464.29329383216
netlib/fit2p                   nodual           optimal        0.467s ok=True obj=68464.29329383011 ref=68464.29329383216
netlib/fit2p                   nopush           optimal        0.449s ok=True obj=68464.29329383011 ref=68464.29329383216
netlib/forplan                 default          optimal        0.021s ok=True obj=-664.218961272208 ref=-664.2189612722054
netlib/forplan                 nodual           optimal        0.013s ok=True obj=-664.2189612722052 ref=-664.2189612722054
netlib/forplan                 nopush           optimal        0.017s ok=True obj=-664.2189612722052 ref=-664.2189612722054
netlib/ganges                  default          optimal        0.051s ok=True obj=-109585.73612927849 ref=-109585.73612927813
netlib/ganges                  nodual           optimal        0.035s ok=True obj=-109585.73612927849 ref=-109585.73612927813
netlib/ganges                  nopush           optimal        0.023s ok=True obj=-109585.73612927829 ref=-109585.73612927813
netlib/gfrd-pnc                default          optimal        0.017s ok=True obj=6902235.999548811 ref=6902235.999548812
netlib/gfrd-pnc                nodual           optimal        0.013s ok=True obj=6902235.999548811 ref=6902235.999548812
netlib/gfrd-pnc                nopush           optimal        0.013s ok=True obj=6902235.999548811 ref=6902235.999548812
netlib/greenbea                default          optimal        1.535s ok=True obj=-72555248.1298459 ref=-72555248.12984587
netlib/greenbea                nodual           optimal        0.850s ok=True obj=-72555248.12984592 ref=-72555248.12984587
netlib/greenbea                nopush           optimal        0.781s ok=True obj=-72555248.12984595 ref=-72555248.12984587
netlib/greenbeb                default          optimal        0.957s ok=True obj=-4302260.261206586 ref=-4302260.261206586
netlib/greenbeb                nodual           optimal        0.942s ok=True obj=-4302260.261206586 ref=-4302260.261206586
netlib/greenbeb                nopush           optimal        0.970s ok=True obj=-4302260.261206589 ref=-4302260.261206586
netlib/grow15                  default          optimal        0.122s ok=True obj=-106870941.29357542 ref=-106870941.29357533
netlib/grow15                  nodual           optimal        0.112s ok=True obj=-106870941.29357542 ref=-106870941.29357533
netlib/grow15                  nopush           optimal        0.041s ok=True obj=-106870941.29357536 ref=-106870941.29357533
netlib/grow22                  default          optimal        0.254s ok=True obj=-160834336.48256296 ref=-160834336.48256296
netlib/grow22                  nodual           optimal        0.260s ok=True obj=-160834336.48256296 ref=-160834336.48256296
netlib/grow22                  nopush           optimal        0.111s ok=True obj=-160834336.482563 ref=-160834336.48256296
netlib/grow7                   default          optimal        0.028s ok=True obj=-47787811.8147115 ref=-47787811.8147115
netlib/grow7                   nodual           optimal        0.030s ok=True obj=-47787811.8147115 ref=-47787811.8147115
netlib/grow7                   nopush           optimal        0.015s ok=True obj=-47787811.81471152 ref=-47787811.8147115
netlib/israel                  default          optimal        0.020s ok=True obj=-896644.821863046 ref=-896644.8218630459
netlib/israel                  nodual           optimal        0.018s ok=True obj=-896644.821863046 ref=-896644.8218630459
netlib/israel                  nopush           optimal        0.022s ok=True obj=-896644.8218630458 ref=-896644.8218630459
netlib/kb2                     default          optimal        0.004s ok=True obj=-1749.9001299062052 ref=-1749.9001299062056
netlib/kb2                     nodual           optimal        0.004s ok=True obj=-1749.9001299062052 ref=-1749.9001299062056
netlib/kb2                     nopush           optimal        0.006s ok=True obj=-1749.9001299062052 ref=-1749.9001299062056
netlib/lotfi                   default          optimal        0.012s ok=True obj=-25.26470606188001 ref=-25.264706061880002
netlib/lotfi                   nodual           optimal        0.015s ok=True obj=-25.264706061880037 ref=-25.264706061880002
netlib/lotfi                   nopush           optimal        0.007s ok=True obj=-25.264706061880037 ref=-25.264706061880002
netlib/maros                   default          optimal        0.070s ok=True obj=-58063.74370112494 ref=-58063.74370112589
netlib/maros                   nodual           optimal        0.105s ok=True obj=-58063.74370112494 ref=-58063.74370112589
netlib/maros                   nopush           optimal        0.083s ok=True obj=-58063.74370112589 ref=-58063.74370112589
netlib/maros-r7                default          optimal        0.528s ok=True obj=1497185.166479643 ref=1497185.1664796423
netlib/maros-r7                nodual           optimal        0.475s ok=True obj=1497185.166479643 ref=1497185.1664796423
netlib/maros-r7                nopush           optimal        0.456s ok=True obj=1497185.166479643 ref=1497185.1664796423
netlib/modszk1                 default          optimal        0.037s ok=True obj=320.6197290613297 ref=320.61972906434596
netlib/modszk1                 nodual           optimal        0.039s ok=True obj=320.6197290659776 ref=320.61972906434596
netlib/modszk1                 nopush           optimal        0.029s ok=True obj=320.6197290659776 ref=320.61972906434596
netlib/nesm                    default          optimal        0.455s ok=True obj=14076036.487562692 ref=14076036.487562705
netlib/nesm                    nodual           optimal        0.397s ok=True obj=14076036.487562727 ref=14076036.487562705
netlib/nesm                    nopush           optimal        0.222s ok=True obj=14076036.487562723 ref=14076036.487562705
netlib/perold                  default          optimal        0.419s ok=True obj=-9380.75527823512 ref=-9380.755278235187
netlib/perold                  nodual           optimal        0.345s ok=True obj=-9380.755278234963 ref=-9380.755278235187
netlib/perold                  nopush           optimal        0.331s ok=True obj=-9380.75527823504 ref=-9380.755278235187
netlib/pilot                   default          optimal        0.786s ok=True obj=-557.4897292840899 ref=-557.4897292744025
netlib/pilot                   nodual           optimal        0.828s ok=True obj=-557.489729284754 ref=-557.4897292744025
netlib/pilot                   nopush           optimal        0.831s ok=True obj=-557.4897292847385 ref=-557.4897292744025
netlib/pilot.ja                default          optimal        0.664s ok=True obj=-6113.136465463944 ref=-6113.136465581338
netlib/pilot.ja                nodual           optimal        0.633s ok=True obj=-6113.136465463964 ref=-6113.136465581338
netlib/pilot.ja                nopush           optimal        2.122s ok=True obj=-6113.136465464109 ref=-6113.136465581338
netlib/pilot.we                default          optimal        0.587s ok=True obj=-2720107.532844887 ref=-2720107.5328449584
netlib/pilot.we                nodual           optimal        0.272s ok=True obj=-2720107.5328449663 ref=-2720107.5328449584
netlib/pilot.we                nopush           optimal        0.240s ok=True obj=-2720107.5328449607 ref=-2720107.5328449584
netlib/pilot4                  default          optimal        0.124s ok=True obj=-2581.1392588837807 ref=-2581.1392588838853
netlib/pilot4                  nodual           optimal        0.126s ok=True obj=-2581.1392588840486 ref=-2581.1392588838853
netlib/pilot4                  nopush           optimal        0.105s ok=True obj=-2581.139258883904 ref=-2581.1392588838853
netlib/pilot87                 default          optimal        5.175s ok=True obj=301.7103473331125 ref=301.71034733310745
netlib/pilot87                 nodual           optimal        7.977s ok=True obj=301.71034733310955 ref=301.71034733310745
netlib/pilot87                 nopush           optimal        2.467s ok=True obj=301.71034733181517 ref=301.71034733310745
netlib/pilotnov                default          optimal        1.115s ok=True obj=-4497.276188218871 ref=-4497.2761882188715
netlib/pilotnov                nodual           optimal        1.105s ok=True obj=-4497.276188218871 ref=-4497.2761882188715
netlib/pilotnov                nopush           optimal        0.273s ok=True obj=-4497.276188218871 ref=-4497.2761882188715
netlib/recipe                  default          optimal        0.003s ok=True obj=-266.61600000000027 ref=-266.61600000000027
netlib/recipe                  nodual           optimal        0.003s ok=True obj=-266.61600000000027 ref=-266.61600000000027
netlib/recipe                  nopush           optimal        0.003s ok=True obj=-266.61600000000027 ref=-266.61600000000027
netlib/sc105                   default          optimal        0.008s ok=True obj=-52.20206121170723 ref=-52.20206121170723
netlib/sc105                   nodual           optimal        0.010s ok=True obj=-52.20206121170723 ref=-52.20206121170723
netlib/sc105                   nopush           optimal        0.003s ok=True obj=-52.20206121170723 ref=-52.20206121170723
netlib/sc205                   default          optimal        0.010s ok=True obj=-52.2020612117072 ref=-52.20206121170721
netlib/sc205                   nodual           optimal        0.010s ok=True obj=-52.2020612117072 ref=-52.20206121170721
netlib/sc205                   nopush           optimal        0.006s ok=True obj=-52.2020612117072 ref=-52.20206121170721
netlib/sc50a                   default          optimal        0.003s ok=True obj=-64.5750770585645 ref=-64.5750770585645
netlib/sc50a                   nodual           optimal        0.007s ok=True obj=-64.5750770585645 ref=-64.5750770585645
netlib/sc50a                   nopush           optimal        0.002s ok=True obj=-64.5750770585645 ref=-64.5750770585645
netlib/sc50b                   default          optimal        0.003s ok=True obj=-69.99999999999999 ref=-69.99999999999999
netlib/sc50b                   nodual           optimal        0.002s ok=True obj=-69.99999999999999 ref=-69.99999999999999
netlib/sc50b                   nopush           optimal        0.002s ok=True obj=-69.99999999999999 ref=-69.99999999999999
netlib/scagr25                 default          optimal        0.011s ok=True obj=-14753433.06076852 ref=-14753433.060768528
netlib/scagr25                 nodual           optimal        0.018s ok=True obj=-14753433.060768526 ref=-14753433.060768528
netlib/scagr25                 nopush           optimal        0.013s ok=True obj=-14753433.060768526 ref=-14753433.060768528
netlib/scagr7                  default          optimal        0.004s ok=True obj=-2331389.824330984 ref=-2331389.824330984
netlib/scagr7                  nodual           optimal        0.004s ok=True obj=-2331389.824330984 ref=-2331389.824330984
netlib/scagr7                  nopush           optimal        0.004s ok=True obj=-2331389.824330984 ref=-2331389.824330984
netlib/scfxm1                  default          optimal        0.022s ok=True obj=18416.759028348948 ref=18416.759028348948
netlib/scfxm1                  nodual           optimal        0.035s ok=True obj=18416.759028348963 ref=18416.759028348948
netlib/scfxm1                  nopush           optimal        0.018s ok=True obj=18416.759028348963 ref=18416.759028348948
netlib/scfxm2                  default          optimal        0.055s ok=True obj=36660.26156499881 ref=36660.261564998815
netlib/scfxm2                  nodual           optimal        0.069s ok=True obj=36660.26156499881 ref=36660.261564998815
netlib/scfxm2                  nopush           optimal        0.077s ok=True obj=36660.26156499881 ref=36660.261564998815
netlib/scfxm3                  default          optimal        0.100s ok=True obj=54901.25454975145 ref=54901.254549751444
netlib/scfxm3                  nodual           optimal        0.085s ok=True obj=54901.25454975145 ref=54901.254549751444
netlib/scfxm3                  nopush           optimal        0.063s ok=True obj=54901.25454975145 ref=54901.254549751444
netlib/scorpion                default          optimal        0.004s ok=True obj=1878.1248227381068 ref=1878.1248227381068
netlib/scorpion                nodual           optimal        0.004s ok=True obj=1878.1248227381068 ref=1878.1248227381068
netlib/scorpion                nopush           optimal        0.004s ok=True obj=1878.1248227381068 ref=1878.1248227381068
netlib/scrs8                   default          optimal        0.025s ok=True obj=904.2969538007919 ref=904.296953800792
netlib/scrs8                   nodual           optimal        0.025s ok=True obj=904.2969538007962 ref=904.296953800792
netlib/scrs8                   nopush           optimal        0.036s ok=True obj=904.2969538007919 ref=904.296953800792
netlib/scsd1                   default          optimal        0.007s ok=True obj=8.666666674333362 ref=8.666666674333364
netlib/scsd1                   nodual           optimal        0.007s ok=True obj=8.666666674333362 ref=8.666666674333364
netlib/scsd1                   nopush           optimal        0.007s ok=True obj=8.66666667433337 ref=8.666666674333364
netlib/scsd6                   default          optimal        0.021s ok=True obj=50.50000007714435 ref=50.5000000782623
netlib/scsd6                   nodual           optimal        0.021s ok=True obj=50.50000007714435 ref=50.5000000782623
netlib/scsd6                   nopush           optimal        0.016s ok=True obj=50.50000007714427 ref=50.5000000782623
netlib/scsd8                   default          optimal        0.085s ok=True obj=904.9999999254646 ref=904.9999999254643
netlib/scsd8                   nodual           optimal        0.105s ok=True obj=904.9999999254678 ref=904.9999999254643
netlib/scsd8                   nopush           optimal        0.065s ok=True obj=904.9999999254645 ref=904.9999999254643
netlib/sctap1                  default          optimal        0.051s ok=True obj=1412.2499999999998 ref=1412.25
netlib/sctap1                  nodual           optimal        0.019s ok=True obj=1412.2500000000002 ref=1412.25
netlib/sctap1                  nopush           optimal        0.016s ok=True obj=1412.2500000000018 ref=1412.25
netlib/sctap2                  default          optimal        0.156s ok=True obj=1724.807142857143 ref=1724.807142857143
netlib/sctap2                  nodual           optimal        0.082s ok=True obj=1724.807142857143 ref=1724.807142857143
netlib/sctap2                  nopush           optimal        0.044s ok=True obj=1724.807142857143 ref=1724.807142857143
netlib/sctap3                  default          optimal        0.183s ok=True obj=1424.0 ref=1424.0
netlib/sctap3                  nodual           optimal        0.109s ok=True obj=1424.0 ref=1424.0
netlib/sctap3                  nopush           optimal        0.058s ok=True obj=1423.9999999999998 ref=1424.0
netlib/seba                    default          optimal        0.018s ok=True obj=15711.599999999999 ref=15711.599999999999
netlib/seba                    nodual           optimal        0.015s ok=True obj=15711.6 ref=15711.599999999999
netlib/seba                    nopush           optimal        0.033s ok=True obj=15711.6 ref=15711.599999999999
netlib/share1b                 default          optimal        0.048s ok=True obj=-76589.31857918568 ref=-76589.31857918572
netlib/share1b                 nodual           optimal        0.020s ok=True obj=-76589.31857918568 ref=-76589.31857918572
netlib/share1b                 nopush           optimal        0.009s ok=True obj=-76589.31857918568 ref=-76589.31857918572
netlib/share2b                 default          optimal        0.005s ok=True obj=-415.73224074142064 ref=-415.73224074141945
netlib/share2b                 nodual           optimal        0.006s ok=True obj=-415.7322407414206 ref=-415.73224074141945
netlib/share2b                 nopush           optimal        0.004s ok=True obj=-415.7322407414206 ref=-415.73224074141945
netlib/shell                   default          optimal        0.075s ok=True obj=1208825346.0 ref=1208825346.0
netlib/shell                   nodual           optimal        0.044s ok=True obj=1208825346.0 ref=1208825346.0
netlib/shell                   nopush           optimal        0.030s ok=True obj=1208825346.0 ref=1208825346.0
netlib/ship04l                 default          optimal        0.043s ok=True obj=1793324.5379703566 ref=1793324.5379703562
netlib/ship04l                 nodual           optimal        0.020s ok=True obj=1793324.5379703566 ref=1793324.5379703562
netlib/ship04l                 nopush           optimal        0.026s ok=True obj=1793324.5379703566 ref=1793324.5379703562
netlib/ship04s                 default          optimal        0.029s ok=True obj=1798714.7004453912 ref=1798714.7004453917
netlib/ship04s                 nodual           optimal        0.030s ok=True obj=1798714.7004453912 ref=1798714.7004453917
netlib/ship04s                 nopush           optimal        0.034s ok=True obj=1798714.7004453915 ref=1798714.7004453917
netlib/ship08l                 default          optimal        0.054s ok=True obj=1909055.2113891311 ref=1909055.211389131
netlib/ship08l                 nodual           optimal        0.054s ok=True obj=1909055.2113891311 ref=1909055.211389131
netlib/ship08l                 nopush           optimal        0.052s ok=True obj=1909055.2113891311 ref=1909055.211389131
netlib/ship08s                 default          optimal        0.038s ok=True obj=1920098.2105346182 ref=1920098.2105346182
netlib/ship08s                 nodual           optimal        0.034s ok=True obj=1920098.2105346182 ref=1920098.2105346182
netlib/ship08s                 nopush           optimal        0.026s ok=True obj=1920098.2105346182 ref=1920098.2105346182
netlib/ship12l                 default          optimal        0.084s ok=True obj=1470187.919329266 ref=1470187.9193292663
netlib/ship12l                 nodual           optimal        0.087s ok=True obj=1470187.919329266 ref=1470187.9193292663
netlib/ship12l                 nopush           optimal        0.099s ok=True obj=1470187.919329266 ref=1470187.9193292663
netlib/ship12s                 default          optimal        0.039s ok=True obj=1489236.1344061326 ref=1489236.1344061329
netlib/ship12s                 nodual           optimal        0.042s ok=True obj=1489236.1344061326 ref=1489236.1344061329
netlib/ship12s                 nopush           optimal        0.041s ok=True obj=1489236.1344061326 ref=1489236.1344061329
netlib/sierra                  default          optimal        0.160s ok=True obj=15394362.183631925 ref=15394362.183631929
netlib/sierra                  nodual           optimal        0.056s ok=True obj=15394362.183631925 ref=15394362.183631929
netlib/sierra                  nopush           optimal        0.066s ok=True obj=15394362.183631925 ref=15394362.183631929
netlib/stair                   default          optimal        0.075s ok=True obj=-251.26695119296335 ref=-251.26695119296335
netlib/stair                   nodual           optimal        0.047s ok=True obj=-251.26695119296335 ref=-251.26695119296335
netlib/stair                   nopush           optimal        0.045s ok=True obj=-251.26695119296335 ref=-251.26695119296335
netlib/standata                default          optimal        0.011s ok=True obj=1257.6995000000002 ref=1257.6995
netlib/standata                nodual           optimal        0.018s ok=True obj=1257.6995000000002 ref=1257.6995
netlib/standata                nopush           optimal        0.011s ok=True obj=1257.6995000000002 ref=1257.6995
netlib/standgub                default          optimal        0.018s ok=True obj=1257.6995000000002 ref=1257.6995
netlib/standgub                nodual           optimal        0.036s ok=True obj=1257.6995000000002 ref=1257.6995
netlib/standgub                nopush           optimal        0.018s ok=True obj=1257.6995000000002 ref=1257.6995
netlib/standmps                default          optimal        0.027s ok=True obj=1406.0175000000008 ref=1406.0175
netlib/standmps                nodual           optimal        0.031s ok=True obj=1406.0175000000008 ref=1406.0175
netlib/standmps                nopush           optimal        0.014s ok=True obj=1406.017500000001 ref=1406.0175
netlib/stocfor1                default          optimal        0.011s ok=True obj=-41131.976219436416 ref=-41131.97621943641
netlib/stocfor1                nodual           optimal        0.004s ok=True obj=-41131.976219436416 ref=-41131.97621943641
netlib/stocfor1                nopush           optimal        0.005s ok=True obj=-41131.976219436416 ref=-41131.97621943641
netlib/stocfor2                default          optimal        0.268s ok=True obj=-39024.40853788211 ref=-39024.408537882104
netlib/stocfor2                nodual           optimal        0.141s ok=True obj=-39024.40853788211 ref=-39024.408537882104
netlib/stocfor2                nopush           optimal        0.139s ok=True obj=-39024.40853788211 ref=-39024.408537882104
netlib/tuff                    default          optimal        0.036s ok=True obj=0.29214776509361284 ref=0.292147765093613
netlib/tuff                    nodual           optimal        0.085s ok=True obj=0.2921477650936136 ref=0.292147765093613
netlib/tuff                    nopush           optimal        0.023s ok=True obj=0.2921477650936128 ref=0.292147765093613
netlib/vtp.base                default          optimal        0.003s ok=True obj=129831.46246136137 ref=129831.46246136137
netlib/vtp.base                nodual           optimal        0.003s ok=True obj=129831.46246136137 ref=129831.46246136137
netlib/vtp.base                nopush           optimal        0.003s ok=True obj=129831.46246136137 ref=129831.46246136137
netlib/wood1p                  default          optimal        0.216s ok=True obj=1.44290241157341 ref=1.442902411573409
netlib/wood1p                  nodual           optimal        0.200s ok=True obj=1.44290241157341 ref=1.442902411573409
netlib/wood1p                  nopush           optimal        0.221s ok=True obj=1.44290241157341 ref=1.442902411573409
netlib/woodw                   default          optimal        0.209s ok=True obj=1.3044763330842328 ref=1.3044763330842293
netlib/woodw                   nodual           optimal        0.159s ok=True obj=1.304476333084227 ref=1.3044763330842293
netlib/woodw                   nopush           optimal        0.135s ok=True obj=1.3044763330842297 ref=1.3044763330842293
kennington/cre-a               default          optimal        0.352s ok=True obj=23595407.060971625 ref=23595407.06097162
kennington/cre-a               nodual           optimal        0.390s ok=True obj=23595407.060971625 ref=23595407.06097162
kennington/cre-a               nopush           optimal        0.304s ok=True obj=23595407.06097162 ref=23595407.06097162
kennington/cre-b               default          optimal        4.119s ok=True obj=23129639.886832364 ref=23129639.88683238
kennington/cre-b               nodual           optimal        4.148s ok=True obj=23129639.886832364 ref=23129639.88683238
kennington/cre-b               nopush           optimal        4.728s ok=True obj=23129639.88683236 ref=23129639.88683238
kennington/cre-c               default          optimal        0.289s ok=True obj=25275116.140880223 ref=25275116.14088022
kennington/cre-c               nodual           optimal        0.310s ok=True obj=25275116.140880223 ref=25275116.14088022
kennington/cre-c               nopush           optimal        0.243s ok=True obj=25275116.140880227 ref=25275116.14088022
kennington/cre-d               default          optimal        2.845s ok=True obj=24454969.764549237 ref=24454969.76454924
kennington/cre-d               nodual           optimal        2.789s ok=True obj=24454969.764549237 ref=24454969.76454924
kennington/cre-d               nopush           optimal        2.690s ok=True obj=24454969.76454924 ref=24454969.76454924
kennington/ken-07              default          optimal        0.042s ok=True obj=-679520443.3816886 ref=-679520443.3816886
kennington/ken-07              nodual           optimal        0.040s ok=True obj=-679520443.3816886 ref=-679520443.3816886
kennington/ken-07              nopush           optimal        0.032s ok=True obj=-679520443.3816886 ref=-679520443.3816886
kennington/ken-11              default          optimal        0.344s ok=True obj=-6972382262.519994 ref=-6972382262.519994
kennington/ken-11              nodual           optimal        0.335s ok=True obj=-6972382262.519994 ref=-6972382262.519994
kennington/ken-11              nopush           optimal        0.327s ok=True obj=-6972382262.519994 ref=-6972382262.519994
kennington/ken-13              default          optimal        2.317s ok=True obj=-10257394789.48247 ref=-10257394789.48247
kennington/ken-13              nodual           optimal        1.160s ok=True obj=-10257394789.48247 ref=-10257394789.48247
kennington/ken-13              nopush           optimal        1.234s ok=True obj=-10257394789.482471 ref=-10257394789.48247
kennington/ken-18              default          optimal       14.162s ok=True obj=-52217025287.39681 ref=-52217025287.396805
kennington/ken-18              nodual           optimal       13.987s ok=True obj=-52217025287.39681 ref=-52217025287.396805
kennington/ken-18              nopush           optimal       14.258s ok=True obj=-52217025287.396805 ref=-52217025287.396805
kennington/osa-07              default          optimal        0.409s ok=True obj=535722.5172993515 ref=535722.517299351
kennington/osa-07              nodual           optimal        0.386s ok=True obj=535722.5172993515 ref=535722.517299351
kennington/osa-07              nopush           optimal        0.377s ok=True obj=535722.5172993519 ref=535722.517299351
kennington/osa-14              default          optimal        0.685s ok=True obj=1106462.8447362508 ref=1106462.8447362536
kennington/osa-14              nodual           optimal        0.682s ok=True obj=1106462.8447362508 ref=1106462.8447362536
kennington/osa-14              nopush           optimal        0.614s ok=True obj=1106462.8447362508 ref=1106462.8447362536
kennington/osa-30              default          optimal        5.758s ok=True obj=2142139.873209762 ref=2142139.873209765
kennington/osa-30              nodual           optimal        2.523s ok=True obj=2142139.873209769 ref=2142139.873209765
kennington/osa-30              nopush           optimal        2.238s ok=True obj=2142139.8732097615 ref=2142139.873209765
kennington/osa-60              default          optimal        9.645s ok=True obj=4044072.503157428 ref=4044072.5031574406
kennington/osa-60              nodual           optimal        5.602s ok=True obj=4044072.503157427 ref=4044072.5031574406
kennington/osa-60              nopush           optimal        3.803s ok=True obj=4044072.5031574345 ref=4044072.5031574406
kennington/pds-02              default          optimal        0.251s ok=True obj=28857862010.0 ref=28857862010.0
kennington/pds-02              nodual           optimal        0.262s ok=True obj=28857862010.0 ref=28857862010.0
kennington/pds-02              nopush           optimal        0.164s ok=True obj=28857862010.0 ref=28857862010.0
kennington/pds-06              default          optimal        3.894s ok=True obj=27761037600.0 ref=27761037600.0
kennington/pds-06              nodual           optimal        2.165s ok=True obj=27761037600.0 ref=27761037600.0
kennington/pds-06              nopush           optimal        1.346s ok=True obj=27761037600.0 ref=27761037600.0
kennington/pds-10              default          optimal       10.088s ok=True obj=26727094976.0 ref=26727094976.0
kennington/pds-10              nodual           optimal        5.756s ok=True obj=26727094976.0 ref=26727094976.0
kennington/pds-10              nopush           optimal        3.447s ok=True obj=26727094976.0 ref=26727094976.0
kennington/pds-20              default          optimal       23.220s ok=True obj=23821658640.0 ref=23821658640.0
kennington/pds-20              nodual           optimal       22.840s ok=True obj=23821658640.0 ref=23821658640.0
kennington/pds-20              nopush           optimal       17.414s ok=True obj=23821658640.0 ref=23821658640.0
