stormG2_1000 base {"time": 70.24275108500296, "status": "optimal", "obj": 15802591.120880328}
stormG2_1000 new {"time": 69.65034161199947, "status": "optimal", "obj": 15802591.120880328}
square41 base {"time": 104.57111248900037, "status": "optimal", "obj": 8.839612486544787}
square41 new {"time": 105.46350239000094, "status": "optimal", "obj": 8.839612486544787}
pds-100 base {"time": 118.57416147699769, "status": "optimal", "obj": 10928229968.0}
pds-100 new {"time": 89.49684569300007, "status": "optimal", "obj": 10928229968.0}
ex10 base {"time": 85.36532955800067, "status": "optimal", "obj": 99.99999999999986}
ex10 new {"time": 83.78848724899945, "status": "optimal", "obj": 99.99999999999986}
s250r10 base {"time": 79.20714946999942, "status": "optimal", "obj": -0.17267704190548075}
s250r10 new {"time": 75.14803358900099, "status": "optimal", "obj": -0.17267704190548083}
cont1 base {"time": 385.3721067109982, "status": "optimal", "obj": 0.008782486003705103}
cont1 new {"time": 375.7551265609982, "status": "optimal", "obj": 0.008782486003705103}
nug08-3rd base {"time": 265.9227075380004, "status": "optimal", "obj": 214.00000000040208}
nug08-3rd new {"time": 261.7767806110023, "status": "optimal", "obj": 214.00000000040208}
irish-electricity base {"time": 127.22250111099856, "status": "optimal", "obj": 2546254.5633362364}
irish-electricity new {"time": 124.93725552600154, "status": "optimal", "obj": 2546254.5633362364}
neos base {"time": 558.3037915749992, "status": "optimal", "obj": 225425492.20475423}
neos new {"time": 568.5926308029993, "status": "optimal", "obj": 225425492.20475423}
fome13 base {"time": 16.434688672998163, "status": "optimal", "obj": 90131168.37337178}
fome13 new {"time": 18.52774288999717, "status": "optimal", "obj": 90131168.37337187}
supportcase10 base {"time": 137.44875898900136, "status": "optimal", "obj": 3.3839236661380045}
supportcase10 new {"time": 134.6487859379995, "status": "optimal", "obj": 3.3839236661380045}
