1 cre-a base {"time": 0.09884746600073413, "status": "optimal", "obj": 23595407.060971618}
1 cre-a new {"time": 0.09539983000104257, "status": "optimal", "obj": 23595407.060971618}
1 cre-b base {"time": 1.8358495920001587, "status": "optimal", "obj": 23129639.886832375}
1 cre-b new {"time": 1.8432830620004097, "status": "optimal", "obj": 23129639.886832375}
1 cre-c base {"time": 0.11220183500154235, "status": "optimal", "obj": 25275116.140880212}
1 cre-c new {"time": 0.0822927740009618, "status": "optimal", "obj": 25275116.140880212}
1 cre-d base {"time": 0.9937513129989384, "status": "optimal", "obj": 24454969.764549237}
1 cre-d new {"time": 0.9994888649998757, "status": "optimal", "obj": 24454969.764549237}
1 ken-07 base {"time": 0.015922992999549024, "status": "optimal", "obj": -679520443.3816886}
1 ken-07 new {"time": 0.01264822699886281, "status": "optimal", "obj": -679520443.3816886}
1 ken-11 base {"time": 0.2793864509985724, "status": "optimal", "obj": -6972382262.519993}
1 ken-11 new {"time": 0.19785436799975287, "status": "optimal", "obj": -6972382262.519993}
1 ken-13 base {"time": 1.004451651000636, "status": "optimal", "obj": -10257394789.48247}
1 ken-13 new {"time": 0.9115459770000598, "status": "optimal", "obj": -10257394789.48247}
1 ken-18 base {"time": 8.704920005999156, "status": "optimal", "obj": -52217025287.39681}
1 ken-18 new {"time": 7.81763820299966, "status": "optimal", "obj": -52217025287.39679}
1 osa-07 base {"time": 0.05434674299976905, "status": "optimal", "obj": 535722.5172993516}
1 osa-07 new {"time": 0.05462340200028848, "status": "optimal", "obj": 535722.5172993516}
1 osa-14 base {"time": 0.15710754800056748, "status": "optimal", "obj": 1106462.844736251}
1 osa-14 new {"time": 0.17771269299919368, "status": "optimal", "obj": 1106462.844736251}
1 osa-30 base {"time": 0.5626860609991127, "status": "optimal", "obj": 2142139.8732097605}
1 osa-30 new {"time": 0.48761305500011076, "status": "optimal", "obj": 2142139.8732097605}
1 osa-60 base {"time": 1.603983461000098, "status": "optimal", "obj": 4044072.503157428}
1 osa-60 new {"time": 1.5466151689997787, "status": "optimal", "obj": 4044072.503157428}
1 pds-02 base {"time": 0.030002437999428366, "status": "optimal", "obj": 28857862010.0}
1 pds-02 new {"time": 0.024523292000594665, "status": "optimal", "obj": 28857862010.0}
1 pds-06 base {"time": 0.2532833230015967, "status": "optimal", "obj": 27761037600.0}
1 pds-06 new {"time": 0.208545129000413, "status": "optimal", "obj": 27761037600.0}
1 pds-10 base {"time": 0.6471075989993551, "status": "optimal", "obj": 26727094976.0}
1 pds-10 new {"time": 0.6537155859987251, "status": "optimal", "obj": 26727094976.0}
1 pds-20 base {"time": 4.886369997999282, "status": "optimal", "obj": 23821658640.0}
1 pds-20 new {"time": 3.290276637999341, "status": "optimal", "obj": 23821658640.0}
2 cre-a base {"time": 0.09829326399994898, "status": "optimal", "obj": 23595407.060971618}
2 cre-a new {"time": 0.08667487400089158, "status": "optimal", "obj": 23595407.060971618}
2 cre-b base {"time": 1.7449086050000915, "status": "optimal", "obj": 23129639.886832375}
2 cre-b new {"time": 1.6588164860004326, "status": "optimal", "obj": 23129639.886832375}
2 cre-c base {"time": 0.0824222910014214, "status": "optimal", "obj": 25275116.140880212}
2 cre-c new {"time": 0.07550997200087295, "status": "optimal", "obj": 25275116.140880212}
2 cre-d base {"time": 0.8523413149996486, "status": "optimal", "obj": 24454969.764549237}
2 cre-d new {"time": 0.863495811001485, "status": "optimal", "obj": 24454969.764549237}
2 ken-07 base {"time": 0.014966680002544308, "status": "optimal", "obj": -679520443.3816886}
2 ken-07 new {"time": 0.012464421000913717, "status": "optimal", "obj": -679520443.3816886}
2 ken-11 base {"time": 0.3028973889995541, "status": "optimal", "obj": -6972382262.519993}
2 ken-11 new {"time": 0.19328994600073202, "status": "optimal", "obj": -6972382262.519993}
2 ken-13 base {"time": 1.030105507998087, "status": "optimal", "obj": -10257394789.48247}
2 ken-13 new {"time": 0.878854284001136, "status": "optimal", "obj": -10257394789.48247}
2 ken-18 base {"time": 8.993322182002885, "status": "optimal", "obj": -52217025287.39681}
2 ken-18 new {"time": 7.738660127000912, "status": "optimal", "obj": -52217025287.39679}
2 osa-07 base {"time": 0.062113723000948085, "status": "optimal", "obj": 535722.5172993516}
2 osa-07 new {"time": 0.0594818320023478, "status": "optimal", "obj": 535722.5172993516}
2 osa-14 base {"time": 0.17483995799921104, "status": "optimal", "obj": 1106462.844736251}
2 osa-14 new {"time": 0.17718111899739597, "status": "optimal", "obj": 1106462.844736251}
2 osa-30 base {"time": 0.5350904450024245, "status": "optimal", "obj": 2142139.8732097605}
2 osa-30 new {"time": 0.48000003500055755, "status": "optimal", "obj": 2142139.8732097605}
2 osa-60 base {"time": 1.5754541360001895, "status": "optimal", "obj": 4044072.503157428}
2 osa-60 new {"time": 1.5722604999973555, "status": "optimal", "obj": 4044072.503157428}
2 pds-02 base {"time": 0.026388772999780485, "status": "optimal", "obj": 28857862010.0}
2 pds-02 new {"time": 0.034627597000508104, "status": "optimal", "obj": 28857862010.0}
2 pds-06 base {"time": 0.27320304599925294, "status": "optimal", "obj": 27761037600.0}
2 pds-06 new {"time": 0.21547843500229646, "status": "optimal", "obj": 27761037600.0}
2 pds-10 base {"time": 0.6052097850006248, "status": "optimal", "obj": 26727094976.0}
2 pds-10 new {"time": 0.6147924799988687, "status": "optimal", "obj": 26727094976.0}
2 pds-20 base {"time": 5.178306345002056, "status": "optimal", "obj": 23821658640.0}
2 pds-20 new {"time": 3.3293634289984766, "status": "optimal", "obj": 23821658640.0}
3 cre-a base {"time": 0.10088634300336707, "status": "optimal", "obj": 23595407.060971618}
3 cre-a new {"time": 0.09138352100126212, "status": "optimal", "obj": 23595407.060971618}
3 cre-b base {"time": 1.906835368998145, "status": "optimal", "obj": 23129639.886832375}
3 cre-b new {"time": 1.6603638140004477, "status": "optimal", "obj": 23129639.886832375}
3 cre-c base {"time": 0.11235323599976255, "status": "optimal", "obj": 25275116.140880212}
3 cre-c new {"time": 0.1082335270002659, "status": "optimal", "obj": 25275116.140880212}
3 cre-d base {"time": 0.9758102170017082, "status": "optimal", "obj": 24454969.764549237}
3 cre-d new {"time": 0.8258853839979565, "status": "optimal", "obj": 24454969.764549237}
3 ken-07 base {"time": 0.014856657999189338, "status": "optimal", "obj": -679520443.3816886}
3 ken-07 new {"time": 0.012689890998444753, "status": "optimal", "obj": -679520443.3816886}
3 ken-11 base {"time": 0.2892801590023737, "status": "optimal", "obj": -6972382262.519993}
3 ken-11 new {"time": 0.17435754000325687, "status": "optimal", "obj": -6972382262.519993}
3 ken-13 base {"time": 0.9974074290003045, "status": "optimal", "obj": -10257394789.48247}
3 ken-13 new {"time": 0.9375886699999683, "status": "optimal", "obj": -10257394789.48247}
3 ken-18 base {"time": 8.92062161800277, "status": "optimal", "obj": -52217025287.39681}
3 ken-18 new {"time": 7.584541385000193, "status": "optimal", "obj": -52217025287.39679}
3 osa-07 base {"time": 0.0574597150007321, "status": "optimal", "obj": 535722.5172993516}
3 osa-07 new {"time": 0.05700638299822458, "status": "optimal", "obj": 535722.5172993516}
3 osa-14 base {"time": 0.18799976000082097, "status": "optimal", "obj": 1106462.844736251}
3 osa-14 new {"time": 0.17565114500030177, "status": "optimal", "obj": 1106462.844736251}
3 osa-30 base {"time": 0.5330292049984564, "status": "optimal", "obj": 2142139.8732097605}
3 osa-30 new {"time": 0.521366779001255, "status": "optimal", "obj": 2142139.8732097605}
3 osa-60 base {"time": 1.7644439229989075, "status": "optimal", "obj": 4044072.503157428}
3 osa-60 new {"time": 1.5915279050022946, "status": "optimal", "obj": 4044072.503157428}
3 pds-02 base {"time": 0.04053674600072554, "status": "optimal", "obj": 28857862010.0}
3 pds-02 new {"time": 0.024151335997885326, "status": "optimal", "obj": 28857862010.0}
3 pds-06 base {"time": 0.24866322100206162, "status": "optimal", "obj": 27761037600.0}
3 pds-06 new {"time": 0.2083665040008782, "status": "optimal", "obj": 27761037600.0}
3 pds-10 base {"time": 0.6315626169998723, "status": "optimal", "obj": 26727094976.0}
3 pds-10 new {"time": 0.6219641310017323, "status": "optimal", "obj": 26727094976.0}
3 pds-20 base {"time": 5.3840885190002155, "status": "optimal", "obj": 23821658640.0}
3 pds-20 new {"time": 3.3077990150013648, "status": "optimal", "obj": 23821658640.0}
