netlib/25fv47                  ipm_crossover    optimal        0.253s ok=True obj=5501.845888286753 ref=5501.845888286757
netlib/80bau3b                 ipm_crossover    optimal        1.027s ok=True obj=987224.1924090909 ref=987224.1924090902
netlib/adlittle                ipm_crossover    optimal        0.037s ok=True obj=225494.9631623804 ref=225494.9631623803
netlib/afiro                   ipm_crossover    optimal        0.010s ok=True obj=-464.75314285714285 ref=-464.75314285714285
netlib/agg                     ipm_crossover    optimal        0.049s ok=True obj=-35991767.28657649 ref=-35991767.2865765
netlib/agg2                    ipm_crossover    optimal        0.075s ok=True obj=-20239252.355977114 ref=-20239252.355977118
netlib/agg3                    ipm_crossover    optimal        0.080s ok=True obj=10312115.935089229 ref=10312115.935089216
netlib/bandm                   ipm_crossover    optimal        0.024s ok=True obj=-158.62801845012072 ref=-158.62801845012078
netlib/beaconfd                ipm_crossover    optimal        0.009s ok=True obj=33592.48580719999 ref=33592.4858072
netlib/blend                   ipm_crossover    optimal        0.017s ok=True obj=-30.81214984582823 ref=-30.812149845828237
netlib/bnl1                    ipm_crossover    optimal        0.264s ok=True obj=1977.6295615228905 ref=1977.6295615228878
netlib/bnl2                    ipm_crossover    optimal        0.870s ok=True obj=1811.2365403585466 ref=1811.2365403585482
netlib/boeing1                 ipm_crossover    optimal        0.075s ok=True obj=-335.21356750712675 ref=-335.21356750712675
netlib/boeing2                 ipm_crossover    optimal        0.031s ok=True obj=-315.0187280152029 ref=-315.0187280152027
netlib/bore3d                  ipm_crossover    optimal        0.014s ok=True obj=1373.0803942084926 ref=1373.0803942084926
netlib/brandy                  ipm_crossover    optimal        0.083s ok=True obj=1518.509896488129 ref=1518.5098964881279
netlib/capri                   ipm_crossover    optimal        0.048s ok=True obj=2690.0129137681606 ref=2690.0129137681593
netlib/cycle                   ipm_crossover    optimal        0.959s ok=True obj=-5.226393024894096 ref=-5.226393024894102
netlib/czprob                  ipm_crossover    optimal        0.133s ok=True obj=2185196.698856578 ref=2185196.698856578
netlib/d2q06c                  ipm_crossover    optimal        3.711s ok=True obj=122784.21081418537 ref=122784.2108141893
netlib/d6cube                  ipm_crossover    optimal        0.485s ok=True obj=315.4916666666667 ref=315.49166666666696
netlib/degen2                  ipm_crossover    optimal        0.103s ok=True obj=-1435.1779999999994 ref=-1435.178
netlib/degen3                  ipm_crossover    optimal        0.785s ok=True obj=-987.293999999999 ref=-987.2940000000007
netlib/dfl001                  ipm_crossover    optimal       20.960s ok=True obj=11266396.046671387 ref=11266396.04667138
netlib/e226                    ipm_crossover    optimal        0.080s ok=True obj=-11.638929066370533 ref=-11.638929066370537
netlib/etamacro                ipm_crossover    optimal        0.092s ok=True obj=-755.7152333522954 ref=-755.7152333005275
netlib/fffff800                ipm_crossover    optimal        0.127s ok=True obj=555679.5648174961 ref=555679.5648174963
netlib/finnis                  ipm_crossover    optimal        0.101s ok=True obj=172791.0655956117 ref=172791.06559561164
netlib/fit1d                   ipm_crossover    optimal        0.077s ok=True obj=-9146.378092420917 ref=-9146.378092420928
netlib/fit1p                   ipm_crossover    optimal        1.274s ok=True obj=9146.378092420933 ref=9146.378092420935
netlib/fit2d                   ipm_crossover    optimal        0.652s ok=True obj=-68464.29329383213 ref=-68464.2932938321
netlib/fit2p                   ipm_crossover    optimal        0.915s ok=True obj=68464.2932938322 ref=68464.29329383216
netlib/forplan                 ipm_crossover    optimal        0.054s ok=True obj=-664.2189612722055 ref=-664.2189612722054
netlib/ganges                  ipm_crossover    optimal        0.109s ok=True obj=-109585.73612927822 ref=-109585.73612927813
netlib/gfrd-pnc                ipm_crossover    optimal        0.034s ok=True obj=6902235.999548817 ref=6902235.999548812
netlib/greenbea                ipm_crossover    optimal        3.039s ok=True obj=-72555248.12984593 ref=-72555248.12984587
netlib/greenbeb                ipm_crossover    optimal        1.730s ok=True obj=-4302260.261206586 ref=-4302260.261206586
netlib/grow15                  ipm_crossover    optimal        0.202s ok=True obj=-106870941.29357536 ref=-106870941.29357533
netlib/grow22                  ipm_crossover    optimal        0.402s ok=True obj=-160834336.48256296 ref=-160834336.48256296
netlib/grow7                   ipm_crossover    optimal        0.066s ok=True obj=-47787811.814711496 ref=-47787811.8147115
netlib/israel                  ipm_crossover    optimal        0.056s ok=True obj=-896644.821863046 ref=-896644.8218630459
netlib/kb2                     ipm_crossover    optimal        0.033s ok=True obj=-1749.9001299062052 ref=-1749.9001299062056
netlib/lotfi                   ipm_crossover    optimal        0.027s ok=True obj=-25.26470606188002 ref=-25.264706061880002
netlib/maros                   ipm_crossover    optimal        0.157s ok=True obj=-58063.74370112587 ref=-58063.74370112589
netlib/maros-r7                ipm_crossover    optimal        0.929s ok=True obj=1497185.166479643 ref=1497185.1664796423
netlib/modszk1                 ipm_crossover    optimal        0.083s ok=True obj=320.61972906130757 ref=320.61972906434596
netlib/nesm                    ipm_crossover    optimal        1.132s ok=True obj=14076036.487562727 ref=14076036.487562705
netlib/perold                  ipm_crossover    optimal       56.965s ok=True obj=-9380.755278234512 ref=-9380.755278235187
netlib/pilot                   ipm_crossover    optimal        1.471s ok=True obj=-557.4897292847457 ref=-557.4897292744025
netlib/pilot.ja                ipm_crossover    optimal        0.706s ok=True obj=-6113.1364654642375 ref=-6113.136465581338
netlib/pilot.we                ipm_crossover    optimal        0.377s ok=True obj=-2720107.5328449714 ref=-2720107.5328449584
netlib/pilot4                  ipm_crossover    optimal        0.271s ok=True obj=-2581.1392588840336 ref=-2581.1392588838853
netlib/pilot87                 ipm_crossover    optimal      441.549s ok=True obj=301.7103473330823 ref=301.71034733310745
netlib/pilotnov                ipm_crossover    optimal        1.846s ok=True obj=-4497.276188218871 ref=-4497.2761882188715
netlib/recipe                  ipm_crossover    optimal        0.013s ok=True obj=-266.61600000000027 ref=-266.61600000000027
netlib/sc105                   ipm_crossover    optimal        0.006s ok=True obj=-52.20206121170723 ref=-52.20206121170723
netlib/sc205                   ipm_crossover    optimal        0.012s ok=True obj=-52.2020612117072 ref=-52.20206121170721
netlib/sc50a                   ipm_crossover    optimal        0.008s ok=True obj=-64.5750770585645 ref=-64.5750770585645
netlib/sc50b                   ipm_crossover    optimal        0.004s ok=True obj=-69.99999999999999 ref=-69.99999999999999
netlib/scagr25                 ipm_crossover    optimal        0.049s ok=True obj=-14753433.06076852 ref=-14753433.060768528
netlib/scagr7                  ipm_crossover    optimal        0.008s ok=True obj=-2331389.8243309846 ref=-2331389.824330984
netlib/scfxm1                  ipm_crossover    optimal        0.053s ok=True obj=18416.759028348948 ref=18416.759028348948
netlib/scfxm2                  ipm_crossover    optimal        0.147s ok=True obj=36660.26156499881 ref=36660.261564998815
netlib/scfxm3                  ipm_crossover    optimal        0.198s ok=True obj=54901.25454975145 ref=54901.254549751444
netlib/scorpion                ipm_crossover    optimal        0.018s ok=True obj=1878.1248227381068 ref=1878.1248227381068
netlib/scrs8                   ipm_crossover    optimal        0.116s ok=True obj=904.2969538007919 ref=904.296953800792
netlib/scsd1                   ipm_crossover    optimal        0.029s ok=True obj=8.666666674333358 ref=8.666666674333364
netlib/scsd6                   ipm_crossover    optimal        0.048s ok=True obj=50.50000007714435 ref=50.5000000782623
netlib/scsd8                   ipm_crossover    optimal        0.149s ok=True obj=904.9999999254649 ref=904.9999999254643
netlib/sctap1                  ipm_crossover    optimal        0.072s ok=True obj=1412.25 ref=1412.25
netlib/sctap2                  ipm_crossover    optimal        0.227s ok=True obj=1724.807142857143 ref=1724.807142857143
netlib/sctap3                  ipm_crossover    optimal        0.358s ok=True obj=1424.0000000000005 ref=1424.0
netlib/seba                    ipm_crossover    optimal        0.045s ok=True obj=15711.599999999999 ref=15711.599999999999
netlib/share1b                 ipm_crossover    optimal        0.047s ok=True obj=-76589.31857918568 ref=-76589.31857918572
netlib/share2b                 ipm_crossover    optimal        0.016s ok=True obj=-415.73224074142064 ref=-415.73224074141945
netlib/shell                   ipm_crossover    optimal        0.099s ok=True obj=1208825346.0 ref=1208825346.0
netlib/ship04l                 ipm_crossover    optimal        0.059s ok=True obj=1793324.5379703566 ref=1793324.5379703562
netlib/ship04s                 ipm_crossover    optimal        0.040s ok=True obj=1798714.7004453912 ref=1798714.7004453917
netlib/ship08l                 ipm_crossover    optimal        0.087s ok=True obj=1909055.2113891314 ref=1909055.211389131
netlib/ship08s                 ipm_crossover    optimal        0.055s ok=True obj=1920098.2105346182 ref=1920098.2105346182
netlib/ship12l                 ipm_crossover    optimal        0.114s ok=True obj=1470187.919329266 ref=1470187.9193292663
netlib/ship12s                 ipm_crossover    optimal        0.075s ok=True obj=1489236.1344061324 ref=1489236.1344061329
netlib/sierra                  ipm_crossover    optimal        0.188s ok=True obj=15394362.183631927 ref=15394362.183631929
netlib/stair                   ipm_crossover    optimal        0.106s ok=True obj=-251.26695119296335 ref=-251.26695119296335
netlib/standata                ipm_crossover    optimal        0.046s ok=True obj=1257.6995000000002 ref=1257.6995
netlib/standgub                ipm_crossover    optimal        0.042s ok=True obj=1257.6995000000002 ref=1257.6995
netlib/standmps                ipm_crossover    optimal        0.043s ok=True obj=1406.0175000000008 ref=1406.0175
netlib/stocfor1                ipm_crossover    optimal        0.018s ok=True obj=-41131.976219436416 ref=-41131.97621943641
netlib/stocfor2                ipm_crossover    optimal        0.302s ok=True obj=-39024.40853788211 ref=-39024.408537882104
netlib/tuff                    ipm_crossover    optimal        0.100s ok=True obj=0.29214776509361284 ref=0.292147765093613
netlib/vtp.base                ipm_crossover    optimal        0.005s ok=True obj=129831.46246136137 ref=129831.46246136137
netlib/wood1p                  ipm_crossover    optimal        0.335s ok=True obj=1.44290241157341 ref=1.442902411573409
netlib/woodw                   ipm_crossover    optimal        0.293s ok=True obj=1.30447633308423 ref=1.3044763330842293
kennington/cre-a               ipm_crossover    optimal        0.563s ok=True obj=23595407.060971614 ref=23595407.06097162
kennington/cre-b               ipm_crossover    optimal        5.628s ok=True obj=23129639.886832375 ref=23129639.88683238
kennington/cre-c               ipm_crossover    optimal        0.411s ok=True obj=25275116.140880216 ref=25275116.14088022
kennington/cre-d               ipm_crossover    optimal        4.315s ok=True obj=24454969.76454924 ref=24454969.76454924
kennington/ken-07              ipm_crossover    optimal        0.060s ok=True obj=-679520443.3816886 ref=-679520443.3816886
kennington/ken-11              ipm_crossover    optimal        1.288s ok=True obj=-6972382262.519994 ref=-6972382262.519994
kennington/ken-13              ipm_crossover    optimal        4.307s ok=True obj=-10257394789.48247 ref=-10257394789.48247
kennington/ken-18              ipm_crossover    optimal       20.656s ok=True obj=-52217025287.39682 ref=-52217025287.396805
kennington/osa-07              ipm_crossover    optimal        0.517s ok=True obj=535722.5172993515 ref=535722.517299351
kennington/osa-14              ipm_crossover    optimal        2.626s ok=True obj=1106462.8447362508 ref=1106462.8447362536
kennington/osa-30              ipm_crossover    optimal        9.138s ok=True obj=2142139.8732097624 ref=2142139.873209765
kennington/osa-60              ipm_crossover    optimal       17.337s ok=True obj=4044072.503157418 ref=4044072.5031574406
kennington/pds-02              ipm_crossover    optimal        0.536s ok=True obj=28857862010.0 ref=28857862010.0
kennington/pds-06              ipm_crossover    optimal        6.292s ok=True obj=27761037600.0 ref=27761037600.0
kennington/pds-10              ipm_crossover    optimal       15.337s ok=True obj=26727094976.0 ref=26727094976.0
kennington/pds-20              ipm_crossover    optimal       27.133s ok=True obj=23821658640.0 ref=23821658640.0
