netlib/25fv47                  default          optimal        0.095s ok=True obj=5501.845888286753 ref=5501.845888286757
netlib/25fv47                  aug_mf           optimal        0.097s ok=True obj=5501.845888286753 ref=5501.845888286757
netlib/80bau3b                 default          optimal        0.389s ok=True obj=987224.1924090907 ref=987224.1924090902
netlib/80bau3b                 aug_mf           optimal        0.439s ok=True obj=987224.1924090907 ref=987224.1924090902
netlib/adlittle                default          optimal        0.003s ok=True obj=225494.9631623804 ref=225494.9631623803
netlib/adlittle                aug_mf           optimal        0.002s ok=True obj=225494.9631623804 ref=225494.9631623803
netlib/afiro                   default          optimal        0.004s ok=True obj=-464.75314285714285 ref=-464.75314285714285
netlib/afiro                   aug_mf           optimal        0.001s ok=True obj=-464.75314285714285 ref=-464.75314285714285
netlib/agg                     default          optimal        0.008s ok=True obj=-35991767.286576495 ref=-35991767.2865765
netlib/agg                     aug_mf           optimal        0.010s ok=True obj=-35991767.286576495 ref=-35991767.2865765
netlib/agg2                    default          optimal        0.022s ok=True obj=-20239252.35597711 ref=-20239252.355977118
netlib/agg2                    aug_mf           optimal        0.014s ok=True obj=-20239252.35597711 ref=-20239252.355977118
netlib/agg3                    default          optimal        0.014s ok=True obj=10312115.935089232 ref=10312115.935089216
netlib/agg3                    aug_mf           optimal        0.023s ok=True obj=10312115.935089232 ref=10312115.935089216
netlib/bandm                   default          optimal        0.012s ok=True obj=-158.62801845012078 ref=-158.62801845012078
netlib/bandm                   aug_mf           optimal        0.015s ok=True obj=-158.62801845012078 ref=-158.62801845012078
netlib/beaconfd                default          optimal        0.005s ok=True obj=33592.48580719999 ref=33592.4858072
netlib/beaconfd                aug_mf           optimal        0.002s ok=True obj=33592.48580719999 ref=33592.4858072
netlib/blend                   default          optimal        0.003s ok=True obj=-30.812149845828245 ref=-30.812149845828237
netlib/blend                   aug_mf           optimal        0.002s ok=True obj=-30.812149845828245 ref=-30.812149845828237
netlib/bnl1                    default          optimal        0.034s ok=True obj=1977.6295615228878 ref=1977.6295615228878
netlib/bnl1                    aug_mf           optimal        0.038s ok=True obj=1977.6295615228878 ref=1977.6295615228878
